0 12 37
0.950019064931 -0.232822799865 -0.207983942001 -0.342129175568
0.243615209430 0.969481731950 0.027510019089 -0.129469006799
0.195231672640 -0.076803094200 0.977745303604 0.453379379778
0.000000000000 0.000000000000 0.000000000000 1.000000000000
0 22 37
0.516138013525 -0.059206675891 0.854456622963 -2.220661929488
0.010563247958 0.997972096091 0.062770321141 -0.010068324960
-0.856440289096 -0.023372311685 0.515716750028 1.366378338787
0.000000000000 0.000000000000 0.000000000000 1.000000000000
0 29 37
0.978938648620 -0.078030956851 -0.188653894767 1.454601782736
0.131484065377 0.947885236400 0.290216331669 -0.284667069018
0.156176383585 -0.308908964564 0.938181319800 0.675461858658
0.000000000000 0.000000000000 0.000000000000 1.000000000000
0 31 37
0.952434750274 0.132338992132 0.274507627638 0.375590872989
-0.262444041484 0.814039735974 0.518133605690 -0.674168157602
-0.154890837558 -0.565531342559 0.810051312587 0.907349162439
0.000000000000 0.000000000000 0.000000000000 1.000000000000
0 35 37
0.895184750427 -0.152438360247 -0.418815960690 1.532255331926
-0.012658606095 0.930616278475 -0.365777393956 0.132948301498
0.445515456854 0.332739971393 0.831143843833 0.640749996586
0.000000000000 0.000000000000 0.000000000000 1.000000000000
1 3 37
0.935150007366 -0.132728395261 -0.328447312083 -0.352974914791
0.281579756227 0.841093710336 0.461816209456 -0.146304240669
0.214958843983 -0.524351545744 0.823922418599 0.603492390312
0.000000000000 0.000000000000 0.000000000000 1.000000000000
1 19 37
0.823914632969 -0.435540706543 -0.362586500746 1.016827764519
0.537487260263 0.803366893331 0.256337823497 -0.762405920742
0.179644433909 -0.406086108657 0.896003320151 0.655696834729
0.000000000000 0.000000000000 0.000000000000 1.000000000000
1 28 37
-0.357078894568 0.741688633609 0.567796296069 -0.986418825681
-0.778253607905 -0.572386959128 0.258252765335 -0.077051116588
0.516542335958 -0.349672904005 0.781609157679 1.446926475485
0.000000000000 0.000000000000 0.000000000000 1.000000000000
1 30 37
0.933839609449 -0.294912021742 -0.202411667788 1.572582944291
0.304885851608 0.952193873088 0.019272922514 -0.080632769011
0.187051333366 -0.079710272142 0.979110857462 0.833825217382
0.000000000000 0.000000000000 0.000000000000 1.000000000000
1 32 37
-0.471379287527 -0.880128715122 -0.056347245798 -0.092532232753
0.844545951599 -0.432070692039 -0.316317961423 0.270477356085
0.254054527471 -0.196693573610 0.946978318216 1.279520941462
0.000000000000 0.000000000000 0.000000000000 1.000000000000
1 35 37
0.541340397149 0.839964347818 -0.037556208659 0.622244591156
-0.388812043640 0.289686033886 0.874589730383 -1.577622498047
0.745503701624 -0.458848445748 0.483407007292 1.495172277132
0.000000000000 0.000000000000 0.000000000000 1.000000000000
2 5 37
0.769359172005 -0.092980851011 -0.632013469632 1.539860658339
0.180535286157 0.980666949072 0.075494009360 -0.384949114862
0.612775223800 -0.172182741128 0.771271436496 0.446285311214
0.000000000000 0.000000000000 0.000000000000 1.000000000000
2 9 37
0.932486346443 -0.267353693555 0.242881074274 -0.611623682357
0.284310882515 0.958017948321 -0.036999091599 -0.227064187140
-0.222792584665 0.103554880319 0.969350221014 -0.283815358447
0.000000000000 0.000000000000 0.000000000000 1.000000000000
2 10 37
0.731277462157 -0.366596473981 0.575187185710 -0.777774856807
0.185795817694 0.918457428642 0.349164525547 -0.684183010036
-0.656287427480 -0.148468774622 0.739759309164 -0.265792852294
0.000000000000 0.000000000000 0.000000000000 1.000000000000
2 15 37
0.923343540965 0.377928317320 0.067874091708 0.193531984234
0.310768604944 -0.839357471426 0.445984203020 -1.931878617039
0.225520685390 -0.390703496439 -0.892463555744 3.855000099433
0.000000000000 0.000000000000 0.000000000000 1.000000000000
2 19 37
0.900480487930 0.418332782372 0.118880503237 0.170370486256
-0.421713052350 0.906722033377 0.003640833229 -0.435726542486
-0.106268491729 -0.053411959168 0.992901893584 0.539687494826
0.000000000000 0.000000000000 0.000000000000 1.000000000000
2 26 37
0.950778427530 0.224446036714 -0.213645403288 0.480090168481
-0.283224823601 0.909161320728 -0.305302132630 -0.040421846348
0.125714283352 0.350784363243 0.927979660049 1.802407913777
0.000000000000 0.000000000000 0.000000000000 1.000000000000
2 28 37
0.923454355488 -0.170297093791 0.343847281764 0.975982627967
-0.055575166246 0.827306312552 0.558995229056 -0.978725492035
-0.379662289708 -0.535315948816 0.754515328351 1.085907094798
0.000000000000 0.000000000000 0.000000000000 1.000000000000
2 29 37
0.596278545381 0.286015029798 0.750098192938 -0.611542866356
0.678304277979 0.320249731918 -0.661319450555 1.166585697342
-0.429366047557 0.903125413183 -0.003047173971 2.276913280762
0.000000000000 0.000000000000 0.000000000000 1.000000000000
2 30 37
0.920785276769 -0.385614107977 -0.058789742428 1.518298896369
0.389063190966 0.918738966076 0.067442906589 -0.440111178815
0.028005490910 -0.084973360195 0.995989568488 0.362128041320
0.000000000000 0.000000000000 0.000000000000 1.000000000000
2 31 37
0.311740629495 -0.259639670162 -0.914004935216 1.225932124921
0.885281215713 -0.270009611165 0.378644924678 -0.435037379972
-0.345101360513 -0.927190407390 0.145681156694 1.362637106236
0.000000000000 0.000000000000 0.000000000000 1.000000000000
2 32 37
0.780735006693 -0.319090548432 -0.537246750782 0.620230076202
0.611432247797 0.212820962590 0.762140304823 -1.106355562548
-0.128854397198 -0.923519604439 0.361259026931 1.594866072301
0.000000000000 0.000000000000 0.000000000000 1.000000000000
2 33 37
0.777934689898 -0.622412758411 -0.086139285004 0.595012790367
0.549482493006 0.607380582055 0.573722771400 -1.157932779402
-0.304773043647 -0.493650875326 0.814507338921 0.814979068920
0.000000000000 0.000000000000 0.000000000000 1.000000000000
2 34 37
0.755311545299 0.344744621926 -0.557364885143 0.662337019436
-0.496126871593 -0.254903418461 -0.829989382185 0.864650261821
-0.428208590317 0.903424259642 -0.021494424125 2.352579499247
0.000000000000 0.000000000000 0.000000000000 1.000000000000
3 5 37
1.000000000000 0.000000000000 0.000000000000 0.000000000000
0.000000000000 1.000000000000 0.000000000000 0.000000000000
0.000000000000 0.000000000000 1.000000000000 0.000000000000
0.000000000000 0.000000000000 0.000000000000 1.000000000000
3 11 37
1.000000000000 0.000000000000 0.000000000000 0.000000000000
0.000000000000 1.000000000000 0.000000000000 0.000000000000
0.000000000000 0.000000000000 1.000000000000 0.000000000000
0.000000000000 0.000000000000 0.000000000000 1.000000000000
3 21 37
0.956645689419 0.001767186158 -0.291248866039 0.259197037261
-0.116542811079 0.918759239183 -0.377225706442 0.607495506420
0.266920958528 0.394814307578 0.879133018621 0.396116448402
0.000000000000 0.000000000000 0.000000000000 1.000000000000
3 23 37
0.997428350317 -0.036032752345 0.061954231026 -0.300742204345
0.063489534009 0.845289430042 -0.530523193207 0.280982688440
-0.033253045798 0.533092318664 0.845403344403 0.541126669678
0.000000000000 0.000000000000 0.000000000000 1.000000000000
3 26 37
0.339141412707 -0.793725504079 -0.504958341213 0.936802704141
0.378579373736 0.606538938711 -0.699133873882 1.294944130386
0.861197282839 0.045938437081 0.506190576789 1.831678335210
0.000000000000 0.000000000000 0.000000000000 1.000000000000
3 33 37
0.635558148826 -0.267202466141 0.724340169775 -0.513625774241
0.276444648341 0.954755222213 0.109639509581 -0.734903221902
-0.720863507097 0.130557679765 0.680669153399 0.694700107334
0.000000000000 0.000000000000 0.000000000000 1.000000000000
4 8 37
0.907133759306 -0.103886895021 0.407818410288 -1.279142349681
0.015262681048 0.976536290923 0.214811366267 -0.059861737263
-0.420565563609 -0.188638239902 0.887434629228 0.038668777752
0.000000000000 0.000000000000 0.000000000000 1.000000000000
4 9 37
0.704795239808 -0.493189186366 0.509929501397 -1.142655272317
0.520381387878 0.847954713206 0.100876238538 -0.365748717318
-0.482148194121 0.194260728926 0.854280918728 -0.173092452864
0.000000000000 0.000000000000 0.000000000000 1.000000000000
4 19 37
0.526449341380 0.619682028449 0.582104178458 -0.956331876293
-0.779622229306 0.078718012419 0.621283070824 -0.047971625482
0.339175869620 -0.780895420744 0.524558930273 1.257636755201
0.000000000000 0.000000000000 0.000000000000 1.000000000000
4 20 37
0.672455996072 0.713894199637 0.195340740943 -0.000422013668
0.689181234539 -0.507723765691 -0.516958222405 0.608151941067
-0.269874339845 0.482256829374 -0.833424376423 3.606641569675
0.000000000000 0.000000000000 0.000000000000 1.000000000000
4 26 37
-0.230007681867 0.183382930850 0.955754762978 0.100973931200
-0.946344347028 -0.271220857883 -0.175703224495 0.443038220803
0.226999654472 -0.944886208452 0.235926280747 1.715641329755
0.000000000000 0.000000000000 0.000000000000 1.000000000000
5 17 37
0.877748775995 0.476701301144 -0.048093198347 0.348135785367
-0.475054907902 0.852854043860 -0.216709054611 0.856288823673
-0.062289009611 0.213063017343 0.975050885812 -0.048638162508
0.000000000000 0.000000000000 0.000000000000 1.000000000000
5 19 37
0.349992643224 0.623678411352 -0.698949489522 0.929412990204
-0.180331239721 -0.687326885937 -0.703606705375 1.449601095242
-0.919231088285 0.372299598553 -0.128090652461 2.783028100154
0.000000000000 0.000000000000 0.000000000000 1.000000000000
5 20 37
0.914388067881 0.313984565153 -0.255554601139 -0.430315729041
-0.385381396690 0.868442039537 -0.311912813219 0.169684147518
0.123998550002 0.383695343744 0.915096848856 1.021953030972
0.000000000000 0.000000000000 0.000000000000 1.000000000000
5 23 37
0.329428707231 0.943251029030 -0.041883446429 0.075478930880
-0.921842957930 0.330910427196 0.201751951883 -0.281445121186
0.204162405373 -0.027852924546 0.978540712912 -0.113362015621
0.000000000000 0.000000000000 0.000000000000 1.000000000000
5 24 37
0.754623134181 0.397722440365 0.521881965381 -1.215678377720
0.604433349620 -0.730871114851 -0.316998011576 0.522570742367
0.255351231103 0.554656897466 -0.791928958220 3.667628702292
0.000000000000 0.000000000000 0.000000000000 1.000000000000
5 26 37
0.863486150288 0.099959442176 0.494368059425 0.230040633413
-0.410991370352 0.707611445343 0.574780076130 0.061577530098
-0.292365801277 -0.699495641402 0.652095150959 1.040443583464
0.000000000000 0.000000000000 0.000000000000 1.000000000000
5 28 37
0.830113808478 -0.549800039228 -0.092903077657 0.129616472371
0.502526491518 0.665478193379 0.551911133662 -0.547756273517
-0.241615790659 -0.504835310772 0.828711722315 1.138109293272
0.000000000000 0.000000000000 0.000000000000 1.000000000000
5 31 37
0.286331945748 0.958122905328 0.003809872704 -0.209186441293
-0.935303989619 0.278645375239 0.218089893990 -0.686282176381
0.207895319443 -0.066009492834 0.975921248365 1.207810514368
0.000000000000 0.000000000000 0.000000000000 1.000000000000
6 8 37
0.972095069558 -0.112656836648 0.205765917728 -1.051505731770
0.157033964060 0.964125927325 -0.214012921086 0.579843974616
-0.174274237550 0.240353143138 0.954913010022 -0.670973348568
0.000000000000 0.000000000000 0.000000000000 1.000000000000
6 10 37
0.951393760626 0.199695991070 0.234459854545 -0.113862168905
-0.138817659106 0.957628624725 -0.252343168379 0.820959524382
-0.274917387160 0.207530547770 0.938803228573 -0.797961395030
0.000000000000 0.000000000000 0.000000000000 1.000000000000
6 21 37
0.860133652544 -0.125881100037 0.494291460998 -0.888370543655
0.129792620452 0.991185150169 0.026568284863 0.594116066278
-0.493278800921 0.041303108089 0.868890141401 -0.350278405799
0.000000000000 0.000000000000 0.000000000000 1.000000000000
6 26 37
0.766591805908 0.524134875249 0.370971205975 -0.491955048614
-0.639819342400 0.672481015734 0.372022166770 -0.147755603353
-0.054481301432 -0.522543697719 0.850870067501 0.652538043302
0.000000000000 0.000000000000 0.000000000000 1.000000000000
6 28 37
0.670404590153 0.516963741527 0.532265136420 -0.554611080335
-0.691652837006 0.695120116263 0.196021368802 -0.980348247921
-0.268652263276 -0.499556317058 0.823571155107 0.447193109838
0.000000000000 0.000000000000 0.000000000000 1.000000000000
6 30 37
-0.366907715376 -0.662181510281 0.653371545018 -0.573694897057
0.898133036628 -0.435136176308 0.063352636771 0.894829542289
0.242354651111 0.610059140994 0.754381910954 -0.089181270220
0.000000000000 0.000000000000 0.000000000000 1.000000000000
6 31 37
0.156068986631 0.190302122490 0.969240720145 -1.357040569795
-0.926959666276 0.367136960813 0.077176609816 -0.584788576876
-0.341157219636 -0.910491929773 0.233701085383 1.142290447891
0.000000000000 0.000000000000 0.000000000000 1.000000000000
6 35 37
0.821600114080 0.110112326452 0.559328640521 -0.166169220166
-0.470551652854 0.684860148034 0.556370128270 -0.606243679158
-0.321798686355 -0.720306777143 0.614494712966 0.367688595418
0.000000000000 0.000000000000 0.000000000000 1.000000000000
7 20 37
0.763028305849 -0.601299901397 0.237120714095 -0.751655145925
0.586350020086 0.798295925209 0.137540065941 -0.221321099749
-0.271995327933 0.034088771972 0.961694596641 0.333622820552
0.000000000000 0.000000000000 0.000000000000 1.000000000000
7 21 37
0.994246120356 0.101883596817 -0.033081488125 0.451601608084
-0.106992841600 0.959556298263 -0.260392477446 1.205764893930
0.005213828100 0.262433692890 0.964935942347 -0.380421564376
0.000000000000 0.000000000000 0.000000000000 1.000000000000
7 23 37
0.857918001639 -0.000412434263 0.513786465725 -1.059219693419
0.145898971296 0.959029006718 -0.242851506993 -0.271660300574
-0.492635963607 0.283307596389 0.822828422692 -0.104074461355
0.000000000000 0.000000000000 0.000000000000 1.000000000000
7 25 37
0.982974840913 -0.030818245171 -0.181137234980 -0.664201836390
0.059171111954 0.986410028311 0.153277642070 0.195320778135
0.173951837132 -0.161386157439 0.971439790489 1.232434043531
0.000000000000 0.000000000000 0.000000000000 1.000000000000
7 26 37
0.574166317276 -0.346938193159 -0.741597552742 1.776154823598
0.734658632404 0.618136453785 0.279614052466 0.111648109834
0.361399687244 -0.705366014654 0.609794269759 1.145751428134
0.000000000000 0.000000000000 0.000000000000 1.000000000000
7 29 37
-0.535709360113 -0.267719338061 -0.800838209325 0.859504620835
-0.827492589117 -0.022405112687 0.561029434061 -0.851598439442
-0.168141299043 0.963236402424 -0.209533139628 2.297550426914
0.000000000000 0.000000000000 0.000000000000 1.000000000000
7 31 37
-0.980394242564 0.010209389757 0.196781344410 -0.258962029369
0.143104104519 0.723401081522 0.675434741868 -0.619541432385
-0.135456060835 0.690352550233 -0.710679260968 2.568234748242
0.000000000000 0.000000000000 0.000000000000 1.000000000000
7 32 37
0.937756201521 -0.209238051511 0.277187200838 0.160777703874
0.171695804918 0.973089211600 0.153681283317 -0.224588772723
-0.301883847003 -0.096523696927 0.948445738485 -0.078217399290
0.000000000000 0.000000000000 0.000000000000 1.000000000000
8 12 37
0.838954130059 0.509666330799 -0.190777878451 1.560486455075
-0.534945554091 0.836731724982 -0.117103691516 -0.239042117153
0.099946094547 0.200300403539 0.974623274156 0.049688810522
0.000000000000 0.000000000000 0.000000000000 1.000000000000
8 15 37
0.939094593847 -0.238685074758 0.247246393090 0.167912548943
0.216708916506 0.969675244212 0.112991885858 -0.141612588204
-0.266718183323 -0.052529571202 0.962341963563 0.723664783693
0.000000000000 0.000000000000 0.000000000000 1.000000000000
8 17 37
-0.302109385295 -0.953273061957 -0.000623429921 -0.024786496635
0.895147876301 -0.283463474365 -0.344033048202 0.495987822910
0.327780717662 -0.104493674683 0.938957332939 -0.035146276771
0.000000000000 0.000000000000 0.000000000000 1.000000000000
8 18 37
0.920206241937 0.200931019966 -0.335927369405 1.222683159355
0.079335162899 -0.936122716044 -0.342607928155 0.148722886990
-0.383309801893 0.288619101452 -0.877366861723 4.534685425538
0.000000000000 0.000000000000 0.000000000000 1.000000000000
8 19 37
0.894476061129 0.357145152480 -0.268997985359 0.543659280354
-0.380474660011 0.923994406687 -0.038384495575 -0.468106182535
0.234843797357 0.136680929433 0.962375557863 0.866017811139
0.000000000000 0.000000000000 0.000000000000 1.000000000000
8 21 37
0.960154593085 -0.078400810263 -0.268247032281 1.296529788647
0.158217531092 0.943703374740 0.290501554833 -0.019838433344
0.230370072346 -0.321367785341 0.918505512402 0.262478345370
0.000000000000 0.000000000000 0.000000000000 1.000000000000
8 31 37
0.902835900123 -0.375734032719 0.209072413543 0.669689977279
0.233363608070 0.836560179955 0.495689914909 -0.645477941651
-0.361149226604 -0.398736757736 0.842959212627 1.281226006501
0.000000000000 0.000000000000 0.000000000000 1.000000000000
8 32 37
0.599806284080 -0.475395843278 -0.643607965901 0.797399620302
0.664727824520 0.743790103921 0.070094226711 -0.510161670779
0.445386731826 -0.469867080676 0.762138823057 1.359168537564
0.000000000000 0.000000000000 0.000000000000 1.000000000000
8 33 37
0.987164600532 -0.071411179831 -0.142851303287 1.226566948355
0.078562205236 0.995890588555 0.045054583957 -0.639738202805
0.139046867509 -0.055699003781 0.988718154791 1.183890058143
0.000000000000 0.000000000000 0.000000000000 1.000000000000
9 12 37
0.934701466283 -0.355120962305 -0.014908757834 0.551053581052
0.274139888051 0.693586657489 0.666171802415 -0.504850211373
-0.226231056021 -0.626758845717 0.745649286600 0.409722614807
0.000000000000 0.000000000000 0.000000000000 1.000000000000
9 15 37
-0.263945836856 0.942477225382 -0.205107958992 1.007599116742
0.923751324214 0.185819568710 -0.334894877382 1.354171697587
-0.277517722351 -0.277862857395 -0.919660886556 4.932951485206
0.000000000000 0.000000000000 0.000000000000 1.000000000000
9 17 37
-0.210949796468 -0.966475708810 -0.146372427904 -0.119922190616
0.911256892209 -0.248622194398 0.328325876004 -0.354878634957
-0.353710417956 -0.064122607038 0.933154452112 0.392183814832
0.000000000000 0.000000000000 0.000000000000 1.000000000000
9 20 37
0.962532721539 -0.117431473851 -0.244418920944 0.507498014033
0.270256731760 0.489174313497 0.829258578462 -0.263887877799
0.022182400786 -0.864244375142 0.502582929606 1.926634221188
0.000000000000 0.000000000000 0.000000000000 1.000000000000
9 21 37
0.927219898317 -0.368144630462 -0.068795284921 0.011000538810
0.343281807071 0.908867553706 -0.236891052500 1.111750038398
0.149735971295 0.196033927886 0.969097434739 0.715717418253
0.000000000000 0.000000000000 0.000000000000 1.000000000000
9 23 37
0.828140078538 -0.017046392429 -0.560261930550 0.857317907585
-0.137824844810 0.962657477463 -0.233012646091 0.073788662930
0.543312361788 0.270185124665 0.794865822600 1.087323963503
0.000000000000 0.000000000000 0.000000000000 1.000000000000
9 28 37
0.527616808418 -0.058556325131 -0.847461893103 1.530106623963
0.572036178984 0.762016593037 0.303488586061 -0.003857320303
0.628008848192 -0.644904542334 0.435549099263 2.541243701726
0.000000000000 0.000000000000 0.000000000000 1.000000000000
10 14 37
0.700429303928 -0.270777371198 0.660362328912 -0.532918454092
0.310051070796 0.948812589860 0.060191384943 -0.257304035777
-0.642858556525 0.162586237335 0.748530955761 0.389609155093
0.000000000000 0.000000000000 0.000000000000 1.000000000000
10 15 37
0.935637145519 -0.273892923868 0.222633775920 -0.966948681674
0.182976678348 0.915761584086 0.357631453165 -0.708018922983
-0.301832183682 -0.293876483181 0.906936571943 0.863958388907
0.000000000000 0.000000000000 0.000000000000 1.000000000000
10 16 37
0.969337022460 0.142740849711 -0.200026964965 -0.304389907016
-0.038906181131 0.892874454698 0.448621797528 -1.139313343867
0.242635623846 -0.427083432096 0.871049766701 1.140763332413
0.000000000000 0.000000000000 0.000000000000 1.000000000000
10 17 37
0.823473885182 0.458211997675 -0.334563186276 0.912931306272
-0.136389769914 0.732275752116 0.667210651538 -1.619883016495
0.550716434372 -0.503799551459 0.665505387554 0.867166995932
0.000000000000 0.000000000000 0.000000000000 1.000000000000
10 20 37
0.893825752081 0.199401469125 -0.401639862348 -0.470021713714
-0.124892493877 0.970949573790 0.204104850827 -0.687373333623
0.430670860274 -0.132272367744 0.892763479787 1.503775117620
0.000000000000 0.000000000000 0.000000000000 1.000000000000
10 23 37
0.743641321907 0.418944941116 -0.521040037488 0.347828646731
-0.274893747595 0.901996576684 0.332919814946 -1.206992081265
0.609451402399 -0.104342282724 0.785927271540 1.426802210078
0.000000000000 0.000000000000 0.000000000000 1.000000000000
10 26 37
0.159683084303 0.957883940534 0.238662248909 1.429010144580
-0.836594725352 0.002972646466 0.547814228444 -1.139931811629
0.524032993332 -0.287140244201 0.801835333507 1.189097167742
0.000000000000 0.000000000000 0.000000000000 1.000000000000
10 35 37
0.849469395133 -0.406470608582 -0.336427393490 1.533024037404
0.493168020247 0.384966811504 0.780119130548 -1.387575746877
-0.187582116785 -0.828602557563 0.527475829838 0.725515174211
0.000000000000 0.000000000000 0.000000000000 1.000000000000
10 36 37
0.799775745712 -0.460088098129 -0.385587471958 1.466073043413
0.541436756947 0.275479946528 0.794328041358 -1.498463447214
-0.259239261682 -0.844055531953 0.469430787424 1.247299008637
0.000000000000 0.000000000000 0.000000000000 1.000000000000
11 26 37
0.598455402132 0.801063648179 0.012172231753 0.936559514697
-0.608091479669 0.444293737371 0.657896517157 -0.307003514949
0.521608937820 -0.401123555154 0.753009966393 0.824683181877
0.000000000000 0.000000000000 0.000000000000 1.000000000000
11 28 37
0.360751949508 -0.472854898524 -0.803906882586 1.676240406252
0.883223835733 0.450110127759 0.131592282760 -0.151032063709
0.299622574116 -0.757501892955 0.580014823301 1.743034208240
0.000000000000 0.000000000000 0.000000000000 1.000000000000
11 32 37
0.582467459352 -0.446313415824 -0.679364404169 0.650814578432
0.672547188387 0.734007378453 0.094411057458 -0.201321785655
0.456521563772 -0.511895988686 0.727702245825 1.399387862855
0.000000000000 0.000000000000 0.000000000000 1.000000000000
11 33 37
0.009966909064 0.902240788820 0.431117408269 -1.026270922775
0.937398500639 0.141663312399 -0.318143924850 0.012269717607
-0.348115945803 0.407299723679 -0.844347217304 3.231528508896
0.000000000000 0.000000000000 0.000000000000 1.000000000000
12 15 37
0.280124346947 -0.957400514135 -0.070104249386 -0.715036238513
0.933027725302 0.254359135334 0.254481225418 -0.995118355465
-0.225808799795 -0.136695595419 0.964533410581 0.608122848298
0.000000000000 0.000000000000 0.000000000000 1.000000000000
12 22 37
0.521685686907 0.368887661882 -0.769263242972 1.052071835122
-0.346715941133 0.915539186932 0.203902068051 -0.707077027806
0.779507601143 0.160343038833 0.605522922487 1.624202834557
0.000000000000 0.000000000000 0.000000000000 1.000000000000
12 26 37
-0.384962034303 -0.920762244679 -0.063254414227 0.393276538657
-0.899662748071 0.389666661313 -0.196892947552 -0.935187693502
0.205939728755 -0.018888669498 -0.978382362006 2.683563902507
0.000000000000 0.000000000000 0.000000000000 1.000000000000
12 28 37
0.821305331128 0.563304039787 0.090255813223 -0.001279059541
-0.484238512337 0.604711667009 0.632326547721 -1.009485479013
0.301613355524 -0.563038505383 0.769426426129 1.845693976503
0.000000000000 0.000000000000 0.000000000000 1.000000000000
12 31 37
0.988684301304 0.143237419437 0.044568980562 -0.116989728422
-0.132789682721 0.973880049182 -0.184186182892 0.499767459508
-0.069787194515 0.176183686754 0.981880367460 1.201924530653
0.000000000000 0.000000000000 0.000000000000 1.000000000000
13 18 37
0.351357212199 -0.926014318090 -0.138005768461 0.039247642312
-0.591743820053 -0.105418201598 -0.799203512380 2.733260608758
0.725525575610 0.362469978708 -0.585002695439 3.384649535367
0.000000000000 0.000000000000 0.000000000000 1.000000000000
13 19 37
-0.527424768298 0.719137062333 0.452399159332 -0.882379109136
0.258532252695 -0.371382825537 0.891759985205 -0.722836526493
0.809310934130 0.587296077354 0.009956375988 1.271006387649
0.000000000000 0.000000000000 0.000000000000 1.000000000000
13 30 37
0.515981936788 0.856541799397 0.009939154595 0.052452323726
-0.591988370982 0.348180285050 0.726856421671 -1.300989820077
0.619122289641 -0.380928648158 0.686717522335 1.401029285105
0.000000000000 0.000000000000 0.000000000000 1.000000000000
14 20 37
0.038928721393 -0.831929363612 0.553514307504 -1.814680662495
-0.656058599523 -0.439099172745 -0.613823289300 2.016652980287
0.753705292964 -0.339242465583 -0.562887982553 2.966965917654
0.000000000000 0.000000000000 0.000000000000 1.000000000000
14 29 37
0.424781675552 0.883805798518 0.196081204150 0.457879252429
0.490190739705 -0.042452223628 -0.870580752956 0.901815295913
-0.761100234412 0.465923941449 -0.451266344815 2.465509908935
0.000000000000 0.000000000000 0.000000000000 1.000000000000
14 30 37
0.484522325604 -0.687159396811 0.541341001001 -0.694407664518
0.640243230495 0.700245703343 0.315823622857 -0.540479854103
-0.596092880176 0.193566315052 0.779233828758 0.762352017242
0.000000000000 0.000000000000 0.000000000000 1.000000000000
14 31 37
0.600345427238 0.315586846714 0.734840329715 -1.424254887332
-0.777598790258 0.015627488796 0.628566546185 -1.008459468641
0.186883625241 -0.948768003136 0.254781841664 1.591933633181
0.000000000000 0.000000000000 0.000000000000 1.000000000000
14 32 37
-0.639924786806 0.663190021048 -0.388169116770 0.488371811027
-0.131734024693 -0.592340410802 -0.794845258191 0.328319314373
-0.757061697598 -0.457506102378 0.466418001708 1.414866926561
0.000000000000 0.000000000000 0.000000000000 1.000000000000
14 33 37
0.629102158891 -0.672556328712 0.389741527667 -0.754110813280
0.348182892002 0.692089565191 0.632282142300 -1.020416506012
-0.694981400755 -0.262068728513 0.669567647172 1.286521834123
0.000000000000 0.000000000000 0.000000000000 1.000000000000
15 19 37
0.323413150970 0.243380544570 -0.914423230405 1.288163735236
-0.300968124801 0.942631781497 0.144442072701 -1.002621767863
0.897118789032 0.228497779065 0.378109300770 0.909357111178
0.000000000000 0.000000000000 0.000000000000 1.000000000000
15 20 37
0.989372028179 0.088912407756 -0.115054654855 -0.507682273622
-0.084297459541 0.995451704712 0.044382900989 -0.106077593152
0.118477542901 -0.034212385655 0.992367162141 0.431628046471
0.000000000000 0.000000000000 0.000000000000 1.000000000000
15 21 37
0.964979152744 -0.074258646297 -0.251596677680 0.438804977142
0.030900598412 0.984597056034 -0.172086577826 0.435807155510
0.260500264467 0.158285472171 0.952410269533 0.023953051684
0.000000000000 0.000000000000 0.000000000000 1.000000000000
15 22 37
0.753273211342 -0.299691999444 -0.585460651576 1.567940926816
0.544199909422 0.783897934397 0.298915518221 -0.864783308730
0.369358806120 -0.543772685888 0.753581673359 0.442068846774
0.000000000000 0.000000000000 0.000000000000 1.000000000000
15 25 37
-0.529309296826 -0.831264798414 0.169795474647 -0.635294018753
0.697311763773 -0.540235004806 -0.471065222327 0.532020107980
0.483309396140 -0.130938819682 0.865602133260 0.885219793203
0.000000000000 0.000000000000 0.000000000000 1.000000000000
15 28 37
0.849229208228 -0.312643774609 -0.425515713096 0.915084646305
0.494547179085 0.753326508434 0.433500010785 -0.169231369115
0.185021186765 -0.578578466493 0.794363971085 0.905465424362
0.000000000000 0.000000000000 0.000000000000 1.000000000000
15 30 37
0.615375576472 -0.393736963543 0.682849986030 -0.369609418796
-0.762460460013 -0.077622152384 0.642361929425 -1.670921887196
-0.199917349916 -0.915939957093 -0.347975643118 3.096495053868
0.000000000000 0.000000000000 0.000000000000 1.000000000000
15 31 37
0.509906555049 0.468795132897 -0.721267237916 1.583424300985
-0.604780200166 0.791629127047 0.086972608893 -0.875941408629
0.611748489663 0.391860241136 0.687174895359 1.509059318930
0.000000000000 0.000000000000 0.000000000000 1.000000000000
15 32 37
0.439436670147 0.814321345518 -0.379178268317 0.919169642441
-0.874390340886 0.291084391173 -0.388215673281 -0.552488589253
-0.205759434038 0.502146018056 0.839947874487 1.281464985315
0.000000000000 0.000000000000 0.000000000000 1.000000000000
15 35 37
-0.825060761397 0.418197814337 -0.379980694360 0.903125492142
-0.050834324209 -0.724689242671 -0.687198205061 0.374514705435
-0.562752708998 -0.547664212488 0.619171461612 1.219726122116
0.000000000000 0.000000000000 0.000000000000 1.000000000000
16 18 37
0.548234741901 -0.721136517119 -0.423557305981 1.671773694438
0.291961366591 -0.309558866920 0.904948544576 -1.819203878575
-0.783707361322 -0.619786601653 0.040833077528 1.811581120847
0.000000000000 0.000000000000 0.000000000000 1.000000000000
16 19 37
-0.476614031977 -0.573247993624 0.666502664908 -0.712863073583
-0.123977630035 0.794406023021 0.594599544096 -1.404172311126
-0.870326727025 0.200763065316 -0.449694985331 3.046353070610
0.000000000000 0.000000000000 0.000000000000 1.000000000000
16 20 37
0.965673132332 -0.234046142815 -0.112684535433 -0.066453074509
0.241120730865 0.969008312020 0.053699947710 0.064658237820
0.096623985839 -0.079027174252 0.992178668935 0.324801929497
0.000000000000 0.000000000000 0.000000000000 1.000000000000
16 21 37
-0.912579591334 0.313934431019 -0.261999355918 1.349474863388
-0.193456703207 0.233012012618 0.953037200722 -1.819165916783
0.360240188575 0.920407830799 -0.151909287203 2.659646877010
0.000000000000 0.000000000000 0.000000000000 1.000000000000
16 31 37
0.258222196946 0.700061078504 -0.665759553719 1.996155126928
-0.258538845106 0.714071029323 0.650584529982 -0.834775140895
0.930848517523 0.004129339506 0.365381972708 1.826788379963
0.000000000000 0.000000000000 0.000000000000 1.000000000000
17 19 37
0.955597379954 0.223896596272 -0.191582780026 -0.163222042460
-0.227798942035 0.973706708707 0.001699242916 -1.219234412001
0.186925892889 0.042018562524 0.981474987440 0.817347860730
0.000000000000 0.000000000000 0.000000000000 1.000000000000
17 20 37
0.653451584506 -0.687179709826 0.317466648817 -0.321113839980
0.609611580830 0.726354178721 0.317463899635 -1.221551859381
-0.448747977404 -0.013915942594 0.893549998219 1.516249716678
0.000000000000 0.000000000000 0.000000000000 1.000000000000
17 21 37
0.868589709267 -0.192866852225 0.456458425563 -0.867435882228
0.212127209851 0.977198377883 0.009239973180 -0.194117838178
-0.447832517573 0.088801506610 0.889696762177 0.496613425936
0.000000000000 0.000000000000 0.000000000000 1.000000000000
17 22 37
-0.109074098575 0.977034227263 0.183049063853 0.198635286930
-0.931510596438 -0.164743488779 0.324264693775 -1.343393420362
0.346973845908 -0.135143263474 0.928086983312 0.382696168094
0.000000000000 0.000000000000 0.000000000000 1.000000000000
17 23 37
0.967356472120 0.163852091341 0.193323428511 -0.315543075701
-0.201679386436 0.959684428525 0.195783612014 -1.414598500742
-0.153449929732 -0.228381894662 0.961402532374 1.047550344036
0.000000000000 0.000000000000 0.000000000000 1.000000000000
17 26 37
0.134972730451 0.982523980602 0.128175620056 0.140162756814
0.004681059653 -0.129990195962 0.991504229257 -0.778873218306
0.990838256082 -0.133226035352 -0.022144385045 2.235757875595
0.000000000000 0.000000000000 0.000000000000 1.000000000000
17 28 37
0.625744699217 0.549567274121 -0.553551607908 1.109315206242
-0.095887807819 -0.650078517760 -0.753792709608 0.661474985143
-0.774111813444 0.524760642542 -0.354086385399 2.501287217378
0.000000000000 0.000000000000 0.000000000000 1.000000000000
17 29 37
0.943363586188 0.030659027566 -0.330340987894 0.533208377933
0.187269639185 0.772709654267 0.606506283926 -0.890014288980
0.273852563423 -0.634018780661 0.723204645502 1.407774010625
0.000000000000 0.000000000000 0.000000000000 1.000000000000
17 30 37
0.357804744093 0.437598314332 0.824914226086 -1.934926193677
0.378605767007 0.739546826755 -0.556532267012 0.169271494629
-0.853600280162 0.511447168660 0.098936117654 1.451349607705
0.000000000000 0.000000000000 0.000000000000 1.000000000000
17 31 37
0.427564107836 0.778938038587 -0.458742265038 0.481211402524
-0.730687747888 0.596576484935 0.331951672249 -1.444095302498
0.532244632455 0.193266731911 0.824235173697 1.647286017285
0.000000000000 0.000000000000 0.000000000000 1.000000000000
17 32 37
0.981140031070 -0.107399315760 0.160715980554 0.153497291330
-0.181468810413 -0.225378141143 0.957221899218 -1.132359969176
-0.066583108058 -0.968333661745 -0.240617142474 2.221811359271
0.000000000000 0.000000000000 0.000000000000 1.000000000000
17 33 37
-0.495014548865 0.315748349105 -0.809483524508 0.357237852791
-0.719357052552 0.373590810193 0.585623887391 -1.617847537746
0.487325381399 0.872200026701 0.042202915392 1.643521204766
0.000000000000 0.000000000000 0.000000000000 1.000000000000
17 36 37
0.914520070571 0.218375510356 0.340536601556 -0.531640120479
0.060377418771 0.758678100588 -0.648661781663 0.810574634610
-0.400009509669 0.613774939342 0.680641400452 0.357448220136
0.000000000000 0.000000000000 0.000000000000 1.000000000000
18 21 37
-0.368936559056 0.889485055921 0.269633363450 0.007527636074
-0.881760012000 -0.426688756255 0.201087012319 -0.931738849302
0.293913416893 -0.163563567395 0.941733435103 0.301683134752
0.000000000000 0.000000000000 0.000000000000 1.000000000000
18 22 37
0.931714450726 0.136387992405 0.336610305601 -0.112527798264
-0.138336803000 0.990215981795 -0.018309514828 0.111198953158
-0.335814102212 -0.029506353982 0.941466018415 0.060719081044
0.000000000000 0.000000000000 0.000000000000 1.000000000000
18 26 37
0.850564941845 -0.032624055506 -0.524857076457 0.678478377209
-0.042860141301 0.990452522823 -0.131022167288 0.691249015893
0.524120489956 0.133938310560 0.841045920846 1.892674736339
0.000000000000 0.000000000000 0.000000000000 1.000000000000
18 28 37
-0.089742255153 -0.294456344148 0.951441952528 -1.633213356794
0.287616420191 0.906934107294 0.307810525913 -0.673397978929
-0.953531920009 0.301273939161 0.003300167542 1.092887469121
0.000000000000 0.000000000000 0.000000000000 1.000000000000
18 29 37
0.251863881132 -0.954543498301 -0.159409206861 0.037754262917
0.967588455893 0.251504160643 0.022764823774 0.446139081853
0.018362064247 -0.159976145191 0.986950083624 1.068750583712
0.000000000000 0.000000000000 0.000000000000 1.000000000000
18 31 37
0.420464896886 -0.876590518081 -0.234090439995 0.349796023201
0.820875577448 0.477433496427 -0.313401568024 0.442045404971
0.386487460128 -0.060384767123 0.920315773560 0.794448174478
0.000000000000 0.000000000000 0.000000000000 1.000000000000
18 32 37
0.743144166432 0.398809351322 0.537296798051 -0.677509346885
-0.499348335668 0.865038216382 0.048581106047 0.235259900412
-0.445407664465 -0.304401027424 0.841992890076 1.279255036436
0.000000000000 0.000000000000 0.000000000000 1.000000000000
18 33 37
0.923815544673 0.118445479646 0.364054264871 -0.269475419462
-0.110482260505 0.992960257741 -0.042703590735 -0.255089319020
-0.366549463966 -0.000771297195 0.930398245682 0.948381854492
0.000000000000 0.000000000000 0.000000000000 1.000000000000
19 21 37
0.675729589814 -0.492609314205 0.548384522948 -1.196982029713
0.379844618539 0.870242869291 0.313680433266 0.375444255925
-0.631749623836 -0.003662240572 0.775163854148 -0.033157424440
0.000000000000 0.000000000000 0.000000000000 1.000000000000
19 22 37
0.740831380297 -0.515848548115 0.430196631060 -0.562117052717
0.562615617121 0.826423258627 0.022096718563 0.898670650658
-0.366923061880 0.225665400554 0.902464732637 -0.213044428166
0.000000000000 0.000000000000 0.000000000000 1.000000000000
19 23 37
0.590078466101 0.777441756202 -0.217696393075 0.020805480737
-0.538100982961 0.579743253796 0.611837471732 -0.506855069025
0.601876013794 -0.243889473722 0.760436183139 0.341124455822
0.000000000000 0.000000000000 0.000000000000 1.000000000000
19 26 37
-0.689883455756 -0.707867666129 -0.151605358488 -0.289482457017
0.722220497075 -0.658657786491 -0.211110098998 0.562801250905
0.049581963232 -0.255133862008 0.965633647601 1.155295475489
0.000000000000 0.000000000000 0.000000000000 1.000000000000
19 28 37
0.523080056200 0.035204999035 0.851556141924 -0.623501564188
-0.224486239805 0.969556111004 0.097810407183 0.071052883186
-0.822188045975 -0.242325309570 0.515058502889 0.572731782326
0.000000000000 0.000000000000 0.000000000000 1.000000000000
19 29 37
0.597963536831 -0.775345320452 -0.203172937850 0.327525320410
0.791864398259 0.532229737662 0.299470000363 0.658675022616
-0.124057983985 -0.339957556765 0.932222331961 0.511109977348
0.000000000000 0.000000000000 0.000000000000 1.000000000000
19 31 37
0.905007444187 -0.227232100753 0.359620770191 0.150539511576
0.128610743536 0.951972595163 0.277862294502 0.349290976644
-0.405488350773 -0.205216350338 0.890766774718 0.216485054393
0.000000000000 0.000000000000 0.000000000000 1.000000000000
19 32 37
0.948788860623 0.134184801967 -0.285996742776 0.880072260354
0.019023968563 0.879396650654 0.475709595697 -0.355030455297
0.315337575588 -0.456788758332 0.831809018756 0.836986527506
0.000000000000 0.000000000000 0.000000000000 1.000000000000
19 33 37
0.877112733259 -0.345117805843 0.334016396671 -0.012766908257
0.330607007890 0.938312096577 0.101338125849 -0.280006544965
-0.348385217092 0.021543200943 0.937103852838 0.313135919534
0.000000000000 0.000000000000 0.000000000000 1.000000000000
20 22 37
0.411252433006 0.820148029322 0.397779645465 -0.608197287329
-0.786143625606 0.540005152513 -0.300620417101 0.464721996773
-0.461356300775 -0.189081054734 0.866832578112 -0.677432649232
0.000000000000 0.000000000000 0.000000000000 1.000000000000
20 23 37
0.695332011675 0.590769140075 -0.409274011728 0.520026227521
-0.715772192450 0.517998893970 -0.468345293946 0.745596078295
-0.064680461157 0.618602432085 0.783037335612 -0.121385558612
0.000000000000 0.000000000000 0.000000000000 1.000000000000
20 25 37
0.771813319709 -0.029476849421 -0.635165580671 0.145156900857
-0.074939099043 0.987746080295 -0.136900738847 0.615096508707
0.631417715110 0.153260550079 0.760146612723 1.091939120214
0.000000000000 0.000000000000 0.000000000000 1.000000000000
20 26 37
0.998433704687 0.019953203044 0.052268604667 1.366706097732
-0.037243262930 0.934202322907 0.354794249165 0.052455890729
-0.041750170203 -0.356185189982 0.933482208575 0.577560780025
0.000000000000 0.000000000000 0.000000000000 1.000000000000
20 30 37
0.996767302167 -0.035302125620 -0.072171360367 1.146486804960
0.075450707794 0.719972165111 0.689889318774 -1.401640006920
0.027606811187 -0.693104495290 0.720308283018 1.234856587955
0.000000000000 0.000000000000 0.000000000000 1.000000000000
21 23 37
0.746551368772 -0.613637385506 0.257119063656 -0.281615341503
0.665242783685 0.694639653804 -0.273729410400 -0.365576812863
-0.010634497630 0.375399667652 0.926802026857 0.572384769791
0.000000000000 0.000000000000 0.000000000000 1.000000000000
21 28 37
0.699038846502 -0.548226941558 0.459120802873 0.303384692004
0.477461707928 0.835800704891 0.271048887040 -0.796866679715
-0.532329793027 0.029738901343 0.846014532501 0.411127906941
0.000000000000 0.000000000000 0.000000000000 1.000000000000
21 29 37
0.998540410331 -0.051897508947 0.014956520354 0.508705215272
0.051860795628 0.843977470180 -0.533865608282 -0.046268713818
0.015083328971 0.533862040601 0.845437055488 1.403118583550
0.000000000000 0.000000000000 0.000000000000 1.000000000000
21 30 37
0.734400206659 0.625542072119 0.263350436621 -0.399364503732
-0.678690703577 0.673442183841 0.293009477493 -1.699583748754
0.005938462548 -0.393919713942 0.919125668030 0.655702993867
0.000000000000 0.000000000000 0.000000000000 1.000000000000
21 31 37
0.772610575356 -0.542570115048 0.329682527752 -0.032821830716
0.487316586526 0.839649533428 0.239814940133 -0.554726388625
-0.406934200265 -0.024623794813 0.913125525535 0.665126115870
0.000000000000 0.000000000000 0.000000000000 1.000000000000
21 33 37
0.918644499839 -0.348664609138 -0.185809777058 1.240767298942
0.293125973389 0.916816726876 -0.271153559898 -0.956667602130
0.264895161602 0.194628054647 0.944431296445 0.559797417352
0.000000000000 0.000000000000 0.000000000000 1.000000000000
22 24 37
0.971002817782 0.182663797174 -0.154231854884 0.330374391238
-0.115671854790 0.923564428076 0.365580044864 -0.535309520874
0.209221294012 -0.337138968965 0.917912722287 0.794644356483
0.000000000000 0.000000000000 0.000000000000 1.000000000000
22 26 37
0.738700486949 -0.658757804698 -0.142687579456 -0.672868358163
0.628328514893 0.749629124855 -0.207989068321 0.666336271547
0.243977187364 0.063986951155 0.967667712662 1.513893996688
0.000000000000 0.000000000000 0.000000000000 1.000000000000
22 28 37
0.830649258836 -0.340666810599 0.440417907164 -0.000802969359
0.228666750313 0.929921029365 0.288024992744 -0.150601087922
-0.507674429232 -0.138538815138 0.850337386338 0.779203529733
0.000000000000 0.000000000000 0.000000000000 1.000000000000
22 29 37
0.964611038452 0.216446373673 -0.150587223300 0.087758130637
-0.182335995573 0.960104322744 0.212021871907 -0.499691514412
0.190470809354 -0.177061166754 0.965593192816 0.894036311288
0.000000000000 0.000000000000 0.000000000000 1.000000000000
22 30 37
0.742826674482 -0.228817197294 -0.629167085837 0.506403274190
0.094757197790 0.966252766663 -0.239534265573 -0.180392545128
0.662743996688 0.118314331924 0.739440405791 1.285437946177
0.000000000000 0.000000000000 0.000000000000 1.000000000000
23 28 37
0.962986856523 0.266714876097 0.038980623794 0.445328748857
-0.224850487611 0.715100363509 0.661871383526 -0.799364225725
0.148655885804 -0.646138255312 0.748603221098 0.953302290195
0.000000000000 0.000000000000 0.000000000000 1.000000000000
23 29 37
0.876072800861 0.394592779751 0.277115473694 -0.196403639742
-0.481016412360 0.675325941329 0.559068943878 -0.458442894216
0.033461300508 -0.623082186503 0.781440292173 0.628219592496
0.000000000000 0.000000000000 0.000000000000 1.000000000000
23 31 37
0.942610889451 -0.331863875879 -0.036757026197 0.445029206451
0.305610231069 0.901862895296 -0.305361596725 0.935409931979
0.134488281102 0.276603843023 0.951526781689 0.440420431576
0.000000000000 0.000000000000 0.000000000000 1.000000000000
24 26 37
-0.914093455016 0.344849508145 0.213335351569 -0.536170148677
0.380027945362 0.912062702210 0.154014246031 0.209124591421
-0.141463480237 0.221856809606 -0.964762996694 2.641574275046
0.000000000000 0.000000000000 0.000000000000 1.000000000000
24 28 37
0.948844466635 -0.115432612018 0.293886866359 0.003446105602
0.058118239917 0.978723358242 0.196781244583 -0.003937699908
-0.310348913844 -0.169634607653 0.935364983075 0.081914290416
0.000000000000 0.000000000000 0.000000000000 1.000000000000
26 28 37
0.803287161545 0.056185369521 0.592935865292 -0.268254088590
-0.009141100978 0.996586257427 -0.082050422184 -0.243327312887
-0.595521768175 0.060489964121 0.801058542099 -0.823129565435
0.000000000000 0.000000000000 0.000000000000 1.000000000000
26 29 37
0.978744251773 0.110481753210 -0.172781572594 0.244387949479
-0.049632528508 0.945048019163 0.323142156938 -0.697782659831
0.198988194963 -0.307697942282 0.930443805171 -0.488937574354
0.000000000000 0.000000000000 0.000000000000 1.000000000000
26 30 37
0.955685788151 -0.273929044981 -0.107831130213 0.721167978463
0.047972750435 0.506304678665 -0.861019272478 0.248245566414
0.290453592752 0.817690926132 0.497009315586 -0.701567903426
0.000000000000 0.000000000000 0.000000000000 1.000000000000
26 31 37
-0.002284629860 0.557762713701 0.829997310641 -1.222741682070
-0.168499656173 0.817917126057 -0.550108571804 0.737864276948
-0.985699064794 -0.141111055937 0.092114187595 -0.138408829316
0.000000000000 0.000000000000 0.000000000000 1.000000000000
26 32 37
0.996867247021 0.028556059713 0.073758004783 -0.214793902390
-0.042627628741 0.979494734462 0.196908482371 0.207189177852
-0.066622646929 -0.199435745581 0.977643496527 -0.408950858643
0.000000000000 0.000000000000 0.000000000000 1.000000000000
26 33 37
0.968948127539 -0.209149071347 -0.131894624962 -0.227844265390
0.154496778686 0.928571361352 -0.337469957556 0.125547362892
0.193055099686 0.306613588792 0.932050339656 -0.657550624476
0.000000000000 0.000000000000 0.000000000000 1.000000000000
26 34 37
0.735014435008 -0.588553208128 -0.336688136906 0.414016905280
0.239185499756 0.689688397701 -0.683461930749 0.855996695275
0.634463613643 0.421823464591 0.647704321187 -0.264415915385
0.000000000000 0.000000000000 0.000000000000 1.000000000000
26 35 37
-0.718313733928 -0.694357676140 0.043506289614 -0.555813459957
0.223300504562 -0.289326917177 -0.930820508830 1.068542375159
0.658909906067 -0.658906178892 0.362877917632 0.256726785776
0.000000000000 0.000000000000 0.000000000000 1.000000000000
27 29 37
0.265729114705 -0.122758304838 0.956199998009 -1.954400890042
0.960978884352 -0.045349162757 -0.272879162391 1.195437365527
0.076861052738 0.991399945547 0.105917545956 2.840458058636
0.000000000000 0.000000000000 0.000000000000 1.000000000000
28 32 37
0.190925447532 -0.112094443062 -0.975183218333 0.384232862541
0.971265616096 -0.122236349974 0.204209151936 0.110045473824
-0.142093548320 -0.986150653085 0.085535448478 1.169632921850
0.000000000000 0.000000000000 0.000000000000 1.000000000000
28 33 37
0.983229568027 -0.179593452214 -0.031714483757 -0.330837321252
0.133927738814 0.829083007712 -0.542848714744 0.296672615067
0.123786014292 0.529497458204 0.839231472492 -0.280053703972
0.000000000000 0.000000000000 0.000000000000 1.000000000000
28 34 37
0.690567486367 0.723254094097 0.004479078544 -0.458451366509
0.145155285073 -0.132523014421 -0.980493546059 1.342479782389
-0.708552390432 0.677747125425 -0.196500239163 1.671420639554
0.000000000000 0.000000000000 0.000000000000 1.000000000000
29 31 37
0.317788020360 0.938757610107 0.133210073125 0.030067887023
-0.896346497870 0.343249825751 -0.280610963575 0.002287856964
-0.309150011924 -0.030227579921 0.950532778782 -0.117490114788
0.000000000000 0.000000000000 0.000000000000 1.000000000000
29 32 37
0.933724450661 0.071185580084 0.350843645268 -0.506864508988
-0.031206332720 0.992484805953 -0.118321911542 0.159059820419
-0.356629801104 0.099531518328 0.928928771125 0.000417682385
0.000000000000 0.000000000000 0.000000000000 1.000000000000
29 33 37
0.867366681496 0.466937443209 0.172175677607 -0.561304452179
-0.399025864625 0.859250209649 -0.320105352311 -0.516377922045
-0.297411161846 0.208946168539 0.931605119921 -0.469418034853
0.000000000000 0.000000000000 0.000000000000 1.000000000000
30 32 37
0.692933881086 -0.684127222564 0.227623768067 -0.799449735736
0.477030413840 0.671741096972 0.566750282673 -0.018360022108
-0.540633536431 -0.284137012698 0.791821657509 0.302724887650
0.000000000000 0.000000000000 0.000000000000 1.000000000000
30 33 37
0.894836722080 0.227469013576 0.384089948684 -0.517077950270
-0.324223085499 0.922612260300 0.208964130831 -0.301662214018
-0.306833231001 -0.311519606136 0.899338036195 0.206499289862
0.000000000000 0.000000000000 0.000000000000 1.000000000000
30 35 37
0.301441246401 -0.677184902428 0.671233031734 -1.397832335901
-0.124988495765 -0.725968334219 -0.676274983744 1.474740548430
0.945257134802 0.119960767065 -0.303477121824 2.182085725448
0.000000000000 0.000000000000 0.000000000000 1.000000000000
31 33 37
0.987511225250 0.054079833860 -0.147976185839 -0.099141236068
-0.072833256406 0.989555053407 -0.124403026642 -0.504006226696
0.139702887468 0.133626972750 0.981135533648 -0.298414456723
0.000000000000 0.000000000000 0.000000000000 1.000000000000
31 34 37
0.903644389794 0.073562671102 0.421918653551 -0.858322777614
-0.065609577704 0.997287552111 -0.033360481369 -0.062589303312
-0.423228307308 0.002464107145 0.906019717263 0.025596776497
0.000000000000 0.000000000000 0.000000000000 1.000000000000
32 34 37
-0.345428221264 0.938442921703 -0.002055884312 -0.210830453738
-0.715919619322 -0.264935522694 -0.645963054272 0.505729707065
-0.606744132748 -0.221662020925 0.763365905615 0.048917223436
0.000000000000 0.000000000000 0.000000000000 1.000000000000
32 35 37
0.947171042616 -0.076046898125 0.311582870703 -0.438352052504
0.108208945128 0.990292546232 -0.087243894181 -0.196312622571
-0.301923566858 0.116350943972 0.946205378135 -0.075704487054
0.000000000000 0.000000000000 0.000000000000 1.000000000000
33 35 37
0.071925770190 0.952681607593 0.295337837293 -0.583158655082
-0.994666783464 0.046565425629 0.092030706888 0.051220452988
0.073923429688 -0.300382116129 0.950950004392 0.003111919108
0.000000000000 0.000000000000 0.000000000000 1.000000000000
