0 3 38
0.999359051267 0.008968803397 -0.034656128119 -0.249130222150
-0.000351196448 0.970515961329 0.241036606073 -0.281600791910
0.035796135429 -0.240869942856 0.969897060165 0.751754908131
0.000000000000 0.000000000000 0.000000000000 1.000000000000
0 27 38
0.894367268180 0.169607458238 -0.413932965248 1.539508299613
-0.053745128718 0.959372981087 0.276974627537 -0.133262403479
0.444093065413 -0.225470160488 0.867147366935 0.674045707241
0.000000000000 0.000000000000 0.000000000000 1.000000000000
1 11 38
-0.291838401693 0.241936500256 -0.925363213631 2.035410480394
0.269899932159 0.948992590543 0.162994140122 -0.297458853657
0.917597065120 -0.202187519243 -0.342251125849 3.229538885648
0.000000000000 0.000000000000 0.000000000000 1.000000000000
1 26 38
0.835001473979 0.063413563449 -0.546581428905 1.540086273174
0.011578192727 0.991092260136 0.132672820700 0.092837265282
0.550125880055 -0.117110425966 0.826829283603 1.142742900205
0.000000000000 0.000000000000 0.000000000000 1.000000000000
1 27 38
0.908770858731 0.063693238164 -0.412405986538 1.723481960155
-0.025078356173 0.994832605315 0.098382739614 0.229599686506
0.416541237301 -0.079064902545 0.905672202739 0.132903429765
0.000000000000 0.000000000000 0.000000000000 1.000000000000
1 28 38
0.998506131016 0.021711571476 -0.050140941235 0.875586589071
-0.011685657566 0.981286286573 0.192199555648 -0.161911637183
0.053375572420 -0.191326504823 0.980074087414 0.256365735576
0.000000000000 0.000000000000 0.000000000000 1.000000000000
2 10 38
1.000000000000 0.000000000000 0.000000000000 0.000000000000
0.000000000000 1.000000000000 0.000000000000 0.000000000000
0.000000000000 0.000000000000 1.000000000000 0.000000000000
0.000000000000 0.000000000000 0.000000000000 1.000000000000
2 17 38
0.803545298659 0.101210191542 -0.586576039513 2.047707133921
-0.015695586133 0.988698632486 0.149092798944 -0.516408305932
0.595036638854 -0.110596162903 0.796052691204 1.392096884654
0.000000000000 0.000000000000 0.000000000000 1.000000000000
2 18 38
0.655265263531 0.193433843069 -0.730212833881 2.010255442966
-0.371986255232 0.923956926245 -0.089049561270 -0.121181462338
0.657460006638 0.329980221830 0.677391609686 2.036990138699
0.000000000000 0.000000000000 0.000000000000 1.000000000000
2 35 38
0.951529066128 0.047134449722 -0.303925615840 1.105918866608
0.006383274800 0.984947512118 0.172735787186 -0.322251835785
0.307492585467 -0.166303162993 0.936905314245 0.960266816651
0.000000000000 0.000000000000 0.000000000000 1.000000000000
3 5 38
0.874912649330 0.282797286778 -0.393132993570 0.651521245908
-0.251611183715 0.959065989937 0.129939367302 -0.402130653391
0.413786984174 -0.014768938229 0.910253926216 0.885487584737
0.000000000000 0.000000000000 0.000000000000 1.000000000000
3 6 38
0.873413146951 0.386273609724 -0.296550456355 0.891947523682
-0.228735843935 0.863010269043 0.450436665055 -0.985395998916
0.429917885686 -0.325585586224 0.842119135046 0.598625547463
0.000000000000 0.000000000000 0.000000000000 1.000000000000
3 12 38
0.290807163410 -0.946093315030 0.142613579176 -0.818406942572
0.449166026445 0.003386296099 -0.893441891611 2.024603411392
0.844796469214 0.323876476847 0.425937734121 0.981998037314
0.000000000000 0.000000000000 0.000000000000 1.000000000000
3 14 38
0.999364483855 -0.010253468226 0.034139343843 -0.023400053361
0.010877256463 0.999776351037 -0.018136515606 -0.122057333742
-0.033945746428 0.018496331956 0.999252506629 -0.181521338611
0.000000000000 0.000000000000 0.000000000000 1.000000000000
3 15 38
0.963603726393 -0.255835738874 -0.077562447077 0.333679344104
0.247272636686 0.963225162861 -0.105135763556 -0.151911740778
0.101607586469 0.082130142743 0.991428533998 -0.145061798205
0.000000000000 0.000000000000 0.000000000000 1.000000000000
3 17 38
0.755695285740 0.545714547932 -0.362105326232 1.604265744884
-0.469408254939 0.836876255997 0.281591942966 -1.180955617652
0.456706169551 -0.042822474511 0.888586355044 0.258439568005
0.000000000000 0.000000000000 0.000000000000 1.000000000000
3 18 38
0.818150907835 0.315594263398 -0.480655128880 1.651782829659
-0.150156779935 0.924175581265 0.351215655166 -0.846068099761
0.555051379107 -0.215173780708 0.803503709169 0.799841711583
0.000000000000 0.000000000000 0.000000000000 1.000000000000
3 32 38
0.824566458061 0.226613355414 -0.518398054962 1.232646865715
-0.348544598793 0.925220720243 -0.149944261261 0.156125916275
0.445653249616 0.304323850496 0.841890833259 1.155794540538
0.000000000000 0.000000000000 0.000000000000 1.000000000000
3 34 38
0.748229888372 0.621634942660 -0.231780137653 0.986638941646
-0.584369784593 0.782932974156 0.213372708736 -0.594792095867
0.314108244084 -0.024206528926 0.949078529394 0.527452223013
0.000000000000 0.000000000000 0.000000000000 1.000000000000
3 36 38
0.924842415162 0.131128358015 -0.357032016548 1.002962862068
-0.122730007746 0.991364784921 0.046186669261 -0.200631539618
0.360005350398 0.001103151409 0.932949586388 0.420072888851
0.000000000000 0.000000000000 0.000000000000 1.000000000000
4 6 38
0.985940686977 0.061426352872 -0.155395511311 -0.069356596119
-0.068580646924 0.996798620445 -0.041099940957 0.104092415729
0.152373411822 0.051179228717 0.986996975638 -0.157231123563
0.000000000000 0.000000000000 0.000000000000 1.000000000000
4 11 38
0.973912460971 -0.074028545448 0.214509423625 -0.879794497665
0.099278653272 0.989024751512 -0.109424813916 0.177977342129
-0.204054569588 0.127866396504 0.970572984002 -0.532906943035
0.000000000000 0.000000000000 0.000000000000 1.000000000000
4 12 38
0.605442007531 -0.776990396355 -0.172412005060 0.122480645992
0.136889538996 0.315060509617 -0.939147554644 2.578235765885
0.784028844897 0.544997980961 0.297112724598 1.079262813440
0.000000000000 0.000000000000 0.000000000000 1.000000000000
4 14 38
0.089009463268 -0.995982713959 -0.009785138910 -0.197697910963
0.873131210056 0.082750255667 -0.480410538199 1.303375154760
0.479290314397 0.034217373976 0.876989148076 -0.340343261190
0.000000000000 0.000000000000 0.000000000000 1.000000000000
4 15 38
0.960772222025 -0.121404534598 -0.249354519437 0.902438875081
0.066485310657 0.973703516025 -0.217901735531 0.449672714376
0.269251631103 0.192775521941 0.943578908883 -0.431792188118
0.000000000000 0.000000000000 0.000000000000 1.000000000000
4 16 38
0.981435282055 -0.191701199485 -0.005952919801 0.386665181757
0.190166417828 0.976674385101 -0.099719000290 0.182551092361
0.024930316253 0.096735699742 0.994997831016 -0.676457134423
0.000000000000 0.000000000000 0.000000000000 1.000000000000
4 17 38
0.998580457934 0.012525486833 0.051770466605 0.339187789108
-0.008816437670 0.997418714697 -0.071261335937 -0.040329335940
-0.052529415185 0.070703746380 0.996113267047 -0.806501941211
0.000000000000 0.000000000000 0.000000000000 1.000000000000
4 18 38
0.958528342633 0.207041535140 -0.195849991311 0.865435974375
-0.265219153104 0.899552999469 -0.347078092038 0.440576622059
0.104317866141 0.384627357156 0.917158426299 -0.238819890665
0.000000000000 0.000000000000 0.000000000000 1.000000000000
4 20 38
0.507680122086 -0.819471415155 0.265946410736 -0.502751748546
0.858350477279 0.454535884541 -0.237973922561 0.962295075426
0.074130640047 0.349089858645 0.934152513671 -0.243949572293
0.000000000000 0.000000000000 0.000000000000 1.000000000000
4 33 38
0.981143313486 -0.107008849043 0.160956219599 -0.694515243013
0.084661360631 0.986551087240 0.139819191393 -0.494098550995
-0.173753424189 -0.123555892179 0.977007517418 0.449508487318
0.000000000000 0.000000000000 0.000000000000 1.000000000000
4 34 38
0.802979447516 0.544975853200 -0.241299246365 0.784176724291
-0.549687335751 0.833649741653 0.053590495019 -0.298725573054
0.230364580139 0.089607073771 0.968969933769 0.140814178744
0.000000000000 0.000000000000 0.000000000000 1.000000000000
4 37 38
0.261180111078 -0.951177832784 -0.164455708317 0.269222386171
-0.898691738704 -0.301790580455 0.318238282318 -0.503170994642
-0.352332383356 0.064677476522 -0.933637357687 4.564873053193
0.000000000000 0.000000000000 0.000000000000 1.000000000000
5 14 38
0.955546705570 -0.190420086940 0.225101497026 -1.314985329899
0.201026109023 0.979267951298 -0.024955621624 -0.117594285028
-0.215682630188 0.069097540111 0.974015673891 -0.519031949021
0.000000000000 0.000000000000 0.000000000000 1.000000000000
5 17 38
0.997826860702 0.039355166567 0.052846257455 0.537799777978
-0.033556668521 0.993751591796 -0.106450569754 0.070680754633
-0.056705432370 0.104445893493 0.992912659438 -1.002373915367
0.000000000000 0.000000000000 0.000000000000 1.000000000000
5 18 38
0.982179520512 0.124158441100 0.141095963765 0.120705645584
-0.104180507830 0.984497381776 -0.141107501801 0.220552440633
-0.156428294357 0.123893449302 0.979888055823 -0.735924885566
0.000000000000 0.000000000000 0.000000000000 1.000000000000
5 19 38
-0.892319032052 -0.306132309363 0.331737477838 -1.247239658822
0.096288837284 -0.847069374277 -0.522687224808 1.179357546915
0.441016104981 -0.434461142482 0.785333248259 -0.087552750457
0.000000000000 0.000000000000 0.000000000000 1.000000000000
5 33 38
0.807133156201 0.208437765903 -0.552349315113 1.553242648019
-0.290829298191 0.954581138106 -0.064754691617 0.525155445514
0.513764914600 0.212905022294 0.831093896024 0.351049584526
0.000000000000 0.000000000000 0.000000000000 1.000000000000
6 8 38
0.995856192529 0.002710686402 -0.090901573037 -0.674798405885
-0.029891428800 0.953775839394 -0.299028678680 0.448971887574
0.085889151153 0.300506739306 0.949904602234 -0.640642438150
0.000000000000 0.000000000000 0.000000000000 1.000000000000
6 11 38
0.812383126779 -0.487362336728 -0.320174340109 0.644742750776
-0.374984835463 -0.016137493675 -0.926890475984 2.372262518648
0.446564696878 0.873050705307 -0.195863313219 2.429107493969
0.000000000000 0.000000000000 0.000000000000 1.000000000000
6 17 38
0.924442107925 -0.210074334584 -0.318238217446 1.220832448984
0.231588020496 0.972323488168 0.030887264701 -0.382794506790
0.302941872077 -0.102253646912 0.947507474290 -0.410246600983
0.000000000000 0.000000000000 0.000000000000 1.000000000000
6 31 38
0.893524510142 0.276775864813 -0.353566217888 0.548177751635
-0.341058811428 0.930514429983 -0.133498249954 -0.171785971082
0.292049374118 0.239870832429 0.925834297716 0.047700581838
0.000000000000 0.000000000000 0.000000000000 1.000000000000
7 13 38
0.999425680965 -0.003182475654 -0.033736924525 0.067452545133
0.000848651330 0.997618583953 -0.068966953993 0.094841464293
0.033876068523 0.068898714072 0.997048333422 -0.493544495920
0.000000000000 0.000000000000 0.000000000000 1.000000000000
7 15 38
1.000000000000 0.000000000000 0.000000000000 0.000000000000
0.000000000000 1.000000000000 0.000000000000 0.000000000000
0.000000000000 0.000000000000 1.000000000000 0.000000000000
0.000000000000 0.000000000000 0.000000000000 1.000000000000
7 19 38
0.982986925252 -0.126134736616 0.133516789215 0.054902137574
0.088131741630 0.961672259025 0.259652194943 -0.809098935330
-0.161150553523 -0.243467645572 0.956427731017 0.165134267934
0.000000000000 0.000000000000 0.000000000000 1.000000000000
7 20 38
0.196806499031 -0.933227084991 0.300590102596 -0.808687082348
0.972971626812 0.223676864929 0.057400988785 0.059935041668
-0.120803209217 0.281168753483 0.952024535770 0.389047024293
0.000000000000 0.000000000000 0.000000000000 1.000000000000
7 21 38
0.840204214933 -0.471605451860 0.267666163317 -0.659120162149
0.538591893230 0.783152482322 -0.310790865341 0.786714175939
-0.063052753752 0.405290620677 0.912010889757 0.194063874038
0.000000000000 0.000000000000 0.000000000000 1.000000000000
7 33 38
-0.503156859173 0.675198720473 0.539388415651 -0.891939766342
-0.608519194572 -0.719994550474 0.333634885953 -1.337783550174
0.613626567958 -0.160357522927 0.773141578197 1.139150043411
0.000000000000 0.000000000000 0.000000000000 1.000000000000
8 10 38
0.971241626431 -0.140405592816 -0.192291374204 -0.664870667449
0.147555393634 0.988779130464 0.023307444465 0.112050719660
0.186861202224 -0.051010789683 0.981061053370 -0.241444957208
0.000000000000 0.000000000000 0.000000000000 1.000000000000
8 11 38
1.000000000000 0.000000000000 0.000000000000 0.000000000000
0.000000000000 1.000000000000 0.000000000000 0.000000000000
0.000000000000 0.000000000000 1.000000000000 0.000000000000
0.000000000000 0.000000000000 0.000000000000 1.000000000000
8 13 38
1.000000000000 0.000000000000 0.000000000000 0.000000000000
0.000000000000 1.000000000000 0.000000000000 0.000000000000
0.000000000000 0.000000000000 1.000000000000 0.000000000000
0.000000000000 0.000000000000 0.000000000000 1.000000000000
8 17 38
1.000000000000 0.000000000000 0.000000000000 0.000000000000
0.000000000000 1.000000000000 0.000000000000 0.000000000000
0.000000000000 0.000000000000 1.000000000000 0.000000000000
0.000000000000 0.000000000000 0.000000000000 1.000000000000
8 21 38
0.895494173936 0.194421613928 -0.400362861020 1.070854366902
-0.167865997935 0.980648074288 0.100749000650 0.027281275429
0.412202851983 -0.023012831910 0.910801415449 0.340704361047
0.000000000000 0.000000000000 0.000000000000 1.000000000000
8 22 38
1.000000000000 0.000000000000 0.000000000000 0.000000000000
0.000000000000 1.000000000000 0.000000000000 0.000000000000
0.000000000000 0.000000000000 1.000000000000 0.000000000000
0.000000000000 0.000000000000 0.000000000000 1.000000000000
8 30 38
0.984734207816 -0.088729322780 0.149751952363 -0.513948856801
0.065934632153 0.986354919350 0.150852899728 -0.735803104298
-0.161093650528 -0.138676170817 0.977147765390 0.092744872557
0.000000000000 0.000000000000 0.000000000000 1.000000000000
9 11 38
0.998618534651 -0.052023781847 0.007385687112 0.199610315042
0.043306946579 0.894473415777 0.445018894932 -1.043533487358
-0.029757866687 -0.444084265192 0.895490722888 0.658870403974
0.000000000000 0.000000000000 0.000000000000 1.000000000000
9 12 38
0.991489133273 -0.047784545988 -0.121102996517 0.528467465695
0.055908475634 0.996344102754 0.064596217071 0.007791024977
0.117573555500 -0.070817131207 0.990535912007 0.113924215105
0.000000000000 0.000000000000 0.000000000000 1.000000000000
9 13 38
1.000000000000 0.000000000000 0.000000000000 0.000000000000
0.000000000000 1.000000000000 0.000000000000 0.000000000000
0.000000000000 0.000000000000 1.000000000000 0.000000000000
0.000000000000 0.000000000000 0.000000000000 1.000000000000
9 16 38
0.984875639951 -0.163027176141 0.058669529320 -0.054881799578
0.093207459861 0.783963489389 0.613770003121 -1.404797763090
-0.146055959335 -0.599018686807 0.787301892287 0.973816810908
0.000000000000 0.000000000000 0.000000000000 1.000000000000
9 30 38
0.955147647869 -0.294016178086 -0.035319368527 0.338220385347
0.290913144398 0.953912033337 -0.073629987580 0.306712378040
0.055339978188 0.060052640894 0.996660005787 0.023942474869
0.000000000000 0.000000000000 0.000000000000 1.000000000000
10 13 38
0.983824939170 -0.013404251503 -0.178630386857 0.773099188253
0.020580159187 0.999051286728 0.038379467624 -0.051267263803
0.177946469802 -0.041434919198 0.983167433023 -0.014964649203
0.000000000000 0.000000000000 0.000000000000 1.000000000000
10 14 38
0.941219401967 -0.260446299499 0.215113371126 -0.203304667132
-0.020332338104 0.591979574767 0.805696455922 -1.891175589168
-0.337183382431 -0.762710894203 0.551887179120 1.759955665519
0.000000000000 0.000000000000 0.000000000000 1.000000000000
10 21 38
0.963041430184 -0.120618364331 0.240836903184 -0.507772648162
0.056908414208 0.965061123455 0.255770327420 -0.363778521930
-0.263272930894 -0.232611775674 0.936258044385 0.873689944865
0.000000000000 0.000000000000 0.000000000000 1.000000000000
11 16 38
1.000000000000 0.000000000000 0.000000000000 0.000000000000
0.000000000000 1.000000000000 0.000000000000 0.000000000000
0.000000000000 0.000000000000 1.000000000000 0.000000000000
0.000000000000 0.000000000000 0.000000000000 1.000000000000
11 18 38
0.097951975381 0.944409402728 0.313841186840 -1.004933401299
-0.728652092670 -0.146737785302 0.668979932593 -1.904531242925
0.677843299271 -0.294208943445 0.673772631702 1.688053802859
0.000000000000 0.000000000000 0.000000000000 1.000000000000
11 21 38
0.952684994780 0.000956711806 0.303957867842 -0.855654483192
0.072505882963 0.970413061747 -0.230307156915 0.478281519838
-0.295185022751 0.241448906175 0.924428595431 0.305599022058
0.000000000000 0.000000000000 0.000000000000 1.000000000000
11 30 38
1.000000000000 0.000000000000 0.000000000000 0.000000000000
0.000000000000 1.000000000000 0.000000000000 0.000000000000
0.000000000000 0.000000000000 1.000000000000 0.000000000000
0.000000000000 0.000000000000 0.000000000000 1.000000000000
11 32 38
0.215101648515 -0.843233173161 0.492634851069 -1.281484114802
0.291612971327 0.536888089534 0.791652104318 -1.086148738732
-0.932037099991 -0.026626959989 0.361383244274 1.596044586880
0.000000000000 0.000000000000 0.000000000000 1.000000000000
11 33 38
-0.204529530846 -0.327503143573 -0.922447484663 2.506249378472
-0.811928837099 -0.469609839706 0.346753748269 -0.899022852874
-0.546753358014 0.819883094960 -0.169860166312 3.668785127945
0.000000000000 0.000000000000 0.000000000000 1.000000000000
11 34 38
0.573211408305 0.774153677183 0.268541925018 0.155423199061
-0.765565490587 0.389131720076 0.512333859952 -1.577880391396
0.292126960432 -0.499262043955 0.815720080944 0.808836961129
0.000000000000 0.000000000000 0.000000000000 1.000000000000
11 37 38
0.353751853092 0.893244718011 0.277440985040 0.045128037296
-0.814855414414 0.148687959536 0.560270063710 -1.738467120434
0.459206141111 -0.424270862109 0.780463936086 0.900951679648
0.000000000000 0.000000000000 0.000000000000 1.000000000000
12 16 38
0.999838661141 0.015952631383 -0.008256224262 0.064282710365
-0.015565964605 0.998867949092 0.044950206031 -0.140916795785
0.008963951864 -0.044814437721 0.998955110973 0.021025165642
0.000000000000 0.000000000000 0.000000000000 1.000000000000
12 21 38
0.547693596012 -0.004011800400 0.836669367399 -2.107599717048
0.001342763949 0.999991431183 0.003915934939 0.039125625924
-0.836677908082 -0.001021283025 0.547694289827 1.065659502887
0.000000000000 0.000000000000 0.000000000000 1.000000000000
12 23 38
0.843748796364 0.338919801100 0.416198674983 -1.421154167735
-0.296768445258 0.940692567565 -0.164395812680 0.625966513907
-0.447231996322 0.015194135383 0.894288924071 0.338960207856
0.000000000000 0.000000000000 0.000000000000 1.000000000000
12 25 38
0.931916119880 0.138865894476 0.335035235249 -1.401079642298
-0.081823894600 0.980478385030 -0.178793139584 0.856043033685
-0.353323075640 0.139206321126 0.925086160517 0.779470744795
0.000000000000 0.000000000000 0.000000000000 1.000000000000
12 27 38
-0.460858559987 -0.275968048128 0.843475562242 -2.476726057817
0.073243700277 -0.959008242764 -0.273749065169 1.957362409110
0.884446011951 -0.064380328699 0.462180078779 1.618052604211
0.000000000000 0.000000000000 0.000000000000 1.000000000000
12 34 38
-0.084596760380 0.613506656794 0.785145190524 -1.662807587631
-0.094551006710 -0.789356890525 0.606610094303 -1.422182649697
0.991919097136 -0.022919019386 0.124784707745 3.192100534143
0.000000000000 0.000000000000 0.000000000000 1.000000000000
12 35 38
0.227219268317 -0.042960434856 0.972895577717 -1.768057016608
-0.833433157671 0.508194649964 0.217088390850 -1.157591076260
-0.503746539243 -0.860170098750 0.079666965651 1.966438718182
0.000000000000 0.000000000000 0.000000000000 1.000000000000
12 36 38
0.557301714573 0.639320821906 0.529795890520 -0.949140696348
-0.813504625080 0.292699115347 0.502531046652 -1.296892468965
0.166207773309 -0.711052821211 0.683212164367 1.138044729227
0.000000000000 0.000000000000 0.000000000000 1.000000000000
14 16 38
0.987123823765 -0.046761051159 -0.152970456787 0.255409381960
0.055241714221 0.997135405761 0.051665613207 -0.063815652241
0.150116320115 -0.059450707924 0.986879275171 0.174839166821
0.000000000000 0.000000000000 0.000000000000 1.000000000000
14 17 38
0.947100648319 -0.034047422844 -0.319125578653 0.271450892382
-0.003880845154 0.993069103321 -0.117467846963 0.312856293241
0.320913229696 0.112492350971 0.940404258805 0.649352461244
0.000000000000 0.000000000000 0.000000000000 1.000000000000
14 19 38
0.628073883866 -0.037272410322 0.777260550803 -2.062744046818
-0.012690187088 0.998228765469 0.058123067209 0.082656400816
-0.778050226886 -0.046369162370 0.626488423855 0.780426167165
0.000000000000 0.000000000000 0.000000000000 1.000000000000
14 20 38
0.974524207284 0.204601335702 0.091874168552 0.604030007265
-0.206310383581 0.978441402450 0.009404658351 -0.167835949811
-0.087969284667 -0.028119662180 0.995726212146 0.111892715751
0.000000000000 0.000000000000 0.000000000000 1.000000000000
14 21 38
0.993507821867 0.088590086670 -0.071372294571 -0.203027002255
-0.099640874335 0.980370288473 -0.170134633869 0.565593461966
0.054899035057 0.176141687354 0.982832743617 0.113549656411
0.000000000000 0.000000000000 0.000000000000 1.000000000000
14 24 38
0.956159817907 0.012578741453 0.292575080762 -1.095847672227
-0.072820960045 0.977907973180 0.195941582542 0.019686573202
-0.283646805724 -0.208657066150 0.935952305595 0.086477979636
0.000000000000 0.000000000000 0.000000000000 1.000000000000
14 29 38
0.128399026444 0.970381060172 -0.204632079760 0.299988266514
0.971669541187 -0.164380010693 -0.169816120594 0.110543826581
-0.198423770596 -0.177030534494 -0.963995952854 6.636020391423
0.000000000000 0.000000000000 0.000000000000 1.000000000000
14 30 38
1.000000000000 0.000000000000 0.000000000000 0.000000000000
0.000000000000 1.000000000000 0.000000000000 0.000000000000
0.000000000000 0.000000000000 1.000000000000 0.000000000000
0.000000000000 0.000000000000 0.000000000000 1.000000000000
14 33 38
0.974885939772 0.069088173937 -0.211717331970 0.324179706631
-0.026367784181 0.979784356754 0.198311255900 -0.305337303178
0.221138292459 -0.187748338159 0.956999695469 0.806161862786
0.000000000000 0.000000000000 0.000000000000 1.000000000000
14 34 38
0.992038168340 -0.025540554171 0.123320528092 -0.240737513649
0.024872800339 0.999666454301 0.006951542883 0.135805164553
-0.123456941318 -0.003828868996 0.992342543380 0.695566687691
0.000000000000 0.000000000000 0.000000000000 1.000000000000
14 35 38
-0.923603112557 0.035593680418 -0.381694092683 0.630295445393
0.059381366087 0.996945962156 -0.050720823157 0.419200522529
0.378723043709 -0.069511426790 -0.922895995066 5.112135564595
0.000000000000 0.000000000000 0.000000000000 1.000000000000
14 36 38
0.986305522946 -0.124214251356 0.108499931643 -0.133607063666
0.139388849962 0.979445906829 -0.145795967374 -0.129782636065
-0.088159877001 0.158923048537 0.983346988977 0.557025184007
0.000000000000 0.000000000000 0.000000000000 1.000000000000
14 37 38
-0.368921803683 0.867013515607 0.334939198246 -0.844985714312
-0.924144343226 -0.380653602199 -0.032558685735 0.324295616567
0.099266991747 -0.321543774451 0.941677049450 0.775722041981
0.000000000000 0.000000000000 0.000000000000 1.000000000000
15 17 38
0.922357254875 0.272690009941 -0.273673624701 0.875007321707
-0.275654214895 0.960838628031 0.028352860429 -0.125595983374
0.270687731878 0.049287821641 0.961404629929 0.392252810800
0.000000000000 0.000000000000 0.000000000000 1.000000000000
15 19 38
0.812394674412 -0.086336134522 0.576680990551 -1.239931955262
-0.014042108426 0.985794638162 0.167367113146 -0.373942928756
-0.582938858010 -0.144065968388 0.799641972745 0.631321972835
0.000000000000 0.000000000000 0.000000000000 1.000000000000
15 20 38
0.990070169369 -0.044747008210 0.133262016274 -1.067775140238
0.035851895411 0.997012393281 0.068417316805 -0.207872048091
-0.135925352016 -0.062960248568 0.988716494138 0.581912773326
0.000000000000 0.000000000000 0.000000000000 1.000000000000
15 21 38
0.900663325237 0.185675656498 -0.392848730629 1.076888496658
-0.199473736102 0.979885951173 0.005809586857 0.187650140692
0.386025650933 0.073130522205 0.919584756041 -0.265637893368
0.000000000000 0.000000000000 0.000000000000 1.000000000000
15 23 38
0.971485679578 -0.033715913983 0.234688754566 -0.780491024407
0.018657026740 0.997639030074 0.066092972589 0.329592874542
-0.236363046454 -0.059829782022 0.969821069814 -0.193361289680
0.000000000000 0.000000000000 0.000000000000 1.000000000000
15 33 38
0.999443745488 -0.011743533328 -0.031213603271 -0.093390929088
0.023087206317 0.919049441818 0.393465505984 -0.623536868938
0.024066169381 -0.393967273920 0.918809341796 1.028564007885
0.000000000000 0.000000000000 0.000000000000 1.000000000000
15 35 38
0.942795658780 -0.275946024073 0.187056509065 -0.636578823289
0.316360298634 0.917521090319 -0.240979688495 0.869599282126
-0.105130905226 0.286371857236 0.952333267375 0.863630827863
0.000000000000 0.000000000000 0.000000000000 1.000000000000
15 37 38
0.924186444199 0.131160462962 0.358714857951 -0.700446273394
-0.143781619138 0.989571990831 0.008609353118 0.080862829465
-0.353844969383 -0.059533250530 0.933407483216 0.816683621903
0.000000000000 0.000000000000 0.000000000000 1.000000000000
16 20 38
0.928367573713 -0.026622420087 0.370708638727 -1.794468174493
0.049997989148 0.997310624903 -0.053588417933 0.096461391304
-0.368285010771 0.068284436032 0.927201912550 0.798003195132
0.000000000000 0.000000000000 0.000000000000 1.000000000000
16 21 38
0.998911377948 0.043213919606 0.017567474424 -0.174202576795
-0.041734502169 0.996134666601 -0.077291379372 0.180738730477
-0.020839633733 0.076474068472 0.996853763858 -0.234412111197
0.000000000000 0.000000000000 0.000000000000 1.000000000000
16 27 38
0.995994991591 0.036098713134 -0.081797675007 0.055081259144
-0.024024204574 0.989277495212 0.144058582050 0.004937209966
0.086120928473 -0.141516502139 0.986182673393 0.072171658068
0.000000000000 0.000000000000 0.000000000000 1.000000000000
16 28 38
-0.877995630134 0.084902411402 -0.471078819311 1.240020129681
0.112401332209 0.993194993868 -0.030490074995 0.363293475127
0.465284444166 -0.079720039474 -0.881564008636 5.607634411121
0.000000000000 0.000000000000 0.000000000000 1.000000000000
16 30 38
0.207084039967 0.976693437594 -0.056445808992 -0.020963712117
-0.180136166176 0.094776355809 0.979065066283 -1.992290308548
0.961596153292 -0.192580817688 0.195564482032 1.473210612808
0.000000000000 0.000000000000 0.000000000000 1.000000000000
16 33 38
0.993364797834 0.039173583710 0.108128667632 -0.359119792171
-0.050993139107 0.992754225691 0.108806006897 -0.144457125563
-0.103082870491 -0.113597877234 0.988164684706 0.910530057106
0.000000000000 0.000000000000 0.000000000000 1.000000000000
16 37 38
0.906896446376 -0.065622663913 0.416212087200 -0.811013218489
0.008904908837 0.990562086124 0.136775202916 -0.418411474057
-0.421259466539 -0.120334614783 0.898921599660 0.823367676337
0.000000000000 0.000000000000 0.000000000000 1.000000000000
17 20 38
0.840355752654 -0.291900333101 0.456723553714 -1.742472739212
0.238133058601 0.955757515227 0.172685316367 -0.397888979942
-0.486923870212 -0.036356122227 0.872687445191 0.449570006017
0.000000000000 0.000000000000 0.000000000000 1.000000000000
17 28 38
0.903976873435 -0.012088276976 0.427410441911 -1.433481148048
0.034843045437 0.998358456116 -0.045457180805 0.453403385466
-0.426159329922 0.055984521627 0.902914148111 0.393725618819
0.000000000000 0.000000000000 0.000000000000 1.000000000000
17 30 38
0.788374572155 -0.059068637514 0.612353190603 -2.311917642282
0.126096208973 0.989761761204 -0.066868543727 0.258760389272
-0.602133938640 0.129932875439 0.787751336285 0.069423289586
0.000000000000 0.000000000000 0.000000000000 1.000000000000
17 32 38
0.937511476582 0.261305823546 -0.229764004703 -0.044148338480
-0.257413539554 0.965142681516 0.047306172642 -0.097383319532
0.234116426016 0.014794285948 0.972095997406 1.238647433999
0.000000000000 0.000000000000 0.000000000000 1.000000000000
17 33 38
0.980523155885 -0.033021473801 0.193607652332 -0.697142921263
0.018941131534 0.997068569036 0.074131654351 -0.030878608051
-0.195488041347 -0.069020655666 0.978274284024 0.615336309053
0.000000000000 0.000000000000 0.000000000000 1.000000000000
17 34 38
0.899728554689 -0.245674150574 0.360739157310 -1.135781121849
0.293338635130 0.952397748681 -0.083011887391 0.362982865430
-0.323173286360 0.180506897507 0.928965169926 0.477204383056
0.000000000000 0.000000000000 0.000000000000 1.000000000000
17 35 38
0.791076131341 -0.573360068877 0.213205970461 -0.633192598660
0.573386803128 0.573573669143 -0.585013521266 1.976195773138
0.213134062087 0.585039722996 0.782497536159 1.077001095704
0.000000000000 0.000000000000 0.000000000000 1.000000000000
17 36 38
1.000000000000 0.000000000000 0.000000000000 0.000000000000
0.000000000000 1.000000000000 0.000000000000 0.000000000000
0.000000000000 0.000000000000 1.000000000000 0.000000000000
0.000000000000 0.000000000000 0.000000000000 1.000000000000
17 37 38
0.857228854667 0.457435539190 0.236455954063 -1.012536791869
-0.491302945633 0.864073211231 0.109539496280 0.057571623502
-0.154207996999 -0.210071923681 0.965447917053 0.265174956838
0.000000000000 0.000000000000 0.000000000000 1.000000000000
18 20 38
0.341922076495 -0.538961059022 0.769811840948 -2.142442982820
0.896223693088 -0.059341029690 -0.439615438927 1.359932987784
0.282617029836 0.840237834814 0.462739662654 1.137929525825
0.000000000000 0.000000000000 0.000000000000 1.000000000000
18 21 38
0.880337763587 -0.279481481802 0.383269517876 -2.137318305145
0.212615314384 0.954771031445 0.207862949088 -0.595925538466
-0.424028477927 -0.101500634696 0.899943037677 0.155438929790
0.000000000000 0.000000000000 0.000000000000 1.000000000000
18 27 38
0.707007167309 0.377676722692 -0.597914005949 1.077214183807
-0.474517975482 0.880231082371 -0.005092403341 0.314555517956
0.524379210417 0.287321309276 0.801544077963 0.456572278806
0.000000000000 0.000000000000 0.000000000000 1.000000000000
18 30 38
0.928017732020 0.062087129150 -0.367325846423 0.192805070270
-0.048409943792 0.997751964948 0.046341059385 -0.221687331872
0.369377268384 -0.025223101251 0.928937150062 -0.053854983770
0.000000000000 0.000000000000 0.000000000000 1.000000000000
18 32 38
0.577838803926 0.813579675655 -0.064733515573 -0.158035191770
-0.801331966776 0.580605372648 0.144098855908 -0.117633270540
0.154820527384 -0.031392875194 0.987443715706 0.679049287890
0.000000000000 0.000000000000 0.000000000000 1.000000000000
18 33 38
0.973468929680 0.097577368500 0.206970771137 -0.853224111473
-0.103206299487 0.994522284560 0.016549479122 0.558817110840
-0.204222189525 -0.037471091119 0.978207143010 0.274376894222
0.000000000000 0.000000000000 0.000000000000 1.000000000000
18 35 38
0.941662592057 -0.126983681497 0.311683665525 -0.844565046008
-0.000458558779 0.925605917261 0.378488408878 -0.842318856918
-0.336558096687 -0.356551301448 0.871550237789 -0.001209851247
0.000000000000 0.000000000000 0.000000000000 1.000000000000
18 36 38
0.892627870712 0.020566553517 -0.450324884171 0.757227244156
0.042055073916 0.990802940904 0.128611442154 -0.128556226595
0.448828313707 -0.133740604050 0.883553391507 0.778381735814
0.000000000000 0.000000000000 0.000000000000 1.000000000000
18 37 38
0.990815320039 -0.130762861049 0.034439450426 -0.316733685179
0.134072120179 0.983137780283 -0.124357434726 0.517880417882
-0.017597390888 0.127832621624 0.991639628435 0.165123614655
0.000000000000 0.000000000000 0.000000000000 1.000000000000
19 31 38
0.991734128980 -0.079036143703 -0.101077719629 -0.449213077866
0.087465788560 0.992796986950 0.081877216211 -0.249623719020
0.093878396069 -0.090041272156 0.991503613740 0.070633689105
0.000000000000 0.000000000000 0.000000000000 1.000000000000
19 32 38
0.439400779162 0.791298440482 0.425174944420 -0.368619761338
-0.897314853690 0.364583423363 0.248807115567 -0.619608722973
0.041868945765 -0.490841833486 0.870242084641 0.434759849722
0.000000000000 0.000000000000 0.000000000000 1.000000000000
19 34 38
-0.459277657341 0.880993479627 0.113642079888 -0.592970738756
-0.870144599003 -0.471925604102 0.141896444699 -1.055560183854
0.178640449765 -0.033715175327 0.983336603946 0.350707243397
0.000000000000 0.000000000000 0.000000000000 1.000000000000
19 35 38
-0.939841277912 0.303820199612 0.156178291193 -0.835170753034
-0.259166725135 -0.931988419019 0.253436768047 -0.812592356174
0.222555568151 0.197714119685 0.954661272893 0.382605089851
0.000000000000 0.000000000000 0.000000000000 1.000000000000
19 36 38
-0.908054719051 0.285933222714 0.306069958275 -1.817951534996
-0.305270641414 -0.952127874002 -0.016197130561 -0.065564177951
0.286786440928 -0.108142053321 0.951871227427 0.264870548804
0.000000000000 0.000000000000 0.000000000000 1.000000000000
19 37 38
-0.428465896672 -0.464226130893 0.775184542406 -2.847046134980
-0.665312659218 0.742586695602 0.076967947874 -0.134806695578
-0.611372260472 -0.482761948492 -0.627028596010 4.175032977795
0.000000000000 0.000000000000 0.000000000000 1.000000000000
20 23 38
0.578167956722 0.206181877751 -0.789437044423 1.859713412759
-0.813946818395 0.212960500391 -0.540498290559 1.748459390915
0.056677955538 0.955058562896 0.290948020779 1.626837050427
0.000000000000 0.000000000000 0.000000000000 1.000000000000
20 30 38
0.994854216841 0.091976844845 -0.042489378045 -1.301256524746
-0.093159706521 0.995291810311 -0.026748484252 0.185616901836
0.039829088808 0.030569140341 0.998738790347 -0.533693716300
0.000000000000 0.000000000000 0.000000000000 1.000000000000
20 36 38
1.000000000000 0.000000000000 0.000000000000 0.000000000000
0.000000000000 1.000000000000 0.000000000000 0.000000000000
0.000000000000 0.000000000000 1.000000000000 0.000000000000
0.000000000000 0.000000000000 0.000000000000 1.000000000000
21 24 38
0.886686947818 0.147912009900 -0.438073388710 -0.218169142421
-0.080077355490 0.982259333664 0.169570689000 0.038057275194
0.455383216321 -0.115276358190 0.882800933130 0.163598208056
0.000000000000 0.000000000000 0.000000000000 1.000000000000
21 25 38
0.906134273370 0.180890431758 -0.382360210171 0.267185333221
-0.119065990525 0.976472547210 0.179790584972 -0.085009438336
0.405886644919 -0.117388313911 0.906353140466 0.519573585859
0.000000000000 0.000000000000 0.000000000000 1.000000000000
21 26 38
0.991978734498 -0.011695658759 0.125862630951 -0.932091585652
-0.011917242013 0.982622140038 0.185234201081 -0.030130768732
-0.125841843783 -0.185248323808 0.974600886969 0.204664423235
0.000000000000 0.000000000000 0.000000000000 1.000000000000
21 27 38
0.998956384900 0.031479242312 -0.033093781466 -0.544359053717
-0.028560909315 0.995951569515 0.085233477222 0.104529094695
0.035642888875 -0.084199337787 0.995811255203 0.357697251389
0.000000000000 0.000000000000 0.000000000000 1.000000000000
21 28 38
-0.979700634668 -0.192431720915 0.056184510464 -0.672878273248
0.160327445547 -0.920381559582 -0.356641129128 2.351969328120
0.120340253592 -0.340393621514 0.932550484316 0.794062086528
0.000000000000 0.000000000000 0.000000000000 1.000000000000
21 30 38
0.968828452276 0.025962185310 0.246368413141 -1.072586405054
-0.021474909091 0.999551253406 -0.020883488531 -0.003842115228
-0.246800037154 0.014941778597 0.968951229378 0.134598063734
0.000000000000 0.000000000000 0.000000000000 1.000000000000
22 24 38
0.982169577528 -0.027984430209 0.185902642917 -0.721392086861
0.013655761359 0.996866534105 0.077914269315 0.145924563140
-0.187500509758 -0.073986382849 0.979474131355 -0.022011919133
0.000000000000 0.000000000000 0.000000000000 1.000000000000
22 25 38
0.989248013679 0.031254646841 0.142868871635 -0.381772963309
-0.055675326248 0.983821623411 0.170279979319 -0.073671396110
-0.135235444609 -0.176403402350 0.974983699433 0.317844407799
0.000000000000 0.000000000000 0.000000000000 1.000000000000
22 26 38
0.903918269495 0.098719672941 -0.416156446842 1.298462855412
-0.006202681810 0.975921628261 0.218033259458 -0.293547673191
0.427660249278 -0.194502960558 0.882765716100 0.640801031251
0.000000000000 0.000000000000 0.000000000000 1.000000000000
22 27 38
0.345395020980 -0.224781362048 0.911139736132 -2.068028704571
0.228215649008 0.961863846984 0.150783146980 -0.170940480137
-0.910285612888 0.155856598004 0.383521608033 1.581879637403
0.000000000000 0.000000000000 0.000000000000 1.000000000000
22 33 38
-0.176528957519 0.929615242162 0.323501203549 -0.775240816634
0.153754036723 -0.298584917325 0.941916526736 -1.139814227317
0.972212540214 0.216015158465 -0.090223211895 2.137162006485
0.000000000000 0.000000000000 0.000000000000 1.000000000000
23 25 38
0.997561597545 -0.007915776801 0.069341182437 -0.176245615695
0.007048607593 0.999893978815 0.012741595671 -0.047073872806
-0.069434690430 -0.012221767748 0.997511630087 0.184814888111
0.000000000000 0.000000000000 0.000000000000 1.000000000000
23 26 38
0.997328661652 -0.033401956784 0.064960372005 -0.069411449094
0.032150351922 0.999278526594 0.020218337221 -0.068386841032
-0.065588836850 -0.018075828381 0.997683000210 0.066070162837
0.000000000000 0.000000000000 0.000000000000 1.000000000000
23 27 38
0.401741613703 0.206480478964 -0.892171221025 2.387251141389
-0.100546235505 0.978304182733 0.181139119388 -0.500899032647
0.910216529374 0.016933335573 0.413786335929 1.450296723522
0.000000000000 0.000000000000 0.000000000000 1.000000000000
23 28 38
0.994824938170 -0.092591512196 -0.041834845102 0.024423515314
0.090050907477 0.994187740937 -0.059004828895 0.060627660184
0.047055036479 0.054932209491 0.997380707605 -0.074646332902
0.000000000000 0.000000000000 0.000000000000 1.000000000000
24 26 38
0.996837910392 -0.058738821557 0.053515710279 -0.190876030739
0.056620041561 0.997582759881 0.040284092173 -0.146102459442
-0.055752590059 -0.037126648523 0.997754108321 0.071594975036
0.000000000000 0.000000000000 0.000000000000 1.000000000000
24 28 38
0.905709515504 0.023454662340 -0.423249515463 1.556819134811
-0.057622192442 0.996012354871 -0.068110732502 0.137565023385
0.419964232361 0.086077103566 0.903449376434 -0.055465485449
0.000000000000 0.000000000000 0.000000000000 1.000000000000
25 27 38
1.000000000000 0.000000000000 0.000000000000 0.000000000000
0.000000000000 1.000000000000 0.000000000000 0.000000000000
0.000000000000 0.000000000000 1.000000000000 0.000000000000
0.000000000000 0.000000000000 0.000000000000 1.000000000000
25 28 38
0.982904493621 0.064915741637 -0.172292492311 0.930460648974
-0.073350163992 0.996377047580 -0.043041055954 0.102229704830
0.168874242741 0.054942929873 0.984105057703 -0.236273995556
0.000000000000 0.000000000000 0.000000000000 1.000000000000
25 37 38
0.879023870260 -0.386263786174 -0.279494763820 1.715334867629
-0.302522806117 0.001225202115 -0.953141359222 2.575775989247
0.368506427748 0.922387546734 -0.115776622590 2.503524935249
0.000000000000 0.000000000000 0.000000000000 1.000000000000
26 28 38
0.996090890583 -0.064716424565 0.060122558904 -0.164384465068
0.067997711334 0.996210268563 -0.054234786470 -0.017041573885
-0.056384829085 0.058110973160 0.996716542377 -0.055123849547
0.000000000000 0.000000000000 0.000000000000 1.000000000000
27 32 38
0.873616087692 0.448628921986 -0.188486131277 0.449635327673
-0.206759105186 -0.008422077088 -0.978355631169 2.054125072985
-0.440506076858 0.893678442716 0.085400452435 2.189212514689
0.000000000000 0.000000000000 0.000000000000 1.000000000000
28 35 38
0.241953123542 -0.963835955339 0.111709163470 -0.320804205590
0.445753872922 0.008153473315 -0.895118431074 3.488628332507
0.861836510473 0.266371492596 0.431606368290 2.579458450218
0.000000000000 0.000000000000 0.000000000000 1.000000000000
30 32 38
0.696131945292 0.007846634502 0.717870980798 -0.403105868748
-0.119408841361 0.987277175163 0.105001466687 -0.126442525775
-0.707913725922 -0.158815017327 0.688212138023 0.980550854424
0.000000000000 0.000000000000 0.000000000000 1.000000000000
31 34 38
0.688272638489 -0.330483525107 0.645802922523 -0.865957413457
0.398340577156 0.916167017672 0.044303276638 0.336755530448
-0.606304840569 0.226756775782 0.762217688682 0.022970021248
0.000000000000 0.000000000000 0.000000000000 1.000000000000
31 35 38
0.639456246777 -0.116660378279 0.759925038802 -1.069354829845
0.234108732773 0.971028320301 -0.047928096287 0.021895205661
-0.732317424139 0.208553008403 0.648241338537 0.017612099197
0.000000000000 0.000000000000 0.000000000000 1.000000000000
31 37 38
-0.670611288210 0.023431472220 0.741438781178 -1.829066622616
0.199535263885 0.968361628998 0.149871391368 -0.353340762880
-0.714469158601 0.248448629688 -0.654069644468 4.331316195506
0.000000000000 0.000000000000 0.000000000000 1.000000000000
32 34 38
0.900041238774 -0.163778081563 0.403859515805 -0.728785806557
0.206718619053 0.976252803336 -0.064791021866 0.229930791732
-0.383657635195 0.141799872980 0.912523761323 -0.475822844982
0.000000000000 0.000000000000 0.000000000000 1.000000000000
32 35 38
0.678213793240 -0.530768556099 0.508242846005 -1.350432703692
0.701886713354 0.672729742643 -0.234072072192 0.989872737834
-0.217671983213 0.515479808741 0.828793987975 -0.103435892403
0.000000000000 0.000000000000 0.000000000000 1.000000000000
32 36 38
0.959803062264 0.059367068773 0.274323955961 -0.639689036875
0.000455782906 0.977043609288 -0.213038911497 -0.086844025539
-0.280673963756 0.204600431806 0.937742389665 -0.588973537074
0.000000000000 0.000000000000 0.000000000000 1.000000000000
32 37 38
0.907713832974 0.008292134506 0.419507852051 -0.821893036204
-0.011121160124 0.999928918501 0.004298574594 0.032029204548
-0.419442388445 -0.008567289617 0.907741529470 -0.572874204747
0.000000000000 0.000000000000 0.000000000000 1.000000000000
33 35 38
0.972163519059 -0.098656343428 0.212520629851 -0.271556158515
0.164165242738 0.933975722109 -0.317394271511 0.536369474874
-0.167176150476 0.343447632707 0.924173067288 -0.136841350219
0.000000000000 0.000000000000 0.000000000000 1.000000000000
33 36 38
0.996003504315 -0.008789724928 0.088880594774 -0.208383016366
0.031314474093 0.966342080568 -0.255347580830 0.056158900145
-0.083644623880 0.257110334408 0.962755344227 -0.268856260372
0.000000000000 0.000000000000 0.000000000000 1.000000000000
33 37 38
0.980988395061 0.070719231438 0.180722325848 -0.326419145032
-0.056526900590 0.994985388940 -0.082515364057 0.133090217400
-0.185651496802 0.070730941606 0.980066658771 -0.248218791825
0.000000000000 0.000000000000 0.000000000000 1.000000000000
34 36 38
0.994651190440 0.000577168013 -0.103289284210 0.034066642117
-0.015220631045 0.989886933304 -0.141039681173 -0.087442987423
0.102163309198 0.141857414864 0.984601001473 -0.081204135548
0.000000000000 0.000000000000 0.000000000000 1.000000000000
34 37 38
0.996902409203 0.069390841090 -0.037020233622 0.016827492997
-0.067199264970 0.996082524379 0.057479243335 -0.096015180959
0.040863740799 -0.054813463671 0.997660081836 -0.042668402473
0.000000000000 0.000000000000 0.000000000000 1.000000000000
35 37 38
0.988650513081 0.139134985016 -0.056671147230 0.002739412656
-0.121553636192 0.962502257842 0.242516220443 -0.345153116620
0.088288597861 -0.232875201759 0.968490714407 0.067886146877
0.000000000000 0.000000000000 0.000000000000 1.000000000000
