0 2 55
0.964958935393 -0.055205594868 0.256527962023 -0.855889259338
0.032308867272 0.995176139692 0.092631463783 0.225352451493
-0.260404282031 -0.081097430799 0.962087738524 -0.393392848645
0.000000000000 0.000000000000 0.000000000000 1.000000000000
0 3 55
0.999390851343 0.033691504789 -0.009099931668 -0.597712147334
-0.032835819410 0.996106493276 0.081814809274 -0.317621503993
0.011820965062 -0.081466168180 0.996606004511 -0.179962796952
0.000000000000 0.000000000000 0.000000000000 1.000000000000
0 4 55
-0.925670418161 -0.251003477764 -0.283075133297 0.715768783970
-0.342620118361 0.873496830099 0.345853642892 -0.517977092143
0.160454764451 0.417133721913 -0.894569017241 4.194384048974
0.000000000000 0.000000000000 0.000000000000 1.000000000000
0 5 55
0.729385931228 0.531168075874 -0.431110935257 0.732959799188
-0.219773802595 -0.414841791548 -0.882952866057 1.830226825419
-0.647839207689 0.738760288022 -0.185842938589 2.660065503972
0.000000000000 0.000000000000 0.000000000000 1.000000000000
0 9 55
0.795558334766 -0.290463141194 0.531712421891 0.165582279083
0.110695461968 0.932502439477 0.343781493203 -0.042750651955
-0.595678982913 -0.214640080081 0.774013039514 -0.768841176935
0.000000000000 0.000000000000 0.000000000000 1.000000000000
0 10 55
0.965559662400 -0.064769279246 0.251991029231 -0.023389432693
-0.038367899647 0.922484982223 0.384121545671 -0.686886287262
-0.257337215776 -0.380560636480 0.888229226798 -0.395484428449
0.000000000000 0.000000000000 0.000000000000 1.000000000000
0 12 55
0.728205499340 -0.172682598291 -0.663247669410 2.008928313553
0.253052520099 0.967101967665 0.026042392557 0.039765629937
0.636931058123 -0.186800707670 0.747946737951 0.819312769766
0.000000000000 0.000000000000 0.000000000000 1.000000000000
0 28 55
0.798072487811 0.572572813812 -0.187725003883 0.948761222043
-0.521306188312 0.499845958610 -0.691660231392 1.718964189398
-0.302192260369 0.649857207812 0.697399058809 0.686270829402
0.000000000000 0.000000000000 0.000000000000 1.000000000000
0 31 55
0.981540097883 0.173719097924 0.080004445274 -0.006067552863
-0.051003468095 0.640912594357 -0.765917549503 1.443996940332
-0.184330362365 0.747698282338 0.637941687068 0.771622871479
0.000000000000 0.000000000000 0.000000000000 1.000000000000
0 36 55
1.000000000000 0.000000000000 0.000000000000 0.000000000000
0.000000000000 1.000000000000 0.000000000000 0.000000000000
0.000000000000 0.000000000000 1.000000000000 0.000000000000
0.000000000000 0.000000000000 0.000000000000 1.000000000000
0 37 55
0.627842569520 0.776004448791 0.060256147871 0.288010015931
-0.689348345700 0.518442662975 0.505980299505 -0.712956808726
0.361403605654 -0.359213447221 0.860437756701 0.081993507781
0.000000000000 0.000000000000 0.000000000000 1.000000000000
0 38 55
0.796962938809 0.602267296560 0.046088801888 0.484717166025
-0.221267695965 0.220093942366 0.950052242383 -1.438154169912
0.562041529504 -0.767354390115 0.308669012187 1.624841708484
0.000000000000 0.000000000000 0.000000000000 1.000000000000
0 39 55
-0.484834220476 0.774005640002 0.407248140450 -0.661920988714
-0.243802045454 -0.566784238283 0.786966447738 -1.347712198633
0.839938296119 0.282260334581 0.463500552572 1.621452940725
0.000000000000 0.000000000000 0.000000000000 1.000000000000
0 40 55
0.819912689706 0.065029946627 -0.568783163693 1.550262516483
0.505145744302 0.385334263381 0.772233955792 -0.817438265952
0.269389974334 -0.920482814346 0.283090851534 1.487097851621
0.000000000000 0.000000000000 0.000000000000 1.000000000000
0 41 55
0.835583809997 0.525556254099 0.159969747915 0.616449271510
-0.443773131634 0.474084350139 0.760466591372 -1.158261192326
0.323828819147 -0.706423847793 0.629364952281 0.987385159911
0.000000000000 0.000000000000 0.000000000000 1.000000000000
0 44 55
0.953639927424 -0.181715633730 0.239896472005 0.165297084855
0.193685183802 0.980689588371 -0.027092080708 0.639677937442
-0.230340917768 0.072300482154 0.970420373798 -0.834764675458
0.000000000000 0.000000000000 0.000000000000 1.000000000000
0 45 55
0.991896036295 0.126381630213 -0.013035978207 0.334591317582
-0.120776713766 0.969774960702 0.212012997259 -0.215812045987
0.039436513474 -0.208720409015 0.977179897596 -0.566334432234
0.000000000000 0.000000000000 0.000000000000 1.000000000000
0 54 55
-0.900580797395 0.046145099193 -0.432232411076 1.222693665260
0.390017735194 -0.353280944790 -0.850340367313 1.820091778078
-0.191938515151 -0.934378512097 0.300160627886 1.646494525287
0.000000000000 0.000000000000 0.000000000000 1.000000000000
1 3 55
0.991029310614 -0.118588045557 -0.061626138573 -0.185154206199
0.105217676338 0.976645024026 -0.187333226179 0.119690908273
0.082402342748 0.179168558893 0.980361403470 -0.019587236992
0.000000000000 0.000000000000 0.000000000000 1.000000000000
1 5 55
0.989004420656 -0.016850588519 -0.146922815077 0.324865183440
0.024301814589 0.998499722653 0.049068581294 -0.227130238431
0.145875555633 -0.052099534826 0.987930139605 0.857842094902
0.000000000000 0.000000000000 0.000000000000 1.000000000000
1 7 55
0.954345082845 -0.272840789898 -0.121586866960 0.798764699231
0.223560950720 0.922369380557 -0.315047975907 0.987213358281
0.198105941764 0.273482411094 0.941255229287 0.975508287174
0.000000000000 0.000000000000 0.000000000000 1.000000000000
1 10 55
0.954326519726 -0.108432074783 0.278394286771 0.038260992815
0.054955629409 0.979625218382 0.193169123582 -0.185849362493
-0.293667792828 -0.169047084173 0.940841278212 -0.267878895418
0.000000000000 0.000000000000 0.000000000000 1.000000000000
1 27 55
-0.860894299918 0.470943961007 -0.192542956140 0.897702083234
-0.438318055514 -0.494348376997 0.750664348674 -2.052684455740
0.258337543881 0.730637713064 0.632004941176 1.025806337023
0.000000000000 0.000000000000 0.000000000000 1.000000000000
1 28 55
0.889706590167 0.165080144201 0.425641550373 -0.075970978712
-0.282257329727 0.931692368734 0.228648485361 -0.170232555070
-0.358821659364 -0.323570511686 0.875527921164 0.915077209154
0.000000000000 0.000000000000 0.000000000000 1.000000000000
1 32 55
0.911480943927 0.403997572582 -0.077385077406 0.451533657480
-0.396728450146 0.813701668060 -0.424848363821 0.534289503562
-0.108669341131 0.417942049505 0.901950895312 0.881447693459
0.000000000000 0.000000000000 0.000000000000 1.000000000000
1 39 55
0.898203731767 0.409869038433 -0.158862920699 0.580442677258
-0.120374191338 0.576922676049 0.807880114819 -1.332016680790
0.422776667165 -0.706517938339 0.567531754624 1.613888507488
0.000000000000 0.000000000000 0.000000000000 1.000000000000
1 41 55
0.839349146115 0.413837896568 0.352464475204 0.035090024338
0.375177671527 -0.910228817486 0.175286093588 -0.321144252045
0.393363350739 -0.014889431876 -0.919262519150 4.076242266936
0.000000000000 0.000000000000 0.000000000000 1.000000000000
1 44 55
0.990437893734 -0.031786326191 0.134247562821 0.423776450212
-0.043416862652 0.851834439224 0.522008682102 -1.078678878583
-0.130949435637 -0.522845787608 0.842309045237 -0.117945516388
0.000000000000 0.000000000000 0.000000000000 1.000000000000
1 45 55
0.980510153389 -0.090611222200 -0.174325688046 0.853099957910
0.098607598122 0.994410062730 0.037751407045 0.286142859866
0.169930517253 -0.054205475301 0.983964118123 -0.338767004312
0.000000000000 0.000000000000 0.000000000000 1.000000000000
1 48 55
0.829898846360 -0.167649895430 -0.532129135993 1.447554979169
0.325024224355 0.920497706728 0.216894503135 -0.462634409239
0.453461308595 -0.352955357617 0.818410262116 -0.091637699290
0.000000000000 0.000000000000 0.000000000000 1.000000000000
1 51 55
0.923968607191 0.132047866662 0.358950377958 -1.093743544637
-0.234521211644 0.936975976817 0.258990000109 -0.461861993820
-0.302128804015 -0.323480107236 0.896704413955 0.002231680189
0.000000000000 0.000000000000 0.000000000000 1.000000000000
2 7 55
0.307554900270 0.922525878609 0.233143703790 0.651082245111
-0.541531588737 -0.031769993420 0.840079880677 -2.152142116009
0.782402403959 -0.384625364238 0.489805887536 1.637751771368
0.000000000000 0.000000000000 0.000000000000 1.000000000000
2 11 55
0.957251000045 0.288656288903 -0.018656628578 -0.329774614057
-0.286433621851 0.954920722574 0.077988421395 -0.238825035350
0.040327449540 -0.069310608678 0.996779682948 0.337365767766
0.000000000000 0.000000000000 0.000000000000 1.000000000000
2 19 55
0.627754578109 -0.311809935246 0.713231206514 -1.726449288946
0.694022036410 -0.190729166995 -0.694230363665 1.272149037672
0.352501918634 0.930804463429 0.096671858473 2.412965992992
0.000000000000 0.000000000000 0.000000000000 1.000000000000
2 31 55
0.998943964383 -0.045253241703 0.007943559578 0.165638247525
0.045255918323 0.998975413647 -0.000157437242 0.197759374753
-0.007928296170 0.000516764067 0.999968437039 0.608209392151
0.000000000000 0.000000000000 0.000000000000 1.000000000000
2 32 55
-0.149508067617 0.985121009017 0.084758098795 0.388916098046
0.459774658107 0.145155678171 -0.876091943153 1.359815631704
-0.875359698341 -0.092013187580 -0.474635620062 3.391977613903
0.000000000000 0.000000000000 0.000000000000 1.000000000000
2 35 55
0.932046389931 -0.050088355852 0.358860256401 -1.207105578953
0.075707862675 0.995459842253 -0.057689011005 -0.200337809341
-0.354341426516 0.080937377457 0.931606834660 0.261007094807
0.000000000000 0.000000000000 0.000000000000 1.000000000000
2 38 55
0.758032073100 -0.046508302460 -0.650556956733 1.468533023036
-0.649320909613 -0.147711625681 -0.746031924236 0.932782058471
-0.061398147300 0.987936361028 -0.142168963094 2.856066826078
0.000000000000 0.000000000000 0.000000000000 1.000000000000
2 41 55
-0.222244262611 -0.736316321486 0.639097615744 -0.751488298496
-0.674262768220 -0.357403964427 -0.646244632941 0.299573302076
0.704256492430 -0.574543889468 -0.417039700683 3.644148825536
0.000000000000 0.000000000000 0.000000000000 1.000000000000
2 45 55
0.996864238167 0.071529421647 0.033841283995 0.795605347890
-0.071813476155 0.997391711355 0.007252500501 -0.220362542505
-0.033234248991 -0.009660018628 0.999400904910 -0.271801456948
0.000000000000 0.000000000000 0.000000000000 1.000000000000
2 46 55
0.815744355379 0.119999658145 -0.565827914398 0.882159930500
-0.235066961373 0.962593769499 -0.134747017007 0.223784882607
0.528492829031 0.242926567025 0.813438388998 0.443886930190
0.000000000000 0.000000000000 0.000000000000 1.000000000000
2 54 55
0.941199189589 0.152963253409 -0.301241312943 0.626790819278
-0.176409898681 0.982938994799 -0.052062271851 0.187627663981
0.288138218854 0.102142917569 0.952125617356 0.064759448196
0.000000000000 0.000000000000 0.000000000000 1.000000000000
3 7 55
0.887106820208 0.119309963005 0.445877362363 0.104550393957
0.350548941254 -0.802576606047 -0.482686472994 1.573836086632
0.300261434963 0.584496299521 -0.753795162177 3.773659842997
0.000000000000 0.000000000000 0.000000000000 1.000000000000
3 8 55
0.860043401962 0.497387315613 0.113715456333 0.411239085201
-0.497452132901 0.767879523299 0.403611710892 -0.294258029877
0.113431575030 -0.403691585204 0.907836098545 0.613903070697
0.000000000000 0.000000000000 0.000000000000 1.000000000000
3 9 55
0.859334105527 0.032911379371 -0.510354520100 2.212086616781
0.347058483581 0.695434119421 0.629223167500 -0.796734730020
0.375626548653 -0.717835793655 0.586188083549 1.296616931782
0.000000000000 0.000000000000 0.000000000000 1.000000000000
3 19 55
0.705362817867 0.270931245805 0.655026377498 -1.086503895129
-0.599042161064 0.721862872711 0.346500335165 -0.353301243021
-0.378961455084 -0.636796869534 0.671474468995 0.857141648051
0.000000000000 0.000000000000 0.000000000000 1.000000000000
3 28 55
0.996812109490 -0.011830935767 -0.078902771384 0.489806215086
0.045617086828 0.895868944940 0.441970490963 -0.517061992542
0.065457618063 -0.444160852003 0.893552705656 1.069110041791
0.000000000000 0.000000000000 0.000000000000 1.000000000000
3 37 55
0.931502898733 -0.043893346289 0.361075786787 -0.294232133381
-0.095517303709 0.928334111291 0.359266227894 -0.023373225496
-0.350968366587 -0.369146518289 0.860553341572 0.893112520284
0.000000000000 0.000000000000 0.000000000000 1.000000000000
3 38 55
0.948031329969 0.054151350324 -0.313535051717 1.320113716012
-0.311701693651 0.355855384449 -0.881027241085 1.878020419854
0.063864321590 0.932970833744 0.354241121006 1.507145426077
0.000000000000 0.000000000000 0.000000000000 1.000000000000
3 40 55
0.554256308710 0.494690272453 -0.669388884428 2.024317500167
-0.327366074779 0.868965431307 0.371120643830 -0.028118438538
0.765265573079 0.013439253460 0.643574385077 1.366148903616
0.000000000000 0.000000000000 0.000000000000 1.000000000000
3 41 55
0.701031102295 0.663770206174 -0.260700032625 0.979737068688
-0.556068900120 0.737675467779 0.382912891604 -0.239408751928
0.446478187523 -0.123466666081 0.886235414793 0.991213359086
0.000000000000 0.000000000000 0.000000000000 1.000000000000
3 44 55
0.110472740098 -0.650504269690 0.751425291569 -1.872592931087
-0.246909830408 -0.750313419590 -0.613241639185 1.944356164858
0.962720784726 -0.117787807083 -0.243505078303 3.760836588644
0.000000000000 0.000000000000 0.000000000000 1.000000000000
3 48 55
1.000000000000 0.000000000000 0.000000000000 0.000000000000
0.000000000000 1.000000000000 0.000000000000 0.000000000000
0.000000000000 0.000000000000 1.000000000000 0.000000000000
0.000000000000 0.000000000000 0.000000000000 1.000000000000
4 6 55
0.807014772004 -0.571311913166 -0.149431775877 0.755219018011
0.532458773257 0.813399811325 -0.234240051481 0.335548284125
0.255371910256 0.109468921672 0.960625703716 -0.064010954051
0.000000000000 0.000000000000 0.000000000000 1.000000000000
4 9 55
0.985910075599 -0.049123895233 -0.159900487022 0.820457566488
0.100608965465 0.937821105334 0.332218919477 -0.296532566507
0.133638164088 -0.343625402593 0.929549581137 -0.349035296820
0.000000000000 0.000000000000 0.000000000000 1.000000000000
4 10 55
0.838579357650 0.368712650572 -0.401043192476 0.235233878716
-0.158110468432 0.869192771114 0.468513613907 -0.629267996807
0.521330740217 -0.329476718377 0.787184445573 -0.236221782376
0.000000000000 0.000000000000 0.000000000000 1.000000000000
4 14 55
0.844780385824 -0.286971880885 0.451656107351 -1.455553450251
0.523753912770 0.616410480434 -0.587979556166 1.728174027419
-0.109671958969 0.733270249767 0.671034128955 -0.172329009076
0.000000000000 0.000000000000 0.000000000000 1.000000000000
4 31 55
-0.533433869395 0.203091344670 -0.821098174826 0.799645338189
-0.313452494384 0.854165809791 0.414907583865 -0.779017136157
0.785618126539 0.478701028935 -0.391981484448 2.345544480625
0.000000000000 0.000000000000 0.000000000000 1.000000000000
4 33 55
0.999524218179 0.029881784005 -0.007643052960 -0.011355301319
-0.030774087761 0.982808976562 -0.182042498091 0.661954496503
0.002071906449 0.182191093562 0.983260958561 -0.242932333326
0.000000000000 0.000000000000 0.000000000000 1.000000000000
4 36 55
0.939518952053 -0.301032810025 0.163350500523 -0.871856190189
0.244371322487 0.923362111487 0.296116645626 -0.425756484480
-0.239972489003 -0.238289022742 0.941079989248 -0.741544636275
0.000000000000 0.000000000000 0.000000000000 1.000000000000
4 38 55
-0.923895229199 0.134765659350 0.358128220787 -0.493672416259
0.300143214419 0.835758989975 0.459805351768 -0.625987993020
-0.237342908683 0.532301726219 -0.812602741788 3.158231827733
0.000000000000 0.000000000000 0.000000000000 1.000000000000
4 39 55
0.766781628272 -0.628316093399 -0.131395667056 1.301785606867
0.640208056220 0.733670376423 0.227731033260 -0.193042205042
-0.046685964654 -0.258740537093 0.964817990695 0.039265104567
0.000000000000 0.000000000000 0.000000000000 1.000000000000
4 40 55
-0.639132327494 -0.164182431766 0.751368083599 -1.338913356738
-0.548365630540 -0.587721278833 -0.594877158454 1.353353654310
0.539263389444 -0.792229655786 0.285599666139 1.441183364266
0.000000000000 0.000000000000 0.000000000000 1.000000000000
4 48 55
0.624921213953 -0.770749375673 0.124172767753 -0.094094142344
-0.305273669401 -0.094861998120 0.947527935252 -2.259495507292
-0.718527287667 -0.630036984003 -0.294570765123 2.797916614158
0.000000000000 0.000000000000 0.000000000000 1.000000000000
5 7 55
0.976783942617 0.041762265820 -0.210116735648 1.015932549269
-0.013989206023 0.991155400431 0.131966944008 0.123080069784
0.213769575853 -0.125963825559 0.968728900720 -0.224427449001
0.000000000000 0.000000000000 0.000000000000 1.000000000000
5 8 55
0.849689886045 0.527208188000 0.008867020853 0.369964674976
-0.472245111030 0.753411581831 0.457553869475 -0.498662406746
0.234545630231 -0.392966302461 0.889137690389 -0.205852251902
0.000000000000 0.000000000000 0.000000000000 1.000000000000
5 9 55
-0.632869198959 0.191615188638 0.750173444273 -1.573519893283
-0.179071330195 -0.978846983754 0.098954742678 -0.524033522753
0.753266244903 -0.071709147811 0.653794893227 0.345956943861
0.000000000000 0.000000000000 0.000000000000 1.000000000000
5 10 55
0.994039855645 0.036007887447 0.102898967102 0.331555510159
0.053712343103 0.659598772421 -0.749696234230 2.105296606663
-0.094867010006 0.750754881078 0.653733400516 -0.699080541042
0.000000000000 0.000000000000 0.000000000000 1.000000000000
5 11 55
0.896417328706 0.033568328361 0.441937936962 -0.577917215630
0.425960160483 0.210233773693 -0.879977103157 3.054935202167
-0.122449640574 0.977074678686 0.174158427282 1.786568409681
0.000000000000 0.000000000000 0.000000000000 1.000000000000
5 12 55
0.845385489995 -0.234291106359 0.480032343480 0.008503686567
0.514994976898 0.596044704488 -0.616044547108 1.485832675064
-0.141786977806 0.768009366957 0.624546287469 -0.132366339587
0.000000000000 0.000000000000 0.000000000000 1.000000000000
5 15 55
-0.829113996179 -0.087017208375 0.552266228179 -2.017208131978
0.444107383633 -0.702560134763 0.556037668548 -0.968918426914
0.339615390026 0.706284123061 0.621147425632 -0.097123985571
0.000000000000 0.000000000000 0.000000000000 1.000000000000
5 17 55
0.678674944689 -0.311033837463 0.665325688219 -1.663831998195
0.672632006551 0.626976971877 -0.393021704871 0.973535474268
-0.294900836239 0.714253336491 0.634724875908 -0.332602506124
0.000000000000 0.000000000000 0.000000000000 1.000000000000
5 19 55
0.487734997619 -0.237634713695 0.840026377529 -1.760870444502
0.659692431768 0.730548579347 -0.176365157223 0.161800935083
-0.571769593075 0.640178503279 0.513079931759 0.263386692667
0.000000000000 0.000000000000 0.000000000000 1.000000000000
5 22 55
0.375889444354 -0.614258274718 0.693825552688 -1.597844383184
0.757448750170 0.634997982220 0.151818817817 0.765214695538
-0.533833791071 0.468470206648 0.703958201169 -0.476935601685
0.000000000000 0.000000000000 0.000000000000 1.000000000000
5 23 55
0.403881302571 0.910654717777 -0.087108429118 0.930125244557
-0.744624929602 0.271937102520 -0.609576842152 2.252159868288
-0.531426013334 0.311059796925 0.787926516300 -0.773703200623
0.000000000000 0.000000000000 0.000000000000 1.000000000000
5 24 55
0.297525191861 -0.821978792360 0.485622924827 -0.463550040672
0.948282570885 0.195492329473 -0.250085815016 -0.151163580763
0.110629679394 0.534914585731 0.837632055266 -0.280055418812
0.000000000000 0.000000000000 0.000000000000 1.000000000000
5 26 55
0.098849250802 0.828781272671 -0.550772573469 1.691855621032
-0.954265307443 -0.077982820899 -0.288611161694 1.369809524100
-0.282146324849 0.554112156259 0.783168672548 -0.343465110815
0.000000000000 0.000000000000 0.000000000000 1.000000000000
5 27 55
0.496238232965 -0.506977908110 0.704784376126 -1.086393355053
0.766989395292 0.636362922082 -0.082276964630 0.564684234171
-0.406786041616 0.581391117998 0.704634291147 -0.026793287793
0.000000000000 0.000000000000 0.000000000000 1.000000000000
5 28 55
0.977063359394 0.025215443055 0.211450640011 -0.230176814792
-0.007754475036 0.996519118861 -0.083003095496 0.491851103609
-0.212807565294 0.079459594616 0.973857850498 -0.092001975042
0.000000000000 0.000000000000 0.000000000000 1.000000000000
5 33 55
-0.767509009805 0.584249125676 -0.263785668706 1.243499089271
-0.568860478763 -0.431057508157 0.700419288971 -1.542006322074
0.295512564148 0.687635356718 0.663196758604 0.059034209820
0.000000000000 0.000000000000 0.000000000000 1.000000000000
5 35 55
-0.886078465424 0.420325230707 -0.195426849596 0.728027597906
-0.448524094269 -0.883883141326 0.132577258004 -1.151898366564
-0.117008931163 0.205127504033 0.971715810882 -1.548350476113
0.000000000000 0.000000000000 0.000000000000 1.000000000000
5 36 55
0.358359898771 0.931392376404 0.063925144726 -0.447734572544
-0.931076718420 0.351544365100 0.097533090708 0.266423240514
0.068369052716 -0.094471162489 0.993177160475 -0.879000047893
0.000000000000 0.000000000000 0.000000000000 1.000000000000
5 37 55
0.981550363689 0.007122178920 0.191071081300 -0.219849102492
-0.035217525227 0.988943115468 0.144052907939 0.082468648262
-0.187932459833 -0.148124234804 0.970948300171 -0.409376458318
0.000000000000 0.000000000000 0.000000000000 1.000000000000
5 38 55
0.992721587811 -0.055117680063 0.107078898197 0.442047222189
0.032867719541 0.979366124566 0.199403377764 -0.090573619480
-0.115860097129 -0.194432598594 0.974049486678 -0.007577752308
0.000000000000 0.000000000000 0.000000000000 1.000000000000
5 39 55
0.932224199346 0.149499537796 -0.329557173116 0.709378785729
-0.037854050852 0.945966410092 0.322047545886 -0.542418704791
0.359895975231 -0.287745441625 0.887511942363 0.335550355985
0.000000000000 0.000000000000 0.000000000000 1.000000000000
5 41 55
0.930322433938 -0.191173714330 0.312974088161 0.101959847655
0.267589216347 0.937416783346 -0.222813342501 0.565674749566
-0.250791108707 0.291036742097 0.923255887901 -0.015413593554
0.000000000000 0.000000000000 0.000000000000 1.000000000000
5 45 55
0.573922009653 -0.190776138967 -0.796378045678 3.023109379380
0.811453102283 0.001546976503 0.584415494027 -1.223160942480
-0.110260553379 -0.981632350559 0.155693733669 1.096392165294
0.000000000000 0.000000000000 0.000000000000 1.000000000000
5 46 55
0.668514309760 -0.293014931705 0.683542879009 -1.867116627805
0.728733839311 0.441548776717 -0.523432583264 0.935499513865
-0.148443959423 0.848042998661 0.508711571850 0.487685018756
0.000000000000 0.000000000000 0.000000000000 1.000000000000
5 50 55
0.634070043834 -0.704393959610 0.319036564013 -0.699279141931
0.760381521046 0.642986813472 -0.091585480027 -0.225498428249
-0.140624044757 0.300661117149 0.943306827427 -1.016704478140
0.000000000000 0.000000000000 0.000000000000 1.000000000000
5 51 55
0.402584983105 -0.770970839601 0.493486875066 -1.194900967745
0.863442427259 0.498847918951 0.074952842286 -0.590707644934
-0.303961356404 0.395922616483 0.866517614114 -0.958892347528
0.000000000000 0.000000000000 0.000000000000 1.000000000000
5 52 55
-0.263002318163 -0.498646428749 0.825942806577 -1.356541859362
0.964555800065 -0.154966754396 0.213582334461 -1.198284938575
0.021491607729 0.852840573688 0.521728920676 -0.136817841005
0.000000000000 0.000000000000 0.000000000000 1.000000000000
5 54 55
0.783048005899 0.212724527241 -0.584451962071 1.630233983509
0.608606654466 -0.455751796312 0.649529245144 -1.344073613934
-0.128194229970 -0.864313933515 -0.486341098134 2.593083256269
0.000000000000 0.000000000000 0.000000000000 1.000000000000
6 8 55
0.938737908192 0.296226385739 -0.176127987882 0.283518045853
-0.243127916716 0.931444261105 0.270740474566 -0.128961391264
0.244253875787 -0.211332715988 0.946402941308 0.025390373154
0.000000000000 0.000000000000 0.000000000000 1.000000000000
6 12 55
0.858789537920 -0.085607692622 0.505125580944 -0.511046887369
0.462268993640 0.554546318048 -0.691943464929 1.833175272389
-0.220879847607 0.827737702478 0.515812358148 0.336426726629
0.000000000000 0.000000000000 0.000000000000 1.000000000000
6 13 55
-0.442152886323 -0.180727349307 0.878543368496 -1.849479985311
0.896833989689 -0.104117959803 0.429939816004 -0.988963966454
0.013770259818 0.978006684874 0.208118486169 1.282845687917
0.000000000000 0.000000000000 0.000000000000 1.000000000000
6 15 55
0.262852872497 -0.239371106316 0.934670980014 -2.524143437154
0.812987555958 -0.466727222727 -0.348162222855 1.614316680517
0.519576367128 0.851391316039 0.071925139525 1.761864916287
0.000000000000 0.000000000000 0.000000000000 1.000000000000
6 22 55
0.333509508977 0.939760210749 -0.074981022365 0.772350267190
-0.470878078456 0.097148705739 -0.876832916925 2.484514623378
-0.816728377523 0.327739035311 0.474912499396 0.661549437464
0.000000000000 0.000000000000 0.000000000000 1.000000000000
6 23 55
0.927156313394 -0.091404067079 0.363354464752 -0.672915171871
0.097448144284 0.995239144498 0.001704240300 0.707738948920
-0.361780361144 0.033828121154 0.931649412875 -0.817898154330
0.000000000000 0.000000000000 0.000000000000 1.000000000000
6 24 55
0.598074515514 0.542921496369 -0.589527881167 0.786427856333
0.473438674662 0.354179708260 0.806481590361 -1.849686458665
0.646655004796 -0.761441385162 -0.045214176264 1.652020103030
0.000000000000 0.000000000000 0.000000000000 1.000000000000
6 28 55
0.994895993324 0.087739133386 0.049837806337 -0.397975746415
-0.081614778684 0.990136587940 -0.113879608023 0.246136847831
-0.059337933635 0.109230864209 0.992243734138 0.141453406949
0.000000000000 0.000000000000 0.000000000000 1.000000000000
6 33 55
0.619786622902 -0.513617784624 0.593347548565 -1.004295344583
0.784010398816 0.371979776007 -0.496949434842 0.572357749717
0.034528779584 0.773193260161 0.633229773322 0.482384146647
0.000000000000 0.000000000000 0.000000000000 1.000000000000
6 35 55
0.989916763205 -0.065310405243 0.125695476820 0.123691247590
0.068022601335 0.997531982752 -0.017403134604 0.693533372760
-0.124248652441 0.025777787986 0.991916215218 -1.242870436393
0.000000000000 0.000000000000 0.000000000000 1.000000000000
6 36 55
-0.751962347479 -0.485553573414 0.445859120484 -1.198148738578
0.575812379639 -0.813081538273 0.085665136273 -0.263632168636
0.320924806502 0.321148158119 0.890994460762 -0.547023943579
0.000000000000 0.000000000000 0.000000000000 1.000000000000
6 37 55
0.970943898480 -0.067920211812 0.229466317424 -0.600914773660
0.079481017093 0.995971757858 -0.041509341964 0.244439382287
-0.225722648236 0.058541458608 0.972431068867 -0.088650375278
0.000000000000 0.000000000000 0.000000000000 1.000000000000
6 38 55
0.971505695397 -0.128155361815 0.199381260529 0.005747037692
0.101853460674 0.985315778083 0.137035360438 -0.124079088733
-0.214015318052 -0.112822961758 0.970292957276 0.322754401544
0.000000000000 0.000000000000 0.000000000000 1.000000000000
6 39 55
0.803731184480 -0.321087970435 -0.500917855876 0.695271463023
0.433621954207 0.892575911586 0.123613279573 -0.291872434058
0.407416474781 -0.316560827171 0.856621887870 0.695748813811
0.000000000000 0.000000000000 0.000000000000 1.000000000000
6 40 55
0.845025344591 0.502922697975 -0.181661572327 0.640811354823
-0.422319178968 0.836078548774 0.350170203410 -0.366481596349
0.327991887208 -0.219183530727 0.918901464676 0.422216745611
0.000000000000 0.000000000000 0.000000000000 1.000000000000
6 41 55
0.898880899118 0.021915975145 -0.437644626649 0.897932780723
0.143439317569 0.929006755542 0.341132833854 -0.275009546949
0.414051073391 -0.369413234997 0.831922815189 0.525829944112
0.000000000000 0.000000000000 0.000000000000 1.000000000000
6 48 55
0.768184880545 -0.452058677853 0.453359615626 -1.417977189231
0.243881161089 0.861351399033 0.445640826955 -1.247008490261
-0.591957742215 -0.231768675971 0.771925716808 0.225240526655
0.000000000000 0.000000000000 0.000000000000 1.000000000000
6 54 55
-0.217322796427 -0.238104925629 0.946613356415 -2.543650920447
0.943807125188 -0.298645434919 0.141559226641 -0.740613820381
0.248995808395 0.924184477576 0.289627586408 1.472742236054
0.000000000000 0.000000000000 0.000000000000 1.000000000000
7 9 55
0.895354499459 -0.397407646031 0.201016126656 -0.743207934212
0.370410695033 0.915106583082 0.159298018207 -0.258498692469
-0.247257431241 -0.068169674169 0.966548839024 -0.127550663884
0.000000000000 0.000000000000 0.000000000000 1.000000000000
7 10 55
-0.570547451499 -0.768809257840 -0.288804312031 0.451761779385
0.798138075658 -0.436200631921 -0.415577454751 1.152706377079
0.193523171153 -0.467612375555 0.862489100485 -0.617859284135
0.000000000000 0.000000000000 0.000000000000 1.000000000000
7 11 55
0.803372360154 0.594984401669 -0.024215959850 0.012235255910
-0.555375023699 0.733978856068 -0.390939409495 1.451932510319
-0.214828848138 0.327518855359 0.920097802080 -0.563254278091
0.000000000000 0.000000000000 0.000000000000 1.000000000000
7 12 55
0.961640047961 -0.263998709368 0.074519122445 -0.018488977514
0.274314417791 0.925342797290 -0.261710350760 0.515987053452
0.000135461614 0.272112823945 0.962265344224 -0.244978758514
0.000000000000 0.000000000000 0.000000000000 1.000000000000
7 15 55
0.950939636409 0.286792627148 0.116033602547 -0.325312093982
0.094827395281 0.086806957369 -0.991701727969 2.472138069172
-0.294485267901 0.954051644915 0.055352378660 1.213102395009
0.000000000000 0.000000000000 0.000000000000 1.000000000000
7 23 55
0.888083030659 0.331725676466 0.318224144634 -1.066035026536
-0.294707274327 0.942152942279 -0.159672965194 0.897472440297
-0.352783436564 0.048019880553 0.934472010259 -0.772331544440
0.000000000000 0.000000000000 0.000000000000 1.000000000000
7 26 55
0.989547689003 -0.067545524376 -0.127408686226 -0.274038880776
0.144185742242 0.478244865646 0.866309598364 -2.276117256323
0.002417213933 -0.875625177014 0.482985203145 0.033709409676
0.000000000000 0.000000000000 0.000000000000 1.000000000000
7 27 55
-0.445151648419 -0.530812455226 0.721164438451 -2.036710351580
0.895322933735 -0.277681894162 0.348266578905 -0.730916306997
0.015390069450 0.800706502428 0.598859117599 0.509986932999
0.000000000000 0.000000000000 0.000000000000 1.000000000000
7 28 55
0.840309078051 0.020256425642 0.541729019498 -1.365381514427
0.240454293761 0.881694291384 -0.405951855708 0.721242340115
-0.485862517547 0.471386098396 0.736024972594 0.688522414119
0.000000000000 0.000000000000 0.000000000000 1.000000000000
7 32 55
0.861529808299 0.501477068861 0.079291480115 -0.350766493253
-0.067241414506 0.267501976647 -0.961208242092 1.780655754959
-0.503234519471 0.822777881264 0.264180954113 1.398498560310
0.000000000000 0.000000000000 0.000000000000 1.000000000000
7 33 55
0.637445116765 -0.641460000321 0.426840475003 -1.185149682320
0.770495764377 0.530681576546 -0.353147761414 0.059833184762
0.000013786942 0.553991094064 0.832522592791 0.101733968155
0.000000000000 0.000000000000 0.000000000000 1.000000000000
7 36 55
-0.720319092030 0.089946025242 0.687786389950 -2.120523629151
-0.051599151029 -0.995757953911 0.076181525550 -0.040884646703
0.691720993805 0.019385813503 0.721904603784 -0.222303262877
0.000000000000 0.000000000000 0.000000000000 1.000000000000
7 37 55
0.949681970892 -0.195005131473 0.245106411302 -0.915953405521
0.198774979088 0.979998980254 0.009513484657 -0.198440789414
-0.242059211456 0.039686236922 0.969449503970 -0.100431445777
0.000000000000 0.000000000000 0.000000000000 1.000000000000
7 38 55
0.956000165122 -0.292656832490 0.020387807225 -0.153680513112
0.292641587060 0.956214675990 0.003794066935 -0.112724460079
-0.020605480092 0.002339191647 0.999784948063 0.234925972904
0.000000000000 0.000000000000 0.000000000000 1.000000000000
7 39 55
0.938268542424 -0.081198142552 -0.336242477898 0.281888898529
0.098656179701 0.994501076772 0.035136398597 -0.266278082388
0.331540496024 -0.066139775820 0.941119774285 0.567172909415
0.000000000000 0.000000000000 0.000000000000 1.000000000000
7 40 55
0.967272067139 -0.044363118494 -0.249833268103 0.400629910122
0.077296921225 0.989317780917 0.123594151686 -0.187723552508
0.241681472403 -0.138860513031 0.960368587480 0.317730019195
0.000000000000 0.000000000000 0.000000000000 1.000000000000
7 41 55
0.915359224435 0.106847859184 -0.388202299361 0.460158652126
-0.049064881315 0.986561934312 0.155846678462 -0.237261947607
0.399637495316 -0.123608594983 0.908301044579 0.397349287575
0.000000000000 0.000000000000 0.000000000000 1.000000000000
7 45 55
0.447172094511 -0.149543882120 0.881858120795 -2.568830433484
0.827068976892 0.444541813943 -0.344005062636 0.751741474564
-0.340578956122 0.883186958111 0.322469799624 1.015394774342
0.000000000000 0.000000000000 0.000000000000 1.000000000000
7 47 55
0.463769996953 -0.773437491511 0.432101650832 -1.314642187621
0.796393587277 0.577630525246 0.179165371789 -0.397045618034
-0.388168319252 0.261031459846 0.883848365332 -1.040452265453
0.000000000000 0.000000000000 0.000000000000 1.000000000000
7 48 55
0.855340314271 -0.354535202680 0.377753539816 -1.635173170028
0.516468817021 0.526319082671 -0.675461460234 1.623337481446
0.040655969155 0.772847341508 0.633288306300 0.062360474095
0.000000000000 0.000000000000 0.000000000000 1.000000000000
7 50 55
0.283278698617 -0.822457311625 -0.493271881891 1.336229493639
-0.171992753604 0.462433815656 -0.869812312425 1.917062497780
0.943489094594 0.331238489147 -0.010459048252 2.367659102105
0.000000000000 0.000000000000 0.000000000000 1.000000000000
7 52 55
0.215312176577 -0.557324469476 0.801891577672 -2.257074584849
0.963240817118 -0.013878001604 -0.268280691271 -0.134753050459
0.160648046535 0.830178798088 0.533849574646 -0.195362480370
0.000000000000 0.000000000000 0.000000000000 1.000000000000
7 54 55
0.291741213127 -0.283777886110 0.913431538714 -2.442587219214
0.956251792039 0.108168069413 -0.271812764568 0.203129995367
-0.021669674337 0.952769531479 0.302920195926 1.365120898021
0.000000000000 0.000000000000 0.000000000000 1.000000000000
8 27 55
0.117827803270 -0.380227806641 0.917356759300 -2.058762763828
0.895323284412 -0.358921497566 -0.263764241274 0.610175969303
0.429549560781 0.852409627844 0.298135877062 1.311197801629
0.000000000000 0.000000000000 0.000000000000 1.000000000000
8 28 55
0.767456683972 -0.066686136429 0.637623084145 -1.162812754378
0.336737799515 0.888262654963 -0.312405361951 0.326981509922
-0.545543667000 0.454469377413 0.704158854514 0.943401434421
0.000000000000 0.000000000000 0.000000000000 1.000000000000
8 31 55
0.782230243830 -0.575758312597 -0.237945815498 0.029549391038
-0.217442193880 0.105598941027 -0.970344143062 1.225628916849
0.583810532586 0.810771995773 -0.042591465248 1.706556996367
0.000000000000 0.000000000000 0.000000000000 1.000000000000
8 37 55
0.942494700857 -0.155803142074 0.295684155438 -0.786141577931
0.189800463057 0.977706213505 -0.089812829244 0.049080780924
-0.275099115012 0.140769105252 0.951054433734 0.049987942620
0.000000000000 0.000000000000 0.000000000000 1.000000000000
8 38 55
0.906886222716 -0.276256487419 0.318181916846 -0.137150980306
0.270488773229 0.960651684621 0.063120237584 -0.299186273021
-0.323099369554 0.028821762512 0.945926055989 0.349437288367
0.000000000000 0.000000000000 0.000000000000 1.000000000000
8 39 55
0.995807958345 -0.089433790240 0.019186121547 0.019599515879
0.090936407893 0.990584324711 -0.102338972814 -0.168504409118
-0.009852909028 0.103654680552 0.994564541588 0.515759794907
0.000000000000 0.000000000000 0.000000000000 1.000000000000
8 40 55
0.999353905726 0.035318184223 -0.006663105383 0.352718846030
-0.034855359472 0.997586709939 0.060048814061 -0.153589759674
0.008767840454 -0.059777771932 0.998173202884 0.324418672373
0.000000000000 0.000000000000 0.000000000000 1.000000000000
8 41 55
0.986303816904 0.152677693368 -0.062404348476 0.362386427627
-0.132638548438 0.959084914331 0.250126253262 -0.444463495772
0.098039768611 -0.238423256102 0.966200059367 0.325139136570
0.000000000000 0.000000000000 0.000000000000 1.000000000000
8 42 55
0.755806550759 0.632830193680 -0.168173730995 0.066119262006
-0.566534583829 0.760774463454 0.316639828642 -0.152583844180
0.328321524051 -0.144042222018 0.933518513540 0.018919776487
0.000000000000 0.000000000000 0.000000000000 1.000000000000
8 43 55
0.987639988351 -0.152902151451 0.034470066617 -0.276159481558
0.144274670329 0.972786073367 0.181306577280 -0.287009159142
-0.061254166491 -0.174092468376 0.982822333661 0.148868395219
0.000000000000 0.000000000000 0.000000000000 1.000000000000
8 51 55
0.280623941047 -0.895373005109 0.345770712226 -0.862460673048
0.750810057909 0.429201147327 0.502066362223 -2.374014073909
-0.597941853907 0.118716287235 0.792699175281 -0.187205430420
0.000000000000 0.000000000000 0.000000000000 1.000000000000
9 14 55
0.873087323869 0.320349816575 0.367552064230 -1.540026891099
-0.200804011234 0.923211013904 -0.327657096486 0.600076830035
-0.444293004639 0.212267328683 0.870371361663 -0.319376544539
0.000000000000 0.000000000000 0.000000000000 1.000000000000
9 28 55
0.808345324573 0.001324923527 0.588707126523 -2.155166615257
0.249287224058 0.905147977320 -0.344329811483 0.404728134483
-0.533323275474 0.425094558577 0.731341849005 1.283408257116
0.000000000000 0.000000000000 0.000000000000 1.000000000000
9 31 55
-0.839951607218 -0.486136866863 -0.241147764262 0.658599072375
-0.538671589326 0.693141852859 0.478943932697 -0.943056991786
-0.065682694711 0.532189175474 -0.844073732042 3.007245642613
0.000000000000 0.000000000000 0.000000000000 1.000000000000
9 37 55
0.937004769660 -0.004452542796 -0.349288185454 0.579522278114
-0.073396927011 0.975087568991 -0.209325401957 0.368370944783
0.341518597942 0.221775579498 0.913334900022 0.050215917623
0.000000000000 0.000000000000 0.000000000000 1.000000000000
9 38 55
0.910350062522 -0.062042009731 -0.409162012771 0.920795130689
-0.037343200855 0.972349674640 -0.230524609482 0.170106311805
0.412150760057 0.225137511880 0.882861739871 0.525386847119
0.000000000000 0.000000000000 0.000000000000 1.000000000000
9 39 55
0.797857843110 -0.602843807480 0.001485250983 0.625828431836
0.601250400481 0.795923268946 0.070739705058 -0.385227278948
-0.043827138955 -0.055547220752 0.997493703317 0.154489707892
0.000000000000 0.000000000000 0.000000000000 1.000000000000
9 41 55
0.642164143601 -0.187572537183 -0.743264257158 0.597220597417
0.764317095844 0.082435453833 0.639549664180 -1.233202068628
-0.058690626808 -0.978785440863 0.196301989492 2.184013578852
0.000000000000 0.000000000000 0.000000000000 1.000000000000
9 42 55
0.737673123189 0.610334353739 -0.288669949893 0.580023248576
-0.403505319810 0.741338294683 0.536284429870 -0.414481247772
0.541314899305 -0.279122749849 0.793138493775 0.338491505145
0.000000000000 0.000000000000 0.000000000000 1.000000000000
9 44 55
0.828991924110 -0.140205914433 -0.541400675395 0.663006783777
0.257865719451 0.954844910625 0.147568517596 -0.566130273881
0.496263700559 -0.261941784012 0.827713018682 0.285404844548
0.000000000000 0.000000000000 0.000000000000 1.000000000000
9 45 55
0.738600261886 0.355636881402 -0.572705912077 0.218626995065
-0.463404016476 0.884836676069 -0.048174414336 0.087420080009
0.489618597130 0.300975854961 0.818344159920 0.079555932516
0.000000000000 0.000000000000 0.000000000000 1.000000000000
10 19 55
0.364743733826 -0.656349842068 0.660429325100 -1.839664269181
0.387295840408 0.751968967364 0.533427224769 -1.389536438766
-0.846737232344 0.061217292808 0.528477532563 1.833961355585
0.000000000000 0.000000000000 0.000000000000 1.000000000000
10 20 55
0.755372978195 -0.566481551489 0.329409040003 -0.910761016751
0.633196772846 0.760418960593 -0.144308181431 0.023276002974
-0.168740957299 0.317587241862 0.933094225219 -0.114362103011
0.000000000000 0.000000000000 0.000000000000 1.000000000000
10 28 55
0.717938545093 0.655732544205 0.233621651268 -0.344468481371
-0.589847364031 0.751283340575 -0.296063218452 0.597066768688
-0.369654342076 0.074754081130 0.926157381193 1.015009313867
0.000000000000 0.000000000000 0.000000000000 1.000000000000
10 31 55
0.792090849937 -0.566523514765 -0.227251386496 -0.421216016691
0.554705749121 0.823442425841 -0.119348662405 -0.496363444223
0.254742256680 -0.031522667142 0.966495061611 1.593820417379
0.000000000000 0.000000000000 0.000000000000 1.000000000000
10 33 55
0.989474944474 -0.143978979247 -0.014470238162 -0.183928937336
0.144432282523 0.976535953923 0.159739933832 -0.626680216768
-0.008868484791 -0.160148631685 0.987053071393 0.421743911936
0.000000000000 0.000000000000 0.000000000000 1.000000000000
10 36 55
0.681229823162 -0.227187807104 0.695925016318 -1.376165248579
0.246783882944 0.966251408188 0.073864276171 0.038694112909
-0.689219589937 0.121424529971 0.714305565125 0.480762283664
0.000000000000 0.000000000000 0.000000000000 1.000000000000
10 39 55
0.065343527041 -0.784077648993 -0.617213466982 0.842738804231
-0.851359061758 -0.366441752898 0.375377396356 -0.606468616513
-0.520497811173 0.500941795105 -0.691476208181 3.776181489236
0.000000000000 0.000000000000 0.000000000000 1.000000000000
10 41 55
-0.172529921789 0.801967750906 -0.571910091355 1.096176505715
-0.983775481695 -0.169287426888 0.059393338970 -0.281562948501
-0.049185645305 0.572878253736 0.818163356972 1.376960520348
0.000000000000 0.000000000000 0.000000000000 1.000000000000
10 43 55
0.935422139270 0.164905486983 -0.312716487774 0.865363554778
0.068078328130 0.783970386956 0.617054109147 -0.789756183096
0.346916074291 -0.598495290490 0.722116766638 0.232567181249
0.000000000000 0.000000000000 0.000000000000 1.000000000000
10 44 55
0.958366289393 -0.159332504163 -0.236954021854 0.711737486634
0.187817821501 0.976808500393 0.102808654725 -0.071731903734
0.215077942343 -0.143032537127 0.966065821795 0.032756727651
0.000000000000 0.000000000000 0.000000000000 1.000000000000
10 45 55
0.921159806703 0.038785834068 -0.387247039487 0.766427657905
-0.067485303072 0.995866852867 -0.060786061153 0.197450782129
0.383288852414 0.082127160165 0.919969991455 0.169153579788
0.000000000000 0.000000000000 0.000000000000 1.000000000000
11 26 55
0.935666871199 0.349190307803 -0.050927743691 0.137041112128
-0.333684301678 0.922450801142 0.194266070856 -0.563372436491
0.114814167046 -0.164774538108 0.979625978951 0.017524678819
0.000000000000 0.000000000000 0.000000000000 1.000000000000
11 29 55
0.571916972960 0.781212649890 -0.250235432529 0.028414495883
-0.814478448150 0.577098204086 -0.059854158919 0.335441697619
0.097651592615 0.238042976146 0.966333124739 0.398451912571
0.000000000000 0.000000000000 0.000000000000 1.000000000000
11 46 55
0.997005895490 0.046755094582 -0.061589004616 0.039298049640
-0.033726207002 0.979671531748 0.197752959129 -0.491733704406
0.069582952799 -0.195083702583 0.978315164794 -0.588382528180
0.000000000000 0.000000000000 0.000000000000 1.000000000000
11 49 55
0.973190554125 -0.158973425419 0.166215508818 -0.341892316108
0.088456509551 0.925790837746 0.367541522368 -1.153878695808
-0.212310129949 -0.342985094074 0.915033132714 -0.415649965554
0.000000000000 0.000000000000 0.000000000000 1.000000000000
11 54 55
0.971492589626 0.027076682560 -0.235518580083 0.671687772018
-0.037190773275 0.998562115376 -0.038607617376 0.292317860418
0.234134565338 0.046266132298 0.971102698130 -0.266498024685
0.000000000000 0.000000000000 0.000000000000 1.000000000000
12 14 55
0.846438023179 -0.142603831021 0.513036860562 -1.999388562118
0.188459457832 0.981339388139 -0.038158066526 -0.094529581424
-0.498021792366 0.128985086988 0.857518012443 0.465453986734
0.000000000000 0.000000000000 0.000000000000 1.000000000000
12 19 55
-0.199858254087 -0.175827054032 -0.963919874960 2.036900208580
-0.262174136405 0.957493407738 -0.120295870001 0.394215793491
0.944098194296 0.228672738229 -0.237460266818 2.810356967184
0.000000000000 0.000000000000 0.000000000000 1.000000000000
12 22 55
0.929377839403 -0.331786581608 0.161785338924 -0.763956830361
0.316465614111 0.941792787904 0.113471845568 -0.087237132244
-0.190016701137 -0.054258722030 0.980280390691 0.244279105652
0.000000000000 0.000000000000 0.000000000000 1.000000000000
12 25 55
0.912436702876 -0.241726358860 0.330193323188 -1.047834465462
0.178368007901 0.961133468872 0.210730417289 0.020051330260
-0.368298950587 -0.133382241868 0.920089702448 0.564643438743
0.000000000000 0.000000000000 0.000000000000 1.000000000000
12 27 55
0.949110832273 -0.223071268014 0.222323722193 -1.310215911270
0.265100939124 0.946969948549 -0.181574801721 0.326755559318
-0.170029762507 0.231272838724 0.957915838647 0.182223647754
0.000000000000 0.000000000000 0.000000000000 1.000000000000
12 28 55
0.950003129736 0.198999392862 -0.240610255670 -0.279279765447
-0.193749001411 0.979993852198 0.045534317902 0.126920713963
0.244857872949 0.003360252248 0.969553160358 0.413912108319
0.000000000000 0.000000000000 0.000000000000 1.000000000000
12 31 55
-0.750591408722 0.624513786040 -0.215858908082 0.423602740345
-0.173473340864 0.128976579023 0.976356513817 -1.498265229106
0.637588846485 0.770290577061 0.011527780739 2.075397397015
0.000000000000 0.000000000000 0.000000000000 1.000000000000
12 32 55
0.897260525369 -0.367922669606 0.244041920178 -0.960863396789
0.286707414035 0.905912009847 0.311644491612 -0.224150196129
-0.335741579717 -0.209657672422 0.918325243061 0.724830708994
0.000000000000 0.000000000000 0.000000000000 1.000000000000
12 33 55
0.971439525266 -0.205922040712 0.117904036825 -0.835942769758
0.219568099339 0.968484000585 -0.117595026953 0.495969122160
-0.089972765342 0.140124422427 0.986037548847 0.207335368687
0.000000000000 0.000000000000 0.000000000000 1.000000000000
12 34 55
0.997943100505 0.001036664679 -0.064097531001 -0.124994057698
-0.005463624767 0.997606580392 -0.068929380982 0.170139942996
0.063872662059 0.069137805031 0.995560267868 0.120964991011
0.000000000000 0.000000000000 0.000000000000 1.000000000000
12 35 55
0.814336235182 -0.283251066438 0.506582006619 -1.935829405001
0.367708970505 0.927093270679 -0.072719876732 0.660293025104
-0.449050786748 0.245493178771 0.859119601742 -0.084462373227
0.000000000000 0.000000000000 0.000000000000 1.000000000000
12 37 55
0.743233622355 0.492732097211 0.452569180324 -1.534335696027
-0.510964286843 -0.018615140993 0.859400357282 -1.484716922837
0.431878779489 -0.869981929067 0.237933105985 1.497306782678
0.000000000000 0.000000000000 0.000000000000 1.000000000000
12 38 55
0.568901986356 0.741608892958 0.355481054074 -1.390929187109
-0.498720268378 -0.032600547687 0.866149697339 -1.172738335130
0.653933195234 -0.670039889989 0.351308869792 1.919166621192
0.000000000000 0.000000000000 0.000000000000 1.000000000000
12 39 55
0.848308405279 -0.055802642533 -0.526553809805 0.664875067082
-0.223152098648 0.864130744312 -0.451088902106 0.664730927700
0.480183288342 0.500164094893 0.720596896868 1.222021762568
0.000000000000 0.000000000000 0.000000000000 1.000000000000
12 40 55
0.683262287392 0.685934550537 -0.250292706662 0.440128422195
-0.728268445421 0.615449384124 -0.301408571519 0.594443623611
-0.052704060867 0.388221390397 0.920057842750 0.778900215947
0.000000000000 0.000000000000 0.000000000000 1.000000000000
12 41 55
0.887061081983 0.255780988275 -0.384315915451 0.539974021505
0.414594685077 -0.075210682774 0.906892827352 -1.497069232748
0.203061281237 -0.963804668610 -0.172761907920 2.623821793497
0.000000000000 0.000000000000 0.000000000000 1.000000000000
12 42 55
0.540756117485 -0.780959192342 0.312546894561 -0.887901098934
0.507483412297 0.599205447828 0.619203857818 -1.063461271985
-0.670852746619 -0.176225909531 0.720347847337 1.285826513978
0.000000000000 0.000000000000 0.000000000000 1.000000000000
12 45 55
0.636805628560 0.516034465884 0.572876096075 -1.812497454338
-0.485652163504 0.845545033087 -0.221800750912 0.632680526803
-0.598849369640 -0.136974548879 0.789061091070 -0.038017634560
0.000000000000 0.000000000000 0.000000000000 1.000000000000
12 47 55
0.988484125229 -0.053387367104 0.141594220235 -0.161770363504
0.097434432968 0.940474227376 -0.325599076956 1.076357721003
-0.115782837426 0.335645671320 0.934845611789 -0.465419735254
0.000000000000 0.000000000000 0.000000000000 1.000000000000
12 48 55
0.982469782672 -0.185377223876 0.019708145632 -1.115796869855
0.186236217578 0.980708400869 -0.059389424376 0.195971350555
-0.008318497368 0.062018685358 0.998040322466 -0.392427424045
0.000000000000 0.000000000000 0.000000000000 1.000000000000
12 52 55
0.996251745377 -0.075580494677 -0.042071946202 -0.817573835079
0.073053244219 0.995600570260 -0.058674764654 0.347425642708
0.046321521368 0.055381344536 0.997390206156 -0.771627529162
0.000000000000 0.000000000000 0.000000000000 1.000000000000
13 23 55
0.996512677172 0.069815790054 -0.045697261347 -0.543242238695
-0.078178111530 0.972619503372 -0.218859508678 0.352919264778
0.029166198128 0.221668800512 0.974685731796 -0.009773003502
0.000000000000 0.000000000000 0.000000000000 1.000000000000
13 24 55
0.598430772264 -0.320474287301 0.734286621141 -1.841682735766
0.469905726890 0.882713638220 0.002289265550 -0.496537255741
-0.648898465589 0.343675521502 0.678835707131 0.973252961058
0.000000000000 0.000000000000 0.000000000000 1.000000000000
13 25 55
0.932539210018 0.180293700157 -0.312833507578 -0.285519602647
-0.118178272754 0.971095263001 0.207383427558 -0.186878542047
0.341181062822 -0.156423054120 0.926891207484 0.652794832837
0.000000000000 0.000000000000 0.000000000000 1.000000000000
13 26 55
0.996123928241 -0.039408442672 -0.078639012149 -0.152210875331
0.038279752874 0.999141990300 -0.015809609084 -0.541798459505
0.079194571188 0.012738047954 0.996777789695 0.914373944356
0.000000000000 0.000000000000 0.000000000000 1.000000000000
13 31 55
0.937652547946 0.337569972785 0.082790173357 -0.912446342648
-0.314565143505 0.722864250738 0.615236576852 -0.763912805417
0.147839337872 -0.602921046637 0.783983253456 1.417599854954
0.000000000000 0.000000000000 0.000000000000 1.000000000000
13 32 55
0.778210306490 0.397972980710 -0.485804719509 0.377630275713
-0.193090084620 0.887727534548 0.417918704567 -0.350055981056
0.597582578473 -0.231424568770 0.767683353262 0.909905980208
0.000000000000 0.000000000000 0.000000000000 1.000000000000
13 33 55
0.433204144869 0.363795387486 -0.824613294164 0.816936636974
-0.424139638151 0.889567461705 0.169632834161 -0.310800341854
0.795260797612 0.276265537337 0.539664355560 1.212411239620
0.000000000000 0.000000000000 0.000000000000 1.000000000000
13 38 55
0.734453383879 0.457641211770 -0.501141445301 -0.103574836936
0.383545884210 0.329293516875 0.862819989598 -1.589800011520
0.559884614554 -0.825911799791 0.066324334539 2.577397080222
0.000000000000 0.000000000000 0.000000000000 1.000000000000
13 48 55
0.777332544922 -0.377049691807 0.503574864855 -1.657771986763
0.476221947575 0.875732210557 -0.079408765511 0.430349009989
-0.411055679018 0.301540420675 0.860294486468 -0.406110498754
0.000000000000 0.000000000000 0.000000000000 1.000000000000
14 17 55
0.993355243440 -0.096101958824 0.063322775048 -0.164548905173
0.092861028687 0.994305439656 0.052283094999 -0.082671396926
-0.067986687528 -0.046055468531 0.996622648818 -0.024957801244
0.000000000000 0.000000000000 0.000000000000 1.000000000000
14 19 55
0.598873228278 -0.715743822198 -0.359251496082 1.217682756986
0.678952077072 0.215872063364 0.701728814642 -2.106245441049
-0.424705702213 -0.664161150056 0.615235754215 1.302145797045
0.000000000000 0.000000000000 0.000000000000 1.000000000000
14 24 55
0.992002240148 0.033199728063 -0.121775751270 -0.192186814659
-0.034386490391 0.999379282315 -0.007656327993 -0.196779764842
0.121445974900 0.011782535221 0.992528108944 0.503157729421
0.000000000000 0.000000000000 0.000000000000 1.000000000000
14 27 55
0.934556902831 -0.054341725966 -0.351639548673 1.340715829818
0.015648322881 0.993589636723 -0.111958759315 0.312797428227
0.355469443641 0.099129262155 0.929416410454 0.424570955774
0.000000000000 0.000000000000 0.000000000000 1.000000000000
14 31 55
0.828836041511 0.524894718297 0.193691380802 0.346454643722
-0.558195479797 0.752232093376 0.350092393561 -0.699441117910
0.038060775446 -0.398286846882 0.916470929694 1.363849118531
0.000000000000 0.000000000000 0.000000000000 1.000000000000
14 33 55
0.988760722292 0.127079136932 -0.078759932766 0.267498099612
-0.082410651009 0.902804104807 0.422082021582 -0.456280837725
0.124742609613 -0.410847467193 0.903129913162 0.285264176523
0.000000000000 0.000000000000 0.000000000000 1.000000000000
14 36 55
1.000000000000 0.000000000000 0.000000000000 0.000000000000
0.000000000000 1.000000000000 0.000000000000 0.000000000000
0.000000000000 0.000000000000 1.000000000000 0.000000000000
0.000000000000 0.000000000000 0.000000000000 1.000000000000
14 47 55
1.000000000000 0.000000000000 0.000000000000 0.000000000000
0.000000000000 1.000000000000 0.000000000000 0.000000000000
0.000000000000 0.000000000000 1.000000000000 0.000000000000
0.000000000000 0.000000000000 0.000000000000 1.000000000000
15 17 55
1.000000000000 0.000000000000 0.000000000000 0.000000000000
0.000000000000 1.000000000000 0.000000000000 0.000000000000
0.000000000000 0.000000000000 1.000000000000 0.000000000000
0.000000000000 0.000000000000 0.000000000000 1.000000000000
15 23 55
0.995962776184 -0.022034545799 -0.087020843749 -0.246373412470
0.022008246074 0.999756993036 -0.001261736694 0.082322495537
0.087027498873 -0.000658533363 0.996205692000 0.147875057824
0.000000000000 0.000000000000 0.000000000000 1.000000000000
15 24 55
0.978624370437 -0.105677966463 0.176427064223 -0.213899578332
0.115572026784 0.992198302309 -0.046750780966 -0.182156717190
-0.170110106140 0.066141486982 0.983202855716 0.580787462458
0.000000000000 0.000000000000 0.000000000000 1.000000000000
15 25 55
-0.659540400788 0.444218734181 -0.606363072698 1.415497335069
0.594310988733 -0.185728930134 -0.782495503618 1.922484742756
-0.460218326884 -0.876455635337 -0.141508342106 2.602713629676
0.000000000000 0.000000000000 0.000000000000 1.000000000000
15 38 55
-0.113585395699 -0.757111042396 -0.643336014355 1.453622601135
-0.753786589004 0.487497832761 -0.440626419194 0.820843143584
0.647228040278 0.434889333664 -0.626072784381 3.441054409653
0.000000000000 0.000000000000 0.000000000000 1.000000000000
15 41 55
0.824319398173 -0.237897413465 -0.513714269281 0.963329420193
0.494162169360 -0.140390391811 0.857959374481 -1.298276964881
-0.276226863591 -0.961090712968 0.001833378637 2.701011741709
0.000000000000 0.000000000000 0.000000000000 1.000000000000
15 47 55
1.000000000000 0.000000000000 0.000000000000 0.000000000000
0.000000000000 1.000000000000 0.000000000000 0.000000000000
0.000000000000 0.000000000000 1.000000000000 0.000000000000
0.000000000000 0.000000000000 0.000000000000 1.000000000000
15 54 55
0.987215578108 -0.109391739134 0.115926052942 -0.613996769066
0.125824023166 0.981325562517 -0.145493833359 1.071783777774
-0.097845375650 0.158220061181 0.982543991231 0.072780908075
0.000000000000 0.000000000000 0.000000000000 1.000000000000
16 21 55
0.234447302988 -0.570053002124 0.787447799470 -2.207676257359
0.412611880627 0.791792499134 0.450351056712 -1.143218098507
-0.880219232968 0.219326726791 0.420844257212 1.874421280609
0.000000000000 0.000000000000 0.000000000000 1.000000000000
16 22 55
0.963046964216 0.110900777658 -0.245441565813 -0.164822336170
-0.064085350980 0.979473688614 0.191113477030 0.094588820026
0.261598189029 -0.168322044984 0.950386277610 -0.043219561994
0.000000000000 0.000000000000 0.000000000000 1.000000000000
16 23 55
0.993627748858 -0.062485913000 -0.093805156448 0.342857106441
0.061422198722 0.998011040828 -0.014187173440 -0.155127724348
0.094505080307 0.008335050247 0.995489485998 0.582541441006
0.000000000000 0.000000000000 0.000000000000 1.000000000000
16 24 55
0.775231299443 -0.089505433250 -0.625304093848 1.625633301120
0.160219775094 0.985400164758 0.057585926791 -0.244558083804
0.611020503775 -0.144828494138 0.778253590581 1.031554037865
0.000000000000 0.000000000000 0.000000000000 1.000000000000
16 25 55
0.963219394126 0.101140979568 -0.248955620607 -0.161750045645
-0.005834840065 0.934116718247 0.356920034927 -0.109415121125
0.268652849271 -0.342339683564 0.900349480833 0.485056408506
0.000000000000 0.000000000000 0.000000000000 1.000000000000
16 31 55
0.945432806410 0.149176103741 -0.289660661181 -0.128638466695
-0.059413519405 0.953056783257 0.296905374824 0.031632027922
0.320354244977 -0.263494322444 0.909914226598 0.847208404904
0.000000000000 0.000000000000 0.000000000000 1.000000000000
16 32 55
0.768677271828 -0.555493538908 0.317115404871 -1.215036961110
0.560861078576 0.823701084082 0.083374904021 0.109645015081
-0.307522523262 0.113769294248 0.944715007488 0.773630310448
0.000000000000 0.000000000000 0.000000000000 1.000000000000
16 44 55
1.000000000000 0.000000000000 0.000000000000 0.000000000000
0.000000000000 1.000000000000 0.000000000000 0.000000000000
0.000000000000 0.000000000000 1.000000000000 0.000000000000
0.000000000000 0.000000000000 0.000000000000 1.000000000000
16 48 55
0.695611495449 -0.705552357479 0.135353308992 -0.507338775963
0.649816465907 0.698265375578 0.300273252064 -0.634859501545
-0.306371030021 -0.120918717014 0.944200961575 0.008106243732
0.000000000000 0.000000000000 0.000000000000 1.000000000000
16 54 55
0.996692405575 0.024289242996 0.077551797818 0.018156423686
-0.021990033444 0.999296952787 -0.030365088182 0.649953557513
-0.078234820248 0.028559286158 0.996525805022 0.388254679566
0.000000000000 0.000000000000 0.000000000000 1.000000000000
17 21 55
0.935045183714 0.230650795360 -0.269240998015 -0.264670190791
-0.220440839999 0.973027407229 0.067996329624 0.017678084004
0.277662277728 -0.004227928761 0.960669445827 -0.048449795477
0.000000000000 0.000000000000 0.000000000000 1.000000000000
17 22 55
0.994467133747 -0.073369898500 0.075179637474 0.097302834074
0.058832835430 0.981900140365 0.180030030346 0.011296564488
-0.087027681642 -0.174610917028 0.980783977379 0.127734684381
0.000000000000 0.000000000000 0.000000000000 1.000000000000
17 39 55
0.812279863929 0.154875910356 -0.562329863200 1.542685630351
0.333325306188 0.667898548702 0.665436525069 -0.657799677239
0.478639387127 -0.727959463867 0.490896482018 1.931060631062
0.000000000000 0.000000000000 0.000000000000 1.000000000000
18 20 55
0.993817434073 -0.005359021185 -0.110897198451 -0.158305739476
-0.018129444461 0.977595421534 -0.209710550616 -0.053560631190
0.109536436750 0.210424505911 0.971454217313 0.072014660712
0.000000000000 0.000000000000 0.000000000000 1.000000000000
18 35 55
1.000000000000 0.000000000000 0.000000000000 0.000000000000
0.000000000000 1.000000000000 0.000000000000 0.000000000000
0.000000000000 0.000000000000 1.000000000000 0.000000000000
0.000000000000 0.000000000000 0.000000000000 1.000000000000
18 37 55
0.663190432277 0.705507750327 -0.249874498028 -0.058001994075
-0.715058260484 0.695857675157 0.066886321756 -0.030530459864
0.221065905668 0.134316455260 0.965965297098 0.906056715763
0.000000000000 0.000000000000 0.000000000000 1.000000000000
18 38 55
0.865896810961 -0.369539313108 -0.337140043357 0.294116504031
0.376282011474 0.925273136807 -0.047764737453 -0.422771459341
0.329597573730 -0.085500399826 0.940242054484 1.418261690357
0.000000000000 0.000000000000 0.000000000000 1.000000000000
19 27 55
0.954214210093 -0.225479745019 -0.196555655838 0.635571611273
0.251653907286 0.960344755513 0.120034418006 -0.392052341767
0.161695863284 -0.164002546153 0.973117471147 0.033390547336
0.000000000000 0.000000000000 0.000000000000 1.000000000000
19 28 55
0.521383601882 0.800644104028 -0.295174792917 0.903277038224
-0.829578669624 0.394552947248 -0.395129349358 0.492263474113
-0.199895899393 0.450884675392 0.869910707431 1.034764238320
0.000000000000 0.000000000000 0.000000000000 1.000000000000
19 32 55
0.185334859182 -0.972242382327 0.142813654734 0.374347539528
0.969715305395 0.157423384743 -0.186735386091 -0.297333474662
0.159069847723 0.173097163301 0.971974359540 0.712766391170
0.000000000000 0.000000000000 0.000000000000 1.000000000000
19 37 55
0.602081302202 0.149505420148 -0.784312587484 2.035788450821
-0.305754128962 0.950605675498 -0.053509460230 0.432502513456
0.737572042693 0.272023857515 0.618053802496 0.834886124992
0.000000000000 0.000000000000 0.000000000000 1.000000000000
19 38 55
0.486818324329 0.441468072754 -0.753733281630 1.258374556456
-0.619791929212 0.782614361958 0.058075166293 -0.131439791561
0.615520823028 0.438885749593 0.654609360782 0.887093340754
0.000000000000 0.000000000000 0.000000000000 1.000000000000
19 39 55
0.426999912650 -0.730487392409 0.532972085693 -0.360817013211
0.546892389194 0.678013526171 0.491127654455 -0.640322330915
-0.720124842814 0.081766911766 0.689009711762 1.335568045386
0.000000000000 0.000000000000 0.000000000000 1.000000000000
19 40 55
-0.685333355351 0.728080259370 -0.014742047326 0.488536655834
-0.655027072402 -0.625162342676 -0.424395546300 0.473577895333
-0.318210192268 -0.281195983641 0.905356886714 1.022645238467
0.000000000000 0.000000000000 0.000000000000 1.000000000000
20 31 55
0.991965480345 0.082062704766 0.096281868964 -1.112599857163
-0.119178093907 0.861483699365 0.493601476559 -1.159336517629
-0.042438988414 -0.501110315414 0.864342168385 1.594854435147
0.000000000000 0.000000000000 0.000000000000 1.000000000000
20 36 55
0.689423717984 -0.150455408597 -0.708560588168 1.150530490072
-0.105181270769 0.947029926191 -0.303432396389 1.018377420204
0.716681126695 0.283720793956 0.637079801686 1.146627279738
0.000000000000 0.000000000000 0.000000000000 1.000000000000
20 38 55
0.903588882232 -0.425574806565 -0.049124494125 0.213773409279
0.394246287423 0.870931889437 -0.293338556645 0.808096431479
0.167621587988 0.245690309084 0.954745659986 1.473788283334
0.000000000000 0.000000000000 0.000000000000 1.000000000000
20 39 55
0.418894558330 0.011704919026 -0.907959439552 0.829881440280
-0.056790747008 0.998297092794 -0.013331375525 -0.023706478231
0.906257226209 0.057148135487 0.418845950864 2.249949209307
0.000000000000 0.000000000000 0.000000000000 1.000000000000
22 25 55
0.995740492039 -0.081810235106 -0.042520088738 0.012364226167
0.090011754398 0.962441825945 0.256132027949 -0.233768964034
0.019968890420 -0.258868339322 0.965706180115 0.363314648322
0.000000000000 0.000000000000 0.000000000000 1.000000000000
22 29 55
1.000000000000 0.000000000000 0.000000000000 0.000000000000
0.000000000000 1.000000000000 0.000000000000 0.000000000000
0.000000000000 0.000000000000 1.000000000000 0.000000000000
0.000000000000 0.000000000000 0.000000000000 1.000000000000
22 30 55
-0.611197988404 -0.378834050880 0.694925737662 -0.977685097487
0.503246998706 0.491663174867 0.710640401872 -1.214446886668
-0.610884176636 0.784061275905 -0.109856444338 2.497421531751
0.000000000000 0.000000000000 0.000000000000 1.000000000000
22 31 55
0.986656892349 -0.139947301848 0.083204143436 0.390378666495
0.078093291627 0.855202090686 0.512377616500 -0.677029185255
-0.142862222376 -0.499043221367 0.854719982582 1.060360472561
0.000000000000 0.000000000000 0.000000000000 1.000000000000
22 32 55
0.874922136599 0.369706212735 -0.312775592326 0.663369344857
-0.236505071713 0.889827822271 0.390220191386 -0.629098787244
0.422583253269 -0.267439269699 0.865967453822 0.972560229942
0.000000000000 0.000000000000 0.000000000000 1.000000000000
22 34 55
0.934037594453 -0.000110132193 -0.357174691181 0.912423801766
-0.040865518918 0.993400244392 -0.107172588872 0.210777744026
0.354829228662 0.114699356201 0.927868673991 0.127042234028
0.000000000000 0.000000000000 0.000000000000 1.000000000000
22 35 55
1.000000000000 0.000000000000 0.000000000000 0.000000000000
0.000000000000 1.000000000000 0.000000000000 0.000000000000
0.000000000000 0.000000000000 1.000000000000 0.000000000000
0.000000000000 0.000000000000 0.000000000000 1.000000000000
22 40 55
0.496842604299 -0.102263630589 -0.861794393352 2.112421483834
0.714694754875 0.611532137183 0.339469958237 -0.756935983684
0.492299536774 -0.784583070841 0.376922500047 2.167502551033
0.000000000000 0.000000000000 0.000000000000 1.000000000000
23 28 55
0.382449837974 -0.923854801676 0.014980882950 -0.153807401899
0.674516566584 0.290238241030 0.678814529049 -1.200336593333
-0.631474087226 -0.249507652917 0.734156937104 1.703996712745
0.000000000000 0.000000000000 0.000000000000 1.000000000000
23 31 55
0.938969644803 -0.069455795997 0.336915269082 -0.398620793092
0.137241455000 -0.822448202846 -0.552035992182 -0.266384568151
0.315437456824 0.564583781238 -0.762721682395 3.965351896622
0.000000000000 0.000000000000 0.000000000000 1.000000000000
23 37 55
0.369537466174 0.860909318215 -0.349681579304 0.667246772938
0.845156452755 -0.154994273735 0.511553853935 -1.513044604969
0.386202837198 -0.484573958153 -0.784879256714 4.661902706516
0.000000000000 0.000000000000 0.000000000000 1.000000000000
23 39 55
0.247518002724 0.675302134892 -0.694767489840 0.717582672496
0.113156078987 -0.732321781675 -0.671491258225 1.014368972284
-0.962252846250 0.087589010125 -0.257677366467 3.352366576219
0.000000000000 0.000000000000 0.000000000000 1.000000000000
23 40 55
-0.111504081413 -0.833956379095 -0.540447590054 0.825847906035
0.951839964764 0.066669739423 -0.299258796568 0.344852123456
0.285600282399 -0.547788192290 0.786359062440 1.760515380927
0.000000000000 0.000000000000 0.000000000000 1.000000000000
23 41 55
0.287805299341 0.801092096187 -0.524804309336 0.540356297570
0.899310856036 -0.414468884953 -0.139483072885 -0.034010751475
-0.329253844149 -0.431818245136 -0.839717160287 4.531786056065
0.000000000000 0.000000000000 0.000000000000 1.000000000000
23 47 55
1.000000000000 0.000000000000 0.000000000000 0.000000000000
0.000000000000 1.000000000000 0.000000000000 0.000000000000
0.000000000000 0.000000000000 1.000000000000 0.000000000000
0.000000000000 0.000000000000 0.000000000000 1.000000000000
24 28 55
0.848513431958 -0.404971470557 0.340621584492 -1.023838889684
0.199931725980 0.841315260362 0.502211048892 -0.788527604205
-0.489951284041 -0.358031759369 0.794833944009 1.785846707957
0.000000000000 0.000000000000 0.000000000000 1.000000000000
24 31 55
-0.532548325823 0.763199621377 0.365948928941 -0.225557999016
0.013915609314 0.440196021157 -0.897793862073 1.847383418546
-0.846285198075 -0.473026215857 -0.245046041861 1.982322781377
0.000000000000 0.000000000000 0.000000000000 1.000000000000
24 38 55
0.279494748767 -0.338545300503 -0.898481922422 2.391478647454
-0.094906813908 0.921451228103 -0.376723148879 0.911566350528
0.955445122488 0.190564198461 0.225410523666 1.685718401444
0.000000000000 0.000000000000 0.000000000000 1.000000000000
24 39 55
0.651488762914 0.733905843815 -0.192209792185 0.589424709281
-0.700967530495 0.679215422215 0.217510761612 0.098860873970
0.290184274192 -0.006972993638 0.956945382125 0.773198283631
0.000000000000 0.000000000000 0.000000000000 1.000000000000
24 40 55
0.819953631714 0.248449546883 -0.515702302198 0.375765441750
0.210227061007 0.707247326842 0.674985778736 -0.704158255426
0.532428985556 -0.661871619975 0.527679196114 1.757708822400
0.000000000000 0.000000000000 0.000000000000 1.000000000000
24 41 55
0.956908909267 -0.233385400647 -0.172790607759 0.166785695412
0.288311522592 0.692532722071 0.661267642337 -0.955530158124
-0.034667063702 -0.682590421575 0.729978431920 1.434884105466
0.000000000000 0.000000000000 0.000000000000 1.000000000000
25 30 55
0.975742892290 -0.193105056154 0.103132174575 1.203642117843
0.205408007962 0.970504618636 -0.126207509564 0.577558718302
-0.075718943533 0.144330254947 0.986628308482 -0.412903142941
0.000000000000 0.000000000000 0.000000000000 1.000000000000
25 31 55
0.974557283437 0.189696465742 -0.119387403793 0.502682405359
-0.180607900070 0.980053378015 0.082922630647 -0.256754592669
0.132736158344 -0.059250545365 0.989378838030 0.314853127426
0.000000000000 0.000000000000 0.000000000000 1.000000000000
25 32 55
0.995176688788 0.008602931430 0.097720763724 -0.263484786681
-0.007788512789 0.999931712890 -0.008712555656 -0.158782220998
-0.097789044175 0.007909432870 0.995175735090 0.312093915636
0.000000000000 0.000000000000 0.000000000000 1.000000000000
25 33 55
0.992020075294 0.049451902280 0.115977064864 -0.293281044442
-0.025706270996 0.979878376005 -0.197933210627 -0.057942469098
-0.123431591762 0.193372380651 0.973330244345 0.101949706179
0.000000000000 0.000000000000 0.000000000000 1.000000000000
25 35 55
0.722974428459 0.488061553726 -0.488982510493 1.766503274313
-0.617948319701 0.773329106537 -0.141781406262 0.635951929325
0.308946354523 0.404670251881 0.860693985845 -0.534176075629
0.000000000000 0.000000000000 0.000000000000 1.000000000000
25 38 55
-0.697844676314 0.548728351687 0.460336837321 -0.865113808983
-0.540249810877 -0.825230046798 0.164698244405 -0.345396257778
0.470258385983 -0.133763096246 0.872332783114 0.360481901368
0.000000000000 0.000000000000 0.000000000000 1.000000000000
25 39 55
0.122884481728 -0.992069315751 -0.026417359761 0.245946807690
0.962506882114 0.112651841033 0.246759122618 -0.625901318357
-0.241826189718 -0.055749757471 0.968716707045 0.684325711435
0.000000000000 0.000000000000 0.000000000000 1.000000000000
25 43 55
0.733334735346 -0.368358827594 0.571429733273 -1.005449462313
-0.065261965070 0.798479599201 0.598474064246 -1.423859203491
-0.676728189047 -0.476174446808 0.561513004619 0.135655121487
0.000000000000 0.000000000000 0.000000000000 1.000000000000
26 28 55
0.988619359373 0.148188343854 0.025922519518 -0.005617325052
-0.149605769978 0.986546844233 0.065904762529 -0.556854475414
-0.015807462214 -0.069032882603 0.997489140421 1.116277171035
0.000000000000 0.000000000000 0.000000000000 1.000000000000
26 29 55
0.942120788835 0.156390102949 -0.296564588149 0.023732101421
-0.173093173542 0.984425209170 -0.030753224612 -0.041312688430
0.287136156758 0.080306557953 0.954517513843 0.298296130102
0.000000000000 0.000000000000 0.000000000000 1.000000000000
26 31 55
-0.804718043632 0.254797375986 0.536196948372 -1.234829509993
-0.488238847744 0.229758294669 -0.841922771746 1.299622691557
-0.337715409488 -0.939302626006 -0.060488668135 2.220360569235
0.000000000000 0.000000000000 0.000000000000 1.000000000000
26 33 55
0.775290994312 -0.251532243991 0.579357751628 -1.231627518225
0.224540750448 0.967121531186 0.119404335366 -0.393749923125
-0.590343396276 0.037516318437 0.806279852362 0.914373626082
0.000000000000 0.000000000000 0.000000000000 1.000000000000
26 40 55
0.721635684385 0.340890475937 0.602524374974 -0.319946726681
0.215705875932 0.716303527883 -0.663611506102 0.778263620205
-0.657809177581 0.608853791446 0.443378107863 2.006112110786
0.000000000000 0.000000000000 0.000000000000 1.000000000000
26 41 55
0.995924852827 0.074532721359 -0.050779532963 0.338157140352
0.076225948757 -0.394725532520 0.915631671969 -1.955820543552
0.048200542085 -0.915771056227 -0.398798295281 3.323201092717
0.000000000000 0.000000000000 0.000000000000 1.000000000000
26 50 55
0.957910223323 -0.155323166909 0.241418139075 -0.668331015181
0.066037868802 0.937654265471 0.341238154854 -1.066607853085
-0.279368938748 -0.310932777728 0.908445817755 0.164029172699
0.000000000000 0.000000000000 0.000000000000 1.000000000000
26 52 55
0.704215167777 0.194470074855 -0.682834084869 1.871890277504
-0.408677457790 0.897479101978 -0.165873436713 -0.107175823240
0.580571901634 0.395869487961 0.711493932184 0.260211525452
0.000000000000 0.000000000000 0.000000000000 1.000000000000
27 29 55
0.980381788942 0.183008544653 0.073208063042 -0.527818825327
-0.178485622776 0.981844171727 -0.064225422604 0.324416992319
-0.083632711142 0.049898847984 0.995246539606 0.194008693462
0.000000000000 0.000000000000 0.000000000000 1.000000000000
27 32 55
0.481720489475 -0.652590641414 0.584868211445 -0.840978088322
0.548330594291 0.745078667979 0.379725345331 -0.818293401407
-0.683578034597 0.137779654744 0.716755074872 1.620087877355
0.000000000000 0.000000000000 0.000000000000 1.000000000000
27 34 55
0.862793560840 0.196414891751 -0.465841670174 1.504506467732
-0.335048321893 0.912180896061 -0.235942015881 0.214241227597
0.378589346613 0.359648721894 0.852832283319 0.577189353439
0.000000000000 0.000000000000 0.000000000000 1.000000000000
27 35 55
0.972196106440 0.230593050400 0.040762430372 0.716577877965
-0.233312728604 0.938990445393 0.252709544994 -0.794110815787
0.019997532195 -0.255193629558 0.966683148782 -0.523427287097
0.000000000000 0.000000000000 0.000000000000 1.000000000000
27 38 55
0.941699552903 0.242029558372 -0.233717018926 0.501623961785
-0.228123490494 0.969894706269 0.085228703124 -0.872038110761
0.247308764799 -0.026943489481 0.968562038915 1.147042581239
0.000000000000 0.000000000000 0.000000000000 1.000000000000
27 39 55
0.954784796604 0.249395364257 -0.161826896594 0.037115756594
-0.243173460079 0.968276889718 0.057502462129 -0.563274553107
0.171034091595 -0.015550470229 0.985142386860 1.034555658933
0.000000000000 0.000000000000 0.000000000000 1.000000000000
27 40 55
0.750391916838 0.421984388129 0.508764333772 -0.696709678097
0.207163901110 -0.881059947039 0.425225220091 -0.478729136715
0.627690281286 -0.213687963862 -0.748560194560 3.734397085080
0.000000000000 0.000000000000 0.000000000000 1.000000000000
27 41 55
0.532069574909 0.846215328454 -0.028663310099 0.018184949475
-0.638340018788 0.423145579230 0.643016204455 -1.416154621625
0.556258921609 -0.323832420657 0.765315997129 1.289815537956
0.000000000000 0.000000000000 0.000000000000 1.000000000000
27 48 55
0.864454889194 0.152065189762 -0.479159600354 1.409896413090
-0.292612104692 0.927250699288 -0.233632824870 0.675469924756
0.408773654651 0.342172936878 0.846062515735 -0.186191370185
0.000000000000 0.000000000000 0.000000000000 1.000000000000
27 49 55
0.998828091786 0.028348750778 0.039227431587 -0.307781976018
-0.032685021946 0.992859353693 0.114725730001 0.161793526537
-0.035694991245 -0.115873431438 0.992622393202 -0.682847996594
0.000000000000 0.000000000000 0.000000000000 1.000000000000
28 31 55
0.703423484118 0.351428943265 0.617813159318 -0.882354966242
0.051504270827 -0.892132632866 0.448828113494 -0.811044659705
0.708902470075 -0.283896219086 -0.645647136376 2.430355601941
0.000000000000 0.000000000000 0.000000000000 1.000000000000
28 33 55
0.997271496194 -0.073675822022 -0.004629916647 -0.196469017448
0.073715902195 0.997237012140 0.009181905079 -0.020505410789
0.003940639840 -0.009498150699 0.999947126848 -0.198812211259
0.000000000000 0.000000000000 0.000000000000 1.000000000000
28 34 55
0.991619503596 -0.129192357256 0.000308081534 0.562813332183
0.105582593545 0.809023254638 -0.578215953944 1.153458067955
0.074451836968 0.573402745268 0.815883702307 -0.178207007221
0.000000000000 0.000000000000 0.000000000000 1.000000000000
28 35 55
0.782963041859 0.588833940453 -0.200607740761 1.620843676442
-0.460630368789 0.765530150568 0.449202907293 -1.687826305196
0.418077191955 -0.259303257098 0.870616610470 -0.486745992847
0.000000000000 0.000000000000 0.000000000000 1.000000000000
28 36 55
0.587309791116 0.115958155431 -0.801012431519 1.363426685061
0.220082972136 0.929510975780 0.295927070881 -1.064779859383
0.778865004115 -0.350090062832 0.520390481535 0.265332446413
0.000000000000 0.000000000000 0.000000000000 1.000000000000
28 37 55
0.971780440061 -0.116506222326 0.205107475421 -0.431270885149
0.142476839386 0.982890179386 -0.116735793593 0.167993278448
-0.187997676989 0.142664625702 0.971752889381 -0.198853619252
0.000000000000 0.000000000000 0.000000000000 1.000000000000
28 38 55
0.970862119551 0.158583699985 -0.179660666033 0.586892367876
-0.132699465202 0.980046988250 0.147982271764 -0.717756857313
0.199543470842 -0.119829507720 0.972534468450 0.407666437810
0.000000000000 0.000000000000 0.000000000000 1.000000000000
28 39 55
0.930247477167 0.018827929428 -0.366449369351 0.647867646030
0.160538657070 0.877142747261 0.452601304145 -0.903056040220
0.329949951978 -0.479860510983 0.812937217249 0.553046341591
0.000000000000 0.000000000000 0.000000000000 1.000000000000
28 40 55
0.873592293777 0.043338753781 -0.484724928876 1.193397905274
0.175872185325 0.900596442545 0.397485876610 -0.689479213913
0.453768089096 -0.432490231215 0.779132030674 0.514970323405
0.000000000000 0.000000000000 0.000000000000 1.000000000000
28 41 55
0.747978919514 0.598407220030 -0.287117284363 0.898378033545
-0.329005862215 0.709983977718 0.622637851412 -1.026253983811
0.576439657372 -0.371256717649 0.727932531907 0.611720469566
0.000000000000 0.000000000000 0.000000000000 1.000000000000
28 44 55
0.983176378952 -0.063032898617 0.171438214999 0.034454523395
0.077933781332 0.993612028701 -0.081617780837 0.421361519292
-0.165198467297 0.093605502581 0.981808268599 -1.123311941346
0.000000000000 0.000000000000 0.000000000000 1.000000000000
28 48 55
0.592063006257 -0.759284331248 0.270090171874 -0.814163011470
0.791416460160 0.611038316130 -0.017092770693 -0.134945197209
-0.152057170860 0.223873804950 0.962683300077 -0.876892591901
0.000000000000 0.000000000000 0.000000000000 1.000000000000
28 49 55
0.981348433448 -0.175141206328 0.079251561594 -0.413478995417
0.185395251604 0.971261396856 -0.149264529143 1.093636789463
-0.050831612720 0.161173375046 0.985616198286 -1.154010402164
0.000000000000 0.000000000000 0.000000000000 1.000000000000
28 51 55
0.973039735808 0.157890875837 0.168119433338 -0.774030169337
-0.193548135154 0.955431024334 0.222914057695 -0.549239676487
-0.125430426599 -0.249443438613 0.960231836077 -1.223053009021
0.000000000000 0.000000000000 0.000000000000 1.000000000000
29 31 55
0.902699323246 -0.424003787064 -0.073175954836 0.248914698944
0.430216423875 0.886702581267 0.169329149889 -0.180673939992
-0.006910892773 -0.184334806614 0.982839213011 0.250589582327
0.000000000000 0.000000000000 0.000000000000 1.000000000000
29 33 55
0.464326791159 -0.385994779707 0.797125248033 -0.648441278410
0.442960249647 0.880586664683 0.168384510024 -0.699826975215
-0.766933405352 0.274909359648 0.579860324330 1.520941024820
0.000000000000 0.000000000000 0.000000000000 1.000000000000
29 51 55
0.978973426718 -0.043688204242 0.199254537189 -0.527259949539
-0.063065207344 0.864121419198 0.499316485314 -1.420640401044
-0.193994354049 -0.501383599347 0.843196701193 -0.004887279394
0.000000000000 0.000000000000 0.000000000000 1.000000000000
30 35 55
-0.387199301503 -0.092662470581 0.917327840775 -2.164321742507
0.746808230918 0.551953225686 0.370978574702 -1.225007959484
-0.540697851992 0.828710626938 -0.144514807721 2.494282537109
0.000000000000 0.000000000000 0.000000000000 1.000000000000
31 33 55
0.922088973887 -0.025579228625 -0.386131619139 1.339908046233
-0.071700699088 0.969242897735 -0.235429851421 0.788666110201
0.380277443436 0.244773177152 0.891894140445 -0.378733680137
0.000000000000 0.000000000000 0.000000000000 1.000000000000
31 34 55
0.792123941106 -0.607564272766 0.058355088764 -0.059919525766
0.571916332719 0.705436543801 -0.418653784218 0.803142044779
0.213193269818 0.364999913876 0.906269106047 -0.702239979068
0.000000000000 0.000000000000 0.000000000000 1.000000000000
31 38 55
0.942576428210 0.195799533582 -0.270577566755 0.455073936575
-0.320508041491 0.758129463998 -0.567903434712 0.941733294048
0.093937598018 0.622014677051 0.777350287330 0.055868489653
0.000000000000 0.000000000000 0.000000000000 1.000000000000
31 40 55
0.970057635854 0.217309981789 -0.108464533083 0.617435778800
-0.207300148413 0.973511801329 0.096443875602 -0.323579364867
0.126549719833 -0.071071404154 0.989410947949 -0.317190838223
0.000000000000 0.000000000000 0.000000000000 1.000000000000
31 41 55
0.432005566525 0.901602652315 -0.021996541324 -0.043075496493
-0.853954402541 0.401087156868 -0.331498070848 0.397235837571
-0.290057009693 0.161993055203 0.943199438716 -0.045232810896
0.000000000000 0.000000000000 0.000000000000 1.000000000000
31 53 55
0.520679123705 0.113130676157 -0.846223788516 1.894500648578
-0.740843149031 0.552489827204 -0.381976988010 0.250059301154
0.424316719764 0.825806539662 0.371482005461 0.163516379978
0.000000000000 0.000000000000 0.000000000000 1.000000000000
32 35 55
0.976183560353 -0.016930092916 0.216284600585 -0.520121094383
0.100324262911 0.919175818417 -0.380855428095 0.683789038936
-0.192355656968 0.393483400910 0.898982822105 -0.174640644665
0.000000000000 0.000000000000 0.000000000000 1.000000000000
32 38 55
-0.484635303914 0.792253712989 0.370759593883 -0.293572926880
-0.599609593715 -0.609500609271 0.518630255985 -0.486775982930
0.636864944337 0.029035522274 0.770428439974 0.181430056326
0.000000000000 0.000000000000 0.000000000000 1.000000000000
32 39 55
0.739009844130 -0.191458950560 -0.645916341742 1.472743547756
0.533120645045 0.752366961045 0.386944871724 -0.360109707986
0.411882056061 -0.630307406095 0.658077309833 0.603705175274
0.000000000000 0.000000000000 0.000000000000 1.000000000000
33 37 55
-0.936029630260 0.259656066485 -0.237544224119 1.024539919940
0.168496319432 -0.261931423983 -0.950263605253 1.674704677413
-0.308962006746 -0.929500218541 0.201424482423 1.885195886473
0.000000000000 0.000000000000 0.000000000000 1.000000000000
33 38 55
0.933508826351 0.335158860987 0.127396267709 -0.578299822161
-0.345893755407 0.935369502570 0.073765870371 -0.364027612258
-0.094439298463 -0.112926664537 0.989105043634 0.604994613049
0.000000000000 0.000000000000 0.000000000000 1.000000000000
33 53 55
0.654499638486 0.232892590096 -0.719299148269 1.734198782119
-0.415647430053 0.905544465754 -0.085008437418 -0.282857668442
0.631559527767 0.354612833975 0.689479732021 0.229194393128
0.000000000000 0.000000000000 0.000000000000 1.000000000000
34 37 55
-0.577201464586 0.660438873576 -0.480269677940 0.549467190927
-0.686080273532 -0.073243972477 0.723829523276 -1.203723762106
0.442868295941 0.747299012956 0.495390611220 1.468377866479
0.000000000000 0.000000000000 0.000000000000 1.000000000000
34 38 55
0.935871659813 0.347258653341 0.059629389059 -0.107883456339
-0.311059482035 0.893791120687 -0.323078057467 0.755797763353
-0.165487869633 0.283811311016 0.944491876484 0.541467706089
0.000000000000 0.000000000000 0.000000000000 1.000000000000
34 39 55
0.983620943654 0.176560808260 0.036278370855 -0.459750532929
-0.104804232270 0.723962381086 -0.681831756132 1.113386267176
-0.146648941706 0.666861868575 0.730608880412 1.099768590116
0.000000000000 0.000000000000 0.000000000000 1.000000000000
35 37 55
-0.975961422406 0.085764146664 0.200359210225 -0.811066543637
0.175346274774 -0.236976907177 0.955560374538 -2.254850680552
0.129433326072 0.967722303459 0.216241895780 2.720162046297
0.000000000000 0.000000000000 0.000000000000 1.000000000000
36 38 55
0.422282106371 0.795650229325 -0.434302354604 -0.136974254112
-0.905016446464 0.342996130162 -0.251592699265 -0.022722491795
-0.051215761917 0.499293868648 0.864917671494 1.424330837691
0.000000000000 0.000000000000 0.000000000000 1.000000000000
36 47 55
0.869849995008 0.493125928710 -0.013704182495 0.605491959723
-0.456375872838 0.793856067000 -0.401887555888 1.213708363904
-0.187302025817 0.355836146731 0.915586472052 -0.053533426385
0.000000000000 0.000000000000 0.000000000000 1.000000000000
37 39 55
0.858725166849 0.487413506167 -0.158174466419 0.470667283321
-0.365968092028 0.799391492365 0.476487772721 -0.774479149716
0.358689898712 -0.351285234448 0.864835383539 0.855908341997
0.000000000000 0.000000000000 0.000000000000 1.000000000000
37 41 55
0.717584121121 0.589096446449 -0.371535201421 0.903565949728
-0.397903341170 0.784582924128 0.475502435591 -0.650771652319
0.571616969832 -0.193377899327 0.797407692370 0.723705975405
0.000000000000 0.000000000000 0.000000000000 1.000000000000
37 44 55
0.771891164959 0.130658512879 -0.622183560109 2.579022126961
-0.034507873364 0.985821394611 0.164211402170 -0.327321575056
0.634817482536 -0.105283099019 0.765455572145 0.207883240664
0.000000000000 0.000000000000 0.000000000000 1.000000000000
37 48 55
0.732902754806 -0.667077258002 -0.133646862494 0.148867314615
0.612297188012 0.732386340690 -0.297829483971 0.550516500694
0.296556412086 0.136448451173 0.945217495936 -0.908651494137
0.000000000000 0.000000000000 0.000000000000 1.000000000000
37 53 55
0.433387336932 -0.629207771293 0.645192216887 -1.221860666208
-0.886346061925 -0.168113644269 0.431426078397 -0.378185569204
-0.162991026431 -0.758838179822 -0.630554154810 3.745892673778
0.000000000000 0.000000000000 0.000000000000 1.000000000000
38 40 55
0.849600915873 0.445105149348 -0.282948210406 0.461353184557
-0.217567508032 0.784465462031 0.580756677386 -0.702765854281
0.480460886230 -0.431851067967 0.763322993168 0.420367809924
0.000000000000 0.000000000000 0.000000000000 1.000000000000
38 41 55
0.832460914708 0.514630045685 -0.205340550210 0.310476300320
-0.344549497335 0.771025015373 0.535542780322 -0.609368992442
0.433929106386 -0.375068449415 0.819163713115 0.181655610294
0.000000000000 0.000000000000 0.000000000000 1.000000000000
38 42 55
0.830503625267 -0.447810344861 0.331254620276 -0.956901377293
0.261328764367 0.838435913207 0.478259862794 -0.791429072933
-0.491905484146 -0.310630189262 0.813349789565 0.354681844428
0.000000000000 0.000000000000 0.000000000000 1.000000000000
38 43 55
0.785324251308 -0.227104228423 -0.575924899392 1.080542349955
0.618374137969 0.332314218422 0.712166192490 -1.210511487762
0.029652079157 -0.915418445121 0.401409796261 0.794986032576
0.000000000000 0.000000000000 0.000000000000 1.000000000000
38 45 55
0.819824185717 -0.467498057519 0.330656726424 -0.779126753728
0.490300373042 0.274817448480 -0.827091841458 2.859664835973
0.295793591393 0.840191011751 0.454516462919 0.781427214661
0.000000000000 0.000000000000 0.000000000000 1.000000000000
38 47 55
0.397026131718 0.413882759393 -0.819189423888 1.826865069158
0.399877788832 0.725377993042 0.560289676158 -1.601159394670
0.826116217449 -0.550025298226 0.122491495949 1.062638581295
0.000000000000 0.000000000000 0.000000000000 1.000000000000
38 48 55
0.608361523448 -0.711038387978 0.352591360657 -1.331539156229
0.741269599893 0.667786838751 0.067676571024 -0.686600165674
-0.283576510069 0.220193434990 0.933326959926 -0.634173720861
0.000000000000 0.000000000000 0.000000000000 1.000000000000
38 49 55
0.228285204240 0.535576300041 -0.813046057957 1.693256877568
-0.931529061740 -0.122664474404 -0.342355128272 0.613310187818
-0.283089160265 0.835530641900 0.470902403675 -0.215844798056
0.000000000000 0.000000000000 0.000000000000 1.000000000000
38 52 55
0.737527738649 -0.664526813130 0.120237054828 -0.761613680515
0.348459006520 0.221966577064 -0.910663032873 2.165097496852
0.578471395574 0.713536931978 0.395266860747 -0.085880865058
0.000000000000 0.000000000000 0.000000000000 1.000000000000
39 41 55
0.999157666683 0.027849535533 -0.030139019209 0.209835729248
-0.015345778064 0.934741454412 0.354997071115 -0.282415270070
0.038058694196 -0.354235538555 0.934381463333 -0.132775267361
0.000000000000 0.000000000000 0.000000000000 1.000000000000
39 42 55
0.775224772377 0.598191881295 -0.202960649994 -0.297524494525
-0.344709462900 0.669851694348 0.657627625458 -0.621931684677
0.529341041749 -0.439846769605 0.725488029390 -0.004007789805
0.000000000000 0.000000000000 0.000000000000 1.000000000000
39 49 55
0.950460482976 -0.107277311215 -0.291747234433 0.681097519704
0.199079778845 0.930895101459 0.306270389909 -1.125154171766
0.238730207464 -0.349178877623 0.906135751125 -0.911115369034
0.000000000000 0.000000000000 0.000000000000 1.000000000000
39 50 55
-0.514101103276 -0.635520482932 0.576032786727 -1.737339963503
0.606851048025 0.205107349844 0.767895032248 -1.711183341608
-0.606161580044 0.744341783600 0.280220356264 0.697350792752
0.000000000000 0.000000000000 0.000000000000 1.000000000000
39 54 55
0.918211425210 0.250619251540 -0.306720995973 0.142016421639
0.350097451422 -0.151338902839 0.924407005055 -1.979034017376
0.185255372717 -0.956183312574 -0.226702270907 2.269496310163
0.000000000000 0.000000000000 0.000000000000 1.000000000000
40 42 55
0.487936905713 0.844751645150 -0.219800441447 -0.274679152544
-0.700955974081 0.529266957644 0.478055655700 -0.442122996788
0.520171412559 -0.079190564863 0.850382593891 0.019843824584
0.000000000000 0.000000000000 0.000000000000 1.000000000000
40 47 55
-0.339525246654 -0.178181014022 0.923565987424 -2.445652215295
0.714624139309 0.589569614032 0.376457181797 -1.189255999246
-0.611583965127 0.787819266362 -0.072841314838 1.973231091396
0.000000000000 0.000000000000 0.000000000000 1.000000000000
40 54 55
0.431780065433 0.836994147003 -0.336164800326 0.647116473720
-0.888511260963 0.458853144440 0.001237327148 -0.394362858870
0.155285911260 0.298151957432 0.941802365703 -0.449472046853
0.000000000000 0.000000000000 0.000000000000 1.000000000000
41 43 55
0.697996865545 -0.679274421612 0.226686205653 -0.550455172393
0.675351922496 0.729686707763 0.107037793773 -0.230994823336
-0.238117946554 0.078380920243 0.968068321386 0.094589877398
0.000000000000 0.000000000000 0.000000000000 1.000000000000
41 45 55
0.387819032620 -0.240991637985 0.889673776369 -2.535241655388
0.703996413128 -0.545588490337 -0.454667185438 1.055161627045
0.594966762298 0.802655735439 -0.041932351796 1.841243994623
0.000000000000 0.000000000000 0.000000000000 1.000000000000
41 47 55
0.352991401317 -0.654189956295 0.668904007821 -1.871192788057
-0.058179891026 -0.728890160001 -0.682154113771 1.811170260513
0.933815919160 0.201877774252 -0.295352659352 2.985154046107
0.000000000000 0.000000000000 0.000000000000 1.000000000000
41 48 55
0.972218782590 -0.193615540761 0.131543381269 -1.099850604909
0.210308232939 0.475799943234 -0.854040315896 2.288552170224
0.102767144253 0.857978692273 0.503300583814 0.204094608790
0.000000000000 0.000000000000 0.000000000000 1.000000000000
41 49 55
0.024123217532 -0.512460307870 0.858372007485 -2.754846316990
0.998436439208 -0.030959129021 -0.046542552479 -0.030971694150
0.050425660500 0.858152646787 0.510912211221 0.333144463146
0.000000000000 0.000000000000 0.000000000000 1.000000000000
41 54 55
0.584585230540 -0.056540419935 0.809359802034 -2.440632051339
0.429853036295 -0.824469739760 -0.368070666324 0.248291037668
0.688103535395 0.563074443687 -0.457668761708 2.958925269054
0.000000000000 0.000000000000 0.000000000000 1.000000000000
43 45 55
0.995845552720 -0.058041959044 -0.070162426688 -0.077919751189
0.021013477331 0.896208090593 -0.443135974760 0.339095418978
0.088600614552 0.439820633153 0.893704504719 0.141404891643
0.000000000000 0.000000000000 0.000000000000 1.000000000000
44 49 55
-0.658804281781 0.514559310352 0.548822042594 -1.765897964000
-0.079798674761 -0.773191780858 0.629131656745 -1.613962508446
0.748070243903 0.370679357589 0.550443206920 1.167300252931
0.000000000000 0.000000000000 0.000000000000 1.000000000000
45 47 55
0.962336376014 -0.271420376645 -0.015481554876 0.225599176890
0.258909523584 0.897633858781 0.356678166094 -0.890920199927
-0.082912954339 -0.347252695760 0.934099035055 -0.047129639530
0.000000000000 0.000000000000 0.000000000000 1.000000000000
45 54 55
0.939118857644 0.094569778344 -0.330321552795 0.257363711677
-0.066896890767 0.993304266606 0.094188321715 0.024583866893
0.337017176451 -0.066356544257 0.939157192280 0.080789930245
0.000000000000 0.000000000000 0.000000000000 1.000000000000
46 53 55
0.999488121866 0.000594979924 -0.031986563559 -0.320635749886
-0.004302301712 0.993244650596 -0.115959278470 0.120796869361
0.031701489703 0.116037537298 0.992738790160 0.014384203023
0.000000000000 0.000000000000 0.000000000000 1.000000000000
46 54 55
0.995916425008 -0.075295396351 0.049810417465 0.132653449880
0.075108157387 0.997159540166 0.005622823937 0.161437813221
-0.050092305731 -0.001858694039 0.998742862885 -0.056850506495
0.000000000000 0.000000000000 0.000000000000 1.000000000000
47 52 55
0.958157030286 -0.010327886443 -0.286056707797 -0.226859819850
-0.041848479501 0.983556795863 -0.175683619259 0.112496805096
0.283167459425 0.180303533171 0.941969652297 -0.039456654051
0.000000000000 0.000000000000 0.000000000000 1.000000000000
48 52 55
0.997562110138 0.051711063539 0.046859388855 -0.109963643943
-0.049147387757 0.997314248828 -0.054303069532 -0.219926299339
-0.049541605675 0.051867668075 0.997424370223 -0.255090509025
0.000000000000 0.000000000000 0.000000000000 1.000000000000
49 51 55
0.992385533960 0.087936317285 -0.086244745290 -0.100599399925
-0.093735183937 0.993429601527 -0.065660811015 -0.046921842697
0.079904113036 0.073245006062 0.994107892438 -0.134483562333
0.000000000000 0.000000000000 0.000000000000 1.000000000000
