46 48 7
0.957304082956 0.065950803622 0.281459382964 -0.512865836028
-0.111011767992 0.982845772923 0.147277201271 -0.152723872124
-0.266918115016 -0.172234369824 0.948203586646 0.193184813823
0.000000000000 0.000000000000 0.000000000000 1.000000000000
9 25 7
0.835443696835 -0.400411981507 -0.376436016454 0.993042391121
0.416389629895 0.908217992495 -0.041949424608 0.287459434469
0.358683015397 -0.121697671195 0.925492393967 0.327163299761
0.000000000000 0.000000000000 0.000000000000 1.000000000000
13 40 7
0.977734114628 0.207686095841 -0.030041416196 -0.613136062826
-0.206003374783 0.922660467757 -0.325975874593 0.472806701118
-0.039982629613 0.324906366255 0.944900652183 -0.809689997303
0.000000000000 0.000000000000 0.000000000000 1.000000000000
41 44 7
0.973369731062 -0.167738155139 0.156253889435 0.341179698464
0.106596330445 0.934624571317 0.339284737390 -0.603517894466
-0.202949720346 -0.313593402355 0.927615539440 1.405300068878
0.000000000000 0.000000000000 0.000000000000 1.000000000000
3 45 7
0.929306378949 -0.282606545532 -0.237746071403 0.344467711354
0.327673704917 0.927905320998 0.177824796836 -0.380797503104
0.170351393157 -0.243156854081 0.954911067672 0.258330620800
0.000000000000 0.000000000000 0.000000000000 1.000000000000
16 19 7
0.966239715858 0.150527947416 -0.209098418322 0.696187251830
-0.182251144388 0.972982416814 -0.141738269144 0.135302397947
0.182113513686 0.175061570933 0.967568144637 -0.347891313130
0.000000000000 0.000000000000 0.000000000000 1.000000000000
17 36 7
0.949693484488 -0.305581780962 0.068571573301 -0.715301310511
0.289988349491 0.940715832030 0.175955905066 -0.471628152886
-0.118275283473 -0.147219219235 0.982006852729 0.330500734431
0.000000000000 0.000000000000 0.000000000000 1.000000000000
17 59 7
0.969027922248 -0.079203146600 0.233905424205 -0.614929911319
0.044182938191 0.987494537185 0.151335412258 0.168883330840
-0.242966569463 -0.136313611203 0.960409207330 0.035345567730
0.000000000000 0.000000000000 0.000000000000 1.000000000000
55 59 7
0.976258396462 0.158520347238 -0.147617217320 0.270137998316
-0.143893539117 0.984001721841 0.105048849661 0.243747536433
0.161907976141 -0.081313657685 0.983449996866 -0.109072893074
0.000000000000 0.000000000000 0.000000000000 1.000000000000
11 14 7
0.996801930077 0.067873376036 0.042179580606 -1.008674601118
-0.071927626246 0.992025568084 0.103497289099 -0.201262382783
-0.034818511990 -0.106200174641 0.993734971775 0.507856500911
0.000000000000 0.000000000000 0.000000000000 1.000000000000
5 26 7
-0.637196231884 -0.404347373586 0.656112919815 -2.030938424182
0.460105916208 -0.882543832784 -0.097051167357 -0.067974436679
0.618290795616 0.240040797968 0.748396223512 0.824989406558
0.000000000000 0.000000000000 0.000000000000 1.000000000000
2 31 7
0.250704241726 0.599568192242 -0.760043002752 1.130196759348
-0.538776624023 0.738703013581 0.405015564062 -1.279582352386
0.804280506159 0.307954283260 0.508229305368 1.507216114526
0.000000000000 0.000000000000 0.000000000000 1.000000000000
13 45 7
0.977092374256 -0.026215060049 -0.211194845573 -0.219973589638
-0.016773557818 0.979810392108 -0.199224103147 0.382781156458
0.212153576280 0.198202840906 0.956925542521 0.559060599114
0.000000000000 0.000000000000 0.000000000000 1.000000000000
