34 37 7
0.998011472238 0.002828071632 -0.062969066149 0.334814663892
0.011038378099 0.975713753495 0.218771171430 -0.201038492868
0.062058484430 -0.219031215243 0.973742302285 0.617965364178
0.000000000000 0.000000000000 0.000000000000 1.000000000000
56 59 7
0.752746666826 0.246341704744 -0.610481957216 0.293577087188
-0.340202753824 0.939484652717 -0.040381599757 -0.073603263530
0.563590757441 0.238084757623 0.791000067203 0.367630127014
0.000000000000 0.000000000000 0.000000000000 1.000000000000
53 58 7
-0.937467591029 0.081936807243 0.338291110419 -0.652032571459
0.197105526611 0.926019769225 0.321926697220 -0.911068173595
-0.286886610265 0.368474892798 -0.884263719842 3.087290202099
0.000000000000 0.000000000000 0.000000000000 1.000000000000
25 29 7
0.940162910467 -0.312108731284 0.136681533642 -0.131238888493
0.318181987830 0.947712077397 -0.024536523319 0.296248112947
-0.121876677026 0.066557931251 0.990311121509 -0.102522942457
0.000000000000 0.000000000000 0.000000000000 1.000000000000
14 16 7
0.977740915369 0.029412342771 -0.207744113050 0.395925416852
0.005374260527 0.986290227085 0.164932426409 -0.624044949735
0.209747037495 -0.162377652558 0.964178239856 0.248762978532
0.000000000000 0.000000000000 0.000000000000 1.000000000000
52 55 7
0.967133264837 0.122520065960 -0.222805030199 1.291678471192
-0.064369710254 0.965683879456 0.251617140433 -0.379802017520
0.245987374568 -0.229005411279 0.941831584286 -0.153730932361
0.000000000000 0.000000000000 0.000000000000 1.000000000000
33 41 7
0.296286652455 -0.513724375365 0.805171711955 -1.814239747949
0.390685360059 0.834457668799 0.388645530552 -0.519838696273
-0.871538392162 0.199418316955 0.447943261865 1.219402498217
0.000000000000 0.000000000000 0.000000000000 1.000000000000
31 33 7
0.972700781543 -0.013115686460 0.231691968686 -0.569825526025
0.038310278300 0.993778315355 -0.104580029192 -0.273855849928
-0.228878815449 0.110601259929 0.967151409626 0.291713270181
0.000000000000 0.000000000000 0.000000000000 1.000000000000
12 17 7
0.764261900504 0.514225657726 -0.389198818568 0.345350770064
-0.349065493356 0.837296509032 0.420818057254 -0.653107039490
0.542270254381 -0.185759330587 0.819412254188 0.307190657138
0.000000000000 0.000000000000 0.000000000000 1.000000000000
8 24 7
-0.881897220510 0.320633929645 -0.345617093931 0.255640569148
0.077645710991 0.821879921265 0.564344343984 -0.959526067014
0.465003694632 0.470858023381 -0.749709467591 3.791952573882
0.000000000000 0.000000000000 0.000000000000 1.000000000000
24 26 7
0.869940924085 0.276740110466 -0.408188314214 -0.176844544904
-0.225068534112 0.959275304941 0.170689906797 -0.201490317725
0.438801713254 -0.056619789729 0.896798336225 0.176825101866
0.000000000000 0.000000000000 0.000000000000 1.000000000000
23 31 7
0.972411432316 0.190510254835 -0.134617417536 -0.783775345950
-0.170464160570 0.974271385273 0.147435537776 -0.287202348269
0.159241879738 -0.120420557384 0.979867803888 0.696672287246
0.000000000000 0.000000000000 0.000000000000 1.000000000000
