24 28 7
0.952763165820 -0.140038495468 0.269502448308 0.060565753712
0.092376702543 0.978932046495 0.182095011387 0.050869590413
-0.289324894685 -0.148597672027 0.945626690182 0.060174832644
0.000000000000 0.000000000000 0.000000000000 1.000000000000
17 19 7
0.946638018795 0.252046409414 -0.200870776552 -0.177574973105
-0.308230973739 0.890107139600 -0.335712595626 -0.666780737794
0.094181358023 0.379712901460 0.920297769347 0.864995793396
0.000000000000 0.000000000000 0.000000000000 1.000000000000
22 29 7
0.634119339647 0.773168314816 0.010169564895 0.012225843591
-0.768491985902 0.631629510689 -0.102294813313 -0.689929185643
-0.085514505723 0.057051890345 0.994702141909 0.819656853524
0.000000000000 0.000000000000 0.000000000000 1.000000000000
23 28 7
0.645189995345 -0.749530045785 0.148103276035 0.186478180455
0.763712320800 0.638215342359 -0.097080728452 0.890285957694
-0.021756860178 0.175743811397 0.984195484541 0.663297661623
0.000000000000 0.000000000000 0.000000000000 1.000000000000
31 34 7
0.877389317237 -0.335704564452 0.342768772505 -1.022451150841
0.273846563759 0.937030953352 0.216751129124 -0.264908648327
-0.393949293077 -0.096309074678 0.914072489805 0.173270254354
0.000000000000 0.000000000000 0.000000000000 1.000000000000
8 15 7
0.935027169743 -0.230177827335 0.269707915429 0.119896151200
0.180751892993 0.963817269962 0.195920961876 -0.201239651946
-0.305045808070 -0.134441206207 0.942800412098 0.714915203451
0.000000000000 0.000000000000 0.000000000000 1.000000000000
23 29 7
0.643144946410 0.750974589379 0.149672121697 -0.147585070677
-0.663449487835 0.448880835873 0.598615713356 -0.618998157906
0.382360242439 -0.484296563370 0.786929147834 0.877625806830
0.000000000000 0.000000000000 0.000000000000 1.000000000000
25 27 7
-0.446146383078 -0.857498040860 0.256223564074 -0.685611770467
-0.812881335154 0.508037677078 0.284818632864 -1.754949050853
-0.374402643987 -0.081208549977 -0.923703324443 3.739793628502
0.000000000000 0.000000000000 0.000000000000 1.000000000000
21 28 7
0.697633736231 -0.316467164299 0.642771891103 0.140431080410
0.454497867338 0.889011655988 -0.055587445554 -0.382013790105
-0.553840102067 0.330918131021 0.764038174376 0.581125189999
0.000000000000 0.000000000000 0.000000000000 1.000000000000
31 33 7
0.828813817167 0.557670475434 0.045511507352 -0.490484266701
-0.347670240248 0.577022522364 -0.739033431403 0.415411489364
-0.438398289821 0.596698122600 0.672129667525 -0.058200089642
0.000000000000 0.000000000000 0.000000000000 1.000000000000
