1 45 7
0.998829877390 0.032967761246 -0.035383650896 0.499370574959
-0.023286954831 0.969098193858 0.245573631313 -0.317712726849
0.042386245021 -0.244462302575 0.968731948917 -0.390851597720
0.000000000000 0.000000000000 0.000000000000 1.000000000000
7 37 7
0.954752104895 -0.095054076211 0.281803372574 -1.048459205663
0.112322435576 0.992618857240 -0.045732643904 0.016890403206
-0.275376267432 0.075316179191 0.958381648660 -0.098463257990
0.000000000000 0.000000000000 0.000000000000 1.000000000000
31 33 7
0.983889263848 -0.158542983932 0.082619844654 0.285680818092
0.161896973082 0.986166320676 -0.035571871916 0.654194678419
-0.075837237500 0.048374685640 0.995946084483 -1.099860425164
0.000000000000 0.000000000000 0.000000000000 1.000000000000
10 45 7
0.868662907718 0.124096968131 -0.479608898223 1.038714138943
-0.133560035402 0.990934673301 0.014497937572 -0.030023932936
0.477060236970 0.051462760818 0.877362590125 0.179449420802
0.000000000000 0.000000000000 0.000000000000 1.000000000000
4 37 7
0.983024959707 0.171708655311 0.064637963189 0.205350296374
-0.183098065051 0.940602029558 0.285907188726 -0.286672596696
-0.011705860442 -0.292888988666 0.956074794746 -0.316646933664
0.000000000000 0.000000000000 0.000000000000 1.000000000000
4 36 7
0.982313614655 -0.186701924410 0.014225114599 -0.421806480571
0.178462120730 0.956533540595 0.230640103153 -0.047422078615
-0.056667750337 -0.224022269294 0.972935141174 -0.905341249126
0.000000000000 0.000000000000 0.000000000000 1.000000000000
47 52 7
0.953644728508 0.071981315738 -0.292199284689 -0.232215521132
-0.090204314376 0.994699312572 -0.049360502805 -0.224793464461
0.287097393677 0.073430019433 0.955082781119 -0.119292562536
0.000000000000 0.000000000000 0.000000000000 1.000000000000
0 36 7
0.955661779492 0.222827800372 0.192505414468 -0.548846305804
-0.234602206320 0.971251294231 0.040407032105 0.053264132532
-0.177967322865 -0.083777651168 0.980463633776 0.149070171590
0.000000000000 0.000000000000 0.000000000000 1.000000000000
39 41 7
0.994765042076 0.065804496189 -0.078181067682 0.345155891451
-0.041754548459 0.960028429659 0.276770612476 -0.188942822568
0.093268798350 -0.272057314786 0.957750358249 -0.181650868286
0.000000000000 0.000000000000 0.000000000000 1.000000000000
2 54 7
0.932251702513 0.215150858371 -0.290889792368 0.552523704801
-0.230167599613 0.972984541519 -0.017998834785 0.063847948746
0.279158806506 0.083732849633 0.956587251976 0.083940497813
0.000000000000 0.000000000000 0.000000000000 1.000000000000
23 50 7
0.709346636834 0.563161787260 -0.423882236220 0.411001688449
-0.703996814419 0.595802042665 -0.386533842302 0.455347987832
0.034868812722 0.572598225047 0.819094279416 0.641982174121
0.000000000000 0.000000000000 0.000000000000 1.000000000000
