20 23 7
0.962092817616 -0.219806018864 0.161439537794 -0.031121638116
0.229074576404 0.972544828760 -0.041004810659 -0.042060541704
-0.147994083454 0.076432127558 0.986030365222 0.148637875386
0.000000000000 0.000000000000 0.000000000000 1.000000000000
17 22 7
0.667324112217 -0.287041646889 0.687230399652 -0.690590642555
0.252756546223 0.955266271165 0.153559368053 -0.203830919276
-0.700565955208 0.071228113316 0.710023871625 0.662127405640
0.000000000000 0.000000000000 0.000000000000 1.000000000000
53 59 7
0.601134566078 -0.778820999577 0.179095181636 -0.048967038409
-0.081156797441 0.163454129970 0.983207161093 -1.542742866711
-0.795016231090 -0.605574601527 0.035051309388 1.314355034779
0.000000000000 0.000000000000 0.000000000000 1.000000000000
40 49 7
0.890069833567 -0.400805909006 0.217095174242 0.059074556075
0.269833766236 0.847151847342 0.457737354980 -0.574047019052
-0.367376414557 -0.348838602867 0.862175271727 0.778910915188
0.000000000000 0.000000000000 0.000000000000 1.000000000000
4 38 7
0.976275226655 -0.198280016895 0.087015611928 -0.807495920810
0.190461868928 0.977511205587 0.090532422020 -0.081050405142
-0.103009505888 -0.071811404753 0.992084756381 0.213958704837
0.000000000000 0.000000000000 0.000000000000 1.000000000000
35 37 7
0.743870369642 -0.646075212453 0.171007874152 -0.059724615128
0.586846256368 0.753874921213 0.295438783088 -0.740020368286
-0.319794222204 -0.119412826026 0.939932036067 0.954787569395
0.000000000000 0.000000000000 0.000000000000 1.000000000000
17 20 7
-0.529600263049 0.780799587303 -0.331474834408 -0.208970027737
-0.551734510807 -0.020266143584 0.833773538204 -0.853021688883
0.644292317945 0.624452790763 0.441527033312 0.945865450405
0.000000000000 0.000000000000 0.000000000000 1.000000000000
21 58 7
0.998708740203 0.005809603061 0.050468809715 -0.023562262581
-0.013918117134 0.986719424947 0.161836530017 -0.813711612874
-0.048858348899 -0.162329987818 0.985526172559 -2.483997517454
0.000000000000 0.000000000000 0.000000000000 1.000000000000
11 33 7
0.431576799007 -0.281438636472 0.857049450417 -2.350186876528
0.739977728225 0.653830792981 -0.157918510254 -0.167260348196
-0.515920951590 0.702351470455 0.490436523578 0.860725558407
0.000000000000 0.000000000000 0.000000000000 1.000000000000
40 47 7
0.984435842473 -0.038075527283 0.171570178865 -0.065246773923
0.040657681379 0.999106258267 -0.011560174614 -0.046541217103
-0.170976679692 0.018355895902 0.985104073734 0.161284839770
0.000000000000 0.000000000000 0.000000000000 1.000000000000
23 58 7
0.762817371806 0.590394706342 -0.263711486275 -0.279074260323
0.640372269152 -0.633241774559 0.434658730332 -0.822407931925
0.089627083914 -0.500438753172 -0.861120223983 2.268312055809
0.000000000000 0.000000000000 0.000000000000 1.000000000000
19 55 7
0.993131590379 -0.068766498094 0.094661570511 -0.327362063778
0.071508268417 0.997104227631 -0.025879080138 0.447065417372
-0.092607838436 0.032470417008 0.995173080564 -1.757734076609
0.000000000000 0.000000000000 0.000000000000 1.000000000000
39 47 7
0.990297722501 0.011549961518 0.138481114953 -0.099069920230
-0.030628650551 0.990174094525 0.136444671192 -0.090276417173
-0.135544481906 -0.139362336807 0.980920910423 0.408011164500
0.000000000000 0.000000000000 0.000000000000 1.000000000000
10 36 7
0.247948377880 -0.383850745466 0.889483112325 -1.580913637942
0.315998960473 0.899981985013 0.300294994352 -1.214697278811
-0.915787234507 0.206618082119 0.344445509849 1.098261321213
0.000000000000 0.000000000000 0.000000000000 1.000000000000
38 46 7
0.941156902878 0.005731350866 0.337921345556 -0.216004799607
0.105185557833 0.945231479017 -0.308987782117 0.008316706097
-0.321184810644 0.326350429281 0.889008275957 -0.202353876481
0.000000000000 0.000000000000 0.000000000000 1.000000000000
