34 37 7
0.995367812566 0.092352076427 -0.026720997111 -0.009322333866
-0.090175480845 0.993202859078 0.073596626099 -0.134593833939
0.033336171967 -0.070846133970 0.996930050174 -0.053939052323
0.000000000000 0.000000000000 0.000000000000 1.000000000000
32 35 7
0.642327459042 -0.569015873474 0.513455325316 -1.323015890969
0.744568686714 0.622142418078 -0.241984054006 1.161068411116
-0.181749569811 0.537735759795 0.823290560198 0.036384496643
0.000000000000 0.000000000000 0.000000000000 1.000000000000
33 36 7
0.991248535352 0.021676767580 0.130216968597 -0.335098299254
0.009248331755 0.972598764443 -0.232306073453 -0.049854908582
-0.131684507529 0.231477344789 0.963886626801 -0.273279995399
0.000000000000 0.000000000000 0.000000000000 1.000000000000
0 10 7
-0.982755044755 0.011693276537 0.184542107099 -0.673036334621
-0.027718619307 0.977406252682 -0.209544017718 0.793145525171
-0.182822865508 -0.211045692924 -0.960226804118 6.306740621175
0.000000000000 0.000000000000 0.000000000000 1.000000000000
4 6 7
0.941566662496 -0.293151075693 -0.165875455977 0.075770000200
0.272751485297 0.952539286918 -0.135187033945 0.312763476138
0.197633112974 0.082044827373 0.976836628591 -0.106190827261
0.000000000000 0.000000000000 0.000000000000 1.000000000000
26 28 7
0.518680009681 -0.179230815895 0.835970909895 -2.274853793437
-0.280303398324 -0.959385377546 -0.031775812177 1.244450422488
0.807713471749 -0.217844008376 -0.547853023693 3.935030362208
0.000000000000 0.000000000000 0.000000000000 1.000000000000
35 37 7
0.995085983575 0.095325700877 -0.026774914490 -0.034252895822
-0.086457828835 0.968318506701 0.234274013526 -0.333654272498
0.048258979752 -0.230807886201 0.971801826784 0.014976298506
0.000000000000 0.000000000000 0.000000000000 1.000000000000
14 16 7
0.995731182040 0.053757252646 -0.075030466488 0.163704477583
-0.048981024366 0.996740175495 0.064108359872 -0.009495080346
0.078232169633 -0.060159623847 0.995118358434 0.134063023004
0.000000000000 0.000000000000 0.000000000000 1.000000000000
31 36 7
-0.385363409919 -0.919692144656 0.075242284352 -0.451207092232
0.865972063606 -0.388605792435 -0.314766458092 0.851932369952
0.318727826444 -0.056141759368 0.946182157677 0.177685004234
0.000000000000 0.000000000000 0.000000000000 1.000000000000
3 5 7
0.742203541731 0.242331002272 -0.624827646619 1.049636673251
-0.152094918390 0.968915623006 0.195114456908 -0.430312419168
0.652687550395 -0.049781531040 0.755989921048 1.202302266564
0.000000000000 0.000000000000 0.000000000000 1.000000000000
15 17 7
0.961692261861 0.273893454249 0.011417933095 0.028272093669
-0.270386532996 0.940870719649 0.204091674701 -0.624130758240
0.045156574839 -0.199360639614 0.978885192002 0.359024620584
0.000000000000 0.000000000000 0.000000000000 1.000000000000
34 36 7
0.994112045056 0.011542214379 -0.107740517738 0.108951112190
-0.030664172680 0.983632253205 -0.177559282968 -0.021781904521
0.103927620915 0.179817595751 0.978194603271 -0.059554511801
0.000000000000 0.000000000000 0.000000000000 1.000000000000
4 7 7
0.649649886494 -0.636522618276 -0.415684954505 0.606828366251
0.239278171812 0.690195939543 -0.682916921399 1.731129722139
0.721596134602 0.344192564507 0.600691682200 0.091505443647
0.000000000000 0.000000000000 0.000000000000 1.000000000000
33 37 7
0.982314824695 0.031201439673 0.184618675510 -0.359063794934
-0.020429476195 0.997991422224 -0.059964636826 0.063461136866
-0.186118837540 0.055132488875 0.980979198038 -0.258504830836
0.000000000000 0.000000000000 0.000000000000 1.000000000000
22 24 7
0.993730245602 0.050867639024 0.099562454151 -0.461859124183
-0.064995545664 0.987405665815 0.144241568767 0.030248719520
-0.090971303279 -0.149808325592 0.984521044754 0.136485815519
0.000000000000 0.000000000000 0.000000000000 1.000000000000
9 11 7
0.989424846721 -0.007409347691 -0.144857082180 0.298878238302
0.036215588587 0.979683049141 0.197255049032 -0.252460391663
0.140452496718 -0.200415131145 0.969591084620 0.533983559247
0.000000000000 0.000000000000 0.000000000000 1.000000000000
