40 56 7
0.005477683840 0.157262449456 -0.987541653284 2.912244794048
-0.419467476224 -0.896110270749 -0.145029028295 1.635704153032
-0.907753838532 0.415036028133 0.061057874029 2.202425266280
0.000000000000 0.000000000000 0.000000000000 1.000000000000
38 40 7
0.744720459326 0.188831478747 0.640104764937 -0.690971979085
-0.273279886820 0.961320956096 0.034352915884 -0.056994473238
-0.608859212726 -0.200511077011 0.767519229124 0.825009863029
0.000000000000 0.000000000000 0.000000000000 1.000000000000
19 21 7
0.903060615842 -0.200083620312 0.380063243419 0.326407038314
0.148483823123 0.975742715799 0.160868601151 -0.047511780888
-0.403031113422 -0.088840854614 0.910863998721 0.061249254391
0.000000000000 0.000000000000 0.000000000000 1.000000000000
33 35 7
0.922163224226 -0.209697970724 0.325025766609 -0.269061082042
0.295571074071 0.924050624446 -0.242421499939 0.005022928632
-0.249504965999 0.319620406943 0.914106157625 0.048625461816
0.000000000000 0.000000000000 0.000000000000 1.000000000000
11 13 7
0.991097682600 -0.082943561874 0.104142926251 -0.298309210263
0.050818975990 0.958682209659 0.279903291448 -0.200038305029
-0.123056146632 -0.272119066638 0.954362823222 0.222263221261
0.000000000000 0.000000000000 0.000000000000 1.000000000000
5 18 7
0.894168228415 -0.194513711951 0.403271118673 0.132705841982
0.209886904925 0.977705969612 0.006206780713 0.063742221224
-0.395487884054 0.079091420830 0.915059495726 -0.274445651090
0.000000000000 0.000000000000 0.000000000000 1.000000000000
1 15 7
0.879988510250 -0.325605174417 0.345834486743 0.032592930171
0.295715678102 0.945319179091 0.137564120932 -0.476250738412
-0.371715562699 -0.018786166084 0.928156571065 0.528498346366
0.000000000000 0.000000000000 0.000000000000 1.000000000000
38 41 7
0.951081326077 -0.308764319972 0.010435798937 0.232046998423
0.292707582300 0.911398802523 0.289265438695 -0.469202728278
-0.098826021124 -0.272060319547 0.957192039288 0.584460033108
0.000000000000 0.000000000000 0.000000000000 1.000000000000
3 12 7
0.731626322665 -0.059820013960 0.679076203319 -1.656066174656
0.327525376356 0.904484307021 -0.273194557405 -0.013189557091
-0.597871266936 0.422291018473 0.681337100039 0.808315408757
0.000000000000 0.000000000000 0.000000000000 1.000000000000
13 29 7
0.739180580020 0.150646600556 -0.656443197742 1.459906583275
-0.128201355437 0.988315110272 0.082447894283 -0.354961716893
0.661193226361 0.023213025400 0.749856434837 0.613123409024
0.000000000000 0.000000000000 0.000000000000 1.000000000000
1 16 7
0.859075403763 -0.364565048175 -0.359279523906 0.848849711965
0.143027552045 0.844942492628 -0.515378796137 0.595778329977
0.491459632121 0.391362376578 0.778012159413 0.260616083961
0.000000000000 0.000000000000 0.000000000000 1.000000000000
