1 35 7
0.856632253981 0.211761423932 -0.470466025101 1.239536955971
-0.169213214408 0.976761537465 0.131543859603 -0.157353122061
0.487389033021 -0.033075644572 0.872558268671 0.591417589502
0.000000000000 0.000000000000 0.000000000000 1.000000000000
2 37 7
0.964863792127 0.092561707770 -0.245906878506 0.972774849723
-0.010687247146 0.948945586461 0.315258713893 -0.330957018005
0.262533131985 -0.301553650602 0.916592466922 0.706659034719
0.000000000000 0.000000000000 0.000000000000 1.000000000000
8 39 7
0.966390269560 -0.253121324109 0.044938204021 1.223006842723
0.254089826065 0.967026935930 -0.017241388462 0.228306726616
-0.039092290664 0.028080250486 0.998840974502 0.582444484264
0.000000000000 0.000000000000 0.000000000000 1.000000000000
7 38 7
0.824458242088 0.017625111265 -0.565648267482 1.145933836399
0.048579853410 0.993621318497 0.101767741804 0.053724350004
0.563833845113 -0.111382363425 0.818343060228 0.975853524645
0.000000000000 0.000000000000 0.000000000000 1.000000000000
34 37 7
0.257051253225 0.464466751052 -0.847464034861 2.043505018608
-0.337656554081 0.864827671881 0.371565807679 -0.718946785975
0.905490311766 0.190640329199 0.379135279526 1.065698879964
0.000000000000 0.000000000000 0.000000000000 1.000000000000
14 56 7
0.934352843050 -0.062855095132 0.350762030014 -0.861570356605
-0.062289524502 0.940358433145 0.334433898329 -0.024258565124
-0.350862907445 -0.334328063779 0.874711361507 0.107235340881
0.000000000000 0.000000000000 0.000000000000 1.000000000000
20 22 7
0.997340011424 -0.043632644785 0.058387446607 -0.978040011872
0.046283575825 0.997921110117 -0.044847392250 0.097639696941
-0.056309255200 0.047430478512 0.997286126188 -0.019155431386
0.000000000000 0.000000000000 0.000000000000 1.000000000000
51 53 7
1.000000000000 0.000000000000 0.000000000000 0.000000000000
0.000000000000 1.000000000000 0.000000000000 0.000000000000
0.000000000000 0.000000000000 1.000000000000 0.000000000000
0.000000000000 0.000000000000 0.000000000000 1.000000000000
27 32 7
0.981966735509 0.168301606908 -0.086115616856 0.136687490447
-0.147656172262 0.967220289247 0.206597596459 0.058643869423
0.118063479311 -0.190156465002 0.974628921011 -0.188479009117
0.000000000000 0.000000000000 0.000000000000 1.000000000000
2 49 7
0.959120936355 -0.214653460019 0.184420501970 -0.376781427343
0.164241059889 0.952904737006 0.254945948072 0.179761630175
-0.230460199800 -0.214234577726 0.949205795397 0.310888292506
0.000000000000 0.000000000000 0.000000000000 1.000000000000
37 49 7
0.956307581974 -0.117815482815 0.267573019320 -0.619767864068
0.092080001803 0.990005814142 0.106816483899 0.207352066177
-0.277483480458 -0.077511289331 0.957598516133 -0.081564233598
0.000000000000 0.000000000000 0.000000000000 1.000000000000
23 33 7
0.924066653773 0.288667280049 -0.250543450949 0.721757309532
-0.017934769526 0.687498880233 0.725963934173 -0.816887449072
0.381810376268 -0.666345624363 0.640471970867 0.790651484612
0.000000000000 0.000000000000 0.000000000000 1.000000000000
5 39 7
0.758877444022 0.439209136894 -0.480832984542 1.720407650625
-0.316987766557 0.894094284122 0.316408228327 -0.098620921419
0.568879407967 -0.087696893723 0.817731908404 1.363118369000
0.000000000000 0.000000000000 0.000000000000 1.000000000000
7 46 7
0.985319616864 -0.126288697114 -0.114875661493 0.569802859748
0.134344114249 0.988781677151 0.065287471207 -0.167288606210
0.105341879559 -0.079761895108 0.991232126447 0.305783205774
0.000000000000 0.000000000000 0.000000000000 1.000000000000
35 49 7
0.545034668304 0.451544993957 -0.706430696374 2.078529816185
-0.233655779586 0.891004686545 0.389250080566 -0.179832298928
0.805196986465 -0.047093173464 0.591134541370 -0.281711297143
0.000000000000 0.000000000000 0.000000000000 1.000000000000
2 36 7
0.994868194507 0.049164274778 -0.088431609985 0.291841886973
-0.051517010629 0.998371027792 -0.024521184334 0.446177321488
0.087081991105 0.028951078577 0.995780378334 0.097933518921
0.000000000000 0.000000000000 0.000000000000 1.000000000000
