0 3 38
0.995374452154 -0.050650957150 -0.081634432306 -0.111717856828
0.070506665343 0.962322790969 0.262609322235 -0.256183702811
0.065257261209 -0.267150381849 0.961442750941 0.735413550861
0.000000000000 0.000000000000 0.000000000000 1.000000000000
0 27 38
0.903681868894 0.137345245525 -0.405580279803 1.479214891717
-0.024542298499 0.962220749936 0.271162135959 -0.108153764369
0.427500591131 -0.235090433505 0.872912213603 0.642919281491
0.000000000000 0.000000000000 0.000000000000 1.000000000000
1 11 38
-0.508840064232 0.200716783115 -0.837134733486 1.857860420658
0.255542979768 0.963824414281 0.075764661464 -0.049276470397
0.822058133299 -0.175371809057 -0.541724241718 3.869350727978
0.000000000000 0.000000000000 0.000000000000 1.000000000000
1 26 38
0.841749960770 0.126285911594 -0.524889390326 1.451136919215
-0.010763090394 0.975988120466 0.217557681077 -0.074720084872
0.539760279595 -0.177479737557 0.822897188796 1.129583424767
0.000000000000 0.000000000000 0.000000000000 1.000000000000
1 27 38
0.903883597199 0.083848685785 -0.419480441267 1.709542614725
-0.012982722499 0.985527230978 0.169019306347 0.024025906017
0.427581444441 -0.147327780455 0.891890482894 0.181998658037
0.000000000000 0.000000000000 0.000000000000 1.000000000000
1 28 38
0.998747038912 0.014196452737 -0.047987633758 0.874485229537
-0.006935356757 0.988930378176 0.148218109377 -0.034647536558
0.049560600184 -0.147699586493 0.987789744358 0.212834721836
0.000000000000 0.000000000000 0.000000000000 1.000000000000
2 10 38
0.998144344326 0.028536529970 -0.053791582494 0.177833660666
-0.032474702462 0.996742741249 -0.073819384083 0.324614142931
0.051509820325 0.075429266361 0.995819845246 -0.027210957399
0.000000000000 0.000000000000 0.000000000000 1.000000000000
2 17 38
0.824688492748 0.081365633451 -0.559703960699 2.020461130151
-0.021749475039 0.993428288454 0.112370797077 -0.438214798974
0.565168868804 -0.080497635947 0.821038537672 1.232483319766
0.000000000000 0.000000000000 0.000000000000 1.000000000000
2 18 38
0.677877498241 0.212625804967 -0.703755898334 1.992669054362
-0.320087990595 0.947128573409 -0.022161762325 -0.272664097566
0.661835157464 0.240286771368 0.710096114516 1.837621878222
0.000000000000 0.000000000000 0.000000000000 1.000000000000
2 35 38
0.948529305060 0.066236441543 -0.309685148587 1.142144267570
0.001167335562 0.977145078773 0.212570299797 -0.422760384206
0.316687219147 -0.201990665230 0.926773422357 0.981850457527
0.000000000000 0.000000000000 0.000000000000 1.000000000000
3 5 38
0.877603469462 0.229008709344 -0.421149808777 0.699425072140
-0.198050961047 0.973241928653 0.116515943714 -0.313054735919
0.436563818034 -0.018845672078 0.899475888185 0.899351585757
0.000000000000 0.000000000000 0.000000000000 1.000000000000
3 6 38
0.922743203474 0.319458367493 -0.215618486871 0.666411545714
-0.233028211735 0.908036799841 0.348090538036 -0.733671152042
0.306989955825 -0.270952987754 0.912327597659 0.414659933619
0.000000000000 0.000000000000 0.000000000000 1.000000000000
3 12 38
0.252332409356 -0.964788103628 0.074244665047 -0.552567366738
0.374596593553 0.026650981446 -0.926804789201 2.176613778078
0.892191541815 0.261674684078 0.368131243479 1.146960617983
0.000000000000 0.000000000000 0.000000000000 1.000000000000
3 14 38
0.999480541216 -0.004303808651 0.031939395137 -0.004755894949
0.005442424630 0.999349574451 -0.035648394887 -0.065671872117
-0.031765197068 0.035803704766 0.998853876691 -0.167939062968
0.000000000000 0.000000000000 0.000000000000 1.000000000000
3 15 38
0.962222350988 -0.255304103744 -0.094593667178 0.388478991015
0.245398540524 0.963735893290 -0.104846002761 -0.112168981005
0.117930927103 0.077672019400 0.989979471421 -0.103155669125
0.000000000000 0.000000000000 0.000000000000 1.000000000000
3 17 38
0.762780059768 0.534835051225 -0.363480464951 1.619334076503
-0.458474195544 0.843682123146 0.279288179311 -1.181397491586
0.456035078081 -0.046389040343 0.888751970178 0.277105675584
0.000000000000 0.000000000000 0.000000000000 1.000000000000
3 18 38
0.807060906118 0.335074226705 -0.486187161918 1.637003142908
-0.201205164338 0.930174904256 0.307068606889 -0.808247192304
0.555129872786 -0.149999700303 0.818126465927 0.742950328935
0.000000000000 0.000000000000 0.000000000000 1.000000000000
3 32 38
0.809377945833 0.209254458581 -0.548743940616 1.332081418785
-0.331845907203 0.933861059112 -0.133348476358 0.064735341004
0.484546834343 0.290027746670 0.825286781361 1.195831626554
0.000000000000 0.000000000000 0.000000000000 1.000000000000
3 34 38
0.744232931845 0.627754415669 -0.228126580574 1.030331004948
-0.590951061389 0.778047623192 0.213116726439 -0.575317462810
0.311278309878 -0.023796841221 0.950020801955 0.503555203801
0.000000000000 0.000000000000 0.000000000000 1.000000000000
3 36 38
0.933481244825 0.122679251622 -0.336990455029 0.968618413650
-0.117567964715 0.992425919202 0.035616970229 -0.175008825857
0.338807525348 0.006371508220 0.940834132380 0.365985048092
0.000000000000 0.000000000000 0.000000000000 1.000000000000
4 6 38
0.974667578481 0.054568400287 -0.216899518549 0.138349353048
-0.053101905830 0.998509752027 0.012588197010 -0.013602794548
0.217263202255 -0.000751529688 0.976112768152 -0.115417758790
0.000000000000 0.000000000000 0.000000000000 1.000000000000
4 11 38
0.992682555673 -0.027713438595 0.117530034390 -0.598395073276
0.044160607783 0.989203494520 -0.139736491830 0.305109141067
-0.112388542044 0.143904175582 0.983188895313 -0.638979163354
0.000000000000 0.000000000000 0.000000000000 1.000000000000
4 12 38
0.630145201359 -0.767864096141 -0.115333234857 -0.062920592528
0.199038820479 0.303307992417 -0.931873279839 2.542052799819
0.750533525665 0.564259684537 0.343962839940 0.912790895200
0.000000000000 0.000000000000 0.000000000000 1.000000000000
4 14 38
0.054440076323 -0.998363061937 0.017534955099 -0.271478364420
0.908576297007 0.042244986478 -0.415577277571 1.108363754694
0.414156239367 0.038555903280 0.909388834171 -0.453607944406
0.000000000000 0.000000000000 0.000000000000 1.000000000000
4 15 38
0.985843610548 -0.137573029037 -0.095843816823 0.498760125295
0.117013661311 0.973925124726 -0.194364746018 0.396586252274
0.120084048101 0.180398207057 0.976235785188 -0.596577160725
0.000000000000 0.000000000000 0.000000000000 1.000000000000
4 16 38
0.992273143643 -0.122644267712 0.018772107011 0.282410316781
0.123859656853 0.988027110385 -0.091984860431 0.151672045242
-0.007265934798 0.093599213360 0.995583443740 -0.674863703102
0.000000000000 0.000000000000 0.000000000000 1.000000000000
4 17 38
0.998472802908 0.042888070067 -0.034823487767 0.629579295322
-0.046684290051 0.992064848098 -0.116738657830 0.091922083349
0.029540462365 0.118186084694 0.992551968648 -0.720576525052
0.000000000000 0.000000000000 0.000000000000 1.000000000000
4 18 38
0.970033088178 0.167633012529 -0.175883430007 0.820952745056
-0.216973539555 0.923431510664 -0.316538667850 0.432525141489
0.109353970999 0.345215031860 0.932131048086 -0.251776829519
0.000000000000 0.000000000000 0.000000000000 1.000000000000
4 20 38
0.460416564235 -0.837888419221 0.293188649703 -0.553622473524
0.887669850645 0.431709927008 -0.160214778278 0.742777252671
0.007669656745 0.334020262647 0.942534689286 -0.262836534656
0.000000000000 0.000000000000 0.000000000000 1.000000000000
4 33 38
0.982594970946 -0.043796939482 0.180524101337 -0.681109459434
0.037155438879 0.998508204681 0.040010480452 -0.243232563284
-0.182007132919 -0.032606644664 0.982756434877 0.484422210959
0.000000000000 0.000000000000 0.000000000000 1.000000000000
4 34 38
0.807570812968 0.536321243187 -0.245334274306 0.847101311855
-0.536740785438 0.840743092221 0.071136362917 -0.325588012977
0.244415039003 0.074233260654 0.966825067798 0.093967838768
0.000000000000 0.000000000000 0.000000000000 1.000000000000
4 37 38
0.241446946237 -0.941619778395 -0.234639223254 0.441935562698
-0.922124625238 -0.297948649627 0.246805141182 -0.337166433600
-0.302307042064 0.156776258155 -0.940229576857 4.548690081274
0.000000000000 0.000000000000 0.000000000000 1.000000000000
5 14 38
0.975445527022 -0.150095179633 0.161175248919 -1.123106290912
0.164494305801 0.983129379193 -0.079989043783 0.051644078476
-0.146450152516 0.104537365653 0.983678957796 -0.618717441597
0.000000000000 0.000000000000 0.000000000000 1.000000000000
5 17 38
0.997944539215 0.051765504149 0.037776040437 0.517568715879
-0.047013920334 0.991977437165 -0.117347583912 0.112278232284
-0.043547536621 0.115330380799 0.992372165732 -0.982239329490
0.000000000000 0.000000000000 0.000000000000 1.000000000000
5 18 38
0.989711150675 0.092419665975 0.109226569896 0.210501134785
-0.082665825166 0.992442176123 -0.090691170473 0.094078884147
-0.116782702400 0.080728758155 0.989871036058 -0.732943760744
0.000000000000 0.000000000000 0.000000000000 1.000000000000
5 19 38
-0.917822455082 -0.240800571369 0.315621649726 -1.219089660274
0.101779795312 -0.911192098810 -0.399211513277 0.838376438160
0.383722313937 -0.334281384308 0.860821202046 -0.218678019466
0.000000000000 0.000000000000 0.000000000000 1.000000000000
5 33 38
0.852866814591 0.267763697625 -0.448241897643 1.323470722857
-0.317122132129 0.947651187710 -0.037293159504 0.436800671484
0.414791212398 0.173953524442 0.893134044504 0.124011410244
0.000000000000 0.000000000000 0.000000000000 1.000000000000
6 8 38
0.960453115947 -0.023909336182 -0.277413330088 -0.084095697695
-0.041930709540 0.972525237552 -0.228990126254 0.247678704347
0.275266466656 0.231566418048 0.933062359313 -0.648795855207
0.000000000000 0.000000000000 0.000000000000 1.000000000000
6 11 38
0.803947256411 -0.501213994153 -0.320083334422 0.691122448062
-0.346789967079 0.042129734903 -0.936996160168 2.375592050847
0.483120613970 0.864297181242 -0.139945899743 2.247469551698
0.000000000000 0.000000000000 0.000000000000 1.000000000000
6 17 38
0.914268335603 -0.236576778511 -0.328853825252 1.239508957766
0.263804114397 0.963742167994 0.040105147526 -0.335077108774
0.307442351899 -0.123419858614 0.943528875424 -0.382649962022
0.000000000000 0.000000000000 0.000000000000 1.000000000000
6 31 38
0.946292916133 0.268931630711 -0.179458894675 0.081849014334
-0.298479003190 0.940005621362 -0.165226258390 -0.065599198690
0.124257802693 0.209917149870 0.969791105682 -0.044710770415
0.000000000000 0.000000000000 0.000000000000 1.000000000000
7 13 38
0.999737553377 0.006905567443 -0.021843477435 0.022164093898
-0.007669318345 0.999355205604 -0.035076410719 -0.013623985926
0.021587170363 0.035234729614 0.999145889199 -0.560885150456
0.000000000000 0.000000000000 0.000000000000 1.000000000000
7 15 38
0.993550041756 0.001959920275 -0.113377569379 0.319907355156
-0.002838468175 0.999967182458 -0.007587957863 0.048300056906
0.113358976814 0.007860834474 0.993522999058 0.035880928377
0.000000000000 0.000000000000 0.000000000000 1.000000000000
7 19 38
0.975740231373 -0.142897077753 0.165865686776 -0.051386254546
0.124108076866 0.985150881858 0.118637790065 -0.418131534660
-0.180355721109 -0.095174393324 0.978986030911 0.152644073860
0.000000000000 0.000000000000 0.000000000000 1.000000000000
7 20 38
0.221191019622 -0.946799923791 0.233761496292 -0.596091042639
0.973692259024 0.227861613387 0.001571578824 0.210846983257
-0.054753242403 0.227264140275 0.972292699238 0.344368381269
0.000000000000 0.000000000000 0.000000000000 1.000000000000
7 21 38
0.825734960476 -0.498045144515 0.264788234393 -0.650816377343
0.558882474131 0.785855075610 -0.264730391619 0.648229166567
-0.076237491808 0.366582643019 0.927256712394 0.111288406200
0.000000000000 0.000000000000 0.000000000000 1.000000000000
7 33 38
-0.523733459353 0.675756438900 0.518706563327 -0.864437657517
-0.596805468760 -0.725550117546 0.342637212495 -1.335468874811
0.607886910544 -0.130116341072 0.783290011283 1.130123694684
0.000000000000 0.000000000000 0.000000000000 1.000000000000
8 10 38
0.964992589394 -0.112717009282 -0.236820983513 -0.511326622286
0.116777648011 0.993153111454 0.003142949773 0.192229223918
0.234845232735 -0.030688320694 0.971548219923 -0.293848039797
0.000000000000 0.000000000000 0.000000000000 1.000000000000
8 11 38
0.996162650873 -0.019906554817 -0.085227355240 0.273801678826
0.015517011659 0.998533800585 -0.051860114141 0.158169131091
0.086134751147 0.050338634913 0.995010968020 -0.012551471971
0.000000000000 0.000000000000 0.000000000000 1.000000000000
8 13 38
0.999724562057 0.005233305038 0.022878211012 -0.072366622323
-0.005237418721 0.999986277441 0.000119891953 -0.007583360942
-0.022877269633 -0.000239681701 0.999738252287 -0.076674033628
0.000000000000 0.000000000000 0.000000000000 1.000000000000
8 17 38
0.999722970341 -0.019513351107 -0.013160991682 0.049212318386
0.020554192282 0.996233755675 0.084236745148 -0.259640913909
0.011467682987 -0.084483922625 0.996358850548 0.098431424170
0.000000000000 0.000000000000 0.000000000000 1.000000000000
8 21 38
0.935879017376 0.163746165272 -0.311957782709 0.771200980148
-0.124221265261 0.981932697156 0.142748924732 -0.116339813770
0.329696135995 -0.094843932933 0.939310963576 0.188357999157
0.000000000000 0.000000000000 0.000000000000 1.000000000000
8 22 38
0.998541971573 0.019918539361 0.050171533729 -0.171491799803
-0.019554856416 0.999778908343 -0.007729296462 0.050061095400
-0.050314397517 0.006736929790 0.998710706451 -0.014332900788
0.000000000000 0.000000000000 0.000000000000 1.000000000000
8 30 38
0.987618371255 -0.084006050386 0.132487494729 -0.472618485286
0.069043264565 0.991107304210 0.113751216077 -0.599734993723
-0.140865114132 -0.103195421600 0.984635833484 0.038734636194
0.000000000000 0.000000000000 0.000000000000 1.000000000000
9 11 38
0.991125843880 -0.021758001826 -0.131134095302 0.601418521045
0.055605005261 0.963916111099 0.260334043404 -0.511994626687
0.120737918584 -0.265315510519 0.956572022847 0.387232664226
0.000000000000 0.000000000000 0.000000000000 1.000000000000
9 12 38
0.997601968948 -0.051967858659 -0.045712724879 0.322370505782
0.056127441442 0.993894628273 0.094990411131 -0.062804537019
0.040497183441 -0.097328359465 0.994428061037 0.113825886157
0.000000000000 0.000000000000 0.000000000000 1.000000000000
9 13 38
0.999927951288 0.008850157709 0.008109681971 0.038113833178
-0.009111608523 0.999420710591 0.032790575349 -0.049338146204
-0.007814782355 -0.032862105077 0.999429342788 0.058360356568
0.000000000000 0.000000000000 0.000000000000 1.000000000000
9 16 38
0.979497165595 -0.201063663277 -0.012597853000 0.173097849589
0.166336863560 0.771875315343 0.613628996532 -1.353583165466
-0.113654522178 -0.603143350186 0.789493982697 0.948137896983
0.000000000000 0.000000000000 0.000000000000 1.000000000000
9 30 38
0.971043025878 -0.237513150453 0.025747723292 0.121677237865
0.236859215511 0.971194438530 0.026059059768 0.009551511183
-0.031195415050 -0.019205882708 0.999328764796 0.091900598411
0.000000000000 0.000000000000 0.000000000000 1.000000000000
10 13 38
0.988466829408 -0.016755458473 -0.150507746551 0.689867514342
0.023323009967 0.998846310426 0.041977200408 -0.069189533927
0.149630760095 -0.045003363868 0.987717233258 -0.024093643550
0.000000000000 0.000000000000 0.000000000000 1.000000000000
10 14 38
0.945900929503 -0.280130991826 0.163701127006 -0.076817339615
0.046771794195 0.616999233513 0.785572622430 -1.855276057053
-0.321066707761 -0.735417278327 0.596722377581 1.579326130660
0.000000000000 0.000000000000 0.000000000000 1.000000000000
10 21 38
0.982689395216 -0.057503328115 0.176110532865 -0.300010860364
0.032059673846 0.989050711781 0.144051611717 -0.165725355402
-0.182465694976 -0.135911944953 0.973773183742 0.697519545889
0.000000000000 0.000000000000 0.000000000000 1.000000000000
11 16 38
0.999217349862 -0.035056157763 -0.018323578743 0.111798983807
0.036726269543 0.994251417229 0.100574850059 -0.257272522301
0.014692476323 -0.101169091831 0.994760748119 0.075073927270
0.000000000000 0.000000000000 0.000000000000 1.000000000000
11 18 38
0.121111937018 0.943703440585 0.307824162372 -0.964996452099
-0.670318029945 -0.150966707658 0.726555429344 -2.106149717855
0.732124058779 -0.294334621489 0.614297560756 1.897785263323
0.000000000000 0.000000000000 0.000000000000 1.000000000000
11 21 38
0.948350454050 -0.032463818765 0.315559054337 -0.794355297490
0.073919808897 0.989981100864 -0.120304953285 0.210807653025
-0.308491941800 0.137417322065 0.941248745785 0.312068558073
0.000000000000 0.000000000000 0.000000000000 1.000000000000
11 30 38
0.994525358299 -0.028111270636 0.100643271829 -0.315236221128
0.020216297160 0.996699422666 0.078622911336 -0.298535651954
-0.102521280866 -0.076157844776 0.991811156243 0.051512735660
0.000000000000 0.000000000000 0.000000000000 1.000000000000
11 32 38
0.172808825692 -0.859003278549 0.481923725506 -1.286158379952
0.279859809609 0.511940793901 0.812154609977 -1.146152817077
-0.944359887293 -0.005476402363 0.328868381406 1.694479359629
0.000000000000 0.000000000000 0.000000000000 1.000000000000
11 33 38
-0.081005038194 -0.496927510843 -0.864003028209 2.279234920227
-0.810811420103 -0.471295344063 0.347081459739 -0.899734558436
-0.579674930300 0.728658869178 -0.364737203409 4.060998673412
0.000000000000 0.000000000000 0.000000000000 1.000000000000
11 34 38
0.580781747679 0.751680203159 0.312521093273 0.038288960949
-0.764651519236 0.372020426518 0.526221299820 -1.605733950563
0.279285903139 -0.544589454940 0.790836082811 0.893806638277
0.000000000000 0.000000000000 0.000000000000 1.000000000000
11 37 38
0.346627615437 0.881195497579 0.321471291508 -0.070418844186
-0.826209249874 0.124562790875 0.549420045641 -1.716687583959
0.444103109242 -0.456046714906 0.771228774220 0.918565105583
0.000000000000 0.000000000000 0.000000000000 1.000000000000
12 16 38
0.998498419795 -0.025073995557 0.048705240092 -0.061374110948
0.020060075771 0.994700948821 0.100834596119 -0.247556206067
-0.050975474746 -0.099706154078 0.993710311818 0.067140134116
0.000000000000 0.000000000000 0.000000000000 1.000000000000
12 21 38
0.582213120943 -0.088268166111 0.808230544246 -1.972325360785
0.034220268286 0.995868733268 0.084109686350 -0.215709627795
-0.812315736054 -0.021311896931 0.582828403571 0.981446267736
0.000000000000 0.000000000000 0.000000000000 1.000000000000
12 23 38
0.874884066963 0.290960833193 0.387194606009 -1.320682866695
-0.257500875133 0.956523485801 -0.136952986152 0.565922998549
-0.410208689182 0.020115035614 0.911769826580 0.278000100230
0.000000000000 0.000000000000 0.000000000000 1.000000000000
12 25 38
0.948868232823 0.116747256479 0.293290222891 -1.315879083557
-0.078473838761 0.987168372812 -0.139069983642 0.728984110494
-0.305762871143 0.108943479955 0.945854314790 0.656618432258
0.000000000000 0.000000000000 0.000000000000 1.000000000000
12 27 38
-0.489929507747 -0.265610136175 0.830313394448 -2.423039119419
-0.067466168441 -0.938045311681 -0.339881316566 2.199057615194
0.869147509663 -0.222535949446 0.441656379609 1.722865489941
0.000000000000 0.000000000000 0.000000000000 1.000000000000
12 34 38
-0.047181812862 0.618706581412 0.784204082272 -1.580691914831
-0.045794127100 -0.785592735374 0.617046960976 -1.410603051079
0.997836045880 -0.006798547176 0.065398817252 3.370428674450
0.000000000000 0.000000000000 0.000000000000 1.000000000000
12 35 38
0.257119825093 -0.055696099566 0.964773206529 -1.733182876553
-0.826209924373 0.505172457533 0.249355066155 -1.252508619585
-0.501264956297 -0.861219328999 0.083873183712 1.942324011293
0.000000000000 0.000000000000 0.000000000000 1.000000000000
12 36 38
0.557874394569 0.630125278900 0.540109519242 -0.951574712894
-0.807811517973 0.263052127546 0.527488511367 -1.378422680025
0.190306887197 -0.730579024531 0.655772504456 1.229317870393
0.000000000000 0.000000000000 0.000000000000 1.000000000000
14 16 38
0.990794093850 -0.014345090293 -0.134615311074 0.203086133607
0.020788324888 0.998698174311 0.046581135418 -0.010993221322
0.133771854810 -0.048950740679 0.989802463044 0.176408866925
0.000000000000 0.000000000000 0.000000000000 1.000000000000
14 17 38
0.929519012901 -0.010225367935 -0.368632400237 0.400268580705
-0.006911921449 0.998956832607 -0.045138364278 0.161581180069
0.368709411320 0.044504926002 0.928478692036 0.691353992487
0.000000000000 0.000000000000 0.000000000000 1.000000000000
14 19 38
0.712613603464 -0.030130747755 0.700909402275 -1.808374173997
0.009645866077 0.999403657116 0.033155503463 0.102211490898
-0.701490420053 -0.016866184571 0.712479278571 0.636856460389
0.000000000000 0.000000000000 0.000000000000 1.000000000000
14 20 38
0.973862725658 0.147704541620 0.172553643714 0.359666111789
-0.155740777987 0.987215209860 0.033925499155 -0.217041522922
-0.165336631290 -0.059912417793 0.984415715310 0.110810834245
0.000000000000 0.000000000000 0.000000000000 1.000000000000
14 21 38
0.990219272006 0.101509507959 -0.095716315966 -0.152094005114
-0.113142527970 0.985661385684 -0.125181472817 0.480369807392
0.081636766915 0.134786692838 0.987505942119 0.004498772511
0.000000000000 0.000000000000 0.000000000000 1.000000000000
14 24 38
0.958859636927 -0.004361128095 0.283847101858 -1.048374547918
-0.034924555971 0.990474164141 0.133196116907 0.225582585452
-0.281724106284 -0.137629614293 0.949573386952 0.058658144762
0.000000000000 0.000000000000 0.000000000000 1.000000000000
14 29 38
0.089467190130 0.955002339057 -0.282782874809 0.623564222985
0.951938781817 -0.165495326921 -0.257728253088 0.427781410864
-0.292930328855 -0.246133762743 -0.923910165154 6.642860917429
0.000000000000 0.000000000000 0.000000000000 1.000000000000
14 30 38
0.994771136198 0.011768219282 0.101448980290 -0.307612662712
-0.010651987787 0.999876701809 -0.011537605254 0.030659162402
-0.101572248883 0.010396643389 0.994773837645 0.008630241748
0.000000000000 0.000000000000 0.000000000000 1.000000000000
14 33 38
0.973050423236 0.090528935103 -0.212078725358 0.339918321689
-0.058565974887 0.986578161014 0.152425584448 -0.167804243113
0.223031164696 -0.135897182156 0.965292212471 0.862480373105
0.000000000000 0.000000000000 0.000000000000 1.000000000000
14 34 38
0.992814343829 -0.008791057797 0.119341509920 -0.210786179967
0.015175409448 0.998495414069 -0.052693595740 0.252978782209
-0.118698717917 0.054126013955 0.991453977236 0.739512419552
0.000000000000 0.000000000000 0.000000000000 1.000000000000
14 35 38
-0.948425106649 0.045472482026 -0.313722919876 0.488567091314
0.061460414724 0.997256527393 -0.041255738910 0.385443184041
0.310986228793 -0.058409519339 -0.948617885954 5.207813248289
0.000000000000 0.000000000000 0.000000000000 1.000000000000
14 36 38
0.994497614652 -0.094092017325 0.046056342969 0.013845848730
0.101321288181 0.975623230785 -0.194662035627 -0.000460963884
-0.026617494497 0.198257418093 0.979788500217 0.632523989482
0.000000000000 0.000000000000 0.000000000000 1.000000000000
14 37 38
-0.396608762375 0.840090091872 0.370067733186 -0.887060962547
-0.914538198715 -0.396504959875 -0.080023120941 0.417882892062
0.079507060675 -0.370178949069 0.925551820791 0.869779179005
0.000000000000 0.000000000000 0.000000000000 1.000000000000
15 17 38
0.946903245988 0.226602293926 -0.228091304359 0.736891010271
-0.216961326145 0.973889628174 0.066833936689 -0.258671071854
0.237280478958 -0.013798279717 0.971343184350 0.321168960765
0.000000000000 0.000000000000 0.000000000000 1.000000000000
15 19 38
0.798512355914 -0.067040609643 0.598233711949 -1.361939149607
0.012128953086 0.995369359241 0.095355792597 -0.157571931367
-0.601856217007 -0.068886829970 0.795627864461 0.547096160317
0.000000000000 0.000000000000 0.000000000000 1.000000000000
15 20 38
0.977696437106 -0.027256859634 0.208246825842 -1.284246301582
0.030069490340 0.999494203544 -0.010351948230 0.031262630565
-0.207859333736 0.016382938819 0.978021521591 0.515924894249
0.000000000000 0.000000000000 0.000000000000 1.000000000000
15 21 38
0.983148159327 0.103724657737 -0.150535351959 0.315106620305
-0.099272760110 0.994379030329 0.036813898774 0.019939890247
0.153507706361 -0.021249456934 0.987918946405 -0.336762123000
0.000000000000 0.000000000000 0.000000000000 1.000000000000
15 23 38
0.953939746527 0.005419478879 0.299949311126 -1.021813861517
-0.015839332662 0.999352117081 0.032318131543 0.436950635771
-0.299579831660 -0.035580547133 0.953407546189 -0.144483395967
0.000000000000 0.000000000000 0.000000000000 1.000000000000
15 33 38
0.999632404112 0.025679590182 -0.008695705649 -0.140457531993
-0.022934963378 0.971992544808 0.233889889252 -0.325340527989
0.014458357567 -0.233604476600 0.972224204805 0.891998932765
0.000000000000 0.000000000000 0.000000000000 1.000000000000
15 35 38
0.933676655574 -0.261432209200 0.244747018018 -0.759015064825
0.315863302256 0.923230467795 -0.218805570362 0.808508519172
-0.168755080291 0.281600254485 0.944575576410 0.849532270325
0.000000000000 0.000000000000 0.000000000000 1.000000000000
15 37 38
0.958631977242 0.128455388837 0.254015639848 -0.503167165123
-0.131445162923 0.991309584211 -0.005241888520 0.069918924933
-0.252481487150 -0.028364085209 0.967185906285 0.653349565448
0.000000000000 0.000000000000 0.000000000000 1.000000000000
16 20 38
0.958634010895 -0.006417303198 0.284569238280 -1.594333655244
0.027746262938 0.997091476018 -0.070984035848 0.143807645927
-0.283286035744 0.075943443904 0.956023857066 0.621832687257
0.000000000000 0.000000000000 0.000000000000 1.000000000000
16 21 38
0.996768615747 0.074296216652 -0.030535206782 -0.056417586860
-0.075552978886 0.996244135536 -0.042300943173 0.160937375883
0.027277720645 0.044471278404 0.998638188412 -0.319992923650
0.000000000000 0.000000000000 0.000000000000 1.000000000000
16 27 38
0.993613891565 0.084145427883 -0.075173010165 0.010735771849
-0.075847643751 0.991346665292 0.107139741242 0.083602599019
0.083537832317 -0.100753839541 0.991398050426 0.046780502140
0.000000000000 0.000000000000 0.000000000000 1.000000000000
16 28 38
-0.888485065362 0.097947753210 -0.448330822350 1.178595696796
0.143628375424 0.987226403976 -0.068955906680 0.527768769181
0.435849949411 -0.125659320921 -0.891203992733 5.704517234600
0.000000000000 0.000000000000 0.000000000000 1.000000000000
16 30 38
0.251402479633 0.966707846067 -0.047673195693 -0.072188189300
-0.135928489616 0.084030853493 0.987148550813 -2.139152255874
0.958290268627 -0.241691447955 0.152528702349 1.628526353326
0.000000000000 0.000000000000 0.000000000000 1.000000000000
16 33 38
0.995025254231 0.069279435488 0.071589826520 -0.284608141453
-0.072954864551 0.996077793433 0.050066127958 -0.064203022000
-0.067840483351 -0.055039887797 0.996176831477 0.874477824521
0.000000000000 0.000000000000 0.000000000000 1.000000000000
16 37 38
0.958085197588 0.034411895603 0.284409169336 -0.534961849746
-0.031767755504 0.999398536151 -0.013905957366 -0.069443322987
-0.284716637855 0.004288050956 0.958602132663 0.623318748375
0.000000000000 0.000000000000 0.000000000000 1.000000000000
17 20 38
0.890812140545 -0.208199774352 0.403864561725 -1.526341637397
0.198291539838 0.977868617417 0.066734041534 -0.118647648678
-0.408820492986 0.020635431444 0.912381490103 0.381274407758
0.000000000000 0.000000000000 0.000000000000 1.000000000000
17 28 38
0.939178520302 -0.046742592963 0.340233503650 -1.193373755886
0.053442129417 0.998517400602 -0.010341155608 0.366738771593
-0.339245701235 0.027894994156 0.940284118496 0.298082731126
0.000000000000 0.000000000000 0.000000000000 1.000000000000
17 30 38
0.829762222924 -0.081363184882 0.552154584834 -2.041197139562
0.102637204512 0.994689308742 -0.007667028328 0.053245738347
-0.548598448465 0.063033413515 0.833706501788 -0.013502357524
0.000000000000 0.000000000000 0.000000000000 1.000000000000
17 32 38
0.957953534245 0.194271559105 -0.211148259642 -0.020962230182
-0.211891397710 0.975190121178 -0.064080130570 0.141234759934
0.193460750033 0.106126287414 0.975351295337 1.130733979440
0.000000000000 0.000000000000 0.000000000000 1.000000000000
17 33 38
0.986893773384 -0.024688771895 0.159471453869 -0.597678021253
0.018049097121 0.998914141160 0.042950770464 0.048157392726
-0.160358692156 -0.039509532173 0.986267756098 0.600363143207
0.000000000000 0.000000000000 0.000000000000 1.000000000000
17 34 38
0.920839687598 -0.235364441829 0.310898454911 -0.972061936557
0.272559655765 0.958679061657 -0.081521106415 0.372924172952
-0.278864669315 0.159806246012 0.946940578887 0.463506725710
0.000000000000 0.000000000000 0.000000000000 1.000000000000
17 35 38
0.795092621008 -0.550141078881 0.255289085836 -0.729342413043
0.575955186124 0.553039268184 -0.602015939509 2.041498469730
0.190008809260 0.625693504181 0.756574048741 1.118754254222
0.000000000000 0.000000000000 0.000000000000 1.000000000000
17 36 38
0.998990941439 0.038760400985 0.022687667082 -0.062549682039
-0.037912647256 0.998607852027 -0.036674092333 0.080255499034
-0.024077585017 0.035776936507 0.999069707635 0.038125469739
0.000000000000 0.000000000000 0.000000000000 1.000000000000
17 37 38
0.868940121813 0.453632259588 0.197890974438 -0.871080134262
-0.481148850829 0.867955259731 0.123083103844 0.026087980709
-0.115926045603 -0.202166862188 0.972465789518 0.212293240927
0.000000000000 0.000000000000 0.000000000000 1.000000000000
18 20 38
0.235590875819 -0.657959494831 0.715252572447 -1.969918946279
0.951992383282 0.008215149436 -0.306011459741 0.966034849733
0.195467238697 0.753008508903 0.628307841838 0.737204850457
0.000000000000 0.000000000000 0.000000000000 1.000000000000
18 21 38
0.910112971204 -0.219731966873 0.351300786194 -1.995678559818
0.187186814202 0.974399665525 0.124524649824 -0.320343408993
-0.369669414796 -0.047572624045 0.927944701588 0.061901371565
0.000000000000 0.000000000000 0.000000000000 1.000000000000
18 27 38
0.725782082943 0.347737536108 -0.593564633430 1.064887110546
-0.438025124429 0.898917994132 -0.008968288282 0.311164596066
0.530447319201 0.266505245364 0.804736351699 0.448744790524
0.000000000000 0.000000000000 0.000000000000 1.000000000000
18 30 38
0.927979116800 0.045384811543 -0.369858050696 0.197622946305
-0.052643720359 0.998567684009 -0.009550872194 -0.049723063744
0.368894832562 0.028333713737 0.929039182799 -0.101739109744
0.000000000000 0.000000000000 0.000000000000 1.000000000000
18 32 38
0.546247029973 0.834378406869 -0.073667200267 -0.130034461881
-0.826792053667 0.551191892517 0.112260400924 -0.098752701193
0.134272418009 -0.000414454791 0.990944370784 0.646306392388
0.000000000000 0.000000000000 0.000000000000 1.000000000000
18 33 38
0.978751462220 0.116298829581 0.168879120795 -0.715997965431
-0.117065448566 0.993109277888 -0.005444531578 0.614821433792
-0.168348614353 -0.014441066787 0.985621732530 0.227465775322
0.000000000000 0.000000000000 0.000000000000 1.000000000000
18 35 38
0.946754335705 -0.107582573784 0.303450519265 -0.812570147533
0.001333528829 0.943821416122 0.330453258677 -0.672481806986
-0.321954110900 -0.312453395384 0.893710482308 -0.001815142642
0.000000000000 0.000000000000 0.000000000000 1.000000000000
18 36 38
0.920652272599 0.014468928635 -0.390115422743 0.697242398258
0.047458734039 0.987752689159 0.148634765856 -0.207020153298
0.387488143717 -0.155355319066 0.908690081005 0.643941491720
0.000000000000 0.000000000000 0.000000000000 1.000000000000
18 37 38
0.992704391180 -0.117907996888 -0.025213012552 -0.141466473556
0.112834590740 0.982159096583 -0.150438904980 0.557660151038
0.042501139571 0.146496461626 0.988297748589 0.243620265019
0.000000000000 0.000000000000 0.000000000000 1.000000000000
19 31 38
0.992423176346 -0.098981997140 -0.072792879418 -0.504293176725
0.099511404295 0.995029640760 0.003673475753 -0.037923371092
0.072067464691 -0.010889364130 0.997340314176 0.025365515300
0.000000000000 0.000000000000 0.000000000000 1.000000000000
19 32 38
0.438811735967 0.802813906190 0.403650953678 -0.316679489749
-0.893158728410 0.340415577170 0.293912777343 -0.704952702195
0.098548192488 -0.489496748557 0.866418597971 0.484875001432
0.000000000000 0.000000000000 0.000000000000 1.000000000000
19 34 38
-0.465349514513 0.878535330772 0.107821620868 -0.580934473366
-0.858473200137 -0.477643929405 0.186761991177 -1.132787703310
0.215577350360 -0.005652369986 0.976470407501 0.423480967389
0.000000000000 0.000000000000 0.000000000000 1.000000000000
19 35 38
-0.947511584521 0.276168360242 0.161098833013 -0.882258088509
-0.223618622318 -0.932555291983 0.283434894019 -0.900165022549
0.228509319175 0.232533146445 0.945363330606 0.420937244082
0.000000000000 0.000000000000 0.000000000000 1.000000000000
19 36 38
-0.925921225656 0.286055250545 0.246662274205 -1.647402510659
-0.288300879231 -0.957137057948 0.027771484240 -0.141223988898
0.244033782321 -0.045398743800 0.968703498057 0.198444596322
0.000000000000 0.000000000000 0.000000000000 1.000000000000
19 37 38
-0.448570775371 -0.503212589237 0.738621249028 -2.746442183037
-0.642051945028 0.756342257906 0.125362230321 -0.257442801900
-0.621734315741 -0.417999376721 -0.662361654757 4.227626337748
0.000000000000 0.000000000000 0.000000000000 1.000000000000
20 23 38
0.592061201289 0.240393158546 -0.769203915261 1.782800833461
-0.805395019951 0.142950142128 -0.575242660711 1.840871320538
-0.028326591128 0.960091863412 0.278246685596 1.625432031918
0.000000000000 0.000000000000 0.000000000000 1.000000000000
20 30 38
0.997675675835 0.067045151354 0.012173476415 -1.456025152301
-0.066653909110 0.997321609029 -0.030114192098 0.198258276064
-0.014159881652 0.029232787163 0.999472331736 -0.509707393196
0.000000000000 0.000000000000 0.000000000000 1.000000000000
20 36 38
0.999821404654 0.000600834336 -0.018889091903 0.043146257625
-0.000161737437 0.999729925004 0.023238995098 -0.056451352078
0.018897953218 -0.023231789648 0.999551475070 -0.008825903128
0.000000000000 0.000000000000 0.000000000000 1.000000000000
21 24 38
0.907688267330 0.092272053782 -0.409374983898 -0.251064079629
-0.036855033792 0.989285495685 0.141265404513 0.123084023344
0.418023582870 -0.113137421391 0.901363527133 0.086855994134
0.000000000000 0.000000000000 0.000000000000 1.000000000000
21 25 38
0.924625036712 0.102609369248 -0.366796754113 0.265352911243
-0.046662285216 0.986290651482 0.158282601500 -0.012779747358
0.378009487478 -0.129236481466 0.916737017488 0.471332914064
0.000000000000 0.000000000000 0.000000000000 1.000000000000
21 26 38
0.995550588266 -0.019688744577 0.092148681702 -0.838242290948
0.007930045640 0.991964006174 0.126271631147 0.078358901254
-0.093894305359 -0.124979053418 0.987706482529 0.157983452267
0.000000000000 0.000000000000 0.000000000000 1.000000000000
21 27 38
0.999714316104 0.003541569543 -0.023637755036 -0.561166858568
-0.000795511317 0.993343752719 0.115184877893 0.045287966506
0.023888351549 -0.115133167327 0.993062787764 0.336336400352
0.000000000000 0.000000000000 0.000000000000 1.000000000000
21 28 38
-0.993612998365 -0.042477668377 0.104541174517 -0.893596001552
0.010150355267 -0.956331751727 -0.292107088116 2.118975652384
0.112384072573 -0.289180269605 0.950654822690 0.644213644285
0.000000000000 0.000000000000 0.000000000000 1.000000000000
21 30 38
0.964725468068 -0.007859347992 0.263140650431 -1.115008142868
0.009322626057 0.999947243325 -0.004312680024 -0.090637114170
-0.263092873153 0.006613714140 0.964747842123 0.130356007097
0.000000000000 0.000000000000 0.000000000000 1.000000000000
22 24 38
0.983842719731 -0.030167775491 0.176474950497 -0.665265083689
0.013179873590 0.995230793241 0.096653810671 0.114809253559
-0.178549135432 -0.092766230424 0.979548177850 0.010251014264
0.000000000000 0.000000000000 0.000000000000 1.000000000000
22 25 38
0.989079581197 -0.006740641959 0.147228209947 -0.425777342061
-0.009169716587 0.994203765337 0.107120442904 0.035258918254
-0.147096901245 -0.107300683764 0.983284834067 0.250267095686
0.000000000000 0.000000000000 0.000000000000 1.000000000000
22 26 38
0.898520562912 0.122837247053 -0.421392701362 1.285957471983
-0.063896971244 0.986420638301 0.151299376727 -0.116659441563
0.434255656372 -0.109019883823 0.894168155237 0.571750451413
0.000000000000 0.000000000000 0.000000000000 1.000000000000
22 27 38
0.306890648661 -0.168773581579 0.936660882031 -2.131796617092
0.173205405317 0.977620822349 0.119404419006 -0.052185312983
-0.935851493205 0.125590628115 0.329255184918 1.760340909862
0.000000000000 0.000000000000 0.000000000000 1.000000000000
22 33 38
-0.196754751666 0.938880371097 0.282473390723 -0.681542664637
0.134142028457 -0.259617967326 0.956349531941 -1.125967680191
0.971232970970 0.226057868280 -0.074862248767 2.115194749128
0.000000000000 0.000000000000 0.000000000000 1.000000000000
23 25 38
0.998160274883 -0.015428411770 0.058634714594 -0.150862709994
0.015667988736 0.999870666219 -0.003628355495 -0.014595763960
-0.058571151382 0.004540368366 0.998272911223 0.156077778498
0.000000000000 0.000000000000 0.000000000000 1.000000000000
23 26 38
0.997534398096 -0.024999075840 0.065575687739 -0.078821465505
0.023755205458 0.999524076431 0.019680214682 -0.065072482982
-0.066036465903 -0.018073927172 0.997653506147 0.068712214213
0.000000000000 0.000000000000 0.000000000000 1.000000000000
23 27 38
0.401620286749 0.216944821570 -0.889739338045 2.382739774417
-0.151002728319 0.973926093192 0.169310782407 -0.452206495954
0.903271454942 0.066354422559 0.423907736772 1.382962312428
0.000000000000 0.000000000000 0.000000000000 1.000000000000
23 28 38
0.998635952750 -0.051460328967 -0.008835633447 -0.037318415337
0.051545642538 0.998623378510 0.009715689776 -0.141336391078
0.008323497533 -0.010157875520 0.999913764759 -0.026830962621
0.000000000000 0.000000000000 0.000000000000 1.000000000000
24 26 38
0.998918524507 0.001143391993 0.046480899849 -0.177061008505
-0.001220885709 0.999997911784 0.001638861271 -0.037187669753
-0.046478928926 -0.001693836749 0.998917834501 0.053283136765
0.000000000000 0.000000000000 0.000000000000 1.000000000000
24 28 38
0.918400512442 0.071379727626 -0.389159907017 1.449152483934
-0.085951408926 0.996095793475 -0.020137664324 -0.053145305186
0.386203125374 0.051943283540 0.920950075328 -0.091137022441
0.000000000000 0.000000000000 0.000000000000 1.000000000000
25 27 38
0.999700698567 -0.023683161311 0.006133608603 -0.007086458437
0.023779769000 0.999586147757 -0.016188137609 0.005007605191
-0.005747683921 0.016329148272 0.999850150296 -0.042795763096
0.000000000000 0.000000000000 0.000000000000 1.000000000000
25 28 38
0.977193684939 0.058900188615 -0.204017817593 0.967762000304
-0.066271251966 0.997366004705 -0.029481754044 -0.009193437600
0.201743954747 0.042329900068 0.978523150612 -0.224162311499
0.000000000000 0.000000000000 0.000000000000 1.000000000000
25 37 38
0.882340370944 -0.380119692070 -0.277460789123 1.652816971427
-0.317919172577 -0.046741258548 -0.946964970027 2.639514103585
0.346991166327 0.923755527426 -0.162089037389 2.634806635683
0.000000000000 0.000000000000 0.000000000000 1.000000000000
26 28 38
0.993987672295 -0.008895676565 0.109130079555 -0.329408944153
0.013645737317 0.998988010832 -0.042857298874 -0.003223093748
-0.108638396427 0.044088787147 0.993103155604 -0.017071333827
0.000000000000 0.000000000000 0.000000000000 1.000000000000
27 32 38
0.820027073361 0.463315228350 -0.335997913883 0.695923212161
-0.360261076305 -0.038306431816 -0.932064683475 1.984910713947
-0.444710642840 0.885365244665 0.135502131662 2.103808554554
0.000000000000 0.000000000000 0.000000000000 1.000000000000
28 35 38
0.184394499494 -0.969433236368 0.161857557071 -0.518162099197
0.624816946143 -0.011498695385 -0.780686597693 3.382440193797
0.758684685736 0.245085658963 0.603598018056 1.979095282681
0.000000000000 0.000000000000 0.000000000000 1.000000000000
30 32 38
0.718887350594 -0.021093078434 0.694806490470 -0.335677094615
-0.050866625322 0.995263512372 0.082843994163 -0.084640154249
-0.693262982990 -0.094897960898 0.714409415834 0.933979119442
0.000000000000 0.000000000000 0.000000000000 1.000000000000
31 34 38
0.608096597187 -0.315209976930 0.728602222706 -1.133283540219
0.367241091860 0.925380087616 0.093838552273 0.164387290822
-0.703812836583 0.210509771477 0.678478538477 0.145886698687
0.000000000000 0.000000000000 0.000000000000 1.000000000000
31 35 38
0.565372644002 -0.062081795976 0.822495972041 -1.294710778622
0.187029544851 0.980839763715 -0.054528041119 0.013817228213
-0.803351556149 0.184659710072 0.566151100598 0.181157017589
0.000000000000 0.000000000000 0.000000000000 1.000000000000
31 37 38
-0.738870670173 0.030284563497 0.673166382086 -1.659239422293
0.162759929082 0.977431502676 0.134673171276 -0.300830290424
-0.653895510187 0.209070568924 -0.727124582838 4.456372185946
0.000000000000 0.000000000000 0.000000000000 1.000000000000
32 34 38
0.866831611112 -0.137330714112 0.479315379410 -0.914160750192
0.196287476414 0.977684531397 -0.074861095824 0.245310411030
-0.458338504362 0.158975570534 0.874444156818 -0.403529189031
0.000000000000 0.000000000000 0.000000000000 1.000000000000
32 35 38
0.662354113406 -0.539031576379 0.520319121425 -1.353153156808
0.710548779713 0.672141299535 -0.208198235122 0.908191096129
-0.237502547571 0.507613074227 0.828203783359 -0.074349682284
0.000000000000 0.000000000000 0.000000000000 1.000000000000
32 36 38
0.933749312025 0.053368142060 0.353926636052 -0.791711639177
0.031029015341 0.973029488387 -0.228584371593 0.008810304559
-0.356580176819 0.224422494734 0.906909654462 -0.558320536291
0.000000000000 0.000000000000 0.000000000000 1.000000000000
32 37 38
0.895393088603 0.019020554256 0.444870133182 -0.879864113365
-0.007867474017 0.999607072953 -0.026903578850 0.098119927288
-0.445207052655 0.020589274347 0.895190908158 -0.508316956685
0.000000000000 0.000000000000 0.000000000000 1.000000000000
33 35 38
0.965250973728 -0.116827627541 0.233755990641 -0.324311450433
0.177191976300 0.950068725883 -0.256850967749 0.359545449364
-0.192076967002 0.289345332675 0.937755680978 -0.176563520868
0.000000000000 0.000000000000 0.000000000000 1.000000000000
33 36 38
0.993369444521 0.003414762596 0.114915125580 -0.297769732328
0.028710585940 0.960519465885 -0.276727407226 0.101943574273
-0.111323173445 0.278191831389 0.954052648444 -0.251731904840
0.000000000000 0.000000000000 0.000000000000 1.000000000000
33 37 38
0.979714410687 0.059775418886 0.191276168900 -0.361543465261
-0.045860775335 0.996024480667 -0.076367684254 0.109339603252
-0.195080657108 0.066046447365 0.978560884162 -0.241633688577
0.000000000000 0.000000000000 0.000000000000 1.000000000000
34 36 38
0.994348333360 -0.005250049590 -0.106036922455 0.041636525820
-0.011887598962 0.986989951197 -0.160341888566 -0.033519095091
0.105499179786 0.160696214072 0.981349402531 -0.063452728332
0.000000000000 0.000000000000 0.000000000000 1.000000000000
34 37 38
0.996735179334 0.073265952895 -0.033927605637 -0.002211124317
-0.071306081788 0.995894571708 0.055762395409 -0.072912509933
0.037873803319 -0.053161096565 0.997867462559 -0.057751464353
0.000000000000 0.000000000000 0.000000000000 1.000000000000
35 37 38
0.989930538262 0.138100714654 -0.031076068397 -0.053577751640
-0.129074334165 0.970765922974 0.202369313515 -0.217084694863
0.058114935040 -0.196320440620 0.978816090448 0.011868588685
0.000000000000 0.000000000000 0.000000000000 1.000000000000
