0 12 37
0.980289804426 -0.168167729936 -0.103689507407 -0.559568349600
0.166144008583 0.985706247893 -0.027917042763 0.080775262473
0.106902141000 0.010139401981 0.994217845735 0.453303224394
0.000000000000 0.000000000000 0.000000000000 1.000000000000
0 22 37
0.646209556390 -0.071687337584 0.759785584794 -1.975947128356
-0.028819110394 0.992575959986 0.118162695188 -0.151133621050
-0.762615675229 -0.098254207484 0.639346105491 1.081162312818
0.000000000000 0.000000000000 0.000000000000 1.000000000000
0 29 37
0.989383613695 -0.123283597410 -0.076949461087 1.278615526012
0.140238467174 0.948812054764 0.282999747456 -0.251522289340
0.038121349355 -0.290786587285 0.956028202188 0.620586607840
0.000000000000 0.000000000000 0.000000000000 1.000000000000
0 31 37
0.947611828642 0.087448802226 0.307220652312 0.308078823384
-0.260943887417 0.766648537369 0.586650072676 -0.754816214131
-0.184228417563 -0.636083899450 0.749304452825 0.976292907328
0.000000000000 0.000000000000 0.000000000000 1.000000000000
0 35 37
0.931863853561 -0.210945569080 -0.295180834933 1.323198830713
0.144023711923 0.961829680550 -0.232681834309 -0.108305698937
0.332996890122 0.174314751237 0.926675476459 0.525245762824
0.000000000000 0.000000000000 0.000000000000 1.000000000000
1 3 37
0.947845238191 -0.143940956271 -0.284377224027 -0.469874283663
0.268995623386 0.839852061103 0.471476266698 -0.177629633854
0.170970053042 -0.523382762964 0.834769264166 0.531719330313
0.000000000000 0.000000000000 0.000000000000 1.000000000000
1 19 37
0.854995502241 -0.477923244048 -0.201425082715 0.734613017791
0.516651980758 0.818799891785 0.250274784972 -0.727121493657
0.045314698793 -0.318050483434 0.946990215399 0.639767583189
0.000000000000 0.000000000000 0.000000000000 1.000000000000
1 28 37
-0.278522510203 0.679774255193 0.678477835516 -1.096298042636
-0.699578014953 -0.627604197232 0.341619046030 -0.191259980928
0.658039369874 -0.379499583126 0.650357020492 1.724766153658
0.000000000000 0.000000000000 0.000000000000 1.000000000000
1 30 37
0.970478028910 -0.237196527111 -0.043705868380 1.322368213940
0.238514916077 0.970739213723 0.027857023316 -0.119446495139
0.035819411120 -0.037459130607 0.998655988477 0.770732936940
0.000000000000 0.000000000000 0.000000000000 1.000000000000
1 32 37
-0.514817199928 -0.842398910818 -0.159145611664 0.045168437193
0.854075595188 -0.487881198793 -0.180351915899 0.133010350233
0.074284105716 -0.228770651349 0.970641983802 1.183204347932
0.000000000000 0.000000000000 0.000000000000 1.000000000000
1 35 37
0.556944429046 0.830540554817 0.003910212125 0.572236986946
-0.465176604678 0.308031254310 0.829896061461 -1.462102295980
0.688057867780 -0.464024927318 0.557904326397 1.440042714734
0.000000000000 0.000000000000 0.000000000000 1.000000000000
2 5 37
0.784648963929 -0.138800809696 -0.604202233224 1.459483673010
0.235607704991 0.968251002987 0.083540436688 -0.403282887458
0.573423938072 -0.207904618614 0.792439686541 0.412328722466
0.000000000000 0.000000000000 0.000000000000 1.000000000000
2 9 37
0.921152766748 -0.262742007937 0.287131011175 -0.688593515463
0.303660147973 0.946646132799 -0.107942641207 -0.053943671454
-0.243450395043 0.186621907938 0.951789981367 -0.265977157455
0.000000000000 0.000000000000 0.000000000000 1.000000000000
2 10 37
0.717247687539 -0.422336892789 0.554244804855 -0.772749562825
0.244388475330 0.897335186836 0.367510320389 -0.741929942345
-0.652556532298 -0.128144884629 0.746825857010 -0.307893675398
0.000000000000 0.000000000000 0.000000000000 1.000000000000
2 15 37
0.925841958082 0.371270453433 0.070533106144 0.169967019374
0.320204425730 -0.869809391366 0.375367484519 -1.781692339285
0.200713214308 -0.324945954120 -0.924188472392 3.991394547982
0.000000000000 0.000000000000 0.000000000000 1.000000000000
2 19 37
0.912925264090 0.361494445867 0.189444524313 0.001910340298
-0.374779179876 0.926315737817 0.038467131475 -0.533044202649
-0.161579789938 -0.106117479615 0.981137631529 0.582276294558
0.000000000000 0.000000000000 0.000000000000 1.000000000000
2 26 37
0.968768053560 0.193491899346 -0.155078506854 0.450035002308
-0.228838043919 0.938493361748 -0.258579503462 -0.080309692031
0.095507109976 0.285991424422 0.953460695100 1.773865802667
0.000000000000 0.000000000000 0.000000000000 1.000000000000
2 28 37
0.898528185067 -0.205589329883 0.387788767344 0.846887372062
-0.056735322688 0.821699740542 0.567089622152 -0.998521096580
-0.435233504913 -0.531547329812 0.726656199568 1.084210592174
0.000000000000 0.000000000000 0.000000000000 1.000000000000
2 29 37
0.617434107341 0.360897056312 0.698948093808 -0.490207272190
0.646155954225 0.274053153761 -0.712304255030 1.193632494914
-0.448617438262 0.891430414368 -0.063986017441 2.373005504232
0.000000000000 0.000000000000 0.000000000000 1.000000000000
2 30 37
0.910306326482 -0.413496588892 -0.019051586327 1.429141717424
0.411737474702 0.899776972383 0.144477167384 -0.554097749643
-0.042598637222 -0.139362731545 0.989324711692 0.385781405627
0.000000000000 0.000000000000 0.000000000000 1.000000000000
2 31 37
0.305705600901 -0.388919683420 -0.869071668751 1.077623317454
0.834403473428 -0.330211019496 0.441283951822 -0.581982233424
-0.458601056595 -0.860059394723 0.223568576590 1.263401247811
0.000000000000 0.000000000000 0.000000000000 1.000000000000
2 32 37
0.775462178958 -0.339300072979 -0.532478985015 0.647570914125
0.608602881656 0.177137045023 0.773450062849 -1.114709656052
-0.168109908828 -0.923849515753 0.343862081069 1.550067127047
0.000000000000 0.000000000000 0.000000000000 1.000000000000
2 33 37
0.774906401844 -0.611336389674 -0.160586073622 0.699954814032
0.552745030713 0.532183879402 0.641290300510 -1.242352195848
-0.306582777409 -0.585703113502 0.750305846593 0.974300962599
0.000000000000 0.000000000000 0.000000000000 1.000000000000
2 34 37
0.793030756294 0.337371120516 -0.507230664110 0.617191034111
-0.455654517774 -0.224140925289 -0.861475365894 0.915036843320
-0.404328059877 0.914298404599 -0.024025972269 2.375050298025
0.000000000000 0.000000000000 0.000000000000 1.000000000000
3 5 37
0.999987551247 -0.004411735362 0.002331081707 -0.001132018120
0.004436588040 0.999932202071 -0.010766055395 0.054160235588
-0.002283426677 0.010776263421 0.999939327214 -0.012955323300
0.000000000000 0.000000000000 0.000000000000 1.000000000000
3 11 37
0.998810179227 0.047505581351 -0.011020236518 0.049187704347
-0.047858340879 0.998264150264 -0.034325872254 0.096378411501
0.009370436527 0.034812440854 0.999349933147 0.007388124443
0.000000000000 0.000000000000 0.000000000000 1.000000000000
3 21 37
0.959171391927 -0.007481489622 -0.282726490130 0.234414925941
-0.102797001503 0.922060010813 -0.373146235329 0.615205800907
0.263482480233 0.386974629364 0.883644509313 0.366781215665
0.000000000000 0.000000000000 0.000000000000 1.000000000000
3 23 37
0.995976882499 -0.059730868787 0.066800245816 -0.285580128515
0.086630905104 0.832436374503 -0.547306832302 0.316263308192
-0.022915841856 0.550891918364 0.834261924383 0.575352988772
0.000000000000 0.000000000000 0.000000000000 1.000000000000
3 26 37
0.296083143941 -0.741771194082 -0.601755986679 1.034287488057
0.200287941643 0.664212928618 -0.720212417200 1.259645633192
0.933926930925 0.092718288847 0.345230077784 2.067245298410
0.000000000000 0.000000000000 0.000000000000 1.000000000000
3 33 37
0.699951532988 -0.299492909330 0.648360893893 -0.325285581584
0.317706451855 0.943627471318 0.092896748186 -0.644627671488
-0.639633068186 0.140965217818 0.755644324697 0.649756423680
0.000000000000 0.000000000000 0.000000000000 1.000000000000
4 8 37
0.899042430619 -0.108565467853 0.424188928588 -1.374979785704
0.001633078099 0.969598825229 0.244694607972 -0.115637894135
-0.437858471429 -0.219298101462 0.871887780447 0.081025541791
0.000000000000 0.000000000000 0.000000000000 1.000000000000
4 9 37
0.672519330901 -0.490134207523 0.554514389515 -1.282989779403
0.504424100363 0.851837894099 0.141168442472 -0.482017537275
-0.541547852491 0.184771915594 0.820112957262 -0.069760000442
0.000000000000 0.000000000000 0.000000000000 1.000000000000
4 19 37
0.548705539517 0.641669116303 0.535894556874 -0.919516937546
-0.768755948597 0.135362875712 0.625052944458 -0.109313039919
0.328536942216 -0.754942141533 0.567561309937 1.198260264517
0.000000000000 0.000000000000 0.000000000000 1.000000000000
4 20 37
0.643628559004 0.738805381518 0.199772085825 -0.024950683784
0.711646602121 -0.481684019461 -0.511409443681 0.615963312885
-0.281605027874 0.471324849374 -0.835793930727 3.612339202362
0.000000000000 0.000000000000 0.000000000000 1.000000000000
4 26 37
-0.305221246099 0.177658575276 0.935562623003 -0.062802522029
-0.929831138887 -0.267668529932 -0.252522496506 0.469075290188
0.205557885003 -0.946990490299 0.246890597629 1.664739313601
0.000000000000 0.000000000000 0.000000000000 1.000000000000
5 17 37
0.907498092336 0.414184379715 -0.069989370668 0.357124102885
-0.419952055198 0.890880572481 -0.173124454981 0.794437080451
-0.009353274392 0.186502292685 0.982410001518 -0.111887916537
0.000000000000 0.000000000000 0.000000000000 1.000000000000
5 19 37
0.346380540391 0.616774181838 -0.706831047604 0.945203252572
-0.180702680836 -0.695496155210 -0.695436294154 1.442638618337
-0.920525427339 0.368611864577 -0.129453585953 2.734509435266
0.000000000000 0.000000000000 0.000000000000 1.000000000000
5 20 37
0.928897437985 0.317896265090 -0.189977668023 -0.521704002877
-0.357392926517 0.903933631006 -0.234892074816 0.062648876437
0.097055889983 0.286087321247 0.953275510459 0.963942736761
0.000000000000 0.000000000000 0.000000000000 1.000000000000
5 23 37
0.312731787667 0.947927637472 -0.060266268336 0.143113145479
-0.933042810797 0.318462040851 0.167370970473 -0.226149863181
0.177848087431 0.003888785605 0.984050270638 -0.186632247165
0.000000000000 0.000000000000 0.000000000000 1.000000000000
5 24 37
0.779226886103 0.365275455882 0.509292942524 -1.223537439194
0.572342739492 -0.745867497491 -0.340742519708 0.565397835764
0.255400173305 0.557005850523 -0.790262762604 3.661688240670
0.000000000000 0.000000000000 0.000000000000 1.000000000000
5 26 37
0.892808186455 0.082481845190 0.442820829922 0.267706199041
-0.436388103578 0.402000804976 0.804960108237 -0.141535806105
-0.111619735057 -0.911916716599 0.394903705647 1.272885915651
0.000000000000 0.000000000000 0.000000000000 1.000000000000
5 28 37
0.834073963999 -0.551590052215 -0.008308843290 0.041472800781
0.497931374874 0.746281224113 0.441733721208 -0.420982459364
-0.237455192604 -0.372575829643 0.897107731920 0.966291103721
0.000000000000 0.000000000000 0.000000000000 1.000000000000
5 31 37
0.239173864685 0.968231977655 0.072956835849 -0.324100609497
-0.945051550153 0.214882966748 0.246379540863 -0.789062722637
0.222875368772 -0.127875517780 0.966423521003 1.173239600581
0.000000000000 0.000000000000 0.000000000000 1.000000000000
6 8 37
0.957929245805 -0.093822960936 0.271235713050 -1.214581959973
0.151098313385 0.968347454693 -0.198676890158 0.562985129635
-0.244009958250 0.231301662319 0.941784838104 -0.598150112447
0.000000000000 0.000000000000 0.000000000000 1.000000000000
6 10 37
0.972299120818 0.134340895698 0.191277137683 -0.032002048537
-0.105850004470 0.982678451061 -0.152114556744 0.605880687691
-0.208399127183 0.127654163907 0.969677378424 -0.833141120375
0.000000000000 0.000000000000 0.000000000000 1.000000000000
6 21 37
0.873758927716 -0.265635962925 0.407409955006 -0.751539399826
0.258602357710 0.963191505090 0.073395811248 0.502596618209
-0.411910374746 0.041226929584 0.910291262978 -0.424064684701
0.000000000000 0.000000000000 0.000000000000 1.000000000000
6 26 37
0.735309032617 0.614497014552 0.285856687274 -0.390160021670
-0.677576644042 0.657519339519 0.329481728791 -0.198732962565
0.014509238478 -0.435960706103 0.899848734362 0.619648044185
0.000000000000 0.000000000000 0.000000000000 1.000000000000
6 28 37
0.696981318674 0.509148758313 0.504959981907 -0.467782261980
-0.678334517549 0.696489757074 0.234017735634 -0.986570194117
-0.232549615609 -0.505637775685 0.830813526659 0.480575434862
0.000000000000 0.000000000000 0.000000000000 1.000000000000
6 30 37
-0.383119711816 -0.655962569260 0.650332525826 -0.551144579674
0.878545023545 -0.476206116547 0.037234072678 0.944132234247
0.285268168611 0.585611511408 0.758736600991 -0.014643020166
0.000000000000 0.000000000000 0.000000000000 1.000000000000
6 31 37
0.172598128775 0.166556301024 0.970808366534 -1.329536614986
-0.932577749923 0.344858783701 0.106635639693 -0.582651277049
-0.317030954785 -0.923759393941 0.214848681202 1.209156293635
0.000000000000 0.000000000000 0.000000000000 1.000000000000
6 35 37
0.739643287516 0.131823955541 0.659962311029 -0.344972795868
-0.545499211728 0.691755506676 0.473185934900 -0.446410086114
-0.394155321208 -0.709997720932 0.583562180950 0.429158347715
0.000000000000 0.000000000000 0.000000000000 1.000000000000
7 20 37
0.803883946955 -0.534239603221 0.261454864513 -0.779802776159
0.511587824111 0.845276546538 0.154225348412 -0.274909361475
-0.303394953893 0.009777843439 0.952814722667 0.394537091872
0.000000000000 0.000000000000 0.000000000000 1.000000000000
7 21 37
0.998769615529 0.046978889352 0.015882035504 0.293647539926
-0.042306686410 0.974273762830 -0.221361196568 1.081934803820
-0.025872753652 0.220416920894 0.975062552661 -0.475051956596
0.000000000000 0.000000000000 0.000000000000 1.000000000000
7 23 37
0.857057721587 0.035831731102 0.513972906790 -1.091695036624
0.159275574768 0.930287227393 -0.330449641900 -0.055827330512
-0.489983013124 0.365077747330 0.791602731965 -0.102647788068
0.000000000000 0.000000000000 0.000000000000 1.000000000000
7 25 37
0.994309669020 -0.015931485383 -0.105330289405 -0.701357068583
0.029169614129 0.991681859699 0.125364359993 0.233641308092
0.102456896811 -0.127723439189 0.986503576971 1.253659770458
0.000000000000 0.000000000000 0.000000000000 1.000000000000
7 26 37
0.547647850010 -0.428683568098 -0.718548697599 1.776266779476
0.794861131087 0.534743684543 0.286783845656 0.118978034563
0.261299855850 -0.728202987005 0.633595134964 1.081230179218
0.000000000000 0.000000000000 0.000000000000 1.000000000000
7 29 37
-0.517901540664 -0.379526342491 -0.766640560845 0.731765336308
-0.844536080424 0.084208128193 0.528836269567 -0.769353367927
-0.136149928539 0.921340733118 -0.364135209032 2.461127018402
0.000000000000 0.000000000000 0.000000000000 1.000000000000
7 31 37
-0.989466466973 0.029558644697 0.141712375110 -0.218127891682
0.116900785289 0.740543366325 0.661762592619 -0.625931509206
-0.085383353966 0.671358182429 -0.736198257096 2.651042534024
0.000000000000 0.000000000000 0.000000000000 1.000000000000
7 32 37
0.940941930598 -0.198983984035 0.273922721473 0.196778340893
0.182218022110 0.979523375826 0.085618623151 -0.087377472018
-0.285350443594 -0.030648496044 0.957933084318 -0.105295473397
0.000000000000 0.000000000000 0.000000000000 1.000000000000
8 12 37
0.823624972257 0.518081310784 -0.230724208720 1.658516701179
-0.552806434925 0.824247249805 -0.122562297193 -0.203704157032
0.126676558918 0.228491195899 0.965269300670 0.135909510440
0.000000000000 0.000000000000 0.000000000000 1.000000000000
8 15 37
0.921634329963 -0.272057840480 0.276721327815 0.130167206528
0.234695514898 0.958668909747 0.160847557557 -0.187792240506
-0.309043972796 -0.083297376421 0.947392933244 0.760613427767
0.000000000000 0.000000000000 0.000000000000 1.000000000000
8 17 37
-0.307031975407 -0.951341502856 0.026090439284 -0.078582940577
0.878978488387 -0.293974983504 -0.375467077154 0.567726672941
0.364867349910 -0.092347463515 0.926468436025 0.068024254510
0.000000000000 0.000000000000 0.000000000000 1.000000000000
8 18 37
0.917179146130 0.213702420715 -0.336323786379 1.255974229675
0.104133334917 -0.943240589488 -0.315362392973 0.052342440170
-0.384627953303 0.254221292822 -0.887374144211 4.578801631718
0.000000000000 0.000000000000 0.000000000000 1.000000000000
8 19 37
0.812892931232 0.330735360597 -0.479394622001 0.996408066230
-0.356789046574 0.933373004458 0.038941119578 -0.584526603904
0.460333203884 0.139387789276 0.876735071502 0.908739604540
0.000000000000 0.000000000000 0.000000000000 1.000000000000
8 21 37
0.979757607959 -0.010258485907 -0.199924468519 1.186652466256
0.077531322087 0.940190016171 0.331710155993 -0.154544380526
0.184564145329 -0.340495957333 0.921953675246 0.237034614540
0.000000000000 0.000000000000 0.000000000000 1.000000000000
8 31 37
0.930540697104 -0.345037640979 0.122650060494 0.898324538814
0.272970984525 0.876855769906 0.395740824770 -0.408794872407
-0.244091893841 -0.334773035188 0.910135243945 1.209374850150
0.000000000000 0.000000000000 0.000000000000 1.000000000000
8 32 37
0.666658020388 -0.415133259465 -0.619056912358 0.867435821518
0.636769115894 0.748893253644 0.183531980019 -0.623988738179
0.387417316205 -0.516549389248 0.763599732564 1.331194163784
0.000000000000 0.000000000000 0.000000000000 1.000000000000
8 33 37
0.989992149253 -0.097726317528 -0.101809190546 1.142092902615
0.105794189495 0.991394077061 0.077106247715 -0.709574463458
0.093397718850 -0.087105400693 0.991811229662 1.193624916356
0.000000000000 0.000000000000 0.000000000000 1.000000000000
9 12 37
0.948454407598 -0.316270432426 0.020180443029 0.535127467278
0.224243586713 0.714747549169 0.662458115487 -0.558832918527
-0.223939836846 -0.623785984556 0.748827079468 0.381539404042
0.000000000000 0.000000000000 0.000000000000 1.000000000000
9 15 37
-0.243718389605 0.943331461593 -0.225226774911 1.060671719016
0.925787369527 0.157086113543 -0.343862907791 1.334178838018
-0.288996700658 -0.292317817624 -0.911609127043 4.954903535568
0.000000000000 0.000000000000 0.000000000000 1.000000000000
9 17 37
-0.254136082626 -0.965326434935 -0.059663435399 -0.309552654884
0.919124444992 -0.260253110232 0.295767769090 -0.295647667037
-0.301040040734 0.020327140257 0.953394829672 0.354604255227
0.000000000000 0.000000000000 0.000000000000 1.000000000000
9 20 37
0.955323599125 -0.017157313777 -0.295063463577 0.552848272700
0.263512943632 0.501569911686 0.824007616609 -0.298799465192
0.133857198136 -0.864946963851 0.483682747503 1.991201204932
0.000000000000 0.000000000000 0.000000000000 1.000000000000
9 21 37
0.914542320439 -0.375963952441 -0.149209418571 0.189251576703
0.318106466416 0.896355216903 -0.308797022580 1.259141301760
0.249841189859 0.234943464678 0.939351344415 0.782124826718
0.000000000000 0.000000000000 0.000000000000 1.000000000000
9 23 37
0.784805674298 -0.048321051059 -0.617855265910 0.961261291379
-0.077852493449 0.981371311930 -0.175639794425 -0.018324423154
0.614832532363 0.185944680338 0.766423859885 1.176794034345
0.000000000000 0.000000000000 0.000000000000 1.000000000000
9 28 37
0.554730376174 -0.113300596685 -0.824279797484 1.461864843744
0.572355551529 0.771006252439 0.279210460644 0.034530266432
0.603890165828 -0.626667641968 0.492548813953 2.460996896608
0.000000000000 0.000000000000 0.000000000000 1.000000000000
10 14 37
0.726445838528 -0.288308541681 0.623822593755 -0.479718947337
0.343362061982 0.938589845631 0.033935174528 -0.185902543610
-0.595297352654 0.189544945787 0.780828902802 0.356084849490
0.000000000000 0.000000000000 0.000000000000 1.000000000000
10 15 37
0.943671605044 -0.216277415727 0.250415617085 -1.016419914574
0.156689810006 0.958666364872 0.237501798527 -0.458024658780
-0.291431304553 -0.184886127953 0.938554694420 0.819095260850
0.000000000000 0.000000000000 0.000000000000 1.000000000000
10 16 37
0.971000627589 0.150865762421 -0.185465099010 -0.393643597491
-0.062307261250 0.908635221036 0.412916263046 -1.120073405921
0.230815048074 -0.389386128182 0.891685402349 1.147649575379
0.000000000000 0.000000000000 0.000000000000 1.000000000000
10 17 37
0.824351912389 0.460082701105 -0.329799685697 0.908976423877
-0.152184481178 0.741278324092 0.653717316521 -1.572511820048
0.545237387044 -0.488702725976 0.681091651244 0.813040914265
0.000000000000 0.000000000000 0.000000000000 1.000000000000
10 20 37
0.857497277658 0.250514860939 -0.449378151736 -0.339136205886
-0.126755587873 0.949391146302 0.287383841347 -0.786047130309
0.498629561651 -0.189469669797 0.845854481855 1.511992210222
0.000000000000 0.000000000000 0.000000000000 1.000000000000
10 23 37
0.726559921012 0.440144172537 -0.527620875782 0.349064650384
-0.268561420136 0.888720046270 0.371552745883 -1.285087484666
0.632444025029 -0.128256722008 0.763914110660 1.483202388554
0.000000000000 0.000000000000 0.000000000000 1.000000000000
10 26 37
0.108555339704 0.919498914777 0.377806145988 1.234658034476
-0.789673305696 -0.151095407227 0.594631186691 -1.165538254749
0.603847504336 -0.362893818684 0.709701534357 1.299318514216
0.000000000000 0.000000000000 0.000000000000 1.000000000000
10 35 37
0.837117153567 -0.411833650618 -0.360038769330 1.495980787744
0.520025857350 0.394911904421 0.757375531315 -1.337020168768
-0.169729133888 -0.821241518657 0.544751676588 0.721760817424
0.000000000000 0.000000000000 0.000000000000 1.000000000000
10 36 37
0.801182730371 -0.485293818764 -0.350137318811 1.357779263841
0.504250969013 0.232416655714 0.831693127540 -1.648459122374
-0.322237789225 -0.842895253051 0.430918089176 1.276423667198
0.000000000000 0.000000000000 0.000000000000 1.000000000000
11 26 37
0.666390503087 0.743031189419 0.061873653089 0.917844778332
-0.592565569034 0.477418195588 0.648797281835 -0.332919195897
0.452537008201 -0.469016543494 0.758441651109 0.733218357838
0.000000000000 0.000000000000 0.000000000000 1.000000000000
11 28 37
0.431230140180 -0.511609360120 -0.743166487968 1.603151986061
0.897117282733 0.330803112045 0.292830807947 -0.408503995836
0.096026804710 -0.792984970664 0.601625871350 1.575215338525
0.000000000000 0.000000000000 0.000000000000 1.000000000000
11 32 37
0.602146514538 -0.489208657208 -0.630947275723 0.595384224346
0.717195045736 0.678666684015 0.158249165497 -0.279041172678
0.350786033646 -0.547801443701 0.759514803594 1.306158851912
0.000000000000 0.000000000000 0.000000000000 1.000000000000
11 33 37
-0.014339455702 0.907127251621 0.420612088956 -1.022143119334
0.956232231790 0.135393163612 -0.259400482135 -0.102600485690
-0.292257247805 0.398483174818 -0.869365780608 3.280490587426
0.000000000000 0.000000000000 0.000000000000 1.000000000000
12 15 37
0.220721840778 -0.972305949194 -0.076831049497 -0.727087049213
0.956376961573 0.200301931374 0.212655222511 -0.907780626812
-0.191376530370 -0.120417097836 0.974102020412 0.584956803385
0.000000000000 0.000000000000 0.000000000000 1.000000000000
12 22 37
0.611960877071 0.349801467024 -0.709325608309 0.946400208049
-0.319086072992 0.929838689292 0.183259624351 -0.599672091500
0.723662879355 0.114188202378 0.680641676274 1.407673298935
0.000000000000 0.000000000000 0.000000000000 1.000000000000
12 26 37
-0.279866706030 -0.958780712908 -0.049134218334 0.415220410995
-0.945788437966 0.284136562363 -0.157323375695 -1.078046802583
0.164799446198 0.002441000672 -0.986324076583 2.702603912814
0.000000000000 0.000000000000 0.000000000000 1.000000000000
12 28 37
0.793213275936 0.583481261070 0.174247860414 -0.157705805341
-0.557973867939 0.581826319538 0.591729073639 -1.006706667842
0.243880834786 -0.566593109624 0.787079657055 1.756381152309
0.000000000000 0.000000000000 0.000000000000 1.000000000000
12 31 37
0.969770730912 0.241254050972 0.036622566226 -0.114855155143
-0.237945492908 0.968200342566 -0.077266027846 0.252090198573
-0.054098723386 0.066216157726 0.996337667954 1.183550788953
0.000000000000 0.000000000000 0.000000000000 1.000000000000
13 18 37
0.337576586569 -0.928229630664 -0.156306752758 0.070969933959
-0.526944618521 -0.048757223468 -0.848499912888 2.820589753874
0.779981677484 0.368798706501 -0.505584905700 3.204856669650
0.000000000000 0.000000000000 0.000000000000 1.000000000000
13 19 37
-0.562869376444 0.755206354100 0.335918781536 -0.644010701760
0.190455283294 -0.276972578931 0.941813662879 -0.827245665765
0.804303953818 0.594095575853 0.012066342680 1.310096622018
0.000000000000 0.000000000000 0.000000000000 1.000000000000
13 30 37
0.490837474952 0.865284548177 0.101790097100 -0.105486383584
-0.687394796033 0.312821405763 0.655462556126 -1.151669873229
0.535319500457 -0.391695569009 0.748336564421 1.346435960926
0.000000000000 0.000000000000 0.000000000000 1.000000000000
14 20 37
0.070878561368 -0.845223471215 0.529691904079 -1.787656363935
-0.665192288290 -0.435759837320 -0.606327126046 1.984557788426
0.743300376118 -0.309371375350 -0.593122165305 2.977238324603
0.000000000000 0.000000000000 0.000000000000 1.000000000000
14 29 37
0.416343414958 0.888642158336 0.192284360383 0.503815867672
0.461428208690 -0.024291199901 -0.886844939002 0.982004584857
-0.783416982868 0.457957478414 -0.420158040408 2.472193969813
0.000000000000 0.000000000000 0.000000000000 1.000000000000
14 30 37
0.501058912314 -0.665131330104 0.553660798778 -0.716268897237
0.646556705387 0.712964199849 0.271378843044 -0.426862057950
-0.575242899225 0.221996314039 0.787282187938 0.729766364476
0.000000000000 0.000000000000 0.000000000000 1.000000000000
14 31 37
0.516056103348 0.290721538340 0.805709057504 -1.555520232261
-0.851381762117 0.070872871109 0.519736597975 -0.889576916446
0.093995709111 -0.954179240649 0.284089393295 1.526544501160
0.000000000000 0.000000000000 0.000000000000 1.000000000000
14 32 37
-0.602969539542 0.658740754834 -0.449987057931 0.592619023527
-0.098751197480 -0.621353637146 -0.777282354490 0.323837716840
-0.791628660030 -0.424240822560 0.439708754851 1.423002035596
0.000000000000 0.000000000000 0.000000000000 1.000000000000
14 33 37
0.605860232022 -0.711123318837 0.356702964188 -0.692457298877
0.392198778837 0.657064719949 0.643774861017 -1.050925872490
-0.692180249019 -0.250139119704 0.676991080931 1.247903751541
0.000000000000 0.000000000000 0.000000000000 1.000000000000
15 19 37
0.459469118485 0.277567260086 -0.843708803609 1.070534998219
-0.319280914791 0.938034693176 0.134724206616 -0.946297607673
0.828823157621 0.207478506181 0.519619902298 0.672896828887
0.000000000000 0.000000000000 0.000000000000 1.000000000000
15 20 37
0.966379116219 0.139853824625 -0.215759846757 -0.353037510605
-0.105042677307 0.980655136539 0.165171241815 -0.288905296201
0.234685831867 -0.136954046731 0.962375264335 0.385771035162
0.000000000000 0.000000000000 0.000000000000 1.000000000000
15 21 37
0.975287168607 -0.003968199976 -0.220905391832 0.402474485478
-0.016549650683 0.995717718740 -0.090952370229 0.333135721808
0.220320330006 0.092360586708 0.971045042317 -0.063050708299
0.000000000000 0.000000000000 0.000000000000 1.000000000000
15 22 37
0.761943103480 -0.348750792030 -0.545724831869 1.467270642676
0.553125127287 0.788738385982 0.268224443409 -0.740466196078
0.336890635997 -0.506225881931 0.793876599881 0.335695297651
0.000000000000 0.000000000000 0.000000000000 1.000000000000
15 25 37
-0.546457582710 -0.821287180086 0.163925221135 -0.676539758582
0.682148055227 -0.550043116058 -0.481795185974 0.549101163282
0.485858149101 -0.151459361889 0.860814684267 0.947895292187
0.000000000000 0.000000000000 0.000000000000 1.000000000000
15 28 37
0.850322120745 -0.245648878393 -0.465412633602 0.975890440339
0.493600737178 0.678987022944 0.543447269688 -0.333574230042
0.182511926265 -0.691833253912 0.698610152769 1.055863052754
0.000000000000 0.000000000000 0.000000000000 1.000000000000
15 30 37
0.593630073803 -0.499497351525 0.630956203945 -0.203478018995
-0.769038358084 -0.121180615544 0.627610756927 -1.631279672281
-0.237030249698 -0.857798143059 -0.456069080834 3.213512922894
0.000000000000 0.000000000000 0.000000000000 1.000000000000
15 31 37
0.528174269402 0.501787904321 -0.685011562107 1.503125123985
-0.618672254786 0.779966762176 0.094321212130 -0.874936287884
0.581615493517 0.373979610377 0.722400628961 1.449543955273
0.000000000000 0.000000000000 0.000000000000 1.000000000000
15 32 37
0.457808451235 0.838303489688 -0.296072087769 0.812608086464
-0.866960016941 0.347174610123 -0.357561350139 -0.550298530649
-0.196956215959 0.420377270156 0.885715078189 1.175543563945
0.000000000000 0.000000000000 0.000000000000 1.000000000000
15 35 37
-0.861733567588 0.393966499182 -0.319696193306 0.876267598150
-0.106538468441 -0.756576090364 -0.645168330152 0.369552499590
-0.496049204448 -0.521903264035 0.693939600942 1.067772189465
0.000000000000 0.000000000000 0.000000000000 1.000000000000
16 18 37
0.575974157200 -0.737018824944 -0.353634022564 1.519847364293
0.324830801003 -0.190630997191 0.926361038489 -1.848063589419
-0.750159130423 -0.648431241218 0.129607887318 1.612517184609
0.000000000000 0.000000000000 0.000000000000 1.000000000000
16 19 37
-0.463975956232 -0.564715135383 0.682512364656 -0.688470090359
-0.114206880073 0.802165271517 0.586078207850 -1.375543830502
-0.878454950799 0.193978589136 -0.436679752650 2.965846590627
0.000000000000 0.000000000000 0.000000000000 1.000000000000
16 20 37
0.988138751183 -0.127351099428 -0.085810872771 -0.091281365034
0.141065278768 0.973588287620 0.179517222951 -0.108739101129
0.060682744971 -0.189492859192 0.980005133036 0.344845916463
0.000000000000 0.000000000000 0.000000000000 1.000000000000
16 21 37
-0.913808893499 0.351151921944 -0.204072619125 1.234641194440
-0.098291055343 0.296319974781 0.950017547725 -1.826462666275
0.394071281116 0.888192997192 -0.236264735283 2.853173160890
0.000000000000 0.000000000000 0.000000000000 1.000000000000
16 31 37
0.255916903016 0.760984562106 -0.596161920108 1.889027851592
-0.346507019087 0.647931144843 0.678320069927 -0.911346092016
0.902462976788 0.032980718281 0.429503024143 1.718965428271
0.000000000000 0.000000000000 0.000000000000 1.000000000000
17 19 37
0.946594807682 0.230878453610 -0.225063123875 -0.135312023864
-0.267893118907 0.951616740945 -0.150528585974 -0.898497811943
0.179420029294 0.202782440097 0.962646214908 0.807390961198
0.000000000000 0.000000000000 0.000000000000 1.000000000000
17 20 37
0.730258507343 -0.631116535569 0.261561524283 -0.279364704016
0.549411905649 0.770086297674 0.324212356436 -1.268889215100
-0.406040725031 -0.093053815973 0.909105008758 1.421065100955
0.000000000000 0.000000000000 0.000000000000 1.000000000000
17 21 37
0.879810323726 -0.255023020944 0.401119749019 -0.791157701705
0.278157349903 0.960535346314 0.000580668680 -0.113512632063
-0.385437780919 0.111063528082 0.916025441661 0.457059316651
0.000000000000 0.000000000000 0.000000000000 1.000000000000
17 22 37
-0.161286843139 0.965278760303 0.205483500891 0.155876079443
-0.906130828874 -0.227339029823 0.356712610491 -1.452534389253
0.391041526177 -0.128661884129 0.911335637610 0.439682728769
0.000000000000 0.000000000000 0.000000000000 1.000000000000
17 23 37
0.963262405911 0.180400305524 0.198950413736 -0.349695896015
-0.222898821990 0.950254304968 0.217561189198 -1.403191671232
-0.149805382126 -0.253914327396 0.955555263618 1.027386907196
0.000000000000 0.000000000000 0.000000000000 1.000000000000
17 26 37
0.197948027259 0.966398163603 0.163985267296 0.100621886434
0.053193140498 -0.177639755633 0.982656912164 -0.769232842900
0.978768138176 -0.185792105871 -0.086569192485 2.310539102790
0.000000000000 0.000000000000 0.000000000000 1.000000000000
17 28 37
0.661397150118 0.555258121606 -0.504224382796 1.076446009408
-0.056862097017 -0.633211609317 -0.771887141847 0.696000825780
-0.747877337361 0.539195211603 -0.387231212644 2.594847579820
0.000000000000 0.000000000000 0.000000000000 1.000000000000
17 29 37
0.947514922798 0.010796418398 -0.319529198080 0.499312809982
0.204602957211 0.747492285041 0.631975405933 -0.921786810949
0.245668681309 -0.664182746805 0.706051115622 1.428079737820
0.000000000000 0.000000000000 0.000000000000 1.000000000000
17 30 37
0.402542613795 0.349690494361 0.845976360328 -1.965943257748
0.384898490133 0.773838101278 -0.503018633157 0.084219424474
-0.830549574903 0.528101459158 0.176907468650 1.320926865095
0.000000000000 0.000000000000 0.000000000000 1.000000000000
17 31 37
0.466266584974 0.740902327125 -0.483383091758 0.573158204430
-0.673723499131 0.651517702631 0.348742497951 -1.407178311295
0.573316769733 0.163059574444 0.802944242601 1.734739673067
0.000000000000 0.000000000000 0.000000000000 1.000000000000
17 32 37
0.951262304205 -0.132415051576 0.278507239965 -0.047920892264
-0.270438869499 0.075809985952 0.959747708460 -1.168670831233
-0.148198672266 -0.988290999729 0.036305005065 1.823556068129
0.000000000000 0.000000000000 0.000000000000 1.000000000000
17 33 37
-0.383767306336 0.274790857270 -0.881596642093 0.542698946894
-0.775569572978 0.422270295371 0.469233028588 -1.506481561588
0.501213020640 0.863815826672 0.051065894030 1.660348873302
0.000000000000 0.000000000000 0.000000000000 1.000000000000
17 36 37
0.928752651139 0.178015728467 0.325159827501 -0.450832841419
0.073932880321 0.770577649933 -0.633043453983 0.771357797436
-0.363252587341 0.611980788784 0.702514819736 0.256128891107
0.000000000000 0.000000000000 0.000000000000 1.000000000000
18 21 37
-0.271524267167 0.909071201408 0.316012852761 -0.116890142412
-0.906340639892 -0.351978944666 0.233789364583 -0.950227834721
0.323761048954 -0.222935805295 0.919498999400 0.274397810377
0.000000000000 0.000000000000 0.000000000000 1.000000000000
18 22 37
0.920923163664 0.097520259882 0.377346426432 -0.232984347640
-0.119011650865 0.992310510734 0.034001135929 0.043429089256
-0.371129025524 -0.076221054825 0.925447782003 0.056454532621
0.000000000000 0.000000000000 0.000000000000 1.000000000000
18 26 37
0.909234837450 -0.160274581889 -0.384192749500 0.512504731024
0.087270231556 0.975791104965 -0.200538340862 0.785111312574
0.407033066288 0.148807855545 0.901210466581 1.818604570939
0.000000000000 0.000000000000 0.000000000000 1.000000000000
18 28 37
-0.073777291957 -0.363323466384 0.928737298683 -1.595782966567
0.341842924086 0.865642347777 0.365796037414 -0.715889663068
-0.936856620003 0.344469714939 0.060334807914 1.042144700953
0.000000000000 0.000000000000 0.000000000000 1.000000000000
18 29 37
0.287641181677 -0.922578833719 -0.257120295149 0.178916340557
0.943140220754 0.319552921548 -0.091501116530 0.610834856757
0.166580534877 -0.216181002644 0.962037784858 1.153250498880
0.000000000000 0.000000000000 0.000000000000 1.000000000000
18 31 37
0.411431354031 -0.859738708712 -0.302611291367 0.470969954877
0.792599537321 0.501417373583 -0.346938886418 0.444240753826
0.450011349144 -0.097108033721 0.887727331690 0.909372979230
0.000000000000 0.000000000000 0.000000000000 1.000000000000
18 32 37
0.689652088410 0.396137432394 0.606180774693 -0.768046060659
-0.466069350674 0.883492919007 -0.047112869015 0.368656279611
-0.554219593045 -0.250030791545 0.793930252582 1.257025539803
0.000000000000 0.000000000000 0.000000000000 1.000000000000
18 33 37
0.968303710539 0.141777850230 0.205637947225 -0.064079215557
-0.130482885386 0.989146333085 -0.067555520632 -0.220144889499
-0.212983897928 0.038582028597 0.976293647574 0.831361825769
0.000000000000 0.000000000000 0.000000000000 1.000000000000
19 21 37
0.727290312379 -0.494882946390 0.475541450237 -1.002499750282
0.383152203246 0.867617142990 0.316914629415 0.363738554512
-0.569423559987 -0.048284185432 0.820625034208 -0.155519399109
0.000000000000 0.000000000000 0.000000000000 1.000000000000
19 22 37
0.756522299150 -0.539180778112 0.370078504380 -0.398592030437
0.551006723249 0.830327416161 0.083354501406 0.751777086671
-0.352229473246 0.140856204995 0.925253439708 -0.231477519911
0.000000000000 0.000000000000 0.000000000000 1.000000000000
19 23 37
0.535601314021 0.831155065037 -0.149373659938 -0.034477933137
-0.628557022294 0.510500158851 0.586775644978 -0.410155177301
0.563956826489 -0.220387943586 0.795852908632 0.337072158298
0.000000000000 0.000000000000 0.000000000000 1.000000000000
19 26 37
-0.671917138420 -0.720505198190 -0.171463169451 -0.237058792450
0.729899020547 -0.604934609603 -0.318279025241 0.694472535490
0.125597686688 -0.339007931301 0.932361970275 1.164545222180
0.000000000000 0.000000000000 0.000000000000 1.000000000000
19 28 37
0.462251926505 0.048573135736 0.885417306657 -0.696797745504
-0.184963770766 0.981817122653 0.042702940996 0.228365023904
-0.867243656620 -0.183509640484 0.462831126765 0.552402045642
0.000000000000 0.000000000000 0.000000000000 1.000000000000
19 29 37
0.611041638802 -0.787187911149 -0.083446439057 0.188811261243
0.784542164177 0.588176867948 0.196320056637 0.793091726354
-0.105459510135 -0.185426979028 0.976982664723 0.576591403132
0.000000000000 0.000000000000 0.000000000000 1.000000000000
19 31 37
0.934900089542 -0.203055882289 0.291084405701 0.280912156452
0.119790973779 0.952568952979 0.279754378735 0.339077012476
-0.334083739765 -0.226673109318 0.914881061306 0.244663374544
0.000000000000 0.000000000000 0.000000000000 1.000000000000
19 32 37
0.985170624318 0.024973468173 -0.169750307418 0.699596998632
0.048966309267 0.907282332825 0.417661428791 -0.249482141524
0.164441909311 -0.419779816606 0.892605043696 0.671644452119
0.000000000000 0.000000000000 0.000000000000 1.000000000000
19 33 37
0.925906139160 -0.268249729386 0.265969742922 0.095781765976
0.291595919127 0.955138483567 -0.051790898394 -0.061913219416
-0.240145042449 0.125509202423 0.962589112079 0.284490337311
0.000000000000 0.000000000000 0.000000000000 1.000000000000
20 22 37
0.411542934787 0.842994700165 0.346399117091 -0.477752594305
-0.745320759468 0.530040691045 -0.404417891965 0.767467274369
-0.524527766978 -0.091743126889 0.846435951704 -0.646064641780
0.000000000000 0.000000000000 0.000000000000 1.000000000000
20 23 37
0.760264412297 0.552883669818 -0.341053765621 0.383988292001
-0.639965839326 0.547300670199 -0.539356747335 0.886810986985
-0.111542583309 0.628316499902 0.769919884182 -0.099674520484
0.000000000000 0.000000000000 0.000000000000 1.000000000000
20 25 37
0.827180985244 0.053459526166 -0.559386893584 0.138948873456
-0.075319543384 0.997029580557 -0.016092913971 0.480952355057
0.556864960323 0.055444517833 0.828750457862 0.994732599794
0.000000000000 0.000000000000 0.000000000000 1.000000000000
20 26 37
0.997436067506 -0.019489467609 0.068858201335 1.334635862002
-0.012400613973 0.900574860166 0.434524045375 0.024792545303
-0.070480607347 -0.434263839029 0.898024165655 0.567782232349
0.000000000000 0.000000000000 0.000000000000 1.000000000000
20 30 37
0.996386961303 -0.062990211900 -0.056967153258 1.125603393602
0.084799020189 0.700691352347 0.708407195701 -1.430256540538
-0.004706327713 -0.710678451868 0.703501235627 1.252048917431
0.000000000000 0.000000000000 0.000000000000 1.000000000000
21 23 37
0.742167497399 -0.629221050980 0.230799208858 -0.229742680065
0.670158409883 0.701167936640 -0.243415756044 -0.430068090905
-0.008666687210 0.335327293301 0.942061831781 0.528172716667
0.000000000000 0.000000000000 0.000000000000 1.000000000000
21 28 37
0.631448504644 -0.515465093148 0.579282766642 0.118914310993
0.534920113955 0.830407408734 0.155833267328 -0.625728759453
-0.561367310832 0.211469319916 0.800092162856 0.515083240508
0.000000000000 0.000000000000 0.000000000000 1.000000000000
21 29 37
0.994054075686 -0.101041924023 0.040583545948 0.441768119650
0.108882823254 0.925856319965 -0.361848871191 -0.166036720540
-0.001012626352 0.364116196250 0.931352978315 1.232436335301
0.000000000000 0.000000000000 0.000000000000 1.000000000000
21 30 37
0.721815839075 0.626586840611 0.293889138338 -0.399914763748
-0.691561470138 0.669525948888 0.271067771573 -1.649947248721
-0.026918905632 -0.398903415551 0.916597751242 0.693257389364
0.000000000000 0.000000000000 0.000000000000 1.000000000000
21 31 37
0.698501706733 -0.554906073902 0.451856852153 -0.263519171341
0.510597919642 0.828874217825 0.228598546544 -0.526881200205
-0.501383216860 0.071040693768 0.862303942749 0.723840144699
0.000000000000 0.000000000000 0.000000000000 1.000000000000
21 33 37
0.921501805033 -0.369364802874 -0.120016939299 1.123359190862
0.305195004732 0.879812380973 -0.364398385527 -0.779324312921
0.240188326959 0.299165199657 0.923476989918 0.545794745762
0.000000000000 0.000000000000 0.000000000000 1.000000000000
22 24 37
0.983420341106 0.128360032373 -0.128094241819 0.310001724907
-0.079255005214 0.939570841619 0.333054466609 -0.490835643217
0.163104496707 -0.317380427356 0.934166252594 0.796068036452
0.000000000000 0.000000000000 0.000000000000 1.000000000000
22 26 37
0.775334089042 -0.579187482860 -0.251791401895 -0.539595255351
0.598801640745 0.800895773161 0.001598615958 0.463908460472
0.200732771144 -0.152012566028 0.967780209737 1.458658288420
0.000000000000 0.000000000000 0.000000000000 1.000000000000
22 28 37
0.842512165072 -0.334435904106 0.422286487765 0.033394486279
0.220616966460 0.929395804926 0.295891182525 -0.150198971922
-0.491427925351 -0.156128356907 0.856809506457 0.734843108721
0.000000000000 0.000000000000 0.000000000000 1.000000000000
22 29 37
0.967216260931 0.186085689539 -0.172814411261 0.084212788410
-0.161109633288 0.975645110869 0.148863372591 -0.397568520918
0.196306878771 -0.116141008202 0.973640013332 0.944573453006
0.000000000000 0.000000000000 0.000000000000 1.000000000000
22 30 37
0.814907448785 -0.242297459369 -0.526514758671 0.425950503310
0.076845634799 0.945572697250 -0.316207246324 -0.079086169648
0.574474192918 0.217219279528 0.789173736432 1.085132903599
0.000000000000 0.000000000000 0.000000000000 1.000000000000
23 28 37
0.973257512759 0.202871362446 0.107763742307 0.341877899006
-0.223600435524 0.729102751314 0.646847758951 -0.783197908616
0.052656045145 -0.653645460725 0.754966855288 0.900139199830
0.000000000000 0.000000000000 0.000000000000 1.000000000000
23 29 37
0.870787099084 0.425856666622 0.245715134989 -0.105549337916
-0.490566041939 0.719238242580 0.491976939405 -0.327347175643
0.032783937605 -0.548946673097 0.835214202185 0.632637971923
0.000000000000 0.000000000000 0.000000000000 1.000000000000
23 31 37
0.940425021457 -0.333448954256 -0.066427207698 0.509568728550
0.301339026623 0.907909554238 -0.291367521110 0.917849234427
0.157466091748 0.253992197182 0.954302045330 0.488044561781
0.000000000000 0.000000000000 0.000000000000 1.000000000000
24 26 37
-0.891859182664 0.219070260220 0.395721391114 -0.740933253109
0.366561551363 0.862620139616 0.348595931976 0.039216124347
-0.264990240121 0.455954730006 -0.849638427111 2.548022000109
0.000000000000 0.000000000000 0.000000000000 1.000000000000
24 28 37
0.953506553495 -0.137633942842 0.268108467264 0.040184641690
0.090553047274 0.979358847589 0.180710800113 0.045415595826
-0.287446339461 -0.148030893485 0.946288252334 0.045439353883
0.000000000000 0.000000000000 0.000000000000 1.000000000000
26 28 37
0.855149427871 0.033337007372 0.517308515251 -0.102065304842
-0.094056172445 0.991344301731 0.091596461999 -0.542765845401
-0.509777296902 -0.126984720992 0.850883063762 -0.832725348351
0.000000000000 0.000000000000 0.000000000000 1.000000000000
26 29 37
0.976754054986 0.129495866660 -0.170828383432 0.213441400671
-0.072095209556 0.948937257776 0.307116202054 -0.649717400275
0.201875696475 -0.287661087607 0.936214346103 -0.460372887318
0.000000000000 0.000000000000 0.000000000000 1.000000000000
26 30 37
0.908888180628 -0.380940429466 -0.169725261271 0.851746505364
0.065669237198 0.532628574537 -0.843797578139 0.260432961869
0.411837135772 0.755771917172 0.509115883482 -0.585636157397
0.000000000000 0.000000000000 0.000000000000 1.000000000000
26 31 37
0.057718608099 0.499503203326 0.864387130947 -1.317607912634
-0.272611986277 0.840810481501 -0.467675570387 0.493181617011
-0.960391205300 -0.208648709716 0.184700971077 -0.322322431731
0.000000000000 0.000000000000 0.000000000000 1.000000000000
26 32 37
0.999161537562 0.032706677919 0.024627120735 -0.156785111399
-0.038036414342 0.964100355739 0.262799800701 0.073340526975
-0.015147707423 -0.263516180308 0.964536038558 -0.426586199717
0.000000000000 0.000000000000 0.000000000000 1.000000000000
26 33 37
0.950596831232 -0.088585459908 -0.297520219053 0.004574096374
0.075441711327 0.995610186526 -0.055397695608 -0.321386186674
0.301121591129 0.030215439423 0.953106927147 -0.631138395035
0.000000000000 0.000000000000 0.000000000000 1.000000000000
26 34 37
0.786404840510 -0.588865261386 -0.186561332427 0.092292372797
0.370518654558 0.691333061642 -0.620301962358 0.742688852883
0.494250294333 0.418684011892 0.761853230444 -0.502072420414
0.000000000000 0.000000000000 0.000000000000 1.000000000000
26 35 37
-0.699276601323 -0.713255064374 -0.047743564864 -0.400189043364
0.438313587324 -0.375046427220 -0.816836199367 0.881795929950
0.564706502539 -0.592121094518 0.574890576908 -0.139727339340
0.000000000000 0.000000000000 0.000000000000 1.000000000000
27 29 37
0.271340578800 -0.231081139830 0.934331738256 -1.969354385842
0.958820555964 -0.019712184851 -0.283327674664 1.216200020675
0.083889401943 0.972734771962 0.216216631318 2.715645751113
0.000000000000 0.000000000000 0.000000000000 1.000000000000
28 32 37
0.087248605950 -0.177623836329 -0.980223165165 0.359214472049
0.994481009841 -0.042023994810 0.096132746376 0.235140617076
-0.058268360415 -0.983200771271 0.172976997160 1.054997889146
0.000000000000 0.000000000000 0.000000000000 1.000000000000
28 33 37
0.985629417360 -0.138658332283 -0.096480663994 -0.245813484487
0.066372570266 0.843108071442 -0.533632328279 0.311011585222
0.155336195242 0.519560051155 0.840195227129 -0.236446331134
0.000000000000 0.000000000000 0.000000000000 1.000000000000
28 34 37
0.680908627664 0.731759664388 0.029853548323 -0.508007374048
0.172565780324 -0.120691840859 -0.977575844122 1.352566781347
-0.711747491905 0.670791527321 -0.208456793224 1.708884218802
0.000000000000 0.000000000000 0.000000000000 1.000000000000
29 31 37
0.323949230927 0.933992854970 0.150712450208 -0.015498159388
-0.891137508229 0.354736011129 -0.282906881916 -0.006653877101
-0.317696139746 -0.042658050517 0.947232523468 -0.129209041420
0.000000000000 0.000000000000 0.000000000000 1.000000000000
29 32 37
0.937361794922 0.046715351663 0.345210865036 -0.509774284930
-0.016280251588 0.995759379620 -0.090543974440 0.097692238103
-0.347976750413 0.079252342666 0.934147337069 0.021774711692
0.000000000000 0.000000000000 0.000000000000 1.000000000000
29 33 37
0.873651393226 0.480218193916 0.078254260874 -0.418450067587
-0.435592485839 0.843623214409 -0.313941170270 -0.513302927259
-0.216777372883 0.240188172776 0.946212033460 -0.455623079049
0.000000000000 0.000000000000 0.000000000000 1.000000000000
30 32 37
0.710276709959 -0.672361267314 0.208416221790 -0.734930972807
0.479963124132 0.679163067743 0.555313359183 0.034106899631
-0.514919794495 -0.294394044826 0.805102323687 0.316554102826
0.000000000000 0.000000000000 0.000000000000 1.000000000000
30 33 37
0.919812447684 0.240963796164 0.309647396282 -0.445934685798
-0.315819122416 0.922988540888 0.219887324115 -0.335300241756
-0.232816114137 -0.300047666761 0.925077323617 0.118633925228
0.000000000000 0.000000000000 0.000000000000 1.000000000000
30 35 37
0.370058573184 -0.681345356308 0.631526054767 -1.337590673885
-0.142235942949 -0.713323860074 -0.686249231098 1.505673356972
0.918055330003 0.164126707412 -0.360883409105 2.249892549279
0.000000000000 0.000000000000 0.000000000000 1.000000000000
31 33 37
0.994020073976 0.030281932348 -0.104914713490 -0.157420830688
-0.050474606905 0.979396457466 -0.195537446951 -0.395990091568
0.096831846988 0.199663676406 0.975068207734 -0.289703950112
0.000000000000 0.000000000000 0.000000000000 1.000000000000
31 34 37
0.925847417090 0.096955024192 0.365248249212 -0.762687963752
-0.111585395973 0.993571117430 0.019108480151 -0.148047674955
-0.361047447953 -0.058447907509 0.930714017534 -0.008978325894
0.000000000000 0.000000000000 0.000000000000 1.000000000000
32 34 37
-0.403588768626 0.885517984228 0.230160825183 -0.510066901488
-0.849991640337 -0.269793613613 -0.452466150568 0.231437017987
-0.338570992844 -0.378245033891 0.861568556263 -0.151785588904
0.000000000000 0.000000000000 0.000000000000 1.000000000000
32 35 37
0.901205256353 -0.024001369010 0.432727420216 -0.630783831838
0.101016032528 0.982597551609 -0.155877556897 -0.077950833811
-0.421455628855 0.184190080779 0.887946601462 -0.045537384999
0.000000000000 0.000000000000 0.000000000000 1.000000000000
33 35 37
0.046797558795 0.965760121660 0.255181064938 -0.525397744512
-0.965211330583 -0.022070487542 0.260537868447 -0.192566445762
0.257249054043 -0.258496191445 0.931129767112 0.039406972489
0.000000000000 0.000000000000 0.000000000000 1.000000000000
