0 2 55
0.987258349895 -0.055031185435 0.149306795533 -0.568681597045
0.047230654206 0.997352102356 0.055299631359 0.335587351316
-0.151954650689 -0.047543165175 0.987243349727 -0.481540870574
0.000000000000 0.000000000000 0.000000000000 1.000000000000
0 3 55
0.997805107689 0.063877694411 -0.017453000462 -0.553461207843
-0.063339958007 0.997547043839 0.029798406775 -0.207753643130
0.019313642540 -0.028627530165 0.999403545986 -0.196505656083
0.000000000000 0.000000000000 0.000000000000 1.000000000000
0 4 55
-0.926800291951 -0.240660335909 -0.288312021184 0.715176370027
-0.332798374562 0.882037622103 0.333548909582 -0.535292387151
0.174030056966 0.405082998797 -0.897564094290 4.194455982605
0.000000000000 0.000000000000 0.000000000000 1.000000000000
0 5 55
0.759093339110 0.524438119131 -0.385670794488 0.644218846815
-0.142642898711 -0.444048120002 -0.884575757395 1.835803974734
-0.635161637669 0.726488765451 -0.262266596631 2.769724093201
0.000000000000 0.000000000000 0.000000000000 1.000000000000
0 9 55
0.706241234459 -0.341555034000 0.620131822680 -0.179704406204
0.098162266428 0.914709265131 0.392009093941 -0.247817139422
-0.701133003216 -0.215979441226 0.679533216824 -0.584700976437
0.000000000000 0.000000000000 0.000000000000 1.000000000000
0 10 55
0.921305095201 -0.037113106627 0.387065290195 -0.386631379948
-0.071434571920 0.962337904011 0.262302993572 -0.382539655178
-0.382222479050 -0.269310927775 0.883955655386 -0.380236179865
0.000000000000 0.000000000000 0.000000000000 1.000000000000
0 12 55
0.793317824622 -0.162830365952 -0.586628588683 1.861641376030
0.237563738068 0.969977548539 0.052029084991 -0.028861403233
0.560544645405 -0.180637280907 0.808183069146 0.626054916062
0.000000000000 0.000000000000 0.000000000000 1.000000000000
0 28 55
0.807299445435 0.561930896707 -0.180281093646 0.936390282558
-0.491801916761 0.471760000696 -0.731828789003 1.764741740217
-0.326187798777 0.679467562927 0.657210279028 0.788043560252
0.000000000000 0.000000000000 0.000000000000 1.000000000000
0 31 55
0.986510543025 0.080450105610 0.142564823879 -0.069857344774
0.073004157411 0.563282715534 -0.823032791194 1.476842299289
-0.146517376107 0.822338350612 0.549811145404 0.947317034693
0.000000000000 0.000000000000 0.000000000000 1.000000000000
0 36 55
0.999981043583 -0.005399130191 0.002960045207 -0.039321099808
0.005422103957 0.999954809186 -0.007808993141 0.070132736300
-0.002917749670 0.007824894783 0.999965128271 -0.060444654981
0.000000000000 0.000000000000 0.000000000000 1.000000000000
0 37 55
0.637409413139 0.768893494576 0.050120195948 0.327690241369
-0.619707746611 0.472906141267 0.626356200849 -0.994448748367
0.457899059655 -0.430305212089 0.777924080882 0.270852128047
0.000000000000 0.000000000000 0.000000000000 1.000000000000
0 38 55
0.793223356648 0.605168340473 0.067586878595 0.418104588434
-0.254506221474 0.228650674207 0.939651771890 -1.341383725011
0.553193718059 -0.762555013671 0.335390162984 1.605368536953
0.000000000000 0.000000000000 0.000000000000 1.000000000000
0 39 55
-0.417848035593 0.769505174472 0.482974953399 -0.780672839708
-0.226096071608 -0.602958891043 0.765062835402 -1.252429826728
0.879933852942 0.210481263230 0.425927285196 1.742727714352
0.000000000000 0.000000000000 0.000000000000 1.000000000000
0 40 55
0.828270058377 0.081079300664 -0.554432013325 1.561234385208
0.490778725047 0.372484277416 0.787649481761 -0.843208910105
0.270379277010 -0.924489918864 0.268725578393 1.528949713444
0.000000000000 0.000000000000 0.000000000000 1.000000000000
0 41 55
0.823175111100 0.543183845888 0.165330112297 0.646424500875
-0.461740507915 0.470967822568 0.751654849952 -1.143149128373
0.330421609184 -0.695083174643 0.638498974559 0.994874865908
0.000000000000 0.000000000000 0.000000000000 1.000000000000
0 44 55
0.949723623647 -0.246095631870 0.193550971741 0.291507620615
0.223316895969 0.965747001762 0.132144967982 0.191125871195
-0.219441570042 -0.082277995617 0.972150054660 -0.809259958815
0.000000000000 0.000000000000 0.000000000000 1.000000000000
0 45 55
0.996455745647 0.083528845800 -0.009943786386 0.308548664253
-0.080059370954 0.977999143447 0.192634816528 -0.179373174353
0.025815578454 -0.191155976457 0.981220132577 -0.614998320023
0.000000000000 0.000000000000 0.000000000000 1.000000000000
0 54 55
-0.897921136062 0.096492489923 -0.429449453140 1.215533533853
0.388719213360 -0.283858729974 -0.876539556770 1.909089362540
-0.206482460704 -0.953998648220 0.217374268521 1.827342161239
0.000000000000 0.000000000000 0.000000000000 1.000000000000
1 3 55
0.990626471579 -0.105228509626 -0.087098533685 -0.135025131320
0.093006701670 0.986589637024 -0.134129197272 -0.010067685009
0.100044726260 0.124771186091 0.987128767623 -0.026579664669
0.000000000000 0.000000000000 0.000000000000 1.000000000000
1 5 55
0.996061103873 -0.012314998792 -0.087810125593 0.222781589228
0.021056185523 0.994832066166 0.099326719364 -0.325653017633
0.086133120245 -0.100784428030 0.991172832892 0.921301818721
0.000000000000 0.000000000000 0.000000000000 1.000000000000
1 7 55
0.935555839341 -0.322511651384 -0.143949665493 0.828292144730
0.291906399117 0.935541731286 -0.198877658815 0.784205496736
0.198811281441 0.144041326511 0.969394744482 0.908849325077
0.000000000000 0.000000000000 0.000000000000 1.000000000000
1 10 55
0.946055172510 -0.126942584010 0.298102651669 -0.041789460966
0.052532967498 0.967977043240 0.245480612444 -0.311829127038
-0.319718466612 -0.216577986242 0.922428359268 -0.222392487989
0.000000000000 0.000000000000 0.000000000000 1.000000000000
1 27 55
-0.848432857583 0.502072775312 -0.167584648653 0.795409843358
-0.438015002768 -0.488231888539 0.754832749927 -2.063525175619
0.297160804151 0.713829497362 0.634147384425 0.947692110866
0.000000000000 0.000000000000 0.000000000000 1.000000000000
1 28 55
0.891613790958 0.249861280090 0.377616456851 -0.003434487510
-0.305603575793 0.947440037931 0.094677499904 0.127111569213
-0.334112708881 -0.199816704099 0.921109104573 0.803397960703
0.000000000000 0.000000000000 0.000000000000 1.000000000000
1 32 55
0.914256013616 0.395337192162 -0.088568877489 0.496018537390
-0.396843366332 0.829870400863 -0.392212264431 0.467338709879
-0.081555405486 0.393730392865 0.915600946685 0.922239023215
0.000000000000 0.000000000000 0.000000000000 1.000000000000
1 39 55
0.907884560576 0.395053653959 -0.140279133016 0.563691560021
-0.117513833076 0.561026807376 0.819414071420 -1.336015655017
0.402412877158 -0.727448645541 0.555771845633 1.679280528563
0.000000000000 0.000000000000 0.000000000000 1.000000000000
1 41 55
0.892581787529 0.363620044657 0.266604980627 0.181582939351
0.341798481230 -0.931305484418 0.125872526475 -0.188260020661
0.294060454330 -0.021226347216 -0.955551093026 4.134622440650
0.000000000000 0.000000000000 0.000000000000 1.000000000000
1 44 55
0.989200899549 -0.145594706057 0.016845233746 0.724862978998
0.127123829460 0.909498844042 0.395792097786 -0.599052038144
-0.072945954756 -0.389376468542 0.918185631249 -0.364740728199
0.000000000000 0.000000000000 0.000000000000 1.000000000000
1 45 55
0.988232472035 -0.055712588355 -0.142452408597 0.754158371928
0.077043424439 0.985844589339 0.148911908259 -0.034342555750
0.132139668408 -0.158134604592 0.978535924156 -0.390463958005
0.000000000000 0.000000000000 0.000000000000 1.000000000000
1 48 55
0.840511830753 -0.176910101272 -0.512096356589 1.376019947627
0.295524958813 0.941899161212 0.159658914020 -0.290881242929
0.454097854083 -0.285532460809 0.843958738767 -0.188557668720
0.000000000000 0.000000000000 0.000000000000 1.000000000000
1 51 55
0.926267516677 0.137878022634 0.350739416696 -1.069438832366
-0.211794684993 0.960246823174 0.181848975784 -0.274897546903
-0.311723433446 -0.242725543483 0.918647272668 -0.072493725322
0.000000000000 0.000000000000 0.000000000000 1.000000000000
2 7 55
0.304669674311 0.930690049621 0.202465851671 0.697021217229
-0.495040370909 -0.026870990750 0.868454363237 -2.209803080194
0.813702292442 -0.364820478309 0.452542371366 1.687704997990
0.000000000000 0.000000000000 0.000000000000 1.000000000000
2 11 55
0.951856542786 0.298420596546 -0.070101850991 -0.205086401132
-0.292305980815 0.952479275565 0.085676386471 -0.266912485581
0.092338158609 -0.061060438714 0.993853755483 0.324397494742
0.000000000000 0.000000000000 0.000000000000 1.000000000000
2 19 55
0.596982923952 -0.313209122474 0.738587458673 -1.766999196213
0.691994780066 -0.264760606717 -0.671598872461 1.197633759133
0.405899757171 0.912031724629 0.058681516676 2.489667019218
0.000000000000 0.000000000000 0.000000000000 1.000000000000
2 31 55
0.996172719067 -0.037568726118 -0.078920875596 0.269395212435
0.046118517637 0.992919907625 0.109467526576 0.050384588103
0.074249552981 -0.112688277391 0.990852338151 0.598074945041
0.000000000000 0.000000000000 0.000000000000 1.000000000000
2 32 55
-0.182711244322 0.982912756602 0.022340861864 0.562717155507
0.448726127656 0.103588107748 -0.887645405718 1.371311944526
-0.874792240224 -0.152157868162 -0.459985347157 3.343295535119
0.000000000000 0.000000000000 0.000000000000 1.000000000000
2 35 55
0.911609480517 -0.032737104024 0.409751677301 -1.363271942047
0.085412677285 0.990152601578 -0.110916636027 -0.030791886053
-0.402085599829 0.136110644729 0.905428662459 0.335072572644
0.000000000000 0.000000000000 0.000000000000 1.000000000000
2 38 55
0.845763074486 -0.075086773717 -0.528248803358 1.246163420392
-0.532642509263 -0.060825816968 -0.844151750171 1.067038338181
0.031253466422 0.995320147693 -0.091438637533 2.749983619103
0.000000000000 0.000000000000 0.000000000000 1.000000000000
2 41 55
-0.242808301049 -0.718214929611 0.652082390366 -0.753088415500
-0.605048184720 -0.413302228539 -0.680513013874 0.329660808655
0.758261711489 -0.559775475319 -0.334201427470 3.501205501116
0.000000000000 0.000000000000 0.000000000000 1.000000000000
2 45 55
0.995242769438 0.084158283977 0.049083735800 0.778152602591
-0.084399373920 0.996427913397 0.002856411363 -0.218083417050
-0.048668013765 -0.006985459326 0.998790582552 -0.299352707819
0.000000000000 0.000000000000 0.000000000000 1.000000000000
2 46 55
0.841320293246 0.277774928619 -0.463703842126 0.614360792821
-0.311897194183 0.950110265658 0.003259348344 -0.054180727779
0.441475145883 0.141885771386 0.885984268171 0.206860829037
0.000000000000 0.000000000000 0.000000000000 1.000000000000
2 54 55
0.939419448637 0.177533775971 -0.293211285444 0.590395203314
-0.191267063090 0.981361691785 -0.018604850788 0.088929851639
0.284443333722 0.073559420100 0.955866623340 0.054525202317
0.000000000000 0.000000000000 0.000000000000 1.000000000000
3 7 55
0.883102792312 0.127906141112 0.451408326547 0.057954175768
0.350366277550 -0.819679897196 -0.453175835288 1.484999082491
0.312046358361 0.558359100579 -0.768675604554 3.800823286219
0.000000000000 0.000000000000 0.000000000000 1.000000000000
3 8 55
0.858950258028 0.487686096554 0.156098447982 0.313647176678
-0.499229643066 0.729758939433 0.467142006033 -0.413206008736
0.113904423612 -0.479180719087 0.870293985235 0.734148746382
0.000000000000 0.000000000000 0.000000000000 1.000000000000
3 9 55
0.882606501960 0.036553674295 -0.468689227094 2.131682829747
0.322136091455 0.679094365442 0.659590161696 -0.931509601002
0.342394657202 -0.733140281065 0.587597844618 1.286679329731
0.000000000000 0.000000000000 0.000000000000 1.000000000000
3 19 55
0.721369010364 0.266229698778 0.639334418264 -1.118056757059
-0.574506111304 0.745561777380 0.337757848441 -0.299865971230
-0.386742134971 -0.610949575332 0.690775750472 0.815309485437
0.000000000000 0.000000000000 0.000000000000 1.000000000000
3 28 55
0.996007753733 0.025917690888 -0.085421471553 0.507014623154
0.018659581288 0.875336173942 0.483154636338 -0.658417149714
0.087294756597 -0.482819692937 0.871358003109 1.102948203494
0.000000000000 0.000000000000 0.000000000000 1.000000000000
3 37 55
0.953935604650 -0.063579539255 0.293197040177 -0.187394011401
-0.037736081082 0.944096177368 0.327503276415 -0.045473582045
-0.297628712266 -0.323481143294 0.898207715157 0.757035439879
0.000000000000 0.000000000000 0.000000000000 1.000000000000
3 38 55
0.967999759147 0.047526371677 -0.246409639192 1.186007769847
-0.247322176385 0.347054512657 -0.904646287956 2.016636464131
0.042523021526 0.936639957102 0.347703010342 1.527599792566
0.000000000000 0.000000000000 0.000000000000 1.000000000000
3 40 55
0.572040457305 0.546784193445 -0.611389205830 1.912432993963
-0.352890954500 0.836942465580 0.418324375982 -0.107564333005
0.740430745877 -0.023544746923 0.671720146678 1.284342558321
0.000000000000 0.000000000000 0.000000000000 1.000000000000
3 41 55
0.692092883120 0.678822674623 -0.245371590761 0.949516827006
-0.560006361069 0.719454000931 0.410826990480 -0.263383739091
0.455412249173 -0.146920784653 0.878074009603 1.032739377391
0.000000000000 0.000000000000 0.000000000000 1.000000000000
3 44 55
0.103840050911 -0.649609502795 0.753143238504 -1.860198944103
-0.246072543902 -0.750474893756 -0.613380580862 1.953877803173
0.963672946058 -0.121634401877 -0.237780414071 3.744563048082
0.000000000000 0.000000000000 0.000000000000 1.000000000000
3 48 55
0.997269242724 -0.026827549641 0.068806541088 -0.193149139802
0.025352364489 0.999431511359 0.022224124679 -0.022225552380
-0.069363644159 -0.020419027480 0.997382448304 0.011945906391
0.000000000000 0.000000000000 0.000000000000 1.000000000000
4 6 55
0.831884538043 -0.517461086769 -0.200504710780 0.894422336717
0.466651825487 0.847809292674 -0.251903705857 0.393979238647
0.300340122418 0.115988908674 0.946753602544 -0.074130903455
0.000000000000 0.000000000000 0.000000000000 1.000000000000
4 9 55
0.980682484787 -0.033248839345 -0.192759899136 0.872685046869
0.102906751044 0.925749314142 0.363865920299 -0.397810379053
0.166349224892 -0.376673229800 0.911287667715 -0.290176797641
0.000000000000 0.000000000000 0.000000000000 1.000000000000
4 10 55
0.815744150232 0.361808350821 -0.451282836632 0.433338703717
-0.186307522076 0.902984297220 0.387180663507 -0.404758778055
0.547586512416 -0.231762974291 0.804011775515 -0.269332267580
0.000000000000 0.000000000000 0.000000000000 1.000000000000
4 14 55
0.844732770905 -0.287896564633 0.451156418364 -1.440883333868
0.527991615087 0.586080287624 -0.614601294220 1.824731176232
-0.087472282214 0.757380660258 0.647088197475 -0.104251036592
0.000000000000 0.000000000000 0.000000000000 1.000000000000
4 31 55
-0.567610232879 0.177750778654 -0.803880142944 0.802846760225
-0.275418375864 0.879162921610 0.388866655169 -0.731739603707
0.775862965843 0.442128056058 -0.450066039909 2.420438506130
0.000000000000 0.000000000000 0.000000000000 1.000000000000
4 33 55
0.998884697802 0.045562797615 0.012385151234 0.006964647697
-0.041973202338 0.977008408060 -0.209028277670 0.722024036252
-0.021624310003 0.208275303513 0.977831164958 -0.200460292648
0.000000000000 0.000000000000 0.000000000000 1.000000000000
4 36 55
0.966385661698 -0.227289976556 0.120158309826 -0.704440499705
0.206229313085 0.964388247235 0.165604284427 -0.068594575057
-0.153519455728 -0.135257440289 0.978844830175 -0.826980269527
0.000000000000 0.000000000000 0.000000000000 1.000000000000
4 38 55
-0.954803095639 0.147060055866 0.258310643464 -0.309702173715
0.263570831989 0.820627508432 0.507051189654 -0.741848846321
-0.137409843470 0.552217196738 -0.822298426694 3.198701836611
0.000000000000 0.000000000000 0.000000000000 1.000000000000
4 39 55
0.785302333151 -0.607150118482 -0.121115561244 1.281907953045
0.618677870653 0.762259600276 0.190257704576 -0.156863948402
-0.023193488574 -0.224341336837 0.974234585033 0.074323902996
0.000000000000 0.000000000000 0.000000000000 1.000000000000
4 40 55
-0.656720349000 -0.135563678482 0.741849629161 -1.300858183314
-0.505553778600 -0.650794339254 -0.566464566358 1.294021781261
0.559583559580 -0.747053690890 0.358855155704 1.312173660008
0.000000000000 0.000000000000 0.000000000000 1.000000000000
4 48 55
0.645071412631 -0.760118293848 0.078122032519 0.030068129155
-0.370106625968 -0.221361749722 0.902230603103 -2.126993551414
-0.668508756877 -0.610916651531 -0.424118953667 3.146940081374
0.000000000000 0.000000000000 0.000000000000 1.000000000000
5 7 55
0.984565037929 0.052558500533 -0.166940977921 0.955604427056
-0.018853826728 0.980144194123 0.197387669178 -0.016990966214
0.174000630186 -0.191193521719 0.966006634526 -0.218247045217
0.000000000000 0.000000000000 0.000000000000 1.000000000000
5 8 55
0.877276489942 0.479806989062 0.013084855443 0.344035713488
-0.399410791080 0.714619459455 0.574273495939 -0.735586018752
0.266189744661 -0.509022869248 0.818558940102 -0.090939656851
0.000000000000 0.000000000000 0.000000000000 1.000000000000
5 9 55
-0.662028338209 0.147417158003 0.734837846694 -1.560530145410
-0.160571616973 -0.985596940060 0.053060602779 -0.403886374881
0.732075976405 -0.082866478574 0.676164115803 0.303990265008
0.000000000000 0.000000000000 0.000000000000 1.000000000000
5 10 55
0.990405039888 0.069826998752 0.119256225031 0.332017242363
0.035383679457 0.706059063668 -0.707268402970 1.939428477049
-0.133588368474 0.704701914896 0.696813718974 -0.772472575847
0.000000000000 0.000000000000 0.000000000000 1.000000000000
5 11 55
0.856429428479 -0.078258057355 0.510298256409 -0.842177836102
0.505013749577 0.332220501410 -0.796611982825 2.862913041940
-0.107190236371 0.939949581042 0.324044809132 1.288989321943
0.000000000000 0.000000000000 0.000000000000 1.000000000000
5 12 55
0.833364355358 -0.222074104996 0.506149131293 -0.092210747276
0.535249171976 0.552687078541 -0.638784249268 1.554872643617
-0.137884644239 0.803255927526 0.579454691739 -0.079553500918
0.000000000000 0.000000000000 0.000000000000 1.000000000000
5 15 55
-0.857901575074 -0.136097092860 0.495461874215 -1.839153379050
0.483013308354 -0.542459063330 0.687340023980 -1.383694513024
0.175222805133 0.828984768211 0.531113191923 0.030000263339
0.000000000000 0.000000000000 0.000000000000 1.000000000000
5 17 55
0.663715489192 -0.352400592944 0.659769332039 -1.614098531605
0.660464651591 0.690139974590 -0.295792595363 0.706499586991
-0.351095704054 0.632076449146 0.690804725685 -0.430129889647
0.000000000000 0.000000000000 0.000000000000 1.000000000000
5 19 55
0.499352151187 -0.262921346869 0.825542121557 -1.671125371224
0.607380126505 0.785725908256 -0.117150241235 0.000452279235
-0.617848534052 0.559917103199 0.552047123455 0.255563044132
0.000000000000 0.000000000000 0.000000000000 1.000000000000
5 22 55
0.418505526413 -0.572164240754 0.705323476118 -1.571812960903
0.815429429251 0.578677122334 -0.014409510732 1.229565219071
-0.399909952706 0.581171979443 0.708739133981 -0.314185210448
0.000000000000 0.000000000000 0.000000000000 1.000000000000
5 23 55
0.392264444910 0.917954826417 -0.059055413953 0.848158285644
-0.796340652072 0.306759430376 -0.521287078041 1.944620510443
-0.460402184091 0.251510613162 0.851335562719 -1.003051215169
0.000000000000 0.000000000000 0.000000000000 1.000000000000
5 24 55
0.242537518032 -0.842548563063 0.480923560689 -0.425989782753
0.955744389313 0.122425229183 -0.267515841692 -0.056555633597
0.166517910878 0.524522623096 0.834953773102 -0.305332692360
0.000000000000 0.000000000000 0.000000000000 1.000000000000
5 26 55
0.101580911579 0.776681155610 -0.621649178333 1.896235502608
-0.973327847889 -0.051616811687 -0.223536585984 1.178945465349
-0.205704202497 0.627775507065 0.750722114903 -0.270917378409
0.000000000000 0.000000000000 0.000000000000 1.000000000000
5 27 55
0.488337106770 -0.494225719811 0.719213325814 -1.170483920206
0.799000900528 0.584619284350 -0.140775897515 0.727455206169
-0.350890910551 0.643398189492 0.680378085076 0.047226570967
0.000000000000 0.000000000000 0.000000000000 1.000000000000
5 28 55
0.983346404307 0.019419965942 0.180700619974 -0.165051854329
-0.014571602860 0.999498342867 -0.028119939492 0.349017310799
-0.181156058486 0.025018543718 0.983136081600 -0.125285693463
0.000000000000 0.000000000000 0.000000000000 1.000000000000
5 33 55
-0.784715006780 0.549537498286 -0.286759299957 1.287004248498
-0.575348047938 -0.473600779875 0.666841004314 -1.423459747234
0.230644709169 0.688266546681 0.687816966099 0.001326619809
0.000000000000 0.000000000000 0.000000000000 1.000000000000
5 35 55
-0.922053027775 0.371768894693 -0.107731624465 0.397509987893
-0.386767515602 -0.895825147384 0.218879405585 -1.394834074984
-0.015136143678 0.243485511383 0.969786421281 -1.433678756608
0.000000000000 0.000000000000 0.000000000000 1.000000000000
5 36 55
0.372373593342 0.925066479310 0.074765739734 -0.431330039908
-0.915154870439 0.352593635291 0.195369627796 -0.007478143004
0.154367969781 -0.141172721192 0.977875652983 -0.854852828471
0.000000000000 0.000000000000 0.000000000000 1.000000000000
5 37 55
0.977917491168 -0.009594744584 0.208770978211 -0.215576943193
-0.023949272238 0.987220046608 0.157553203508 0.065403175161
-0.207614577586 -0.159073946492 0.965189964060 -0.395883846201
0.000000000000 0.000000000000 0.000000000000 1.000000000000
5 38 55
0.980825080518 -0.067944705279 0.182662745113 0.345037776683
0.030293415763 0.979019805068 0.201500695394 -0.073135150249
-0.192521350476 -0.192103457302 0.962305456341 0.047754405468
0.000000000000 0.000000000000 0.000000000000 1.000000000000
5 39 55
0.928505140714 0.151653109212 -0.338938841289 0.740854140085
-0.021367209264 0.933104721141 0.358969388322 -0.619161589717
0.370704256836 -0.326062745266 0.869632934124 0.373579982260
0.000000000000 0.000000000000 0.000000000000 1.000000000000
5 41 55
0.956298312222 -0.165794375203 0.240843856455 0.267114871572
0.221342193041 0.948696843981 -0.225791788601 0.579582497796
-0.191052797995 0.269233213721 0.943934481311 -0.047155396856
0.000000000000 0.000000000000 0.000000000000 1.000000000000
5 45 55
0.552759503465 0.006735010428 -0.833313609012 3.140089236880
0.823923657240 -0.154322960322 0.545283624326 -1.088845512475
-0.124926932124 -0.987997501794 -0.090852617346 1.789993520136
0.000000000000 0.000000000000 0.000000000000 1.000000000000
5 46 55
0.689540839489 -0.287118121708 0.664903462815 -1.830274166123
0.708534362653 0.457623057351 -0.537177991284 1.024379207258
-0.150041619617 0.841513114317 0.518982842507 0.473194342829
0.000000000000 0.000000000000 0.000000000000 1.000000000000
5 50 55
0.634486796987 -0.681582673209 0.364515519601 -0.848777945932
0.758447216811 0.639889351341 -0.123690894373 -0.149112182056
-0.148944028953 0.354946020713 0.922945826481 -0.983499537896
0.000000000000 0.000000000000 0.000000000000 1.000000000000
5 51 55
0.371027832054 -0.812650849151 0.449373948082 -1.016585012690
0.875727023797 0.467186575285 0.121814956654 -0.752667056441
-0.308934503790 0.348332170848 0.884999531706 -1.036091491108
0.000000000000 0.000000000000 0.000000000000 1.000000000000
5 52 55
-0.237792818179 -0.514056506445 0.824136204643 -1.427267409860
0.968364234562 -0.191562580498 0.159920251920 -1.030455020149
0.075665612032 0.836091912373 0.543346141260 -0.306515214692
0.000000000000 0.000000000000 0.000000000000 1.000000000000
5 54 55
0.761657877041 0.179532891686 -0.622611611798 1.679356234026
0.608096875194 -0.529930580590 0.591093706729 -1.211796384631
-0.223820170496 -0.828819353393 -0.512799191420 2.705243534527
0.000000000000 0.000000000000 0.000000000000 1.000000000000
6 8 55
0.947314717411 0.257960483541 -0.189871575304 0.324419777286
-0.183000121475 0.922396370101 0.340140988364 -0.255295450810
0.262879785676 -0.287474042926 0.921006456507 0.087529985368
0.000000000000 0.000000000000 0.000000000000 1.000000000000
6 12 55
0.869973198428 -0.112101612637 0.480187320180 -0.415473289354
0.470187937673 0.481979421360 -0.739336960156 1.949873883690
-0.148559541209 0.868981625715 0.472018004833 0.451855523246
0.000000000000 0.000000000000 0.000000000000 1.000000000000
6 13 55
-0.389253877258 -0.128082306866 0.912182186686 -1.969416250632
0.920358334232 -0.094619865273 0.379457003764 -0.909647492180
0.037708827210 0.987239587822 0.154712768015 1.365195684175
0.000000000000 0.000000000000 0.000000000000 1.000000000000
6 15 55
0.245410618734 -0.287685065014 0.925748849084 -2.485687071104
0.888964956920 -0.314117145352 -0.333274247976 1.550976674735
0.386671609484 0.904747325149 0.178654258431 1.400744493188
0.000000000000 0.000000000000 0.000000000000 1.000000000000
6 22 55
0.389299562013 0.919983852369 -0.045558340584 0.675966488940
-0.552568308613 0.193680195503 -0.810651741617 2.356335519583
-0.736962763871 0.340760463157 0.583753536535 0.370757221051
0.000000000000 0.000000000000 0.000000000000 1.000000000000
6 23 55
0.922772879299 -0.080708373027 0.376797520895 -0.724116131478
0.070948141632 0.996688259837 0.039735046283 0.600813170847
-0.378756616350 -0.009933339188 0.925443004374 -0.925991452856
0.000000000000 0.000000000000 0.000000000000 1.000000000000
6 24 55
0.572607527314 0.536194130073 -0.620174551670 0.901758445418
0.568552278562 0.285283566370 0.771596781552 -1.823809158031
0.590651272924 -0.794423779626 -0.141498876882 1.892796347531
0.000000000000 0.000000000000 0.000000000000 1.000000000000
6 28 55
0.995295606652 0.090393598988 0.034866210593 -0.360663996534
-0.088189508663 0.994278081276 -0.060280242677 0.141493682995
-0.040115657053 0.056921826723 0.997572373165 0.109518796985
0.000000000000 0.000000000000 0.000000000000 1.000000000000
6 33 55
0.632408763047 -0.444161235307 0.634649472914 -1.146921272626
0.774634775787 0.362978636472 -0.517868200999 0.625240513872
-0.000347220434 0.819125940570 0.573613609430 0.595998691888
0.000000000000 0.000000000000 0.000000000000 1.000000000000
6 35 55
0.988328084289 -0.062847601644 0.138772391971 0.085153744413
0.060505967019 0.997946214453 0.021032855557 0.522901881719
-0.139809247764 -0.012390804068 0.990100925266 -1.270058889687
0.000000000000 0.000000000000 0.000000000000 1.000000000000
6 36 55
-0.719351808901 -0.520372122721 0.460158482401 -1.210939075155
0.562203944702 -0.825212808005 -0.054318929158 0.125860415991
0.407994729860 0.219628494047 0.886173586274 -0.558911777733
0.000000000000 0.000000000000 0.000000000000 1.000000000000
6 37 55
0.972351890337 -0.061695036891 0.225223275399 -0.584064948281
0.057813194058 0.998043761610 0.023796733057 0.118526464415
-0.226250825306 -0.010117921444 0.974016525381 -0.097070469069
0.000000000000 0.000000000000 0.000000000000 1.000000000000
6 38 55
0.967718074140 -0.106438160403 0.228457100993 -0.068740908630
0.078183543849 0.988509354449 0.129369971941 -0.106608307955
-0.239601883247 -0.107332074325 0.964920081336 0.345149124801
0.000000000000 0.000000000000 0.000000000000 1.000000000000
6 39 55
0.835255214550 -0.304476762910 -0.457867478005 0.627577033112
0.389917665777 0.915097025863 0.102769874828 -0.252566967071
0.387702128549 -0.264369692108 0.883060431349 0.655992414404
0.000000000000 0.000000000000 0.000000000000 1.000000000000
6 40 55
0.886415359470 0.428324626647 -0.175515881628 0.584146612983
-0.340270549572 0.860009392921 0.380262800154 -0.367848520031
0.313821228710 -0.277347901192 0.908071791278 0.472951182476
0.000000000000 0.000000000000 0.000000000000 1.000000000000
6 41 55
0.906265635682 0.086212932952 -0.413823546665 0.873625173097
0.078530616337 0.927599169312 0.365229685802 -0.295203472667
0.415349900542 -0.363492931547 0.833880896073 0.492906799173
0.000000000000 0.000000000000 0.000000000000 1.000000000000
6 48 55
0.786560945649 -0.399314265483 0.471030780483 -1.529899473908
0.228343537377 0.896801220615 0.378954878107 -1.062328400433
-0.573743067687 -0.190514272653 0.796569648051 0.080674825470
0.000000000000 0.000000000000 0.000000000000 1.000000000000
6 54 55
-0.193155915756 -0.216858675992 0.956902872216 -2.581428853491
0.945925903191 -0.300196285854 0.122907996616 -0.704198477086
0.260605022747 0.928899620306 0.263116927453 1.542002614836
0.000000000000 0.000000000000 0.000000000000 1.000000000000
7 9 55
0.887747750766 -0.381913212576 0.256994609031 -0.824337515524
0.327580515319 0.916352683193 0.230192888654 -0.410621193275
-0.323411405170 -0.120166792684 0.938597360395 -0.045896771212
0.000000000000 0.000000000000 0.000000000000 1.000000000000
7 10 55
-0.573955302420 -0.786974752477 -0.226375903728 0.267013420481
0.775631742267 -0.433795190272 -0.458494420124 1.251423153775
0.262622754559 -0.438739640176 0.859381648004 -0.580681118551
0.000000000000 0.000000000000 0.000000000000 1.000000000000
7 11 55
0.837161678951 0.545519384581 -0.039609649630 0.035403619151
-0.517239369097 0.766054667039 -0.381606711372 1.432047548160
-0.177830701381 0.339954185376 0.923475713537 -0.557079625362
0.000000000000 0.000000000000 0.000000000000 1.000000000000
7 12 55
0.950267984233 -0.299336975807 0.085954249787 -0.030604494648
0.311398013539 0.909094736633 -0.276727369425 0.586560307237
0.004694177814 0.289731142165 0.957096562503 -0.241648760551
0.000000000000 0.000000000000 0.000000000000 1.000000000000
7 15 55
0.931271116537 0.332606125093 0.148685147389 -0.436125503444
0.118301097869 0.109929186089 -0.986874067087 2.482718771068
-0.344585196644 0.936636930510 0.063026206112 1.220253165140
0.000000000000 0.000000000000 0.000000000000 1.000000000000
7 23 55
0.885151822259 0.339887637812 0.317777666323 -1.058298164573
-0.274747729191 0.932962861692 -0.232581134247 1.121715380501
-0.375526213274 0.118560922591 0.919197133796 -0.735550486769
0.000000000000 0.000000000000 0.000000000000 1.000000000000
7 26 55
0.986721970635 -0.082574755086 -0.139861225821 -0.192512791607
0.162387070125 0.484633735774 0.859511827496 -2.245043478696
-0.003192510289 -0.870810858897 0.491607827344 0.012321243433
0.000000000000 0.000000000000 0.000000000000 1.000000000000
7 27 55
-0.344204641808 -0.510262867256 0.788133853389 -2.180612398305
0.933218082746 -0.278101491419 0.227516088453 -0.456391103327
0.103088188424 0.813812857338 0.571910358918 0.607684703631
0.000000000000 0.000000000000 0.000000000000 1.000000000000
7 28 55
0.874364756044 -0.023835075235 0.484683569535 -1.246106496125
0.215150296453 0.914301248443 -0.343166981266 0.610918515924
-0.434967381909 0.404332927528 0.804560911549 0.582341835465
0.000000000000 0.000000000000 0.000000000000 1.000000000000
7 32 55
0.836081522285 0.542762798090 0.079851318729 -0.345889427273
-0.074556362182 0.256617749247 -0.963633062753 1.748261270188
-0.543515443158 0.799722374191 0.255019778190 1.419090627640
0.000000000000 0.000000000000 0.000000000000 1.000000000000
7 33 55
0.632001542256 -0.629886161515 0.451461486860 -1.228327828486
0.774939190989 0.518613077770 -0.361261298556 0.091804859878
-0.006580338544 0.578172897235 0.815887737405 0.120650352771
0.000000000000 0.000000000000 0.000000000000 1.000000000000
7 36 55
-0.716779888096 0.075528876941 0.693196927842 -2.139162873349
-0.074866847469 -0.996705814296 0.031184529785 0.028624998859
0.693268740945 -0.029545024893 0.720073290945 -0.205128677253
0.000000000000 0.000000000000 0.000000000000 1.000000000000
7 37 55
0.950910026567 -0.177436586201 0.253547587745 -0.968244002161
0.193343948167 0.980353445077 -0.039054326691 -0.074474466388
-0.241636584732 0.086159042495 0.966534210628 -0.101710694250
0.000000000000 0.000000000000 0.000000000000 1.000000000000
7 38 55
0.948091496494 -0.284129690765 0.142803477202 -0.321766643892
0.286986820045 0.957934333298 0.000614986450 -0.175464499290
-0.136971089637 0.040399652390 0.989750872034 0.310545268181
0.000000000000 0.000000000000 0.000000000000 1.000000000000
7 39 55
0.967264925177 -0.084616359423 -0.239245974344 0.055239779779
0.080414033974 0.996387893703 -0.027290079185 -0.205311364578
0.240690979603 0.007158002492 0.970575404251 0.530283037117
0.000000000000 0.000000000000 0.000000000000 1.000000000000
7 40 55
0.973109484289 0.002095435278 -0.230333542367 0.335922461267
0.025461312326 0.992852429854 0.116600918124 -0.175827228225
0.228931546894 -0.119330053564 0.966100763458 0.342794268533
0.000000000000 0.000000000000 0.000000000000 1.000000000000
7 41 55
0.916479456635 0.121118867588 -0.381307783136 0.447840190052
-0.030490636359 0.971447658620 0.235286564972 -0.389481715511
0.398918195449 -0.204008986262 0.894004813669 0.433345670997
0.000000000000 0.000000000000 0.000000000000 1.000000000000
7 45 55
0.399994127381 -0.275035069323 0.874277077764 -2.534611033424
0.860428464025 0.441269628615 -0.254841074314 0.534922683999
-0.315701688870 0.854187816294 0.413153262288 0.741289932909
0.000000000000 0.000000000000 0.000000000000 1.000000000000
7 47 55
0.462616245023 -0.744579256033 0.481235847923 -1.462395982740
0.772871076387 0.604643927067 0.192551345740 -0.470630254062
-0.434346070693 0.282855887240 0.855181874181 -0.971686805402
0.000000000000 0.000000000000 0.000000000000 1.000000000000
7 48 55
0.820389479357 -0.394583662168 0.413841558705 -1.692857871443
0.571528916817 0.543357168266 -0.614912745791 1.430877083555
0.017770745699 0.740990365149 0.671280477412 -0.012540048996
0.000000000000 0.000000000000 0.000000000000 1.000000000000
7 50 55
0.407120589375 -0.777503453305 -0.479313264792 1.345865780746
-0.172789778869 0.449735068541 -0.876288799679 1.909478753727
0.896881551837 0.439575645621 0.048751756402 2.187714194546
0.000000000000 0.000000000000 0.000000000000 1.000000000000
7 52 55
0.391272570067 -0.511577132911 0.764980138956 -2.295155511416
0.897340281150 0.027664940130 -0.440471418952 0.440643828107
0.204171975892 0.858791877098 0.469883300502 -0.049184935159
0.000000000000 0.000000000000 0.000000000000 1.000000000000
7 54 55
0.311842878975 -0.190043356971 0.930933693290 -2.494966932199
0.948529913105 0.005364511548 -0.316642110215 0.284233178492
0.055181725035 0.981761042458 0.181934693599 1.623448096022
0.000000000000 0.000000000000 0.000000000000 1.000000000000
8 27 55
0.036699982864 -0.375451965497 0.926114967411 -2.064355074262
0.904302069002 -0.381942425342 -0.190677087566 0.422375102821
0.425312684101 0.844485527009 0.325504708745 1.280335333338
0.000000000000 0.000000000000 0.000000000000 1.000000000000
8 28 55
0.781017684594 -0.064237067437 0.621196406556 -1.131054057073
0.353593641520 0.865385029935 -0.355077859969 0.419219290356
-0.514764910447 0.496973187537 0.698594830958 0.939487615996
0.000000000000 0.000000000000 0.000000000000 1.000000000000
8 31 55
0.789809273860 -0.549121182520 -0.273253065548 0.098908717190
-0.270428581326 0.088105730376 -0.958700037904 1.209549837296
0.550517659413 0.831085619646 -0.078911339434 1.747320591556
0.000000000000 0.000000000000 0.000000000000 1.000000000000
8 37 55
0.931383387009 -0.179937071038 0.316461114310 -0.771225453626
0.219849883370 0.970896905995 -0.095001193205 0.036360889059
-0.290156880301 0.158056472169 0.943836392824 0.047633040703
0.000000000000 0.000000000000 0.000000000000 1.000000000000
8 38 55
0.883219282031 -0.250603458416 0.396385678954 -0.283204049919
0.290116724140 0.956069841171 -0.041985058992 -0.140090738085
-0.368450792134 0.152080128333 0.917123573103 0.379911310443
0.000000000000 0.000000000000 0.000000000000 1.000000000000
8 39 55
0.999581422736 -0.024097208099 -0.016009493497 0.068975601126
0.021619559359 0.989898256193 -0.140121508124 -0.112834236493
0.019224306836 0.139716738251 0.990004878311 0.513049084733
0.000000000000 0.000000000000 0.000000000000 1.000000000000
8 40 55
0.997217574926 0.063745380197 -0.038647571237 0.395896213426
-0.060990088911 0.995770766322 0.068708005308 -0.162264128204
0.042863939548 -0.066159711624 0.996887945179 0.323298096566
0.000000000000 0.000000000000 0.000000000000 1.000000000000
8 41 55
0.989527273329 0.129201394756 -0.064364391794 0.356487494012
-0.110179285872 0.964133498835 0.241468675793 -0.429076714676
0.093253955963 -0.231848217628 0.968271709635 0.314466898098
0.000000000000 0.000000000000 0.000000000000 1.000000000000
8 42 55
0.753185349761 0.611670830803 -0.242013684842 0.204813343864
-0.539892867692 0.785000048943 0.303793703976 -0.193007875696
0.375802501749 -0.098151504854 0.921487255351 0.109495790910
0.000000000000 0.000000000000 0.000000000000 1.000000000000
8 43 55
0.988873276222 -0.137283163522 0.057297265109 -0.321170055625
0.125589181014 0.976870598132 0.173064127185 -0.282633547205
-0.079730804510 -0.163942573847 0.983242508892 0.110167491360
0.000000000000 0.000000000000 0.000000000000 1.000000000000
8 51 55
0.263548493263 -0.861673901429 0.433659174117 -1.148116286208
0.800309015958 0.446294935865 0.400407678744 -2.116464358082
-0.538560740005 0.241534506474 0.807225750027 -0.362438784711
0.000000000000 0.000000000000 0.000000000000 1.000000000000
9 14 55
0.877318757468 0.287389944348 0.384342058175 -1.582425284828
-0.190183814485 0.943497303301 -0.271372355574 0.403135285907
-0.440615381599 0.164984419113 0.882404797669 -0.348756925287
0.000000000000 0.000000000000 0.000000000000 1.000000000000
9 28 55
0.782716271953 -0.053715129516 0.620056386534 -2.232896213345
0.300830249233 0.904809826221 -0.301364131112 0.308214825853
-0.544845298013 0.422414326504 0.724368509805 1.301244757603
0.000000000000 0.000000000000 0.000000000000 1.000000000000
9 31 55
-0.861290369391 -0.442457535097 -0.249820393943 0.707067014969
-0.498526953947 0.640796662752 0.583824043007 -1.088111630641
-0.098233272273 0.627384225687 -0.772489001589 2.867777051825
0.000000000000 0.000000000000 0.000000000000 1.000000000000
9 37 55
0.954354563861 -0.037764264680 -0.296278967783 0.425018834588
-0.043156223836 0.964129159037 -0.261901708734 0.466014977996
0.295541717498 0.262733372465 0.918491300020 -0.001791257753
0.000000000000 0.000000000000 0.000000000000 1.000000000000
9 38 55
0.946247023028 -0.113256576806 -0.302967851794 0.730948447381
0.024013737596 0.958705319127 -0.283385693859 0.214220809419
0.322552184640 0.260877478690 0.909891767902 0.507335870457
0.000000000000 0.000000000000 0.000000000000 1.000000000000
9 39 55
0.826914487648 -0.562115758231 -0.015437113285 0.656083377582
0.561558090365 0.826907309518 -0.029611021770 -0.257999505501
0.029409883768 0.015816947038 0.999442285939 0.201816627225
0.000000000000 0.000000000000 0.000000000000 1.000000000000
9 41 55
0.639851204341 -0.207303225130 -0.740010681784 0.582938462827
0.763444074809 0.061204006732 0.642967506333 -1.185011514086
-0.087997618966 -0.976360303582 0.197425876331 2.181231163755
0.000000000000 0.000000000000 0.000000000000 1.000000000000
9 42 55
0.794013591774 0.513341631118 -0.325611403116 0.607582038618
-0.347910204474 0.822977586223 0.449072802781 -0.286478418290
0.498498651654 -0.243286379267 0.832052181034 0.303005563850
0.000000000000 0.000000000000 0.000000000000 1.000000000000
9 44 55
0.830101491948 -0.089316965974 -0.550412565858 0.660667423376
0.162623420666 0.982954772224 0.085752777285 -0.359906864455
0.533371480412 -0.160693482600 0.830477253471 0.283866117084
0.000000000000 0.000000000000 0.000000000000 1.000000000000
9 45 55
0.717175167861 0.272844907317 -0.641260816793 0.396743935214
-0.383861663580 0.922659843707 -0.036729226012 -0.023018857483
0.581644222731 0.272496732753 0.766443428312 0.235609942832
0.000000000000 0.000000000000 0.000000000000 1.000000000000
10 19 55
0.395800398025 -0.645791670829 0.652912829413 -1.852366202220
0.406744295806 0.760711350266 0.505843176692 -1.344012557993
-0.823347510322 0.065355638349 0.563761933606 1.741664953422
0.000000000000 0.000000000000 0.000000000000 1.000000000000
10 20 55
0.791038372272 -0.528592145858 0.307975058941 -0.817303976312
0.592361533354 0.787597974981 -0.169697506193 0.039662260863
-0.152859763821 0.316669817227 0.936137874174 -0.086469231022
0.000000000000 0.000000000000 0.000000000000 1.000000000000
10 28 55
0.752558747146 0.585210029044 0.301967802923 -0.484721654872
-0.534607902728 0.810676746553 -0.238741707580 0.513769277491
-0.384512317664 0.018232786535 0.922939783008 1.041393204533
0.000000000000 0.000000000000 0.000000000000 1.000000000000
10 31 55
0.734164620586 -0.620831288727 -0.274901474746 -0.291050083442
0.639215763648 0.768501144938 -0.028446401083 -0.567860550520
0.228922513931 -0.154837014850 0.961051497813 1.612788154655
0.000000000000 0.000000000000 0.000000000000 1.000000000000
10 33 55
0.988848393529 -0.146467047772 -0.026949184229 -0.170164785746
0.148772665028 0.963323719112 0.223325113536 -0.749275511612
-0.006748981694 -0.224843981713 0.974371405129 0.485661162952
0.000000000000 0.000000000000 0.000000000000 1.000000000000
10 36 55
0.701886433352 -0.268190334935 0.659870728948 -1.421346189168
0.305055391452 0.950329757840 0.061762120343 0.044023046988
-0.643658793788 0.157947129163 0.748836471847 0.353769858538
0.000000000000 0.000000000000 0.000000000000 1.000000000000
10 39 55
0.094523024820 -0.824635126132 -0.557711669708 0.781337506922
-0.850669041591 -0.357916617484 0.385042694525 -0.623827592462
-0.517134005319 0.438032651383 -0.735322933727 3.858581471206
0.000000000000 0.000000000000 0.000000000000 1.000000000000
10 41 55
-0.190575433963 0.810653026735 -0.553644899024 1.028986259895
-0.980491949766 -0.184837017066 0.066864142615 -0.283944525361
-0.048130452060 0.555587029517 0.830064161506 1.350409219380
0.000000000000 0.000000000000 0.000000000000 1.000000000000
10 43 55
0.941282033150 0.221645858248 -0.254678714443 0.745499382248
-0.056109280731 0.846538793699 0.529361709400 -0.506501921196
0.332926242108 -0.483988826611 0.809268146557 0.086313642056
0.000000000000 0.000000000000 0.000000000000 1.000000000000
10 44 55
0.955054820027 -0.079431816035 -0.285588650589 0.871195339377
0.108989160426 0.990040443297 0.089113879645 -0.044322263767
0.275665836937 -0.116234707541 0.954200104333 0.045054080466
0.000000000000 0.000000000000 0.000000000000 1.000000000000
10 45 55
0.909398673260 0.048538042055 -0.413083661680 0.819028949099
-0.080413012430 0.994946881539 -0.060120298965 0.212843844317
0.408078179403 0.087890621736 0.908706464215 0.126566526039
0.000000000000 0.000000000000 0.000000000000 1.000000000000
11 26 55
0.938683627158 0.343883760934 -0.024839627041 0.045289379218
-0.330593112475 0.918174584992 0.218320007005 -0.604475851756
0.097883819346 -0.196721606440 0.975561052661 0.017596240150
0.000000000000 0.000000000000 0.000000000000 1.000000000000
11 29 55
0.621396537531 0.732966814047 -0.276814003711 0.092446459197
-0.773160256081 0.630851156223 -0.065192308656 0.336663400434
0.126844635524 0.254531860869 0.958709533822 0.404957005490
0.000000000000 0.000000000000 0.000000000000 1.000000000000
11 46 55
0.992103798819 -0.003090496245 -0.125381422881 0.231564060646
0.003425997969 0.999991104673 0.002460307426 0.104390483116
0.125372704001 -0.002870436843 0.992105561764 -0.550158574418
0.000000000000 0.000000000000 0.000000000000 1.000000000000
11 49 55
0.971256895933 -0.139363616349 0.192971045858 -0.439955123916
0.053712813189 0.918095711930 0.392702428609 -1.191020175880
-0.231894320328 -0.371049924099 0.899192403229 -0.384036379383
0.000000000000 0.000000000000 0.000000000000 1.000000000000
11 54 55
0.967433842709 -0.034196739921 -0.250803395034 0.696044560191
0.010395148351 0.995363723954 -0.095619024921 0.395241694616
0.252910460188 0.089897942218 0.963304032542 -0.258015114470
0.000000000000 0.000000000000 0.000000000000 1.000000000000
12 14 55
0.876898317786 -0.178947538978 0.446124554982 -1.865457107807
0.222261403688 0.973890364618 -0.046232306178 -0.128607544447
-0.426203248105 0.139697301325 0.893775953642 0.288705500034
0.000000000000 0.000000000000 0.000000000000 1.000000000000
12 19 55
-0.258424377452 -0.150762887593 -0.954194630493 2.017728255565
-0.288989871583 0.954578656173 -0.072556483524 0.301072754409
0.921792653073 0.257002219647 -0.290255342476 2.932219167714
0.000000000000 0.000000000000 0.000000000000 1.000000000000
12 22 55
0.931707760704 -0.250530377052 0.262973722676 -1.007834222745
0.241070676530 0.968108728460 0.068193979174 -0.000561249181
-0.271671819593 -0.000141606394 0.962389943000 0.276831415525
0.000000000000 0.000000000000 0.000000000000 1.000000000000
12 25 55
0.903821423875 -0.336612775552 0.264194385029 -0.981007148488
0.282214116749 0.933005557038 0.223284175082 -0.021149171475
-0.321655135282 -0.127249636031 0.938267288184 0.514174044920
0.000000000000 0.000000000000 0.000000000000 1.000000000000
12 27 55
0.946855472040 -0.222144062455 0.232630029415 -1.320097665382
0.257225401919 0.957162686325 -0.132946171491 0.257374626677
-0.193131581252 0.185719162778 0.963435822928 0.208851160984
0.000000000000 0.000000000000 0.000000000000 1.000000000000
12 28 55
0.940982149043 0.209517488428 -0.265810114982 -0.244360249680
-0.206868897971 0.977620473878 0.038255301686 0.104265731511
0.267876565299 0.018990289563 0.963266066394 0.424172238569
0.000000000000 0.000000000000 0.000000000000 1.000000000000
12 31 55
-0.747995955081 0.648770309567 -0.139996916417 0.302893286950
-0.028319887336 0.179542371679 0.983342524634 -1.517990094255
0.663098812519 0.739500927785 -0.115923865707 2.291049668681
0.000000000000 0.000000000000 0.000000000000 1.000000000000
12 32 55
0.922476003358 -0.319268308772 0.217038637670 -0.913499429170
0.258504164762 0.928389072007 0.266963158092 -0.156066271424
-0.286729175405 -0.190161715369 0.938948828200 0.752607165895
0.000000000000 0.000000000000 0.000000000000 1.000000000000
12 33 55
0.969469708040 -0.174352137565 0.172423366509 -0.935392475797
0.167263908004 0.984380642712 0.054932097475 0.124688283329
-0.179307752959 -0.024414798388 0.983490034189 0.238780071395
0.000000000000 0.000000000000 0.000000000000 1.000000000000
12 34 55
0.994118052403 0.038825019286 -0.101103490358 -0.060082480507
-0.042294618012 0.998579624360 -0.032402146546 0.066081252971
0.099701871459 0.036487692322 0.994348120699 0.172069203493
0.000000000000 0.000000000000 0.000000000000 1.000000000000
12 35 55
0.781115342674 -0.270069986622 0.562957390719 -2.095922117720
0.385149667330 0.918056346549 -0.093980201732 0.722708388562
-0.491445373561 0.290232229237 0.821125263231 0.058192136632
0.000000000000 0.000000000000 0.000000000000 1.000000000000
12 37 55
0.725924381666 0.533555000889 0.433996374558 -1.511632265611
-0.546289420834 0.063932376765 0.835152991904 -1.399992045951
0.417853635605 -0.843345547345 0.337885523490 1.270128446962
0.000000000000 0.000000000000 0.000000000000 1.000000000000
12 38 55
0.601024124045 0.725978334537 0.334253586515 -1.328982526254
-0.414961491718 -0.073980259506 0.906826268695 -1.237068931763
0.683064391333 -0.683726830676 0.256789131988 2.077991393529
0.000000000000 0.000000000000 0.000000000000 1.000000000000
12 39 55
0.880317311657 -0.054436219487 -0.471251661859 0.569130352330
-0.184199654024 0.876225158025 -0.445308836540 0.681623584257
0.437163491448 0.478817470912 0.761329042723 1.116663773220
0.000000000000 0.000000000000 0.000000000000 1.000000000000
12 40 55
0.668073187615 0.681317704979 -0.299139433831 0.534754845427
-0.743721303349 0.598652358698 -0.297479371335 0.587399759992
-0.023597434914 0.421214361469 0.906654081090 0.858811954062
0.000000000000 0.000000000000 0.000000000000 1.000000000000
12 41 55
0.880197984090 0.234497829551 -0.412628497248 0.607352323322
0.455504712083 -0.173218946963 0.873218560089 -1.410848788458
0.133292783284 -0.956559441096 -0.259281834256 2.783945905037
0.000000000000 0.000000000000 0.000000000000 1.000000000000
12 42 55
0.529809951840 -0.774207901949 0.346270904772 -0.950929400433
0.477555713865 0.609733097059 0.632586824481 -1.113510609739
-0.700886549369 -0.169787145894 0.692770070082 1.324262398759
0.000000000000 0.000000000000 0.000000000000 1.000000000000
12 45 55
0.630084976943 0.516715907856 0.579652993090 -1.847379681515
-0.455561958906 0.850484503702 -0.262943740293 0.776189539349
-0.628853101629 -0.098390952478 0.771273620087 0.035058118039
0.000000000000 0.000000000000 0.000000000000 1.000000000000
12 47 55
0.965644730773 -0.091592158994 0.243189494719 -0.526265620016
0.154238008064 0.955173248959 -0.252694877949 0.943969156965
-0.209143230345 0.281522540632 0.936485006990 -0.574416936543
0.000000000000 0.000000000000 0.000000000000 1.000000000000
12 48 55
0.993770172724 -0.105487317305 -0.035962059061 -1.000381406441
0.098974891994 0.983668668713 -0.150332700862 0.500787392408
0.051232944078 0.145836813191 0.987981178646 -0.431969230497
0.000000000000 0.000000000000 0.000000000000 1.000000000000
12 52 55
0.998268282270 -0.040012054500 -0.043121596774 -0.785641774162
0.033869417927 0.990293433846 -0.134802735173 0.550859399540
0.048096768529 0.133108791504 0.989933710145 -0.738393138818
0.000000000000 0.000000000000 0.000000000000 1.000000000000
13 23 55
0.997105608255 0.007122563468 -0.075694617215 -0.411144073487
-0.018952097181 0.987458820844 -0.156735111418 0.161386683703
0.073628961681 0.157716030347 0.984735715699 -0.045642899831
0.000000000000 0.000000000000 0.000000000000 1.000000000000
13 24 55
0.608775436286 -0.321758652478 0.725164696969 -1.847581979106
0.472508867615 0.881307927355 -0.005630915190 -0.500607201799
-0.637281600393 0.346074712651 0.688552434505 0.941237438315
0.000000000000 0.000000000000 0.000000000000 1.000000000000
13 25 55
0.919891105197 0.208756966707 -0.331995306341 -0.212546161840
-0.133141619677 0.962511744240 0.236314306188 -0.225774486309
0.368881639135 -0.173181035481 0.913200232840 0.670638727536
0.000000000000 0.000000000000 0.000000000000 1.000000000000
13 26 55
0.993240180369 -0.051955488675 -0.103800632454 -0.142294182685
0.046650166359 0.997509463239 -0.052902105138 -0.461812542687
0.106290667889 0.047702179677 0.993190211377 0.921065720732
0.000000000000 0.000000000000 0.000000000000 1.000000000000
13 31 55
0.948742777917 0.304167361995 -0.085844960523 -0.676205790754
-0.225263150114 0.841310472884 0.491378877667 -0.611242622798
0.221683681292 -0.446854455178 0.866704933259 1.241858627664
0.000000000000 0.000000000000 0.000000000000 1.000000000000
13 32 55
0.778228489682 0.444486547270 -0.443612586773 0.303607545861
-0.279139877104 0.877633157377 0.389667768853 -0.349997278460
0.562531196343 -0.179420596278 0.807073046739 0.820094655546
0.000000000000 0.000000000000 0.000000000000 1.000000000000
13 33 55
0.446871809048 0.440084008464 -0.778865618558 0.725836136490
-0.462063649855 0.859052861212 0.220284736482 -0.416052902414
0.766030527957 0.261446451760 0.587233329351 1.134793763619
0.000000000000 0.000000000000 0.000000000000 1.000000000000
13 38 55
0.646477204381 0.499632982427 -0.576570990500 0.087260630226
0.518078726741 0.267273895106 0.812501752548 -1.510361305464
0.560055048288 -0.823973026177 -0.086062738861 2.818397430821
0.000000000000 0.000000000000 0.000000000000 1.000000000000
13 48 55
0.822265849345 -0.322502886110 0.468903786988 -1.554513612466
0.420174839541 0.899739411065 -0.117991933589 0.543093848601
-0.383838478031 0.294042310947 0.875332589452 -0.490800655254
0.000000000000 0.000000000000 0.000000000000 1.000000000000
14 17 55
0.993909081985 -0.080728315928 0.075017836237 -0.189629064232
0.081652325275 0.996617222591 -0.009327883691 0.109624207683
-0.074011043255 0.015396449081 0.997138563506 -0.063895936477
0.000000000000 0.000000000000 0.000000000000 1.000000000000
14 19 55
0.539622846628 -0.685265062445 -0.489100171325 1.636129570662
0.745175041580 0.118390545100 0.656275731867 -1.997085122262
-0.391817994488 -0.718606619106 0.574528664362 1.372612215296
0.000000000000 0.000000000000 0.000000000000 1.000000000000
14 24 55
0.989567491676 0.033427581007 -0.140138418166 -0.177518651137
-0.037167216214 0.999017135842 -0.024152853506 -0.134061339024
0.139193309670 0.029109433549 0.989837291387 0.497909876471
0.000000000000 0.000000000000 0.000000000000 1.000000000000
14 27 55
0.918156059367 -0.076122417912 -0.388837791554 1.418543453310
0.047540028118 0.995446393837 -0.082622168470 0.264641189435
0.393356576626 0.057374685076 0.917594000164 0.453537704975
0.000000000000 0.000000000000 0.000000000000 1.000000000000
14 31 55
0.814303896094 0.570697092018 0.105896147096 0.454714251679
-0.575877903747 0.771520114197 0.270409602945 -0.570758458551
0.072620966554 -0.281178844424 0.956903679931 1.370049164599
0.000000000000 0.000000000000 0.000000000000 1.000000000000
14 33 55
0.994674814816 0.060328164892 -0.083561506040 0.277264435881
-0.035365015758 0.961340281182 0.273082733684 -0.071350080313
0.096805621900 -0.268673363579 0.958354472662 0.221012256769
0.000000000000 0.000000000000 0.000000000000 1.000000000000
14 36 55
0.997763500805 0.044184795509 -0.050156757347 0.106662266250
-0.041567666199 0.997777702357 0.052074809711 -0.155762637045
0.052346208921 -0.049873445094 0.997382832159 0.013368611156
0.000000000000 0.000000000000 0.000000000000 1.000000000000
14 47 55
0.999496366340 0.028245927794 0.014463099092 -0.072646942081
-0.027814813482 0.999186856006 -0.029188404145 0.162282541950
-0.015275792066 0.028771415478 0.999469287086 -0.027068471228
0.000000000000 0.000000000000 0.000000000000 1.000000000000
15 17 55
0.997925488948 0.024441481387 0.059559487031 -0.176925719166
-0.020243680091 0.997335079379 -0.070092316677 0.195570328851
-0.061113925779 0.068741206190 0.995760882264 -0.039407569452
0.000000000000 0.000000000000 0.000000000000 1.000000000000
15 23 55
0.995721744686 -0.010685294217 -0.091782523642 -0.264470576140
0.014107325824 0.999226136441 0.036716639412 -0.048364370128
0.091319168397 -0.037854362221 0.995101932841 0.177026415083
0.000000000000 0.000000000000 0.000000000000 1.000000000000
15 24 55
0.976358215277 -0.109846820754 0.186167428490 -0.206287334053
0.118493308312 0.992304294176 -0.035937774639 -0.174839941184
-0.180787088437 0.057147736009 0.981860562872 0.565349207699
0.000000000000 0.000000000000 0.000000000000 1.000000000000
15 25 55
-0.671133624068 0.392830320248 -0.628700245061 1.457962278300
0.593568824501 -0.223331033799 -0.773174818474 1.882410095412
-0.444134787228 -0.892080483385 -0.083286865337 2.466313344170
0.000000000000 0.000000000000 0.000000000000 1.000000000000
15 38 55
-0.098060065407 -0.791752732316 -0.602919426161 1.409527773512
-0.820396822810 0.407249711254 -0.401368566042 0.776946119962
0.563323421043 0.455274953794 -0.689486359366 3.573519448403
0.000000000000 0.000000000000 0.000000000000 1.000000000000
15 41 55
0.811340451702 -0.184453807675 -0.554710252534 1.045001191895
0.519148315548 -0.208851076476 0.828773946452 -1.267448918632
-0.268722343499 -0.960394721294 -0.073690443175 2.806127375706
0.000000000000 0.000000000000 0.000000000000 1.000000000000
15 47 55
0.999908107853 0.010604786077 -0.008444783120 0.013320230505
-0.010612732791 0.999943281250 -0.000896764083 0.094223694474
0.008434794151 0.000986303904 0.999963940076 0.021698534944
0.000000000000 0.000000000000 0.000000000000 1.000000000000
15 54 55
0.987724085263 -0.096028750848 0.123205561571 -0.566800362907
0.109820277487 0.987788425709 -0.110514852800 1.045566813861
-0.111088424439 0.122688650849 0.986208323281 0.031322077720
0.000000000000 0.000000000000 0.000000000000 1.000000000000
16 21 55
0.214467359376 -0.566848174636 0.795416179539 -2.227090230258
0.428537598605 0.786406951760 0.444881594143 -1.172186676095
-0.877701132701 0.245453158741 0.411574377871 1.881039597039
0.000000000000 0.000000000000 0.000000000000 1.000000000000
16 22 55
0.966164652507 0.112234175897 -0.232226945046 -0.177138901712
-0.069745478942 0.980504573741 0.183701793788 0.118720173524
0.248317201200 -0.161289400254 0.955156687122 -0.096161709468
0.000000000000 0.000000000000 0.000000000000 1.000000000000
16 23 55
0.997821621321 -0.063633858778 -0.017399541424 0.120076527114
0.063748835776 0.997947118646 0.006134682111 -0.223736457612
0.016973448735 -0.007230518960 0.999829796332 0.542244426833
0.000000000000 0.000000000000 0.000000000000 1.000000000000
16 24 55
0.790677830185 -0.063052542267 -0.608976966534 1.584436097181
0.124507934221 0.990456523651 0.059107098342 -0.276633905733
0.599438356440 -0.122557136357 0.790982556797 0.969530590100
0.000000000000 0.000000000000 0.000000000000 1.000000000000
16 25 55
0.965702514616 0.133732931335 -0.222562702042 -0.206479500652
-0.034414937481 0.915523149351 0.400790437860 -0.146469302488
0.257360186008 -0.379384852199 0.888725417989 0.506273416528
0.000000000000 0.000000000000 0.000000000000 1.000000000000
16 31 55
0.942651085130 0.269481705604 -0.196948069416 -0.291553034629
-0.145715311799 0.863106860255 0.483542754768 -0.222057749754
0.300293156114 -0.427113753145 0.852876229160 0.951531466126
0.000000000000 0.000000000000 0.000000000000 1.000000000000
16 32 55
0.776429371373 -0.542329581321 0.320992299742 -1.213096239018
0.544570969453 0.833722197332 0.091377004247 0.071578938369
-0.317174857923 0.103855297893 0.942663347437 0.756627065711
0.000000000000 0.000000000000 0.000000000000 1.000000000000
16 44 55
0.998128965778 -0.023781757210 -0.056329350240 0.162052718710
0.025809354350 0.999034726443 0.035545640922 -0.095133383080
0.055429639205 -0.036932957972 0.997779290080 0.048115235042
0.000000000000 0.000000000000 0.000000000000 1.000000000000
16 48 55
0.710034035157 -0.687462569425 0.152469290541 -0.561306209392
0.637544513489 0.719538894544 0.275319400984 -0.567325898626
-0.298979367581 -0.098280185578 0.949185094111 -0.011505555831
0.000000000000 0.000000000000 0.000000000000 1.000000000000
16 54 55
0.994271996862 -0.028508871625 0.103006992465 -0.027997672943
0.031454747674 0.999138041968 -0.027088225167 0.603326573235
-0.102145950026 0.030173122684 0.994311715490 0.387069094251
0.000000000000 0.000000000000 0.000000000000 1.000000000000
17 21 55
0.939293089503 0.184050857669 -0.289575160886 -0.211013479124
-0.176103749715 0.982916444005 0.053504517951 0.031195548230
0.294475739828 0.000738847687 0.955658669587 -0.069366653773
0.000000000000 0.000000000000 0.000000000000 1.000000000000
17 22 55
0.994503942319 -0.061297981592 0.084879126793 0.058375759782
0.044891905941 0.982044991237 0.183227596083 -0.003016922720
-0.094586603140 -0.178410180871 0.979399398544 0.126708034508
0.000000000000 0.000000000000 0.000000000000 1.000000000000
17 39 55
0.778036495803 0.111199789243 -0.618299133164 1.625578495165
0.445279343181 0.596659875683 0.667625118825 -0.603215824394
0.443154056435 -0.794752539866 0.414708189747 2.085521129052
0.000000000000 0.000000000000 0.000000000000 1.000000000000
18 20 55
0.992092220558 0.018785000505 -0.124097339469 -0.138373047941
-0.041802184275 0.981740134590 -0.185577168656 -0.101617483357
0.118345271545 0.189297205189 0.974762004188 0.088476176214
0.000000000000 0.000000000000 0.000000000000 1.000000000000
18 35 55
0.998700359823 -0.050698151424 0.005223861838 -0.014514298702
0.050637842437 0.998655460506 0.011094147816 -0.035826062709
-0.005779290936 -0.010815204323 0.999924812749 -0.083121655174
0.000000000000 0.000000000000 0.000000000000 1.000000000000
18 37 55
0.718431273092 0.665354135079 -0.202880212873 -0.204489235720
-0.675770591525 0.736747377494 0.023182091885 0.054062383064
0.164895765475 0.120445741676 0.978929113798 0.891248804077
0.000000000000 0.000000000000 0.000000000000 1.000000000000
18 38 55
0.845567444270 -0.276372519551 -0.456764630447 0.469226897923
0.363086338209 0.924938875688 0.112500609983 -0.668101939857
0.391387286708 -0.260971850355 0.882445287327 1.565307954657
0.000000000000 0.000000000000 0.000000000000 1.000000000000
19 27 55
0.925761485865 -0.256114161466 -0.278156803952 0.879845922014
0.294199694814 0.950022912971 0.104417452571 -0.342755774606
0.237512548845 -0.178499302876 0.954843331659 0.069409284957
0.000000000000 0.000000000000 0.000000000000 1.000000000000
19 28 55
0.513560493543 0.801143881017 -0.307285049068 0.933299715075
-0.829298002309 0.371496184065 -0.417439107646 0.534987881447
-0.220273563638 0.469211111478 0.855172783727 1.044175389343
0.000000000000 0.000000000000 0.000000000000 1.000000000000
19 32 55
0.185843439764 -0.978131798742 0.093383082977 0.432327991195
0.954792093793 0.157328342509 -0.252229756914 -0.173281653434
0.232022140164 0.136036674957 0.963150948471 0.782335630075
0.000000000000 0.000000000000 0.000000000000 1.000000000000
19 37 55
0.660492387055 0.217887763827 -0.718522601606 1.814871829886
-0.250838716258 0.966018254774 0.062359200367 0.183196714575
0.707693256340 0.139045509883 0.692702390000 0.721652837153
0.000000000000 0.000000000000 0.000000000000 1.000000000000
19 38 55
0.332813552392 0.403232487907 -0.852431052955 1.362735099534
-0.633638763624 0.765104030104 0.114532704284 -0.227359625771
0.698381741297 0.502015322291 0.510140725298 1.180810034900
0.000000000000 0.000000000000 0.000000000000 1.000000000000
19 39 55
0.438373740087 -0.756463920580 0.485376967791 -0.241488091423
0.584393465551 0.650191053977 0.485526385224 -0.636575131425
-0.682870955176 0.070809110905 0.727099256216 1.284777116729
0.000000000000 0.000000000000 0.000000000000 1.000000000000
19 40 55
-0.720854440956 0.693049962199 -0.007115114202 0.461387513313
-0.664164953679 -0.693672384244 -0.278753542830 0.176015226671
-0.198125690554 -0.196215119788 0.960336314792 0.959353269373
0.000000000000 0.000000000000 0.000000000000 1.000000000000
20 31 55
0.997482807903 0.033600830191 0.062442230498 -1.030388890443
-0.060267231609 0.865721584381 0.496884291491 -1.179253100125
-0.037361862016 -0.499396758646 0.865567425866 1.591511147989
0.000000000000 0.000000000000 0.000000000000 1.000000000000
20 36 55
0.622873232885 -0.109988781523 -0.774552389251 1.369827340235
0.036051644307 0.993051245617 -0.112024562134 0.504286865794
0.781491660031 0.041853213944 0.622510316207 1.124719267867
0.000000000000 0.000000000000 0.000000000000 1.000000000000
20 38 55
0.901794949215 -0.416922351445 -0.113761251908 0.336549221004
0.378392039768 0.888906051610 -0.258196622075 0.746040819689
0.208771008070 0.189794057536 0.959371086657 1.484279776993
0.000000000000 0.000000000000 0.000000000000 1.000000000000
20 39 55
0.435872807198 0.004528979730 -0.899996880154 0.801046824418
-0.073237310363 0.996849498303 -0.030452817662 0.018486061896
0.897023518263 0.079186905958 0.434831279474 2.182721223882
0.000000000000 0.000000000000 0.000000000000 1.000000000000
22 25 55
0.998935345665 -0.044632091876 -0.011668399888 -0.047435106006
0.046114838715 0.973019199638 0.226068703684 -0.206468272844
0.001263657968 -0.226366105038 0.974041472248 0.343789488608
0.000000000000 0.000000000000 0.000000000000 1.000000000000
22 29 55
0.999648312901 0.026492118241 -0.001190875491 -0.007912636089
-0.026515934982 0.999197495061 -0.030021176793 0.036740617138
0.000394595242 0.030042195910 0.999548553478 0.028919814099
0.000000000000 0.000000000000 0.000000000000 1.000000000000
22 30 55
-0.631170647887 -0.401316325816 0.663753583704 -0.908055545777
0.557357155247 0.360467148455 0.747941465878 -1.296742471615
-0.539422482606 0.842026508798 -0.003839757921 2.270813820730
0.000000000000 0.000000000000 0.000000000000 1.000000000000
22 31 55
0.989129317498 -0.060008457539 0.134246706811 0.264132734527
-0.002166721520 0.906896324148 0.421348267547 -0.573695780694
-0.147032304557 -0.417058799536 0.896907720529 0.959553097387
0.000000000000 0.000000000000 0.000000000000 1.000000000000
22 32 55
0.867512428354 0.358147810092 -0.345184490930 0.730284513756
-0.255897668640 0.916420214208 0.307718010806 -0.535923649976
0.426542576815 -0.178617292324 0.886655115051 0.895706238421
0.000000000000 0.000000000000 0.000000000000 1.000000000000
22 34 55
0.944690932939 0.035116773980 -0.326076453320 0.811208818620
-0.072468926182 0.992025786063 -0.103116897371 0.183283541010
0.319855117142 0.121044008404 0.939702640236 0.112875935441
0.000000000000 0.000000000000 0.000000000000 1.000000000000
22 35 55
0.999805479378 0.000966803837 -0.019699459305 0.055210375431
-0.003239593121 0.993282312566 -0.115670880432 0.302585079460
0.019455293444 0.115712198293 0.993092230723 0.040661559162
0.000000000000 0.000000000000 0.000000000000 1.000000000000
22 40 55
0.496841691371 -0.180018123740 -0.848965139945 2.064688660443
0.735518659504 0.606555325981 0.301832632505 -0.639581786411
0.460608983019 -0.774392737342 0.433768663131 2.067896101718
0.000000000000 0.000000000000 0.000000000000 1.000000000000
23 28 55
0.392752007706 -0.919371416652 0.022406666096 -0.210112450430
0.619423180333 0.282467056192 0.732480228971 -1.283664593526
-0.679750530790 -0.273803872159 0.680419470240 1.848418277415
0.000000000000 0.000000000000 0.000000000000 1.000000000000
23 31 55
0.962535489758 -0.020002010397 0.270416993800 -0.327906741986
0.126684967668 -0.848568434001 -0.513694979325 -0.280046899269
0.239742257273 0.528707416627 -0.814243279175 4.017408076250
0.000000000000 0.000000000000 0.000000000000 1.000000000000
23 37 55
0.394766598813 0.833669467508 -0.386205322861 0.739668155314
0.852643134150 -0.175815994115 0.492024818479 -1.547221805510
0.342284995650 -0.523530281033 -0.780228829636 4.617769384078
0.000000000000 0.000000000000 0.000000000000 1.000000000000
23 39 55
0.306576033958 0.674179856809 -0.671932032334 0.712084775684
0.146510153904 -0.730935717348 -0.666534134091 1.038584568014
-0.940503009142 0.105898525857 -0.322861567883 3.434242820773
0.000000000000 0.000000000000 0.000000000000 1.000000000000
23 40 55
-0.071816009727 -0.821089005784 -0.566264342272 0.867194308331
0.941841877692 0.131038588120 -0.309455595925 0.381252467651
0.328293067506 -0.555555337482 0.763925342440 1.821900171977
0.000000000000 0.000000000000 0.000000000000 1.000000000000
23 41 55
0.289051322222 0.760781226546 -0.581086274539 0.619552817027
0.913980964102 -0.399868059680 -0.068879112266 -0.144071799461
-0.284759776619 -0.511192194956 -0.810921950274 4.433016538000
0.000000000000 0.000000000000 0.000000000000 1.000000000000
23 47 55
0.995027139636 0.014114500951 0.098599047923 -0.277282325990
-0.010748721229 0.999343982797 -0.034584231072 0.119662500895
-0.099022504414 0.033352434841 0.994526097551 -0.007331648494
0.000000000000 0.000000000000 0.000000000000 1.000000000000
24 28 55
0.849844268252 -0.363623713937 0.381500346502 -1.077631397971
0.210741555383 0.897932352639 0.386400681831 -0.662018816406
-0.483065954662 -0.247982428302 0.839733290217 1.635300314703
0.000000000000 0.000000000000 0.000000000000 1.000000000000
24 31 55
-0.533220254873 0.807156749929 0.253326155059 -0.095896222593
0.190409599427 0.406272964082 -0.893692599893 1.852647892828
-0.824269582260 -0.428299264183 -0.370323366885 2.127083763677
0.000000000000 0.000000000000 0.000000000000 1.000000000000
24 38 55
0.367693499090 -0.261379487679 -0.892458544778 2.426794498704
-0.086287136841 0.945958070383 -0.312598559008 0.822855009433
0.925935214118 0.191948150549 0.325268945271 1.518268630764
0.000000000000 0.000000000000 0.000000000000 1.000000000000
24 39 55
0.678510232867 0.726155169923 -0.111006905593 0.526371065680
-0.663628683114 0.670724150804 0.331249278453 -0.073834943074
0.314993388569 -0.151088658485 0.936990598904 0.839250970904
0.000000000000 0.000000000000 0.000000000000 1.000000000000
24 40 55
0.829965576412 0.235712964423 -0.505565564862 0.372695069700
0.194834821786 0.726751126603 0.658689754135 -0.694282426454
0.522682058418 -0.645191598197 0.557253324282 1.731398452989
0.000000000000 0.000000000000 0.000000000000 1.000000000000
24 41 55
0.978562383851 -0.184272231992 -0.091975026112 0.001836475933
0.199684371273 0.739595006500 0.642748300838 -0.921977952694
-0.050416393969 -0.647335284746 0.760536137433 1.373203037410
0.000000000000 0.000000000000 0.000000000000 1.000000000000
25 30 55
0.971378065718 -0.181718193060 0.152980886883 1.081145053421
0.199162393036 0.974041199150 -0.107601503505 0.523998069480
-0.129456535718 0.134989779864 0.982353686150 -0.445773654161
0.000000000000 0.000000000000 0.000000000000 1.000000000000
25 31 55
0.972300110196 0.230461312251 -0.038988193946 0.373123879879
-0.221338053881 0.961431655678 0.163274729718 -0.366812962637
0.075112992326 -0.150122466725 0.985809963110 0.392711532298
0.000000000000 0.000000000000 0.000000000000 1.000000000000
25 32 55
0.997918197361 -0.044306726434 0.046863475841 -0.184222706512
0.044125082291 0.999013978042 0.004903956585 -0.200091164914
-0.047034545688 -0.002825892788 0.998889266056 0.302440237537
0.000000000000 0.000000000000 0.000000000000 1.000000000000
25 33 55
0.997212873493 -0.004234524945 0.074488614823 -0.193282698416
0.017765813495 0.983147448383 -0.181949087957 -0.069143062842
-0.072462823644 0.182765323670 0.980482521850 0.068250367571
0.000000000000 0.000000000000 0.000000000000 1.000000000000
25 35 55
0.705128397172 0.465789162168 -0.534634828559 1.910542935385
-0.594894395636 0.798909024120 -0.088572169561 0.440941560061
0.385868632494 0.380506015178 0.840428801785 -0.524353771512
0.000000000000 0.000000000000 0.000000000000 1.000000000000
25 38 55
-0.709325642928 0.623061627867 0.329623027357 -0.627225870016
-0.583848027077 -0.781342253359 0.220512503944 -0.426653921283
0.394941278626 -0.036034580567 0.917999398388 0.272990022851
0.000000000000 0.000000000000 0.000000000000 1.000000000000
25 39 55
-0.002631846585 -0.997067267586 -0.076484882780 0.333920703165
0.979482999421 -0.017982853123 0.200722870740 -0.535233997906
-0.201509620683 -0.074387370593 0.976657765990 0.684005168938
0.000000000000 0.000000000000 0.000000000000 1.000000000000
25 43 55
0.702973532645 -0.394061681616 0.592067228854 -1.054192172220
-0.069114271154 0.790681524771 0.608314017517 -1.456300369387
-0.707849863971 -0.468548948848 0.528592898750 0.172574298121
0.000000000000 0.000000000000 0.000000000000 1.000000000000
26 28 55
0.993348501333 0.114270971696 0.014173917126 0.001888277776
-0.115114755707 0.988418652119 0.098879528530 -0.613198121508
-0.002710704255 -0.099853458485 0.994998461763 1.110698463321
0.000000000000 0.000000000000 0.000000000000 1.000000000000
26 29 55
0.950223123727 0.153000964047 -0.271416138308 -0.053689434836
-0.152558309084 0.988030005714 0.022861980176 -0.119805382734
0.271665193691 0.019682804900 0.962190526730 0.324991874225
0.000000000000 0.000000000000 0.000000000000 1.000000000000
26 31 55
-0.847681029444 0.167074502824 0.503510658107 -1.156134657289
-0.447400148915 0.284883856982 -0.847746598213 1.304548284050
-0.285078899730 -0.943889452498 -0.166741483716 2.377358369168
0.000000000000 0.000000000000 0.000000000000 1.000000000000
26 33 55
0.777847737691 -0.283269774634 0.560991204698 -1.201741649256
0.271533492981 0.956519182265 0.106492329060 -0.345700178558
-0.566764906428 0.069493084102 0.820943513345 0.921256703446
0.000000000000 0.000000000000 0.000000000000 1.000000000000
26 40 55
0.688486382811 0.385039132414 0.614598541483 -0.335575999246
0.191403983853 0.720919443388 -0.666062813187 0.803802079698
-0.699536286156 0.576211786286 0.422645195993 2.023941622149
0.000000000000 0.000000000000 0.000000000000 1.000000000000
26 41 55
0.985673484743 0.156888693513 -0.061917035790 0.405076418022
0.125517632000 -0.437094681756 0.890614149471 -1.941105491823
0.112663683282 -0.885626431984 -0.450524935426 3.451982839918
0.000000000000 0.000000000000 0.000000000000 1.000000000000
26 50 55
0.958521976071 -0.132271132016 0.252467758385 -0.693478441118
0.038392773286 0.937640568004 0.345479608939 -1.082254143320
-0.282420991338 -0.321456860043 0.903827345671 0.153762606372
0.000000000000 0.000000000000 0.000000000000 1.000000000000
26 52 55
0.704309682979 0.241832071125 -0.667431734216 1.804928338234
-0.380916101868 0.922116721538 -0.067850388344 -0.424227805280
0.599041562665 0.302023179964 0.741573465655 0.243625963553
0.000000000000 0.000000000000 0.000000000000 1.000000000000
27 29 55
0.989252159610 0.134879396017 0.056459837382 -0.491738493627
-0.132483171545 0.990197335140 -0.044243041702 0.238444937300
-0.061873855261 0.036287546231 0.997424102388 0.167061423874
0.000000000000 0.000000000000 0.000000000000 1.000000000000
27 32 55
0.514894138612 -0.573732239012 0.636957882392 -0.950049043143
0.459582217923 0.811964708080 0.359857607674 -0.708394637905
-0.723649232012 0.107445943387 0.681753003850 1.680030867742
0.000000000000 0.000000000000 0.000000000000 1.000000000000
27 34 55
0.881814938129 0.235489364450 -0.408591696102 1.348062235300
-0.336324803475 0.921374093545 -0.194821472920 0.154645341970
0.330587418786 0.309216006983 0.891682353512 0.428101226086
0.000000000000 0.000000000000 0.000000000000 1.000000000000
27 35 55
0.976227721441 0.215812093760 -0.020114076573 0.901781218637
-0.209070994945 0.962068287197 0.175253901073 -0.458158198607
0.057173026528 -0.166882446517 0.984317781045 -0.539197595932
0.000000000000 0.000000000000 0.000000000000 1.000000000000
27 38 55
0.945957151588 0.226684800777 -0.231903144558 0.440296627825
-0.210414693090 0.973180697356 0.092978423446 -0.836421290246
0.246760459335 -0.039157775613 0.968285053234 1.136230414670
0.000000000000 0.000000000000 0.000000000000 1.000000000000
27 39 55
0.954691539415 0.202860421897 -0.217742310538 0.154881884690
-0.177856204010 0.975555419977 0.129068947655 -0.689330479209
0.238602672378 -0.084494211522 0.967434490264 1.111610484293
0.000000000000 0.000000000000 0.000000000000 1.000000000000
27 40 55
0.728105694951 0.462761015515 0.505682053763 -0.686933754760
0.193421581298 -0.846445288216 0.496103281532 -0.600799805949
0.657609450105 -0.263405802095 -0.705809602198 3.662284680891
0.000000000000 0.000000000000 0.000000000000 1.000000000000
27 41 55
0.559136404444 0.825739842251 -0.074298009017 0.103447700861
-0.606757016283 0.468626274530 0.642055556796 -1.380055132316
0.564988853356 -0.313915797213 0.763049453078 1.333776844628
0.000000000000 0.000000000000 0.000000000000 1.000000000000
27 48 55
0.885279669097 0.233023834304 -0.402467141678 1.181129411244
-0.288294313894 0.954044870431 -0.081760465869 0.279988828020
0.364919574784 0.188409866645 0.911775973631 -0.341976969178
0.000000000000 0.000000000000 0.000000000000 1.000000000000
27 49 55
0.995083699906 0.064340343810 0.075291103989 -0.384243036958
-0.075832067339 0.983975824999 0.161372467851 -0.010028585504
-0.063701866100 -0.166288592440 0.984017365842 -0.711972593154
0.000000000000 0.000000000000 0.000000000000 1.000000000000
28 31 55
0.734760073108 0.326467593371 0.594597801412 -0.851663553381
0.104930155196 -0.920716476113 0.375860124441 -0.707486319850
0.670162142691 -0.213775772931 -0.710762000540 2.546777967816
0.000000000000 0.000000000000 0.000000000000 1.000000000000
28 33 55
0.991339160466 -0.123973442111 0.043327295985 -0.281368091880
0.124244205049 0.992245129478 -0.003602851352 0.040125473113
-0.042544640531 0.008954813081 0.999054435396 -0.136918199951
0.000000000000 0.000000000000 0.000000000000 1.000000000000
28 34 55
0.993492601264 -0.104652244032 -0.044948404341 0.669060673442
0.063993888882 0.839357194098 -0.539800224992 1.055715492875
0.094219071422 0.533411106497 0.840592266230 -0.254852241827
0.000000000000 0.000000000000 0.000000000000 1.000000000000
28 35 55
0.796085304366 0.586302969948 -0.149990051677 1.522144415732
-0.507051205725 0.781485359789 0.363565272280 -1.424456275217
0.330374428408 -0.213376333892 0.919414638338 -0.738152149749
0.000000000000 0.000000000000 0.000000000000 1.000000000000
28 36 55
0.565889341576 0.079095319472 -0.820678489744 1.480949535616
0.203827494021 0.951069565406 0.232209031777 -0.934285149510
0.798888982132 -0.298681456063 0.522078329404 0.195637832426
0.000000000000 0.000000000000 0.000000000000 1.000000000000
28 37 55
0.968779150719 -0.155190483439 0.193346504965 -0.385222346134
0.159996064019 0.987072940665 -0.009395174572 -0.068814031501
-0.189389061540 0.040036529030 0.981085551679 -0.195988885846
0.000000000000 0.000000000000 0.000000000000 1.000000000000
28 38 55
0.969311512781 0.139102966740 -0.202695722289 0.612137480407
-0.103986928204 0.979122156694 0.174661160629 -0.760901072464
0.222759758379 -0.148223368312 0.963539269118 0.392388379568
0.000000000000 0.000000000000 0.000000000000 1.000000000000
28 39 55
0.915246497241 -0.002829927544 -0.402884401283 0.736960675354
0.196467721792 0.876157705680 0.440168273586 -0.905509695488
0.351744628361 -0.482016251062 0.802456260572 0.608819541642
0.000000000000 0.000000000000 0.000000000000 1.000000000000
28 40 55
0.886817210691 0.029108150797 -0.461202721564 1.167543686803
0.168419161710 0.909016551424 0.381213713298 -0.680125043302
0.430337333716 -0.415742257649 0.801229152250 0.499075027423
0.000000000000 0.000000000000 0.000000000000 1.000000000000
28 41 55
0.773698659489 0.553829025809 -0.307674819374 0.944596117840
-0.278312492482 0.733374195239 0.620245472603 -1.063741977578
0.569150718907 -0.394253344854 0.721548168342 0.618257567052
0.000000000000 0.000000000000 0.000000000000 1.000000000000
28 44 55
0.992969450032 -0.046189750942 0.108987055242 0.243361750750
0.043936960745 0.998769901018 0.022983217807 0.061690012823
-0.109914579482 -0.018033073178 0.993777436597 -1.174979986814
0.000000000000 0.000000000000 0.000000000000 1.000000000000
28 48 55
0.645884221673 -0.722561169946 0.246452688928 -0.771421179134
0.758971681516 0.642587413396 -0.105087595855 0.107317136296
-0.082435179694 0.254925031786 0.963440537510 -0.923081807302
0.000000000000 0.000000000000 0.000000000000 1.000000000000
28 49 55
0.976887678995 -0.190945384657 0.096074568461 -0.413667098255
0.199186734981 0.976265135422 -0.085035463000 0.875949513537
-0.077557122396 0.102206875689 0.991735169955 -1.224928043479
0.000000000000 0.000000000000 0.000000000000 1.000000000000
28 51 55
0.980149962348 0.142305024704 0.138041049157 -0.709718499506
-0.179615976891 0.932136191489 0.314420453155 -0.828501637612
-0.083929447477 -0.332973573217 0.939193509020 -1.202081378844
0.000000000000 0.000000000000 0.000000000000 1.000000000000
29 31 55
0.894593427284 -0.442699611410 -0.060988965541 0.225530976816
0.446863475282 0.884980687069 0.130851893272 -0.157585707794
-0.003954025675 -0.144312984764 0.989524192787 0.223918341406
0.000000000000 0.000000000000 0.000000000000 1.000000000000
29 33 55
0.459419644593 -0.499879730719 0.734202863641 -0.464619795065
0.492788143210 0.831164092887 0.257538534220 -0.849434564019
-0.738981350288 0.243488204053 0.628187916481 1.401718617389
0.000000000000 0.000000000000 0.000000000000 1.000000000000
29 51 55
0.989241585633 -0.005966775251 0.146169363576 -0.382015063298
-0.063961071870 0.880966319019 0.468836139861 -1.352272374187
-0.131567726059 -0.473141355567 0.871106876974 -0.119670297324
0.000000000000 0.000000000000 0.000000000000 1.000000000000
30 35 55
-0.417829820930 -0.194339908377 0.887496614502 -2.096449546531
0.674281566676 0.588364538687 0.446286386143 -1.369913348137
-0.608902791571 0.784894368451 -0.114796431953 2.457016354713
0.000000000000 0.000000000000 0.000000000000 1.000000000000
31 33 55
0.954542008469 0.031425687884 -0.296415215887 1.142987000581
-0.079650365334 0.985157949791 -0.152051416519 0.595894257127
0.287237486012 0.168749044751 0.942877715573 -0.616421153009
0.000000000000 0.000000000000 0.000000000000 1.000000000000
31 34 55
0.777697195254 -0.627342743811 0.040350393827 -0.024646184846
0.569479779632 0.675874167490 -0.467853492356 0.916612261413
0.266232704761 0.386827082181 0.882884451901 -0.650424235521
0.000000000000 0.000000000000 0.000000000000 1.000000000000
31 38 55
0.951838146661 0.233078761598 -0.199194461399 0.361590177578
-0.305572391871 0.774334022879 -0.554104984943 0.931307435648
0.025092944945 0.588286589940 0.808263095910 -0.009435985765
0.000000000000 0.000000000000 0.000000000000 1.000000000000
31 40 55
0.951210314154 0.224338385809 -0.211828295799 0.767246682657
-0.199017171590 0.970738220646 0.134385536382 -0.394401401356
0.235777657255 -0.085671439988 0.968023398844 -0.223322612102
0.000000000000 0.000000000000 0.000000000000 1.000000000000
31 41 55
0.482634226358 0.875287861631 -0.030583702030 -0.029391503274
-0.832855349750 0.447873674398 -0.325209375900 0.436384527613
-0.270954184208 0.182428975393 0.945147342480 -0.107721918379
0.000000000000 0.000000000000 0.000000000000 1.000000000000
31 53 55
0.441685988123 0.146867097734 -0.885066971195 1.927895567472
-0.794551478733 0.522179718776 -0.309864952747 0.159607793977
0.416655055818 0.840094278580 0.347332934747 0.161604078986
0.000000000000 0.000000000000 0.000000000000 1.000000000000
32 35 55
0.983858239490 -0.033183068249 0.175846093417 -0.449349156455
0.105732673258 0.900582784669 -0.421629280013 0.787109973029
-0.144373011308 0.433416118689 0.889554327551 -0.182596687766
0.000000000000 0.000000000000 0.000000000000 1.000000000000
32 38 55
-0.468109812133 0.738957213316 0.484577589941 -0.496060600647
-0.539609738087 -0.673293248363 0.505467637213 -0.487227555749
0.699781776232 -0.024868425696 0.713923684337 0.271250206699
0.000000000000 0.000000000000 0.000000000000 1.000000000000
32 39 55
0.711165349772 -0.206484501986 -0.672017853723 1.495574077078
0.584553783517 0.704722938847 0.402072696957 -0.384440624656
0.390564616240 -0.678770749150 0.621875832172 0.647544219263
0.000000000000 0.000000000000 0.000000000000 1.000000000000
33 37 55
-0.934637720767 0.261878851217 -0.240565579841 1.028988822884
0.160895212953 -0.291865982082 -0.942829241672 1.697551976163
-0.317119947919 -0.919909623707 0.230653902728 1.817053309560
0.000000000000 0.000000000000 0.000000000000 1.000000000000
33 38 55
0.928644670450 0.329840204918 0.169777840910 -0.647361739734
-0.333019846550 0.942864282261 -0.010233623000 -0.251091092034
-0.163452922420 -0.047035991068 0.985429225108 0.594111220414
0.000000000000 0.000000000000 0.000000000000 1.000000000000
33 53 55
0.672733292961 0.232501922874 -0.702404991727 1.728621547227
-0.389360105608 0.918506609436 -0.068878999575 -0.333715464523
0.629149127556 0.319825677958 0.708436949217 0.249071671017
0.000000000000 0.000000000000 0.000000000000 1.000000000000
34 37 55
-0.602096966375 0.649768474576 -0.463982944222 0.526540055923
-0.650494940428 -0.062247729318 0.756955449596 -1.242081400251
0.462963903085 0.757579137544 0.460150274147 1.556045436910
0.000000000000 0.000000000000 0.000000000000 1.000000000000
34 38 55
0.952222146513 0.294162529213 0.082105968705 -0.127690983390
-0.274537099183 0.942242978058 -0.191852942308 0.495580198629
-0.133799719216 0.160145486066 0.977983158562 0.526946479340
0.000000000000 0.000000000000 0.000000000000 1.000000000000
34 39 55
0.990105339655 0.138564031972 -0.022168117433 -0.377949032825
-0.126587768879 0.813783799109 -0.567213773703 0.903007698740
-0.060555372651 0.564407598596 0.823272196476 1.010363900914
0.000000000000 0.000000000000 0.000000000000 1.000000000000
35 37 55
-0.984757077791 0.015350230888 0.173256653991 -0.784085784937
0.157204195810 -0.347720220181 0.924325423915 -2.157417871556
0.074433450546 0.937472676343 0.340006827213 2.498567997971
0.000000000000 0.000000000000 0.000000000000 1.000000000000
36 38 55
0.270005552809 0.813073417819 -0.515760233721 0.041313556477
-0.958904838971 0.275560236938 -0.067587466415 -0.314393424405
0.087169439888 0.512813975097 0.854062828892 1.436912313940
0.000000000000 0.000000000000 0.000000000000 1.000000000000
36 47 55
0.912915872430 0.408142471083 0.002081625232 0.537559039013
-0.383377862872 0.859250830451 -0.338687798169 1.017751325863
-0.140021513079 0.308395417714 0.940896509829 -0.110372501590
0.000000000000 0.000000000000 0.000000000000 1.000000000000
37 39 55
0.888165900680 0.416045799243 -0.195108241247 0.449814527017
-0.326082802641 0.869784542393 0.370330738175 -0.627738730130
0.323776680278 -0.265293691497 0.908178351735 0.816812468371
0.000000000000 0.000000000000 0.000000000000 1.000000000000
37 41 55
0.759035224103 0.541932074273 -0.360797942682 0.895697359857
-0.322839397872 0.794548983066 0.514263197877 -0.739192210153
0.565367359998 -0.273864091080 0.778047689968 0.829470134599
0.000000000000 0.000000000000 0.000000000000 1.000000000000
37 44 55
0.868885405847 0.175828301323 -0.462733789516 2.181243463019
-0.094488797976 0.976513969117 0.193629375810 -0.414490078551
0.485911533679 -0.124518579230 0.865092541214 -0.234999674884
0.000000000000 0.000000000000 0.000000000000 1.000000000000
37 48 55
0.737202018426 -0.650580702147 -0.182422405482 0.304879515489
0.575537409420 0.746066150544 -0.334876080617 0.674773222845
0.353963097491 0.141880403882 0.924435003994 -0.850083372423
0.000000000000 0.000000000000 0.000000000000 1.000000000000
37 53 55
0.420446675014 -0.566767414973 0.708519082873 -1.341057104106
-0.872635168882 -0.038757638536 0.486832319681 -0.548626534785
-0.248460168841 -0.822965699638 -0.510876699135 3.544477860237
0.000000000000 0.000000000000 0.000000000000 1.000000000000
38 40 55
0.846558428262 0.446144566246 -0.290334037872 0.494655218710
-0.291496844517 0.844943585951 0.448441664205 -0.467382386926
0.445385694847 -0.295000614522 0.845343847353 0.312992133492
0.000000000000 0.000000000000 0.000000000000 1.000000000000
38 41 55
0.832722143010 0.492437916422 -0.253137770806 0.402543701681
-0.304543491397 0.789163452895 0.533361328240 -0.594191445533
0.462414418447 -0.367050327726 0.807122644044 0.268684228726
0.000000000000 0.000000000000 0.000000000000 1.000000000000
38 42 55
0.792284167980 -0.448403606644 0.413787388301 -1.087721943700
0.216913947012 0.840863608542 0.495879755003 -0.783251166360
-0.570293027101 -0.303121423490 0.763467920650 0.476328414110
0.000000000000 0.000000000000 0.000000000000 1.000000000000
38 43 55
0.771151004491 -0.210376472143 -0.600889231258 1.130465901953
0.633249596952 0.156007649524 0.758061053775 -1.329366697114
-0.065734893569 -0.965092406591 0.253526271831 1.075921132195
0.000000000000 0.000000000000 0.000000000000 1.000000000000
38 45 55
0.702126318944 -0.506442018636 0.500534827965 -1.377713418746
0.671430887608 0.236861057437 -0.702194704222 2.544366882175
0.237063694846 0.829103926676 0.506347196454 0.552481294698
0.000000000000 0.000000000000 0.000000000000 1.000000000000
38 47 55
0.364047695979 0.385486239050 -0.847861801566 1.940166637656
0.339320353478 0.792871155071 0.506178850973 -1.412912538463
0.867370147497 -0.471970010658 0.157839590316 0.960845375561
0.000000000000 0.000000000000 0.000000000000 1.000000000000
38 48 55
0.689045498607 -0.645484875812 0.329492907279 -1.337858444506
0.684772169795 0.728743999843 -0.004388412921 -0.506897641453
-0.237283325001 0.228651389219 0.944147851708 -0.783588506994
0.000000000000 0.000000000000 0.000000000000 1.000000000000
38 49 55
0.230399996003 0.575838899158 -0.784426799681 1.550282717704
-0.923757157387 -0.123998231688 -0.362349489741 0.714600295676
-0.305922467332 0.808105191640 0.503366112513 -0.339694938747
0.000000000000 0.000000000000 0.000000000000 1.000000000000
38 52 55
0.694888164953 -0.696938447700 0.177220874405 -0.883601012934
0.379555048396 0.146135322431 -0.913554832933 2.240519887977
0.610793257531 0.702083519002 0.366074212285 -0.035683414500
0.000000000000 0.000000000000 0.000000000000 1.000000000000
39 41 55
0.996386576504 0.065200352328 -0.054430728628 0.283921147911
-0.039794890310 0.924540453952 0.379000416508 -0.287594829211
0.075034371243 -0.375464862623 0.923794338621 -0.140497683958
0.000000000000 0.000000000000 0.000000000000 1.000000000000
39 42 55
0.732111976480 0.591113409640 -0.338521773064 -0.010927765762
-0.351922502872 0.753721842049 0.555026068567 -0.377824664095
0.583234606198 -0.287207802403 0.759834898101 -0.047956088160
0.000000000000 0.000000000000 0.000000000000 1.000000000000
39 49 55
0.958792765278 -0.109960045490 -0.261964160996 0.592146777191
0.170495995233 0.960268324456 0.220943116337 -0.907240175937
0.227260970824 -0.256502501825 0.939446069606 -1.111321554445
0.000000000000 0.000000000000 0.000000000000 1.000000000000
39 50 55
-0.486964450757 -0.640016626652 0.594343622249 -1.790466663792
0.612126475200 0.235317326086 0.754935053103 -1.659712171820
-0.623030337992 0.731440000035 0.277179949291 0.672832997525
0.000000000000 0.000000000000 0.000000000000 1.000000000000
39 54 55
0.938219984955 0.153733620757 -0.310014892675 0.142639061890
0.321615649410 -0.056791798481 0.945165628702 -1.969006920026
0.127697431004 -0.986478922975 -0.102726338593 1.980169311100
0.000000000000 0.000000000000 0.000000000000 1.000000000000
40 42 55
0.591840867801 0.717200728104 -0.367896048917 -0.088788723972
-0.597287198908 0.696696237696 0.397318958019 -0.367873004328
0.541269239124 -0.015409996361 0.840708119855 0.074165629720
0.000000000000 0.000000000000 0.000000000000 1.000000000000
40 47 55
-0.332375412338 -0.263602689044 0.905560714476 -2.388008614187
0.673474988133 0.605838094370 0.423546507209 -1.266374787909
-0.660271175830 0.750648936413 -0.023835868551 1.849806829582
0.000000000000 0.000000000000 0.000000000000 1.000000000000
40 54 55
0.361793005149 0.876557708949 -0.317415192310 0.587411834752
-0.926725739708 0.375196902573 -0.020166498481 -0.321503279838
0.101416097278 0.301452926976 0.948072206127 -0.464984015419
0.000000000000 0.000000000000 0.000000000000 1.000000000000
41 43 55
0.696543781212 -0.692986216599 0.186002323799 -0.530067038189
0.685708405678 0.719238086967 0.111805888213 -0.245501269908
-0.211259895007 0.049665660767 0.976167290429 0.071747416763
0.000000000000 0.000000000000 0.000000000000 1.000000000000
41 45 55
0.308246423883 -0.295858077572 0.904130599028 -2.565428356462
0.751186065380 -0.507449089857 -0.422155085698 0.993376367873
0.583698241680 0.809298102765 0.065825097951 1.524517248693
0.000000000000 0.000000000000 0.000000000000 1.000000000000
41 47 55
0.365286030774 -0.614958004154 0.698851034806 -1.970021585492
0.005152307933 -0.749382876574 -0.662116876406 1.776990694034
0.930881071590 0.245462741421 -0.270570643510 2.907683130972
0.000000000000 0.000000000000 0.000000000000 1.000000000000
41 48 55
0.935467368988 -0.302315069111 0.183047536307 -1.191796960901
0.319948315084 0.504444099644 -0.801978320161 2.068433809862
0.150112881640 0.808790299969 0.568616191681 -0.008669517665
0.000000000000 0.000000000000 0.000000000000 1.000000000000
41 49 55
0.057146385116 -0.586658568699 0.807815581949 -2.555866989910
0.996150160891 -0.020371066629 -0.085263571362 0.075342730052
0.066476669781 0.809578126814 0.583235894779 0.113398705245
0.000000000000 0.000000000000 0.000000000000 1.000000000000
41 54 55
0.606654477699 0.034835656692 0.794202003090 -2.366821263633
0.462416465273 -0.828098887876 -0.316896267796 0.085111479985
0.646638505916 0.559498622805 -0.518478479540 3.140686503047
0.000000000000 0.000000000000 0.000000000000 1.000000000000
43 45 55
0.996853828522 -0.039072632922 -0.068962119442 -0.052935097998
0.005390591224 0.901460056933 -0.432828727422 0.277817450112
0.079078354104 0.431095227429 0.898834533605 0.149740183773
0.000000000000 0.000000000000 0.000000000000 1.000000000000
44 49 55
-0.680283929339 0.523447935099 0.513045840762 -1.648086691988
-0.108085584153 -0.763967037971 0.636138248646 -1.649215817116
0.724935364002 0.377301767996 0.576291674316 1.094466947701
0.000000000000 0.000000000000 0.000000000000 1.000000000000
45 47 55
0.955439484867 -0.279896668385 -0.093772308187 0.436933975139
0.295052580848 0.895948780893 0.331993609204 -0.814022569462
-0.008908719940 -0.344867564500 0.938609076062 -0.027853655356
0.000000000000 0.000000000000 0.000000000000 1.000000000000
45 54 55
0.918940527319 0.087300093785 -0.384612793436 0.394076524083
-0.092087809609 0.995732865267 0.005991356086 0.255729129090
0.383494644775 0.029912449774 0.923058558693 0.146048524113
0.000000000000 0.000000000000 0.000000000000 1.000000000000
46 53 55
0.999092266762 -0.000348981078 -0.042597191320 -0.301248557495
-0.002837064501 0.997201166113 -0.074711346988 0.037992616391
0.042504041704 0.074764379994 0.996294983387 0.025681448405
0.000000000000 0.000000000000 0.000000000000 1.000000000000
46 54 55
0.995880174934 -0.055897868745 0.071401018512 0.121466683343
0.052929241841 0.997680012879 0.042814568312 0.046199255826
-0.073628612187 -0.038858978003 0.996528377567 -0.084762633479
0.000000000000 0.000000000000 0.000000000000 1.000000000000
47 52 55
0.959606811932 0.048806204025 -0.277078907432 -0.263516747241
-0.088953735150 0.986950094407 -0.134226465923 0.013282626370
0.266911969566 0.153451834788 0.951425527775 -0.079006312855
0.000000000000 0.000000000000 0.000000000000 1.000000000000
48 52 55
0.997548670505 0.045816996252 0.052890952229 -0.108100769158
-0.040329892858 0.994117593566 -0.100517211977 -0.083041907060
-0.057185222875 0.098137724733 0.993528478338 -0.262176724798
0.000000000000 0.000000000000 0.000000000000 1.000000000000
49 51 55
0.993072101985 0.082098763998 -0.084068978880 -0.113375224662
-0.089123955926 0.992511530331 -0.083533123016 0.009172622517
0.076581464729 0.090446974026 0.992952478294 -0.137725155523
0.000000000000 0.000000000000 0.000000000000 1.000000000000
