46 48 7
0.918988254322 -0.007775235601 0.394208237016 -0.674194930233
-0.009744055352 0.999052325107 0.042420573831 -0.032432120001
-0.394164485722 -0.042825195974 0.918041589900 0.318074523220
0.000000000000 0.000000000000 0.000000000000 1.000000000000
9 25 7
0.842975441355 -0.341791553135 -0.415416585462 1.083795282322
0.338144962287 0.937250606553 -0.084966375682 0.386024093629
0.418390236205 -0.068846457583 0.905654335564 0.375168922782
0.000000000000 0.000000000000 0.000000000000 1.000000000000
13 40 7
0.988438956324 0.140845197590 -0.056134302680 -0.520111333570
-0.151518297158 0.931103314666 -0.331796357794 0.442130266501
0.005534911719 0.336465819564 0.941679413079 -0.844379089365
0.000000000000 0.000000000000 0.000000000000 1.000000000000
41 44 7
0.972165984440 -0.085005012294 0.218328758032 0.244143685548
0.046491377661 0.983321166456 0.175835250738 -0.280692193475
-0.229634166669 -0.160790644889 0.959903389938 1.313600222439
0.000000000000 0.000000000000 0.000000000000 1.000000000000
3 45 7
0.895179306626 -0.340840903200 -0.287195904733 0.442451136829
0.373615900499 0.925193998704 0.066537385406 -0.213987087657
0.243033264973 -0.166863847099 0.955558103230 0.288919216066
0.000000000000 0.000000000000 0.000000000000 1.000000000000
16 19 7
0.954531429125 0.136517463164 -0.265014590284 0.831423222280
-0.181518161915 0.971345865551 -0.153422183444 0.168227289576
0.236476019306 0.194551257332 0.951960556202 -0.284522856597
0.000000000000 0.000000000000 0.000000000000 1.000000000000
17 36 7
0.963721195203 -0.255031900609 0.078741269917 -0.766473883569
0.239639506052 0.956652676343 0.165494906222 -0.457796461389
-0.117534527081 -0.140621429796 0.983062179328 0.289578508769
0.000000000000 0.000000000000 0.000000000000 1.000000000000
17 59 7
0.977446535992 -0.076399853007 0.196878977391 -0.537582478323
0.049835236495 0.989383329006 0.136517681965 0.231382205055
-0.205218708897 -0.123627224940 0.970876712447 0.003432570937
0.000000000000 0.000000000000 0.000000000000 1.000000000000
55 59 7
0.974944078657 0.167931248643 -0.145887419678 0.211004701297
-0.150405615930 0.980830141054 0.123896671054 0.177376643075
0.163896901093 -0.098850038596 0.981512341074 -0.150686524567
0.000000000000 0.000000000000 0.000000000000 1.000000000000
11 14 7
0.998101483508 0.052525515981 -0.032163625259 -0.886439608355
-0.050032546611 0.996006764339 0.073940987764 -0.138408400205
0.035918976858 -0.072191381499 0.996743814397 0.526916390199
0.000000000000 0.000000000000 0.000000000000 1.000000000000
5 26 7
-0.667903544994 -0.412390107051 0.619547620601 -1.953634595897
0.435144696391 -0.891718504964 -0.124447583774 -0.050413854743
0.603783030391 0.186473878898 0.775031318529 0.752258666664
0.000000000000 0.000000000000 0.000000000000 1.000000000000
2 31 7
0.173802226791 0.546601952204 -0.819157550053 1.256204933952
-0.528974701132 0.753445203290 0.390520282702 -1.243443527092
0.830649475727 0.365440325480 0.420089058402 1.631881994200
0.000000000000 0.000000000000 0.000000000000 1.000000000000
13 45 7
0.973669041369 -0.077590531596 -0.214355562757 -0.179879077992
0.036304794156 0.981071528744 -0.190212032763 0.336537593740
0.225056792388 0.177421433015 0.958055883186 0.537097457457
0.000000000000 0.000000000000 0.000000000000 1.000000000000
