24 28 7
0.951107972899 -0.153277421250 0.268141112145 0.045355784737
0.106711898261 0.977784050965 0.180418736408 0.057935780561
-0.289838221526 -0.142983851579 0.946334731229 0.038489272384
0.000000000000 0.000000000000 0.000000000000 1.000000000000
17 19 7
0.931674644477 0.258478282769 -0.255286768509 -0.111330396541
-0.330447508987 0.894921841022 -0.299865540313 -0.662101903660
0.150952974940 0.363735997392 0.919189492736 0.834439529894
0.000000000000 0.000000000000 0.000000000000 1.000000000000
22 29 7
0.629318444913 0.771914333131 0.090036421510 -0.074710208562
-0.769468769363 0.635150532163 -0.067094071770 -0.704000407122
-0.108977556704 -0.027056677549 0.993675917155 0.781714365679
0.000000000000 0.000000000000 0.000000000000 1.000000000000
23 28 7
0.628609138589 -0.764867864317 0.140810869671 0.173936844869
0.776807116465 0.608716703215 -0.161352654259 0.990436475081
0.037699531702 0.210810638639 0.976799682610 0.755713387920
0.000000000000 0.000000000000 0.000000000000 1.000000000000
31 34 7
0.895631044737 -0.298084156705 0.330137648904 -1.011051015628
0.252312943315 0.951722965438 0.174818693774 -0.238609713898
-0.366310265128 -0.073275047450 0.927603124770 0.141242691472
0.000000000000 0.000000000000 0.000000000000 1.000000000000
8 15 7
0.917226074554 -0.280543413686 0.282828077097 0.109141158420
0.223960477995 0.950292446209 0.216300649499 -0.252535647895
-0.329451107834 -0.135054284326 0.934463647143 0.752841845319
0.000000000000 0.000000000000 0.000000000000 1.000000000000
23 29 7
0.650674343378 0.737807698115 0.179618204731 -0.160892030969
-0.709485519610 0.506379923523 0.490111895914 -0.451384341159
0.270653276968 -0.446339751371 0.852952302309 0.772627968684
0.000000000000 0.000000000000 0.000000000000 1.000000000000
25 27 7
-0.595617978254 -0.755137179009 0.273874177056 -0.844469927488
-0.691584388219 0.655508702692 0.303346954272 -1.823281932867
-0.408595469813 -0.008728205576 -0.912673852193 3.649120482359
0.000000000000 0.000000000000 0.000000000000 1.000000000000
21 28 7
0.646609795291 -0.378142281638 0.662498443371 0.078330692471
0.492601723319 0.870110415980 0.015855793483 -0.487693811663
-0.582442542073 0.316095363523 0.748895457552 0.586969371464
0.000000000000 0.000000000000 0.000000000000 1.000000000000
31 33 7
0.847546009906 0.527993529103 0.053745644624 -0.488254651214
-0.365211866329 0.653711720992 -0.662782979965 0.215114181601
-0.385079282464 0.542110522923 0.746880262929 -0.121296545028
0.000000000000 0.000000000000 0.000000000000 1.000000000000
