34 37 7
0.996155794250 -0.053159653457 -0.069625317417 0.323267943241
0.068061366276 0.970061376765 0.233127809856 -0.278126571848
0.055147837688 -0.236970412820 0.969950379889 0.611913097820
0.000000000000 0.000000000000 0.000000000000 1.000000000000
56 59 7
0.801258709193 0.303374086874 -0.515702088765 0.111604401940
-0.364050844865 0.931208415034 -0.017828912540 -0.103625197003
0.474817294647 0.202027352562 0.856582445256 0.261090665346
0.000000000000 0.000000000000 0.000000000000 1.000000000000
53 58 7
-0.956057400501 -0.000845164831 0.293178329083 -0.480300139614
0.112957766586 0.921731799722 0.371013520437 -0.941995387001
-0.270545356485 0.387826991165 -0.881133040471 3.071296962636
0.000000000000 0.000000000000 0.000000000000 1.000000000000
25 29 7
0.939966249754 -0.328138830199 0.093746239601 -0.033321193275
0.333132100650 0.941882745487 -0.043357782123 0.265913685408
-0.074070593628 0.071984733587 0.994651569792 -0.112162199692
0.000000000000 0.000000000000 0.000000000000 1.000000000000
14 16 7
0.976320235266 0.048058998500 -0.210924467225 0.368903674039
-0.018482440102 0.989976915252 0.140014665937 -0.575890152680
0.215539318035 -0.132800752757 0.967422742367 0.236224219195
0.000000000000 0.000000000000 0.000000000000 1.000000000000
52 55 7
0.968580056242 0.080309066960 -0.235378691501 1.264425083308
-0.037464094516 0.982743668213 0.181138963808 -0.227213392693
0.245864019879 -0.166629338207 0.954874623905 -0.179880597582
0.000000000000 0.000000000000 0.000000000000 1.000000000000
33 41 7
0.312251241589 -0.496010898188 0.810229813697 -1.832241834967
0.420571658199 0.836918506030 0.350266890504 -0.423957650811
-0.851832520185 0.231388424821 0.469936968554 1.264597004903
0.000000000000 0.000000000000 0.000000000000 1.000000000000
31 33 7
0.983334778670 -0.070048969137 0.167767264328 -0.377969257956
0.089493163917 0.989750268954 -0.111289616387 -0.274678762768
-0.158251972087 0.124448973585 0.979524765539 0.284944098744
0.000000000000 0.000000000000 0.000000000000 1.000000000000
12 17 7
0.745911556552 0.444724499630 -0.495818585000 0.549834563986
-0.229530500336 0.870458521353 0.435451159167 -0.745512239815
0.625245311233 -0.211002564046 0.751362907487 0.438134444746
0.000000000000 0.000000000000 0.000000000000 1.000000000000
8 24 7
-0.844498126953 0.376280646367 -0.381098135319 0.348034083920
0.120598049804 0.826923564995 0.549229940953 -0.958404864984
0.521803625857 0.417863964498 -0.743714113902 3.852267636001
0.000000000000 0.000000000000 0.000000000000 1.000000000000
24 26 7
0.846815533107 0.258170712784 -0.465028317361 -0.059215905350
-0.211204248384 0.965631316937 0.151489026712 -0.142649241341
0.488155936512 -0.030067304669 0.872238349786 0.209433717040
0.000000000000 0.000000000000 0.000000000000 1.000000000000
23 31 7
0.980994228587 0.126252143203 -0.147345579559 -0.760386165042
-0.102637018923 0.982067310825 0.158143730054 -0.339224520861
0.164669261933 -0.140014975432 0.976360507614 0.699982662122
0.000000000000 0.000000000000 0.000000000000 1.000000000000
