1 35 7
0.837047683949 0.276555268904 -0.472089353870 1.219249113509
-0.219781348294 0.960129079902 0.172766631236 -0.202198705958
0.501046239121 -0.040857473831 0.864455512501 0.605213709690
0.000000000000 0.000000000000 0.000000000000 1.000000000000
2 37 7
0.969657374031 0.092141530139 -0.226438767465 0.893529884955
-0.032818785166 0.966929799301 0.252922301438 -0.120174504369
0.242255039838 -0.237816529383 0.940614583145 0.645912041527
0.000000000000 0.000000000000 0.000000000000 1.000000000000
8 39 7
0.982370453275 -0.177963384686 -0.057247936582 1.442606439151
0.176086549321 0.983703319956 -0.036349765549 0.263917580296
0.062783912586 0.025628344049 0.997698034629 0.555682055206
0.000000000000 0.000000000000 0.000000000000 1.000000000000
7 38 7
0.843795508757 0.053554223379 -0.533986034049 1.074620987539
0.016991609851 0.991843595899 0.126323261789 0.048217387824
0.536395772351 -0.115664283305 0.836003199140 0.928781585619
0.000000000000 0.000000000000 0.000000000000 1.000000000000
34 37 7
0.256724927000 0.361667100204 -0.896264035030 2.155774966516
-0.303484220113 0.910605946890 0.280524754045 -0.470489351987
0.917599934612 0.199984294683 0.343535503087 1.208499726625
0.000000000000 0.000000000000 0.000000000000 1.000000000000
14 56 7
0.941046551299 -0.161731082551 0.297110156716 -0.687206281864
0.057737967974 0.942208826204 0.330013416211 0.060848155925
-0.333313239072 -0.293403450495 0.896000390568 0.048589393507
0.000000000000 0.000000000000 0.000000000000 1.000000000000
20 22 7
0.992665169503 -0.080809568549 0.089920380812 -1.011549393850
0.084261826903 0.995819016502 -0.035276492164 0.059814941455
-0.086693747072 0.042594600637 0.995324014688 -0.051859943815
0.000000000000 0.000000000000 0.000000000000 1.000000000000
51 53 7
0.999651630391 -0.025152575162 0.007997863477 0.033745975172
0.024422999858 0.996414181137 0.081008003968 -0.251480522714
-0.010006744496 -0.080784451422 0.996681362058 0.105595867168
0.000000000000 0.000000000000 0.000000000000 1.000000000000
27 32 7
0.982299857300 0.164002017545 -0.090500434196 0.114422846989
-0.144446008884 0.970815156885 0.191450467958 0.116416290164
0.119257456227 -0.174989340834 0.977321026955 -0.209831696367
0.000000000000 0.000000000000 0.000000000000 1.000000000000
2 49 7
0.957538938102 -0.227513732871 0.177078184349 -0.331278769084
0.158760058737 0.928798819751 0.334855186878 -0.000246318855
-0.240654162165 -0.292523937113 0.925481129170 0.370196329858
0.000000000000 0.000000000000 0.000000000000 1.000000000000
37 49 7
0.953687311829 -0.151304557633 0.259975849063 -0.636636696563
0.113618807834 0.981452981160 0.154404702898 0.033484417283
-0.278516207362 -0.117715660005 0.953190298748 -0.072737630601
0.000000000000 0.000000000000 0.000000000000 1.000000000000
23 33 7
0.923143239931 0.299366318240 -0.241218502756 0.693559473890
-0.084220367733 0.769657090648 0.632878260390 -0.459885660407
0.375117965748 -0.563921776773 0.735716481706 0.525656444958
0.000000000000 0.000000000000 0.000000000000 1.000000000000
5 39 7
0.799473669996 0.338050975238 -0.496551496951 1.763178930254
-0.191693467257 0.926974868387 0.322445666724 -0.105519892317
0.569293830632 -0.162601142427 0.805894163576 1.369743394201
0.000000000000 0.000000000000 0.000000000000 1.000000000000
7 46 7
0.975996016838 -0.172562296488 -0.132868464829 0.615419828060
0.175805161171 0.984339341102 0.012984870566 -0.018212223054
0.128546958039 -0.036032143826 0.991048618480 0.306974282568
0.000000000000 0.000000000000 0.000000000000 1.000000000000
35 49 7
0.552653660212 0.501834720129 -0.665383983523 1.966335397690
-0.433852059682 0.854911030226 0.284428410514 0.287724456004
0.711580158635 0.131487809592 0.690191736958 -0.419306775092
0.000000000000 0.000000000000 0.000000000000 1.000000000000
2 36 7
0.996896587552 -0.030703780940 -0.072487733883 0.291954825604
0.027876061190 0.998822551605 -0.039704352625 0.504876482771
0.073621457062 0.037560461137 0.996578693742 0.121503814691
0.000000000000 0.000000000000 0.000000000000 1.000000000000
