34 37 7
0.995815711648 0.085703206958 -0.031717956294 -0.007294691637
-0.083728170938 0.994735207154 0.059088586366 -0.083175964428
0.036615049171 -0.056185656216 0.997748720976 -0.059494619634
0.000000000000 0.000000000000 0.000000000000 1.000000000000
32 35 7
0.620677995235 -0.570000037948 0.538385348028 -1.403897149587
0.755958040451 0.617251327733 -0.218009723384 1.076668142973
-0.208053520301 0.542310570754 0.814010428397 0.024823763234
0.000000000000 0.000000000000 0.000000000000 1.000000000000
33 36 7
0.991680488848 0.022812172935 0.126686277096 -0.339235276510
0.011548716853 0.964435536538 -0.264065755070 0.042334109340
-0.128204661294 0.263331921019 0.956148453011 -0.253642961182
0.000000000000 0.000000000000 0.000000000000 1.000000000000
0 10 7
-0.989167559665 0.036955261201 0.142062829679 -0.551028934442
0.009975235296 0.982476688719 -0.186118378472 0.691563609524
-0.146451471784 -0.182685152089 -0.972202706034 6.281908089957
0.000000000000 0.000000000000 0.000000000000 1.000000000000
4 6 7
0.957034414297 -0.243933468006 -0.156785181176 0.074886090827
0.230103240081 0.967880027652 -0.101295365038 0.216319732586
0.176458575178 0.060866372166 0.982424376726 -0.101689482189
0.000000000000 0.000000000000 0.000000000000 1.000000000000
26 28 7
0.530726083816 -0.204114246752 0.822597835051 -2.213772613254
-0.255126947375 -0.964025179033 -0.074603585126 1.252253515636
0.808232679790 -0.170272806001 -0.563708352658 3.949327783428
0.000000000000 0.000000000000 0.000000000000 1.000000000000
35 37 7
0.993833275487 0.106287372765 -0.031597704446 -0.034734036175
-0.097769667005 0.974389419557 0.202500250049 -0.210739682993
0.052311688456 -0.198162189751 0.978772309480 0.004612513244
0.000000000000 0.000000000000 0.000000000000 1.000000000000
14 16 7
0.992966957886 0.029422329035 -0.114677578893 0.230197256979
-0.021360105213 0.997254068279 0.070908879600 -0.058505379093
0.116448986479 -0.067960649313 0.990868802462 0.161676466962
0.000000000000 0.000000000000 0.000000000000 1.000000000000
31 36 7
-0.367320254150 -0.918645373815 0.145487140535 -0.590538596853
0.865043726855 -0.394895126019 -0.309446586789 0.855702528429
0.341723838092 0.012186739353 0.939721395874 0.249463160950
0.000000000000 0.000000000000 0.000000000000 1.000000000000
3 5 7
0.824618476899 0.170802670855 -0.539287321551 0.854077777619
-0.106370176718 0.983140270019 0.148729939730 -0.293372142718
0.555598553869 -0.065281368675 0.828883942324 1.033747649846
0.000000000000 0.000000000000 0.000000000000 1.000000000000
15 17 7
0.944963282329 0.305395646758 -0.117379274116 0.403668592922
-0.286772478515 0.945833011880 0.152188893170 -0.517909022133
0.157499017828 -0.110151770659 0.981356533989 0.350424707111
0.000000000000 0.000000000000 0.000000000000 1.000000000000
34 36 7
0.994022377617 -0.003904040788 -0.109106696693 0.076095472531
-0.013865437110 0.986754067150 -0.161629702148 -0.041737374327
0.108292485664 0.162176352864 0.980801492719 -0.061718231331
0.000000000000 0.000000000000 0.000000000000 1.000000000000
4 7 7
0.683301601914 -0.661207851532 -0.309682253116 0.329697656970
0.387242608080 0.687764458720 -0.614022159054 1.434837446990
0.618984719770 0.299640161519 0.725998409292 -0.133012180602
0.000000000000 0.000000000000 0.000000000000 1.000000000000
33 37 7
0.980722645346 0.039164547440 0.191439889075 -0.374109938760
-0.026494653861 0.997312940632 -0.068300305738 0.084670249198
-0.193600429292 0.061911522925 0.979125036503 -0.242901352179
0.000000000000 0.000000000000 0.000000000000 1.000000000000
22 24 7
0.996987351725 0.004774555159 0.077417208192 -0.455319243897
-0.011866326716 0.995743064861 0.091405355811 0.121910217532
-0.076651228245 -0.092048641509 0.992799897666 0.055185287585
0.000000000000 0.000000000000 0.000000000000 1.000000000000
9 11 7
0.967803702073 -0.029162150976 -0.250011126160 0.655945545990
0.063348373994 0.989513979111 0.129803962400 -0.114354381353
0.243604141521 -0.141462553677 0.959502667084 0.500364024470
0.000000000000 0.000000000000 0.000000000000 1.000000000000
