1 45 7
0.994282478862 -0.023573726742 -0.104147163355 0.654174778740
0.045672927732 0.975494425612 0.215231524811 -0.217918867229
0.096521168144 -0.218757639885 0.970993696731 -0.410193062499
0.000000000000 0.000000000000 0.000000000000 1.000000000000
7 37 7
0.955146821056 -0.141985417559 0.259874376243 -0.998374744233
0.152391121342 0.988113121195 -0.020233780163 -0.079026353772
-0.253912379303 0.058928778404 0.965430423549 -0.101742288339
0.000000000000 0.000000000000 0.000000000000 1.000000000000
31 33 7
0.991661000719 -0.127473155933 0.018948724741 0.432487003402
0.128649645509 0.987845540271 -0.087237934851 0.685375188366
-0.007597918357 0.088948204497 0.996007273343 -1.009378735491
0.000000000000 0.000000000000 0.000000000000 1.000000000000
10 45 7
0.894059001440 0.081166405466 -0.440534353446 0.883265401590
-0.106166222483 0.993821826914 -0.032355981739 0.143588606308
0.435186437227 0.075698024903 0.897152480841 0.132521209775
0.000000000000 0.000000000000 0.000000000000 1.000000000000
4 37 7
0.987895461335 0.146671335657 0.050498284834 0.270676814945
-0.154969054179 0.947577481505 0.279430686915 -0.289828241857
-0.006866565490 -0.283873978799 0.958837011404 -0.317351753806
0.000000000000 0.000000000000 0.000000000000 1.000000000000
4 36 7
0.985744368895 -0.130541958388 0.106145354545 -0.629888211337
0.106575826674 0.972636342694 0.206446453204 0.010424852602
-0.130190753742 -0.192190899816 0.972683414923 -0.836077806543
0.000000000000 0.000000000000 0.000000000000 1.000000000000
47 52 7
0.953096185120 0.085659661694 -0.290293100619 -0.229671349367
-0.115274882101 0.989562610228 -0.086472781822 -0.094981154488
0.279855969143 0.115880381420 0.953022756149 -0.111658747625
0.000000000000 0.000000000000 0.000000000000 1.000000000000
0 36 7
0.971188548171 0.161125715737 0.175588460982 -0.523130090245
-0.176234302104 0.981558992300 0.074050087083 -0.025991626726
-0.160419059539 -0.102861306444 0.981674730740 0.070441611901
0.000000000000 0.000000000000 0.000000000000 1.000000000000
39 41 7
0.995143660350 0.074405986047 -0.064442567495 0.310830946893
-0.050153984111 0.946606530179 0.318466096941 -0.208563690727
0.084697539178 -0.313687465901 0.945741243995 -0.184420629060
0.000000000000 0.000000000000 0.000000000000 1.000000000000
2 54 7
0.929614262219 0.209496516439 -0.303197185142 0.583166036031
-0.219448155889 0.975623325384 0.001278219295 0.021998137149
0.296074028505 0.065347812264 0.952926982028 0.079988704385
0.000000000000 0.000000000000 0.000000000000 1.000000000000
23 50 7
0.684489667602 0.631593632968 -0.364092540078 0.227817637395
-0.728740508543 0.578891667070 -0.365816496356 0.429161925906
-0.020277232440 0.515726594808 0.856513230051 0.574703895642
0.000000000000 0.000000000000 0.000000000000 1.000000000000
