40 56 7
-0.044680081344 0.135964510668 -0.989705684620 3.007305677424
-0.393330966524 -0.913069483660 -0.107679472421 1.508372795715
-0.918310645209 0.384470765919 0.094275071196 2.140449056006
0.000000000000 0.000000000000 0.000000000000 1.000000000000
38 40 7
0.751388256289 0.182792471669 0.634036750206 -0.707662323097
-0.290855300474 0.954233363429 0.069583635318 -0.080298903344
-0.592299656000 -0.236697275900 0.770165902312 0.832732058100
0.000000000000 0.000000000000 0.000000000000 1.000000000000
19 21 7
0.896708990411 -0.170939416248 0.408280176458 0.277035020451
0.123630575160 0.982432039854 0.139795450406 -0.007794367467
-0.425004079276 -0.074879924156 0.902088980953 0.066875795467
0.000000000000 0.000000000000 0.000000000000 1.000000000000
33 35 7
0.943829432631 -0.205449003348 0.258798587947 -0.134882054765
0.264919715499 0.938593008443 -0.221044585640 -0.046303785679
-0.197493155426 0.277189234141 0.940299198147 0.009505979750
0.000000000000 0.000000000000 0.000000000000 1.000000000000
11 13 7
0.992319808519 -0.088142781738 0.086788522553 -0.240986297620
0.066438331775 0.971598194670 0.227118683040 -0.039827166674
-0.104342444339 -0.219608283411 0.969992193869 0.223205436392
0.000000000000 0.000000000000 0.000000000000 1.000000000000
5 18 7
0.884280084971 -0.216650587635 0.413655961157 0.088858752245
0.248877514387 0.968214013164 -0.024932058594 0.156748954376
-0.395105953075 0.124996590317 0.910091829572 -0.257383346821
0.000000000000 0.000000000000 0.000000000000 1.000000000000
1 15 7
0.889206397153 -0.308193610341 0.338125245741 0.063272236536
0.303518365761 0.950391454082 0.068063835139 -0.376628634140
-0.342328183047 0.042104424390 0.938636581718 0.506954512786
0.000000000000 0.000000000000 0.000000000000 1.000000000000
38 41 7
0.958644279586 -0.284460538675 0.009129466233 0.228993363051
0.274231099794 0.931802120147 0.237785854910 -0.403423224355
-0.076147548368 -0.225448466011 0.971274698554 0.590770991808
0.000000000000 0.000000000000 0.000000000000 1.000000000000
3 12 7
0.745121185810 -0.137178138639 0.652668810912 -1.598387252099
0.320286790604 0.931983883840 -0.169771646714 -0.244153324633
-0.584987854766 0.335541649491 0.738377282447 0.692020411837
0.000000000000 0.000000000000 0.000000000000 1.000000000000
13 29 7
0.737826699949 0.233629797920 -0.633268409417 1.425027428948
-0.234579234376 0.968462532343 0.083981582782 -0.363567142540
0.632917327652 0.086587764555 0.769362213387 0.513612562781
0.000000000000 0.000000000000 0.000000000000 1.000000000000
1 16 7
0.896639082882 -0.358080734377 -0.260416095348 0.566023409061
0.168818171515 0.820219745120 -0.546571124998 0.682893233518
0.409315013179 0.446114063198 0.795891614859 0.279941832566
0.000000000000 0.000000000000 0.000000000000 1.000000000000
