20 23 7
0.956521630987 -0.230294983124 0.178970919991 -0.002336878099
0.237355713137 0.971240944210 -0.018796109437 -0.050828422896
-0.169495235613 0.060458655600 0.983674801989 0.116049202696
0.000000000000 0.000000000000 0.000000000000 1.000000000000
17 22 7
0.758697669837 -0.239387977723 0.605864045728 -0.633671187436
0.191904825643 0.970894683998 0.143304049070 -0.188274634755
-0.622535447729 0.007543785950 0.782555242532 0.630719359047
0.000000000000 0.000000000000 0.000000000000 1.000000000000
53 59 7
0.531066121859 -0.843174682940 0.083816634767 0.162148475588
-0.060587273071 0.060878318881 0.996304678616 -1.560338329346
-0.845161497322 -0.534181883201 -0.018755242048 1.380901307002
0.000000000000 0.000000000000 0.000000000000 1.000000000000
40 49 7
0.922834366034 -0.341386932939 0.178414390911 0.158276243427
0.252955223742 0.886401412502 0.387693423593 -0.502265612984
-0.290500236915 -0.312645962605 0.904357293562 0.712870092097
0.000000000000 0.000000000000 0.000000000000 1.000000000000
4 38 7
0.980356658981 -0.136272127947 0.142585863031 -0.954244108764
0.120779614466 0.986316372048 0.112215413199 -0.108118979327
-0.155926604275 -0.092789662004 0.983400718275 0.210568918427
0.000000000000 0.000000000000 0.000000000000 1.000000000000
35 37 7
0.744967106499 -0.611186520813 0.267348175627 -0.195676647327
0.555315851586 0.790228946286 0.259157321773 -0.704608051440
-0.369659728955 -0.044601000310 0.928096134869 0.990515754616
0.000000000000 0.000000000000 0.000000000000 1.000000000000
17 20 7
-0.495134218135 0.847539232184 -0.191100381845 -0.298264611634
-0.587835235059 -0.164834850064 0.792009601349 -0.801918990662
0.639759206620 0.504486592601 0.579828798380 0.864042558376
0.000000000000 0.000000000000 0.000000000000 1.000000000000
21 58 7
0.990676505830 -0.008367424544 0.135978112218 -0.357401721064
-0.024187727306 0.971452105750 0.235999491697 -1.084259911280
-0.134070931389 -0.237088153311 0.962192388723 -2.389049160471
0.000000000000 0.000000000000 0.000000000000 1.000000000000
11 33 7
0.445738786468 -0.323414417666 0.834697579177 -2.242278299817
0.721754167445 0.681419687402 -0.121400705915 -0.232322906833
-0.529516624870 0.656559459658 0.537160888300 0.742245152477
0.000000000000 0.000000000000 0.000000000000 1.000000000000
40 47 7
0.985910651501 -0.042581877818 0.161762081275 -0.020038359349
0.041826873724 0.999092269675 0.008071512324 -0.083672286335
-0.161958945080 -0.001191787827 0.986796777331 0.131751278688
0.000000000000 0.000000000000 0.000000000000 1.000000000000
23 58 7
0.790071289968 0.586873701113 -0.177106227190 -0.422556287884
0.607180410127 -0.709414716058 0.357858505834 -0.613170846259
0.084375981921 -0.390269162992 -0.916826414373 2.384439135921
0.000000000000 0.000000000000 0.000000000000 1.000000000000
19 55 7
0.966245649015 -0.098005737047 0.238252431817 -0.712140791626
0.105754291856 0.994192576345 -0.019928645105 0.381292895247
-0.234915677457 0.044452183833 0.970998778494 -1.656299635316
0.000000000000 0.000000000000 0.000000000000 1.000000000000
39 47 7
0.990717516733 -0.007797053503 0.135712961782 -0.069984381256
-0.013864722183 0.987351428107 0.157939630533 -0.134148513390
-0.135227850378 -0.158355181067 0.978078251017 0.416949339520
0.000000000000 0.000000000000 0.000000000000 1.000000000000
10 36 7
0.260242532761 -0.410464365116 0.873952418105 -1.495877241460
0.315217354225 0.891664612646 0.324918817786 -1.231985389819
-0.912640040617 0.190927272872 0.361434548344 1.094337878242
0.000000000000 0.000000000000 0.000000000000 1.000000000000
38 46 7
0.935484010495 0.036066091353 0.351523687912 -0.258024742671
0.067954900996 0.957849283910 -0.279118040878 -0.078553851585
-0.346773409504 0.284998221692 0.893601821895 -0.178496854050
0.000000000000 0.000000000000 0.000000000000 1.000000000000
