22 55 7
0.732642245373 -0.312007585727 0.604885614596 -2.219329438073
0.330824917152 0.939934385829 0.084132184843 -0.002520469627
-0.594802668527 0.138472440523 0.791855522636 0.466953903561
0.000000000000 0.000000000000 0.000000000000 1.000000000000
48 54 7
0.825834604451 -0.175195677892 0.536007164635 0.172676071289
0.090603181998 0.979388900782 0.180522697847 -0.022996260311
-0.556586264207 -0.100517936080 0.824686531369 0.143395653220
0.000000000000 0.000000000000 0.000000000000 1.000000000000
11 28 7
0.069058319327 0.527784351704 -0.846566374615 0.829103004500
-0.290690791070 0.822413822657 0.489013668817 -0.923448545629
0.954321650451 0.212318587033 0.210216567095 1.399999495076
0.000000000000 0.000000000000 0.000000000000 1.000000000000
18 26 7
-0.044996314266 0.481843717565 -0.875101116184 1.447810746576
-0.321892574279 0.822274501966 0.469307803090 -0.906694908490
0.945706351002 0.302805672438 0.118102592744 1.825176912223
0.000000000000 0.000000000000 0.000000000000 1.000000000000
28 41 7
0.410081135514 0.090063628779 0.907591320510 -2.199092789175
0.371706028895 0.892215669202 -0.256487480619 -0.349551087210
-0.832867390632 0.442537842903 0.332403620949 1.719172705964
0.000000000000 0.000000000000 0.000000000000 1.000000000000
6 37 7
0.592551573979 -0.568009998371 0.571180596594 -1.080982801046
0.368074809914 0.821640483026 0.435233099568 -0.904702799637
-0.716521853458 -0.047660868678 0.695934533642 0.778455599335
0.000000000000 0.000000000000 0.000000000000 1.000000000000
18 25 7
0.352706330992 0.472008353862 -0.807964329635 1.865581047448
-0.280325452387 0.877097303618 0.390023025898 -0.804923369071
0.892757461365 0.088929375750 0.441673727209 1.494466253542
0.000000000000 0.000000000000 0.000000000000 1.000000000000
35 56 7
0.940046687135 0.337748805846 0.047307189262 0.432814897126
-0.321949566947 0.924596425235 -0.203641662695 0.374060825521
-0.112519786475 0.176202141282 0.977901888258 0.017488026941
0.000000000000 0.000000000000 0.000000000000 1.000000000000
17 25 7
0.066170741430 0.514408597833 -0.854988437030 1.564543751489
-0.333219120598 0.819066340068 0.467006796777 -0.986361246587
0.940524561427 0.253996309113 0.225609007601 1.835754711506
0.000000000000 0.000000000000 0.000000000000 1.000000000000
4 18 7
0.723277676266 -0.358644531358 0.590121600301 -0.049469370773
0.325450508575 0.930736739454 0.166766568291 -0.007304795426
-0.609057771876 0.071436838947 0.789902151256 0.162506900712
0.000000000000 0.000000000000 0.000000000000 1.000000000000
1 29 7
0.269747581272 0.264658063663 -0.925846829522 1.312781971390
-0.289585046632 0.939275425657 0.184125434211 -1.043569197056
0.918355455782 0.218444006771 0.330008291927 1.690075804844
0.000000000000 0.000000000000 0.000000000000 1.000000000000
3 29 7
0.551763374619 0.217251983482 -0.805207274000 1.796350028438
-0.155282112634 0.975354272958 0.156753015018 -0.299412053098
0.819417258743 0.038543714067 0.571900112066 0.775453138632
0.000000000000 0.000000000000 0.000000000000 1.000000000000
13 29 7
0.356981271147 0.446725095730 -0.820366418678 1.276030544118
-0.302624825567 0.886174789325 0.350873848721 -0.847459217377
0.883732191900 0.123007851825 0.451537906923 0.970441726444
0.000000000000 0.000000000000 0.000000000000 1.000000000000
2 42 7
0.986105664248 -0.099046968679 0.133361602169 -0.097195409381
0.147582356911 0.890872712481 -0.429610588889 -0.221626885427
-0.076256585723 0.443323254694 0.893112212984 0.128211227354
0.000000000000 0.000000000000 0.000000000000 1.000000000000
0 26 7
0.775716117595 0.154772343912 -0.611808815287 2.437493603110
-0.141120634058 0.987452266523 0.070873041289 -0.381669529825
0.615101188054 0.031361487505 0.787824209806 0.724122256895
0.000000000000 0.000000000000 0.000000000000 1.000000000000
15 36 7
0.589507023853 -0.420887141855 0.689445779339 -0.221201209610
0.527393043223 0.847042303987 0.066150685682 -0.663708356275
-0.611831714434 0.324612613861 0.721310338297 0.417670859128
0.000000000000 0.000000000000 0.000000000000 1.000000000000
46 51 7
0.977081526156 -0.065429929514 0.202560152965 0.275847585017
0.002102973295 0.954508482824 0.298176346680 -0.032530737326
-0.212855041634 -0.290916621286 0.932770202521 0.613573414555
0.000000000000 0.000000000000 0.000000000000 1.000000000000
