22 24 7
0.999451833325 -0.007469755383 0.032252683881 -0.462649128604
0.003634461414 0.993081212327 0.117373320710 0.062850946751
-0.032906284403 -0.117191759431 0.992563986838 0.046197535388
0.000000000000 0.000000000000 0.000000000000 1.000000000000
33 37 7
0.979456358240 0.047773530333 0.195915624959 -0.386721410610
-0.034534004368 0.996917541809 -0.070447266637 0.084221489883
-0.198677237865 0.062234272180 0.978087036270 -0.234588603654
0.000000000000 0.000000000000 0.000000000000 1.000000000000
35 37 7
0.996348465606 0.075145682920 -0.040532226963 -0.041656205156
-0.067158073403 0.982905435472 0.171425488466 -0.044941730140
0.052721231595 -0.168077456126 0.984362961758 -0.012474020434
0.000000000000 0.000000000000 0.000000000000 1.000000000000
14 17 7
0.930052042505 0.083941246273 -0.357710868449 0.254205391717
-0.075819534717 0.996446059676 0.036696707104 -0.046802993627
0.359519952697 -0.007008375786 0.933111079283 0.703085000410
0.000000000000 0.000000000000 0.000000000000 1.000000000000
5 7 7
0.724246847968 0.077287720036 -0.685195673907 0.896610845096
-0.132394251810 0.990796434692 -0.028181325189 -0.078632856229
0.676711360401 0.111126204530 0.727813644672 -0.309083327129
0.000000000000 0.000000000000 0.000000000000 1.000000000000
14 16 7
0.991881354159 0.004318984011 -0.127093373738 0.156104245504
0.004232947281 0.997747913604 0.066941639181 -0.042468570763
0.127096268349 -0.066936143271 0.989629269623 0.180177186128
0.000000000000 0.000000000000 0.000000000000 1.000000000000
31 36 7
0.547103663433 0.120717421206 0.828314484767 -1.433124159238
0.103302913242 0.972244732330 -0.209925435742 0.044082170219
-0.830666051776 0.200418274299 0.519448193522 0.332313696268
0.000000000000 0.000000000000 0.000000000000 1.000000000000
3 6 7
0.546984750589 0.198003187673 -0.813389464091 1.315509329525
-0.116292827666 0.980177406488 0.160400218337 -0.279532403454
0.829025729912 0.006854887351 0.559168444803 1.093529403210
0.000000000000 0.000000000000 0.000000000000 1.000000000000
2 5 7
0.827115659135 0.118623191466 -0.549370753554 1.003879912454
-0.052088451726 0.989444967772 0.135223699649 -0.255020511338
0.559612794360 -0.083229767490 0.824564325078 1.756286353125
0.000000000000 0.000000000000 0.000000000000 1.000000000000
6 8 7
0.860644768820 -0.012204904131 -0.509059546828 0.546082653570
-0.057135222066 0.991085059054 -0.120357684085 -0.029007053822
0.505990265026 0.132670441448 0.852274841624 -0.542467522302
0.000000000000 0.000000000000 0.000000000000 1.000000000000
1 28 7
0.988001531702 0.039011860854 -0.149435765689 1.178315766538
-0.015190343608 0.987426547056 0.157346965748 -0.060655280608
0.153695240054 -0.153189062540 0.976171544506 0.328997447207
0.000000000000 0.000000000000 0.000000000000 1.000000000000
32 35 7
0.869401152429 0.035468041903 0.492832277919 -0.835477391115
0.074044823718 0.976805193546 -0.200920327350 0.134263780181
-0.488527379208 0.211172043285 0.846609336057 -0.499603043897
0.000000000000 0.000000000000 0.000000000000 1.000000000000
9 11 7
0.998248499359 -0.031471898451 -0.050094442143 0.129829632909
0.035032623786 0.996798836817 0.071866502566 0.035297140726
0.047672306389 -0.073495568086 0.996155486194 0.280288684500
0.000000000000 0.000000000000 0.000000000000 1.000000000000
3 5 7
0.828112943166 0.128042897514 -0.545741669435 0.863775371272
-0.071438947142 0.989731001494 0.123810425704 -0.209214158188
0.555990494696 -0.063541805749 0.828756302377 1.032249405765
0.000000000000 0.000000000000 0.000000000000 1.000000000000
32 36 7
0.926790551921 0.041638585058 0.373263313364 -0.795899572102
0.056106403686 0.967334203384 -0.247217738903 0.094330687087
-0.371364166734 0.250061526824 0.894180008985 -0.547485668006
0.000000000000 0.000000000000 0.000000000000 1.000000000000
