17 56 7
0.977164280242 0.020237540169 0.211519293178 -1.345028490357
0.044110300946 0.954448564405 -0.295096965854 0.127777236909
-0.207856322417 0.297688393918 0.931760360478 -1.205224913246
0.000000000000 0.000000000000 0.000000000000 1.000000000000
38 46 7
0.929362063242 0.039739575303 0.367024415482 -0.280633954593
0.072773694411 0.954959972068 -0.287672454625 -0.066698934717
-0.361925606730 0.294061588621 0.884611574246 -0.157474848110
0.000000000000 0.000000000000 0.000000000000 1.000000000000
17 19 7
0.999382006246 -0.001714487300 0.035109345271 -0.614795381257
0.002641029523 0.999649003919 -0.026360840808 -0.253752138371
-0.035051826702 0.026437274791 0.999035755089 0.502527063678
0.000000000000 0.000000000000 0.000000000000 1.000000000000
3 40 7
0.048078058679 -0.450489486100 0.891486243970 -1.923857463202
0.262300174134 0.866888539117 0.423913764104 -0.630492090715
-0.963787901419 0.213456046205 0.159841788702 1.777325799270
0.000000000000 0.000000000000 0.000000000000 1.000000000000
54 57 7
0.993538784214 -0.053210971508 -0.100246081095 -0.194736392931
-0.005990539871 0.857460339312 -0.514515189220 0.079861592044
0.113334891785 0.511791323703 0.851601340585 -0.569314998969
0.000000000000 0.000000000000 0.000000000000 1.000000000000
20 54 7
0.960175655964 0.190466952080 -0.204413917973 0.071527179365
-0.162526484455 0.975863720689 0.145860003059 0.736686527562
0.227261636766 -0.106828548654 0.967956512270 -1.619226239713
0.000000000000 0.000000000000 0.000000000000 1.000000000000
10 36 7
0.276028642483 0.115002992606 -0.954244465649 2.131564105696
-0.951957171969 -0.104268900711 -0.287933219828 0.210066628277
-0.132611203394 0.987877678681 0.080696720493 1.320597920512
0.000000000000 0.000000000000 0.000000000000 1.000000000000
22 58 7
0.997479961432 0.013880791041 -0.069577655771 0.018056690477
-0.054035865272 0.784134271010 -0.618234235782 1.671896298759
0.045976644146 0.620435950496 0.782908282959 -2.175536624045
0.000000000000 0.000000000000 0.000000000000 1.000000000000
13 15 7
0.902935262533 0.170227468751 -0.394627065160 -0.021981876701
-0.072309707114 0.965297181042 0.250943536536 -0.062346519294
0.423649876586 -0.198050400542 0.883909961995 0.550537674924
0.000000000000 0.000000000000 0.000000000000 1.000000000000
18 56 7
0.957207278405 -0.006939389894 0.289320014925 -1.166536360212
0.092861455942 0.954214892609 -0.284342555246 0.246948520053
-0.274100303117 0.299041441262 0.914025842216 -1.418006384502
0.000000000000 0.000000000000 0.000000000000 1.000000000000
19 56 7
0.981517403473 0.012388281504 0.190971508764 -0.707215583956
0.043204990681 0.957794502929 -0.284188351166 0.375306027629
-0.186432066605 0.287186734790 0.939556737990 -1.722267945354
0.000000000000 0.000000000000 0.000000000000 1.000000000000
3 41 7
-0.160599000287 -0.492821696253 0.855181113454 -1.676132526613
0.213117633681 0.828675279010 0.517569469898 -0.751842319232
-0.963736911881 0.265375314713 -0.028055427640 1.817284373318
0.000000000000 0.000000000000 0.000000000000 1.000000000000
8 35 7
0.996008045044 -0.087485473996 -0.017727550533 -1.149199601823
0.088951097871 0.989353206889 0.115186519199 -0.277067267242
0.007461661741 -0.116303584886 0.993185682411 -0.128640245395
0.000000000000 0.000000000000 0.000000000000 1.000000000000
7 46 7
0.039833309512 -0.242150125332 0.969420767394 -2.008276948396
0.214068071081 0.949732469312 0.228436200453 -0.647600412273
-0.976006233790 0.198422663866 0.089667597646 1.695469122350
0.000000000000 0.000000000000 0.000000000000 1.000000000000
22 57 7
0.883182563160 -0.014761462773 -0.468797034279 0.446142615327
-0.286098626775 0.775069211634 -0.563396213101 1.505179202850
0.371666700001 0.631703899303 0.680304378728 -1.950237864281
0.000000000000 0.000000000000 0.000000000000 1.000000000000
19 55 7
0.947180730474 -0.067981895571 0.313412070114 -0.880606526390
0.087405968142 0.994999690283 -0.048330250039 0.434060438695
-0.308559330683 0.073171566952 0.948386556863 -1.590774777407
0.000000000000 0.000000000000 0.000000000000 1.000000000000
