1 37 7
0.143833587826 -0.667335662205 0.730735939286 -1.622817511961
0.251826134949 0.738787764020 0.625120978284 -0.892371672016
-0.957024292675 0.094105014126 0.274315055267 1.952286269051
0.000000000000 0.000000000000 0.000000000000 1.000000000000
34 37 7
0.955432950628 -0.250715182051 0.155851770417 -0.212860539166
0.200919353330 0.939058618129 0.278927096524 -0.415611511713
-0.216285205945 -0.235182501915 0.947581078580 0.766544213102
0.000000000000 0.000000000000 0.000000000000 1.000000000000
13 15 7
0.612698405046 0.336947434597 -0.714889565438 0.975172647378
-0.413184907391 0.907661174741 0.073684626426 -0.388675095612
0.673705348620 0.250235125803 0.695344148645 0.580974669522
0.000000000000 0.000000000000 0.000000000000 1.000000000000
16 18 7
0.998201549076 0.051549471226 0.030599337240 -0.036128309537
-0.057412571156 0.968931145815 0.240574793658 -0.044722261366
-0.017247147490 -0.241898918324 0.970148158385 0.183078629697
0.000000000000 0.000000000000 0.000000000000 1.000000000000
44 46 7
0.980240068029 0.089099522823 -0.176608844804 0.291336438433
-0.092589345400 0.995636784001 -0.011602045618 0.036215157363
0.174804525539 0.027724887318 0.984212735375 0.006648863982
0.000000000000 0.000000000000 0.000000000000 1.000000000000
36 48 7
0.359286533476 -0.226138898803 0.905413930372 -1.958870900122
0.432497419575 0.900065519011 0.053179352656 0.052452915495
-0.826957779408 0.372482563265 0.421185910424 0.637922539688
0.000000000000 0.000000000000 0.000000000000 1.000000000000
41 46 7
0.915572100704 -0.041347511673 0.400022638972 -0.070106156135
0.154650545746 0.954409834363 -0.255313683089 0.552222684567
-0.371228955111 0.295621804593 0.880225432225 -0.534478079864
0.000000000000 0.000000000000 0.000000000000 1.000000000000
11 17 7
0.357130754463 0.594232719045 -0.720656020467 1.105168665246
-0.278090961570 0.804191189302 0.525301768645 -1.075702907802
0.891696720477 0.012806508736 0.452452154403 2.166589096440
0.000000000000 0.000000000000 0.000000000000 1.000000000000
11 15 7
0.287464249484 0.434026770702 -0.853806223673 1.386084779671
-0.319467784919 0.883832923133 0.341730446970 -0.770206995368
0.902942212806 0.174528296563 0.392727938949 2.312611526014
0.000000000000 0.000000000000 0.000000000000 1.000000000000
2 38 7
-0.118897384114 -0.492556323955 0.862120455495 -2.270451732330
0.294658346460 0.811660742396 0.504364251424 -1.020268911291
-0.948177130558 0.313998578001 0.048631492897 1.914559029379
0.000000000000 0.000000000000 0.000000000000 1.000000000000
4 6 7
0.996522646874 0.008579633571 -0.082879455556 0.216577211470
-0.012575362885 0.998777270617 -0.047810291233 -0.012951629047
0.082367921631 0.048686277197 0.995412061359 -0.048705726784
0.000000000000 0.000000000000 0.000000000000 1.000000000000
53 58 7
0.669992300741 0.089441638922 -0.736960317911 0.566241802739
-0.263325978341 0.956798151903 -0.123275000079 0.248583906119
0.694096352158 0.276654097640 0.664599702212 -0.504387665012
0.000000000000 0.000000000000 0.000000000000 1.000000000000
52 55 7
0.973078636118 0.033794592797 -0.227982221736 1.237282378046
-0.033945724999 0.999418363003 0.003259363038 0.130734885433
0.227959767687 0.004567405264 0.973659839536 -0.197512798802
0.000000000000 0.000000000000 0.000000000000 1.000000000000
24 26 7
0.793430255780 0.236039811629 -0.561029087071 0.026128886294
-0.208846003088 0.971361004676 0.113318778623 -0.008678952700
0.571709520830 0.027258134943 0.820003181623 0.132914011582
0.000000000000 0.000000000000 0.000000000000 1.000000000000
12 21 7
0.136938640750 0.689860021022 -0.710873378363 0.535530310279
-0.513721788972 0.663043893251 0.544483901652 -1.148247314451
0.846957928238 0.290630258263 0.445192453639 1.759007950279
0.000000000000 0.000000000000 0.000000000000 1.000000000000
15 18 7
0.958358199352 -0.181828463538 0.220199844647 -0.015624522730
0.107353329636 0.943926345629 0.312215176829 -0.444741271880
-0.264622040562 -0.275574788167 0.924139443901 0.287912383780
0.000000000000 0.000000000000 0.000000000000 1.000000000000
