23 30 7
0.861888797103 -0.114427795328 -0.494018199144 0.275179849532
0.187229670606 0.977181231392 0.100308979956 0.125823836866
0.471267176742 -0.178950050773 0.863645834503 0.649541102200
0.000000000000 0.000000000000 0.000000000000 1.000000000000
8 15 7
0.913738470304 -0.289486780102 0.285095443724 0.132220137267
0.226338526491 0.945391639617 0.234532554600 -0.289594474031
-0.337420923051 -0.149773335035 0.929362721870 0.771519902803
0.000000000000 0.000000000000 0.000000000000 1.000000000000
21 28 7
0.596012027313 -0.457486388375 0.659905953716 0.051724599745
0.559674385842 0.825988415226 0.067139554252 -0.515895305235
-0.575790105100 0.329316477517 0.748342443341 0.574505094546
0.000000000000 0.000000000000 0.000000000000 1.000000000000
11 13 7
0.794885988064 -0.096016796187 0.599113545857 -0.368833734398
0.315073154999 0.909158264840 -0.272323624520 0.196683881389
-0.518541389842 0.405230828446 0.752929480561 -0.419662349763
0.000000000000 0.000000000000 0.000000000000 1.000000000000
24 28 7
0.955942615422 -0.187373839984 0.225975131618 0.060954657603
0.134896268112 0.964092692250 0.228753748822 0.020773332952
-0.260723441351 -0.188192254995 0.946893321494 0.022626510168
0.000000000000 0.000000000000 0.000000000000 1.000000000000
10 16 7
0.907148746986 0.202594027049 -0.368831683896 -0.087920035237
-0.195787027687 0.979033175565 0.056227048045 -0.686110835133
0.372489718826 0.021206162926 0.927794000855 1.180819920908
0.000000000000 0.000000000000 0.000000000000 1.000000000000
22 29 7
0.963528975887 0.179003928729 -0.198920853925 0.060387230422
-0.151706149202 0.977731464662 0.145004921657 -0.365013105511
0.220447628522 -0.109538926918 0.969228593557 0.957982278623
0.000000000000 0.000000000000 0.000000000000 1.000000000000
32 34 7
-0.666410363187 -0.530584987882 0.523809887719 -1.376458303893
0.319932998351 0.431082444384 0.843688806794 -1.114923063370
-0.673453862119 0.729827032096 -0.117526162272 1.908480052704
0.000000000000 0.000000000000 0.000000000000 1.000000000000
24 27 7
0.848680680241 0.181019506465 0.496963822892 -0.094069433696
0.205345254997 0.753130026765 -0.625002791223 0.011884215823
-0.487416074043 0.632476956944 0.601995406710 -0.168022832268
0.000000000000 0.000000000000 0.000000000000 1.000000000000
34 36 7
0.983760875644 0.112443399812 -0.139896466684 -0.045483122949
-0.160322838810 0.900927410621 -0.403269622147 0.009974286368
0.080691554130 0.419149475282 0.904324383428 -0.159165859467
0.000000000000 0.000000000000 0.000000000000 1.000000000000
23 29 7
0.977815238689 0.030760118431 -0.207198393093 0.163822617223
0.107809275175 0.774185805630 0.623709466457 0.198226468687
0.179595431937 -0.632210529393 0.753694452249 0.711552135068
0.000000000000 0.000000000000 0.000000000000 1.000000000000
0 12 7
0.996463633084 -0.035420894524 -0.076194410371 -0.950769312380
0.040124585858 0.997323935996 0.061114517914 -0.084279999496
0.073825778360 -0.063955663715 0.995218281347 0.606267838306
0.000000000000 0.000000000000 0.000000000000 1.000000000000
32 35 7
-0.237826698481 -0.873735139468 -0.424293963601 0.086912475822
0.511615551710 0.258631923191 -0.819365031933 0.444394377547
0.825643984255 -0.411942270671 0.385506909014 0.255910129938
0.000000000000 0.000000000000 0.000000000000 1.000000000000
25 27 7
0.933124534293 0.036618350030 -0.357683798826 0.107638922366
-0.289617663004 0.666072612023 -0.687363720885 -0.000185337890
0.213073256833 0.744987497851 0.632134016857 -0.216756173650
0.000000000000 0.000000000000 0.000000000000 1.000000000000
31 33 7
0.414287088842 0.307367801941 -0.856674525330 0.228217401754
-0.725888674203 0.679394641445 -0.107277928022 -0.530285446885
0.549046301039 0.666294195913 0.504579234421 0.160969140929
0.000000000000 0.000000000000 0.000000000000 1.000000000000
33 35 7
0.838614767054 0.057752726704 -0.541654774776 0.186727794743
-0.087983499606 0.995668292633 -0.030059188976 -0.027616893575
0.537572484672 0.072864762424 0.840063420296 0.114535293685
0.000000000000 0.000000000000 0.000000000000 1.000000000000
10 15 7
0.930916539494 0.206420536650 -0.301305424024 -0.161823290606
-0.140020656278 0.963642174214 0.227569716550 -0.347517431663
0.337325676925 -0.169659429813 0.925973577141 0.691585400105
0.000000000000 0.000000000000 0.000000000000 1.000000000000
32 36 7
-0.529856337506 -0.197718275396 0.824717979178 -1.431517472178
0.423432889232 0.780890780083 0.459253936182 -1.316782589873
-0.734817562340 0.592551325336 -0.330039508121 1.945475118336
0.000000000000 0.000000000000 0.000000000000 1.000000000000
17 19 7
0.922748144868 0.212912162977 -0.321254217091 -0.043720788305
-0.303204529052 0.915601179092 -0.264086149597 -0.703080431364
0.237913586633 0.341090738224 0.909425221551 0.839829628556
0.000000000000 0.000000000000 0.000000000000 1.000000000000
