14 23 7
0.890046990387 0.138952604745 -0.434175688560 -0.092965794819
-0.118293614371 0.990187558015 0.074399064182 0.003176570668
0.440253308564 -0.014858451692 0.897750661772 0.157674929218
0.000000000000 0.000000000000 0.000000000000 1.000000000000
5 37 7
0.955864238003 -0.098948387274 0.276645576802 -0.272871688507
0.029052225343 0.968800837871 0.246131884859 -0.023172937161
-0.292368819662 -0.227231496931 0.928916745512 -0.369565434178
0.000000000000 0.000000000000 0.000000000000 1.000000000000
0 19 7
0.059735950321 -0.167706339735 0.984025507724 -1.791630302668
0.154811348867 0.975414973327 0.156840926015 -0.607248904339
-0.986136431992 0.142969274405 0.084230185057 2.318366943045
0.000000000000 0.000000000000 0.000000000000 1.000000000000
0 43 7
0.996169376105 0.046851832197 0.073834137978 0.350141495293
-0.082169171704 0.790373135403 0.607090219040 -0.463969091330
-0.029913230062 -0.610831574702 0.791195289429 -0.674395607200
0.000000000000 0.000000000000 0.000000000000 1.000000000000
31 47 7
0.698910745330 0.278754199689 -0.658650033188 2.898163760200
-0.522794385346 0.827564027915 -0.204508704830 0.503310814082
0.488067414108 0.487271870578 0.724124522047 -0.646971909000
0.000000000000 0.000000000000 0.000000000000 1.000000000000
34 47 7
0.353660148934 0.401173583120 -0.844975890344 1.577303243856
-0.398063682572 0.882022244492 0.252154842979 -0.474034805290
0.846445393202 0.247177095273 0.471628752198 0.682043015362
0.000000000000 0.000000000000 0.000000000000 1.000000000000
19 36 7
0.958005804539 0.032447617302 -0.284907056074 1.879011071824
-0.016013884974 0.998080551237 0.059822811130 0.289550546697
0.286301299259 -0.052748131482 0.956686573893 0.114372062150
0.000000000000 0.000000000000 0.000000000000 1.000000000000
33 47 7
0.844320876971 0.236314931238 -0.480913204211 2.003623660258
-0.298559025995 0.952746800039 -0.056000384023 -0.014717551672
0.444954789509 0.190863271186 0.874977969440 -0.317676397725
0.000000000000 0.000000000000 0.000000000000 1.000000000000
23 50 7
0.593061357711 -0.058279470183 0.803045284741 -1.803112221015
0.321761845711 0.931428633907 -0.170029452104 -0.576928878610
-0.738070146148 0.359227230724 0.571146440130 1.462391356339
0.000000000000 0.000000000000 0.000000000000 1.000000000000
34 46 7
0.651240223502 0.300133069428 -0.696998071682 2.149720268063
-0.376738364906 0.925158122983 0.046375121406 -0.558220668655
0.658752135253 0.232384569439 0.715571824617 0.697329297588
0.000000000000 0.000000000000 0.000000000000 1.000000000000
31 48 7
0.402561539909 0.326297707314 -0.855262540270 2.600436658898
-0.633927803450 0.773385094521 -0.003321985240 0.589058693461
0.660363344379 0.543512007020 0.518184283461 -0.620562879219
0.000000000000 0.000000000000 0.000000000000 1.000000000000
13 26 7
0.987943531747 -0.051973123780 -0.145829943718 -0.061250299830
0.041660824992 0.996468724440 -0.072900321489 -0.452825332910
0.149103835434 0.065946005313 0.986620074113 0.994329380817
0.000000000000 0.000000000000 0.000000000000 1.000000000000
2 34 7
0.955559244186 -0.056156411769 0.289401085464 -1.687631047042
0.039458492130 0.997219394812 0.063217924749 0.288497352666
-0.292146467117 -0.048989141939 0.955118058526 0.074095989198
0.000000000000 0.000000000000 0.000000000000 1.000000000000
1 10 7
0.938211834122 -0.136580839772 0.317968911246 -0.111400510112
0.041828521436 0.956842051631 0.287582445614 -0.395443741665
-0.343524277317 -0.256513084341 0.903433510811 -0.203987510502
0.000000000000 0.000000000000 0.000000000000 1.000000000000
17 21 7
0.945550840448 0.171123345455 -0.276858102227 -0.260055994939
-0.163213684484 0.985243205052 0.051547260795 0.040876447390
0.281593503699 -0.003553524824 0.959527212295 -0.100547993600
0.000000000000 0.000000000000 0.000000000000 1.000000000000
6 40 7
0.898145264844 0.372554483712 -0.233534237114 0.597434927221
-0.193134848405 0.811405564131 0.551652010626 -0.482107410386
0.395011409417 -0.450360041703 0.800713319027 0.685404613120
0.000000000000 0.000000000000 0.000000000000 1.000000000000
0 2 7
0.997625411895 0.022359381843 -0.065142885916 -0.532054949084
-0.007035657596 0.973972843215 0.226555512409 -0.000360230549
0.068513043021 -0.225559213344 0.971817371841 -0.406183525944
0.000000000000 0.000000000000 0.000000000000 1.000000000000
8 39 7
0.990570540743 0.064821999114 -0.120698435129 0.151735573838
-0.085107193972 0.981529846373 -0.171335712015 -0.129699673136
0.107362793118 0.179992414030 0.977791369131 0.530207644402
0.000000000000 0.000000000000 0.000000000000 1.000000000000
