46 56 7
0.710522288458 -0.035347536357 0.702786332592 -0.949888801658
0.432477064263 0.809780522148 -0.396508631478 0.408863616028
-0.555087080098 0.585667190154 0.590654108497 -0.516497159912
0.000000000000 0.000000000000 0.000000000000 1.000000000000
14 25 7
0.331921777062 -0.389478081377 0.859147692797 -1.821075870041
0.410037028808 0.879808236216 0.240431076390 -0.170333359713
-0.849527850584 0.272478057126 0.451727948512 0.841308432968
0.000000000000 0.000000000000 0.000000000000 1.000000000000
1 16 7
0.512903414041 -0.291979672159 0.807265730048 -0.625415995218
0.431274684811 0.900734036818 0.051772011356 -0.118005620262
-0.742248094714 0.321599231910 0.587913003708 0.121044004175
0.000000000000 0.000000000000 0.000000000000 1.000000000000
0 24 7
0.483574669714 -0.365203052309 0.795476127483 -1.334418870788
0.308202612197 0.921642395105 0.235767778506 -0.320829044224
-0.819247635729 0.131156494810 0.558239451511 1.123129188186
0.000000000000 0.000000000000 0.000000000000 1.000000000000
13 22 7
0.707403086979 0.423841009150 -0.565632099066 1.606227305359
-0.314116616105 0.905409036749 0.285596266889 -0.781417426088
0.633175823938 -0.024357239909 0.773624651136 1.107958557959
0.000000000000 0.000000000000 0.000000000000 1.000000000000
51 54 7
0.751003221025 0.302311537409 -0.587028020082 0.137890810711
-0.136832028655 0.940988863537 0.309543138566 -0.072239904624
0.645965291595 -0.152143659243 0.748051568414 0.295558141002
0.000000000000 0.000000000000 0.000000000000 1.000000000000
1 15 7
0.893568702674 -0.279130252280 0.351598173862 0.069215856274
0.287963395929 0.957229336823 0.028090555907 -0.327626839486
-0.344401010751 0.076146562548 0.935729472020 0.482116586619
0.000000000000 0.000000000000 0.000000000000 1.000000000000
27 32 7
0.994834930638 0.010423749619 -0.100969333098 -0.020537009434
0.004467501501 0.989253106741 0.146144901498 0.423438235726
0.101407604315 -0.145841133593 0.984096977711 -0.552673964555
0.000000000000 0.000000000000 0.000000000000 1.000000000000
3 16 7
0.791210090588 0.300494862308 -0.532625037225 0.059035041468
-0.377392284699 0.925248287246 -0.038609200936 -0.114880017268
0.481208536918 0.231556569056 0.845470223795 0.044981577471
0.000000000000 0.000000000000 0.000000000000 1.000000000000
27 29 7
0.945419353545 0.125813015283 -0.300588308368 0.248818283026
-0.172777783850 0.975657197158 -0.135058768843 0.093959117094
0.276278995491 0.179622155701 0.944142890579 -0.260842401828
0.000000000000 0.000000000000 0.000000000000 1.000000000000
28 32 7
0.917753065899 0.166842292208 -0.360406658601 0.109519296729
0.061412708532 0.836945814293 0.543829185654 0.169166465694
0.392374552264 -0.521234451537 0.757863349996 -0.330262691990
0.000000000000 0.000000000000 0.000000000000 1.000000000000
9 26 7
0.570432864811 -0.337242333697 0.748915185522 -1.582335241359
0.396658507486 0.911549242247 0.108351314711 -0.049610147054
-0.719213720102 0.235256428865 0.653747686416 0.556825326111
0.000000000000 0.000000000000 0.000000000000 1.000000000000
1 23 7
0.194392934282 -0.393591880196 0.898496977705 -1.831697368538
0.569742361146 0.790931433541 0.223206427670 -0.304554569182
-0.798501740146 0.468522037134 0.377997449333 0.777719768890
0.000000000000 0.000000000000 0.000000000000 1.000000000000
19 21 7
0.886102089424 -0.136048925005 0.443073105846 0.264179591495
0.082549707187 0.986990073481 0.137971521316 -0.043022987382
-0.456079634452 -0.085681298169 0.885804765274 0.058210546905
0.000000000000 0.000000000000 0.000000000000 1.000000000000
14 24 7
0.200001123602 -0.358832647714 0.911722919254 -1.642543035426
0.388459527809 0.883305155572 0.262433224639 -0.441141966102
-0.899499163875 0.301680514907 0.316053984491 1.525531653658
0.000000000000 0.000000000000 0.000000000000 1.000000000000
16 23 7
0.933011891937 -0.219792597717 0.284921082922 -1.213764974873
0.214098777487 0.975459279986 0.051389751582 0.410018646083
-0.289224001396 0.013054006184 0.957172434799 -0.594862269785
0.000000000000 0.000000000000 0.000000000000 1.000000000000
13 18 7
0.887389292936 0.264007954908 -0.377941850723 1.114499722227
-0.216565867433 0.962427099478 0.163808739855 -0.763419606599
0.406988289568 -0.063512817096 0.911222615072 1.223700659409
0.000000000000 0.000000000000 0.000000000000 1.000000000000
5 13 7
0.561473595303 -0.331643723689 0.758129172579 -1.736318834807
0.493593488577 0.869566216933 0.014834500418 0.260804053079
-0.664163285504 0.365878442802 0.651935652716 -0.035435457152
0.000000000000 0.000000000000 0.000000000000 1.000000000000
