38 47 7
0.794839608990 -0.368705920689 0.481960517086 -1.191957046158
0.327111001769 0.929300417887 0.171461732863 0.126889484582
-0.511105066012 0.021370010851 0.859252543862 -0.145540021026
0.000000000000 0.000000000000 0.000000000000 1.000000000000
29 32 7
0.785416538762 -0.309492760289 0.536036465147 -0.111576370418
0.324513141394 0.943348160830 0.069177080895 -0.103888021496
-0.527078819249 0.119618053768 0.841355715206 0.184449141794
0.000000000000 0.000000000000 0.000000000000 1.000000000000
20 22 7
0.992385896441 -0.068086394581 0.102637592615 -1.033946497926
0.071965649826 0.996807675162 -0.034574614742 0.060711796929
-0.099955879217 0.041697741094 0.994117759925 -0.058440942849
0.000000000000 0.000000000000 0.000000000000 1.000000000000
7 45 7
0.937621985468 -0.298464736055 -0.178280155093 0.993964618114
0.257865171235 0.940994314498 -0.219169463080 0.000358350731
0.233174968280 0.159525864405 0.959260617743 0.394167485459
0.000000000000 0.000000000000 0.000000000000 1.000000000000
30 32 7
0.997623176076 -0.007552228277 0.068490600838 0.249130252445
0.015135407027 0.993717874956 -0.110885997527 0.179105418074
-0.067222897954 0.111659074156 0.991470288586 -0.261246518324
0.000000000000 0.000000000000 0.000000000000 1.000000000000
2 49 7
0.960410935824 -0.215421568354 0.176647621657 -0.301912424919
0.145169693429 0.928180753658 0.342645952330 -0.015686575810
-0.237774251043 -0.303437038653 0.922707629271 0.395240081417
0.000000000000 0.000000000000 0.000000000000 1.000000000000
11 53 7
0.943645064485 -0.009942784922 0.330809814396 -0.352021249043
0.011203176519 0.999935430776 -0.001903448076 0.085502419043
-0.330769528688 0.005502300128 0.943695524830 -0.330503230167
0.000000000000 0.000000000000 0.000000000000 1.000000000000
25 32 7
0.995063008350 0.076428891628 -0.063310614738 -0.202820271993
-0.062054347119 0.976981515943 0.204098935589 0.016726905629
0.077452355791 -0.199162601984 0.976900911328 0.056420709145
0.000000000000 0.000000000000 0.000000000000 1.000000000000
1 49 7
0.843260385630 -0.275940859897 0.461268429297 -0.266461470124
0.173960887452 0.952086025577 0.251534907198 -0.064978332653
-0.508575984160 -0.131866757529 0.850859345953 0.429717890056
0.000000000000 0.000000000000 0.000000000000 1.000000000000
1 7 7
0.820510937298 0.062440383882 0.568210348580 -0.318374773723
-0.013961589929 0.995908792067 -0.089279067473 -0.039575712567
-0.571460301141 0.065321331453 0.818025823478 0.300351168117
0.000000000000 0.000000000000 0.000000000000 1.000000000000
10 53 7
0.986246119777 -0.044539172076 0.159169260149 -0.147410953307
0.057096869103 0.995531579781 -0.075211842128 0.010644572911
-0.155108151829 0.083265453872 0.984382204952 0.024680547379
0.000000000000 0.000000000000 0.000000000000 1.000000000000
2 47 7
0.960599690592 -0.227504290428 0.159655981013 0.086345732591
0.167013090361 0.931648896947 0.322702588253 0.036761209306
-0.222159541961 -0.283323367646 0.932937836762 0.396227648841
0.000000000000 0.000000000000 0.000000000000 1.000000000000
29 31 7
0.998190825311 -0.042882772903 -0.042144324088 -0.016542835452
0.043060418109 0.999066966847 0.003316044092 0.022922281113
0.041962800870 -0.005124797005 0.999106030309 -0.027125212814
0.000000000000 0.000000000000 0.000000000000 1.000000000000
1 5 7
0.623893900398 0.003540628283 0.781501033267 -0.257411015524
0.210361956343 0.962320830197 -0.172297611974 0.067540055325
-0.752664764931 0.271893515406 0.599641282694 -0.176813275717
0.000000000000 0.000000000000 0.000000000000 1.000000000000
0 37 7
0.990537050073 0.128114545219 -0.049224137736 1.023052531763
-0.119047107051 0.980501833921 0.156345578704 -0.165902192523
0.068294500036 -0.149006097126 0.986475060143 0.396247159095
0.000000000000 0.000000000000 0.000000000000 1.000000000000
36 49 7
0.574115384533 -0.436239181037 0.692883036429 -1.663808255502
0.380567933603 0.891453383810 0.245924607163 -0.055115482325
-0.724954876634 0.122499964994 0.677815745923 0.398129928097
0.000000000000 0.000000000000 0.000000000000 1.000000000000
