22 55 7
0.726200821489 -0.301607421499 0.617790684752 -2.249912632749
0.327275831327 0.941935792602 0.075149802687 0.022483324408
-0.604584896518 0.147614111492 0.782743365983 0.500669754340
0.000000000000 0.000000000000 0.000000000000 1.000000000000
48 54 7
0.822906135565 -0.169117476675 0.542424899072 0.158291707969
0.083272125055 0.980264567842 0.179296208056 -0.006834679385
-0.562042031559 -0.102375075664 0.820748499020 0.132538971209
0.000000000000 0.000000000000 0.000000000000 1.000000000000
11 28 7
0.087920627790 0.516091187372 -0.852009301314 0.839234403395
-0.282688627606 0.833083795347 0.475456128105 -0.899742177054
0.955173860107 0.199050938826 0.219138359766 1.392934191408
0.000000000000 0.000000000000 0.000000000000 1.000000000000
18 26 7
-0.050168953248 0.481107776195 -0.875224761884 1.457479483549
-0.310307270191 0.825448807296 0.471533312292 -0.916562101192
0.949311579091 0.295244939363 0.107879338077 1.855537444913
0.000000000000 0.000000000000 0.000000000000 1.000000000000
28 41 7
0.412999763861 0.092894491885 0.905981130282 -2.213894468925
0.374123964929 0.889667322145 -0.261769583362 -0.310635268819
-0.830338758530 0.447060028726 0.332678338337 1.730118539744
0.000000000000 0.000000000000 0.000000000000 1.000000000000
6 37 7
0.585578977208 -0.590668471474 0.555164856829 -1.057868265741
0.378459429069 0.804857181432 0.457136060759 -0.958669678310
-0.716844280162 -0.057581892149 0.694851497585 0.774390027550
0.000000000000 0.000000000000 0.000000000000 1.000000000000
18 25 7
0.339448152685 0.489344202399 -0.803316378034 1.857115429975
-0.298439133579 0.865927896369 0.401376334428 -0.838301630162
0.892025243582 0.103494588597 0.439977084567 1.499006325246
0.000000000000 0.000000000000 0.000000000000 1.000000000000
35 56 7
0.940150530311 0.333141336140 0.071650753734 0.395782142084
-0.312196348026 0.926358310324 -0.210698175535 0.391469972599
-0.136566542882 0.175718897815 0.974921765228 0.018802325114
0.000000000000 0.000000000000 0.000000000000 1.000000000000
17 25 7
0.061682866654 0.486307440211 -0.871607880619 1.588959526346
-0.338098418595 0.831822545884 0.440182588823 -0.926656673340
0.939087154265 0.267537522142 0.215728975664 1.851444769441
0.000000000000 0.000000000000 0.000000000000 1.000000000000
4 18 7
0.713037741160 -0.361366764263 0.600825466644 -0.086527494767
0.332529232766 0.928732330386 0.163952944017 0.001007974853
-0.617253180662 0.082887394591 0.782386215868 0.164156245541
0.000000000000 0.000000000000 0.000000000000 1.000000000000
1 29 7
0.259877469835 0.288411360089 -0.921565292339 1.292271710171
-0.289284916112 0.933776399460 0.210655816728 -1.093909205807
0.921291451161 0.211850237628 0.326100504193 1.703924033418
0.000000000000 0.000000000000 0.000000000000 1.000000000000
3 29 7
0.558241635006 0.214989807148 -0.801339915247 1.805690309595
-0.162363012871 0.975477321238 0.148600968372 -0.290713025609
0.813636607459 0.047152715426 0.579458447545 0.771527497959
0.000000000000 0.000000000000 0.000000000000 1.000000000000
13 29 7
0.385461502987 0.425469542183 -0.818776586371 1.292036763994
-0.288052177852 0.898486713063 0.331281706837 -0.808201102592
0.876610159963 0.108154034249 0.468889467066 0.955125510810
0.000000000000 0.000000000000 0.000000000000 1.000000000000
2 42 7
0.986832592515 -0.108524503157 0.119932758514 -0.063148978624
0.149380764995 0.895844214729 -0.418507502903 -0.251000795006
-0.062022749051 0.430912491291 0.900259742213 0.116383596331
0.000000000000 0.000000000000 0.000000000000 1.000000000000
0 26 7
0.768277559859 0.149391194214 -0.622440247821 2.413517247378
-0.148715848123 0.987435299068 0.053433385365 -0.359723298891
0.622601949510 0.051515058438 0.780841220237 0.756721740138
0.000000000000 0.000000000000 0.000000000000 1.000000000000
15 36 7
0.597551665510 -0.416191024252 0.685359057996 -0.246816633725
0.518752573736 0.852422977428 0.065351624270 -0.670530981765
-0.611414568266 0.316480803342 0.725266934878 0.429197641462
0.000000000000 0.000000000000 0.000000000000 1.000000000000
46 51 7
0.963882309305 -0.074731285555 0.255628888760 0.214586425408
0.003347552149 0.963149053409 0.268947382980 -0.003919864300
-0.266307505910 -0.258377893553 0.928612500680 0.617308544196
0.000000000000 0.000000000000 0.000000000000 1.000000000000
