23 30 7
0.867994800207 -0.102831773913 -0.485809276453 0.249025098711
0.175486956653 0.978717762960 0.106376071142 0.107918962023
0.464531328178 -0.177587068057 0.867567564170 0.656213632165
0.000000000000 0.000000000000 0.000000000000 1.000000000000
8 15 7
0.912687718031 -0.280815143401 0.296890526275 0.114731865652
0.226124511863 0.952179268542 0.205480767209 -0.248754967278
-0.340395115256 -0.120405547192 0.932541510988 0.763723262051
0.000000000000 0.000000000000 0.000000000000 1.000000000000
21 28 7
0.587632021572 -0.473290347923 0.656265840789 0.046679009428
0.573983727222 0.815500477469 0.074173122706 -0.504780827344
-0.570290529562 0.333099411303 0.750875152127 0.576457448714
0.000000000000 0.000000000000 0.000000000000 1.000000000000
11 13 7
0.791808710218 -0.092211613445 0.603768154815 -0.379151936230
0.321421388389 0.903489762275 -0.283539310414 0.228346285217
-0.519352729375 0.418572894261 0.745029848181 -0.418605562646
0.000000000000 0.000000000000 0.000000000000 1.000000000000
24 28 7
0.951470598482 -0.163381568560 0.260787582677 0.033328508587
0.111339582301 0.972781391600 0.203223673746 0.050269894072
-0.286892310174 -0.164325369960 0.943763728457 0.034450344328
0.000000000000 0.000000000000 0.000000000000 1.000000000000
10 16 7
0.902995378023 0.203541064728 -0.378378622861 -0.067847191121
-0.184313976340 0.979028405115 0.086785598479 -0.727728107849
0.388107852786 -0.008626525764 0.921573587761 1.179381737748
0.000000000000 0.000000000000 0.000000000000 1.000000000000
22 29 7
0.962872119894 0.182981164906 -0.198482175574 0.073549796485
-0.157081634326 0.977709014326 0.139321367575 -0.359916394801
0.219550998377 -0.102970756020 0.970151731698 0.968044411862
0.000000000000 0.000000000000 0.000000000000 1.000000000000
32 34 7
-0.653021112612 -0.413941928011 0.634204625273 -1.322857520452
0.475834333430 0.427229196787 0.768802250609 -0.818501986793
-0.589190218530 0.803820436196 -0.082021904032 2.057769122745
0.000000000000 0.000000000000 0.000000000000 1.000000000000
24 27 7
0.852645685877 0.215477204092 0.475988349512 -0.101913914409
0.173344498680 0.742742288455 -0.646750011766 0.027414022183
-0.492896560276 0.633958569197 0.595944220049 -0.167356082649
0.000000000000 0.000000000000 0.000000000000 1.000000000000
34 36 7
0.979951364188 0.132159848947 -0.149094259289 -0.036334549462
-0.181569531199 0.900466784623 -0.395211430921 -0.022197071405
0.082023345255 0.414358955637 0.906409855814 -0.195400528728
0.000000000000 0.000000000000 0.000000000000 1.000000000000
23 29 7
0.980476794080 0.027784882603 -0.194661903229 0.151557745205
0.102315522237 0.773306866970 0.625722001696 0.184938159897
0.167918998864 -0.633422836497 0.755366612993 0.706047757395
0.000000000000 0.000000000000 0.000000000000 1.000000000000
0 12 7
0.994319668682 -0.033959004566 -0.100872109526 -0.896653451608
0.040079992873 0.997436044617 0.059286854112 -0.062951710823
0.098600155389 -0.062993038568 0.993131354076 0.599070632173
0.000000000000 0.000000000000 0.000000000000 1.000000000000
32 35 7
-0.217820911403 -0.875706715100 -0.430919713734 0.059053767207
0.489352615380 0.284021174992 -0.824539865608 0.457037371609
0.844445420602 -0.390473713950 0.366663620146 0.280381477596
0.000000000000 0.000000000000 0.000000000000 1.000000000000
25 27 7
0.927573026788 0.039428298378 -0.371555768712 0.132377083522
-0.298642924450 0.675843392708 -0.673830922568 -0.030147829173
0.224545504635 0.735989889754 0.638669083742 -0.203327919600
0.000000000000 0.000000000000 0.000000000000 1.000000000000
31 33 7
0.461787010283 0.303455069001 -0.833467322834 0.209931638698
-0.715985595061 0.682176452265 -0.148323685367 -0.489239944531
0.523562207192 0.665244548323 0.532289682529 0.134543742880
0.000000000000 0.000000000000 0.000000000000 1.000000000000
33 35 7
0.851231990133 -0.003990668516 -0.524774402519 0.202935079232
-0.052461342327 0.994314954768 -0.092658395658 0.056779781995
0.522160805246 0.106404160113 0.846183341939 0.089290987123
0.000000000000 0.000000000000 0.000000000000 1.000000000000
10 15 7
0.933043349903 0.217354278687 -0.286683143450 -0.194529791134
-0.150112956339 0.959390879782 0.238820518652 -0.387333964833
0.326949854781 -0.179795042553 0.927780973685 0.700961777611
0.000000000000 0.000000000000 0.000000000000 1.000000000000
32 36 7
-0.544335607805 -0.213663803004 0.811200668985 -1.393261863783
0.423722430345 0.764557661771 0.485706582053 -1.009879603524
-0.723987602172 0.608111306517 -0.325641813636 2.093363656307
0.000000000000 0.000000000000 0.000000000000 1.000000000000
17 19 7
0.927088659941 0.219363313260 -0.303951235240 -0.064971910253
-0.306714242880 0.910082503918 -0.278704519657 -0.673578187678
0.215483154383 0.351609972637 0.911009021536 0.851723923775
0.000000000000 0.000000000000 0.000000000000 1.000000000000
