14 23 7
0.884368833472 0.133939391619 -0.447159933084 -0.042672273728
-0.110449370474 0.990789948711 0.078333990675 -0.007016213801
0.453533574220 -0.019887606845 0.891017272644 0.159168623357
0.000000000000 0.000000000000 0.000000000000 1.000000000000
5 37 7
0.955808020240 -0.059278378567 0.287953298783 -0.308525364246
-0.008763212163 0.973281324443 0.229448620836 0.000195417791
-0.293860910224 -0.221832227878 0.929750626844 -0.356370784942
0.000000000000 0.000000000000 0.000000000000 1.000000000000
0 19 7
0.079603033533 -0.169220725044 0.982358235710 -1.792331153478
0.140536964902 0.977547502456 0.157003955170 -0.609275930662
-0.986870162964 0.125559653785 0.101597513714 2.280595201773
0.000000000000 0.000000000000 0.000000000000 1.000000000000
0 43 7
0.995914854003 0.067541672318 0.059931010977 0.411450304383
-0.090184551939 0.777164064419 0.622802347111 -0.518296436223
-0.004511116028 -0.625662959968 0.780080451208 -0.656661832447
0.000000000000 0.000000000000 0.000000000000 1.000000000000
31 47 7
0.716682658547 0.256096350260 -0.648676056535 2.878965685297
-0.517708109722 0.818579092518 -0.248810334230 0.633883073272
0.467273239194 0.514142906861 0.719244597656 -0.621644903225
0.000000000000 0.000000000000 0.000000000000 1.000000000000
34 47 7
0.390545354190 0.400272418150 -0.829009238543 1.515361076245
-0.359572489399 0.895317967612 0.262894202557 -0.501495847899
0.847456164759 0.195416806186 0.493589222606 0.671669648678
0.000000000000 0.000000000000 0.000000000000 1.000000000000
19 36 7
0.959523422684 0.016070915872 -0.281169925462 1.865933192146
-0.007163897788 0.999440265870 0.032677722170 0.354401944926
0.281537705982 -0.029340767215 0.959101475074 0.111413525947
0.000000000000 0.000000000000 0.000000000000 1.000000000000
33 47 7
0.836688915524 0.234679243035 -0.494850797238 2.031767337411
-0.278448554351 0.960328159191 -0.015369750938 -0.105678702025
0.471612193670 0.150650189354 0.868842022021 -0.278623505470
0.000000000000 0.000000000000 0.000000000000 1.000000000000
23 50 7
0.580885163633 -0.056908653827 0.811993738763 -1.831418751454
0.322287028618 0.932110379595 -0.165231084957 -0.598816731090
-0.747464713452 0.357675335145 0.559790011320 1.483437371823
0.000000000000 0.000000000000 0.000000000000 1.000000000000
34 46 7
0.657574658197 0.305873327860 -0.688503504857 2.133147837863
-0.382218007221 0.922976241524 0.044991694097 -0.560034347056
0.649234136389 0.233573039724 0.723836080381 0.677611466534
0.000000000000 0.000000000000 0.000000000000 1.000000000000
31 48 7
0.444855574784 0.321587475914 -0.835873802030 2.492291738058
-0.620515449661 0.783667436000 -0.028738936744 0.653421106517
0.645804997128 0.531457284350 0.548168824903 -0.673948033353
0.000000000000 0.000000000000 0.000000000000 1.000000000000
13 26 7
0.987925440419 -0.056495209794 -0.144262314705 -0.077487563022
0.043320600931 0.994733750688 -0.092887516795 -0.417537597438
0.148750293138 0.085516410774 0.985170185186 1.007596664248
0.000000000000 0.000000000000 0.000000000000 1.000000000000
2 34 7
0.962132625421 -0.051609628460 0.267651372779 -1.594479602375
0.035352928071 0.997245191237 0.065208887670 0.289167350907
-0.270279450896 -0.053277338565 0.961306685516 0.036762904033
0.000000000000 0.000000000000 0.000000000000 1.000000000000
1 10 7
0.937110055112 -0.145272880200 0.317364986861 -0.104903289827
0.043380501569 0.950693260782 0.307083793105 -0.439654433354
-0.346327701304 -0.274003857970 0.897206224414 -0.191469674338
0.000000000000 0.000000000000 0.000000000000 1.000000000000
17 21 7
0.942948693931 0.179686432253 -0.280286543875 -0.262798831771
-0.169409700645 0.983675744260 0.060682645634 0.020225117226
0.286614922746 -0.009737361953 0.957996383000 -0.090508419234
0.000000000000 0.000000000000 0.000000000000 1.000000000000
6 40 7
0.909507166363 0.340638506112 -0.238248027251 0.617258999292
-0.167183973499 0.824493831733 0.540610248182 -0.473685099192
0.380586696220 -0.451857643056 0.806832347561 0.672737293233
0.000000000000 0.000000000000 0.000000000000 1.000000000000
0 2 7
0.996718836099 0.005136737568 -0.080778559610 -0.491950803794
0.011460312828 0.978974386038 0.203661024037 0.064222192172
0.080126294032 -0.203918526400 0.975703342003 -0.411804162147
0.000000000000 0.000000000000 0.000000000000 1.000000000000
8 39 7
0.991687054377 0.064014125748 -0.111619791638 0.138456312143
-0.085363445857 0.976385829685 -0.198453505137 -0.087181322193
0.096280155235 0.206332021980 0.973733653734 0.532392300745
0.000000000000 0.000000000000 0.000000000000 1.000000000000
