22 24 7
0.997852273475 -0.014631301002 0.063849552482 -0.581844993068
0.007082956497 0.993120483140 0.116882580805 0.051980602526
-0.065120442631 -0.116179305383 0.991091164804 0.158948306375
0.000000000000 0.000000000000 0.000000000000 1.000000000000
33 37 7
0.979748361779 0.045757779174 0.194934279275 -0.373747570398
-0.035775501353 0.997876669121 -0.054426709689 0.044795510650
-0.197010814663 0.046350608083 0.979305039319 -0.248369696477
0.000000000000 0.000000000000 0.000000000000 1.000000000000
35 37 7
0.997316860288 0.058167024210 -0.044448593680 -0.020774417820
-0.050027612821 0.984811517430 0.166263384701 -0.005973193556
0.053444533313 -0.163593619776 0.985079087905 -0.013423684395
0.000000000000 0.000000000000 0.000000000000 1.000000000000
14 17 7
0.932039366313 0.100342813198 -0.348186644607 0.225761486556
-0.088446401315 0.994828256549 0.049939704310 -0.081820052607
0.351397003028 -0.015749914657 0.936094058549 0.707231460013
0.000000000000 0.000000000000 0.000000000000 1.000000000000
5 7 7
0.745009508379 0.065871732438 -0.663793452281 0.815905950830
-0.116505117965 0.992666286151 -0.032252160040 -0.056551865317
0.656800875390 0.101363500358 0.747220215788 -0.325260646001
0.000000000000 0.000000000000 0.000000000000 1.000000000000
14 16 7
0.991021506876 0.028879754441 -0.130546285634 0.180689186394
-0.020081026810 0.997468166687 0.068220296155 -0.055833587786
0.132185949600 -0.064986277233 0.989092340734 0.181617781904
0.000000000000 0.000000000000 0.000000000000 1.000000000000
31 36 7
0.550974234697 0.109139794607 0.827354759419 -1.422070572390
0.108544733081 0.973616957158 -0.200718862229 0.008293961818
-0.827433038753 0.200395923030 0.524591307984 0.290698302867
0.000000000000 0.000000000000 0.000000000000 1.000000000000
3 6 7
0.565260829938 0.205351234890 -0.798943717959 1.286423184834
-0.111819046104 0.978654571537 0.172428914447 -0.324151177444
0.817298412494 -0.008130186853 0.576157274532 1.049727313283
0.000000000000 0.000000000000 0.000000000000 1.000000000000
2 5 7
0.799313116230 0.104770900265 -0.591710740717 1.060875782295
-0.024615564296 0.989565587395 0.141964862689 -0.252406446605
0.600410373176 -0.098909083008 0.793551748206 1.815932626556
0.000000000000 0.000000000000 0.000000000000 1.000000000000
6 8 7
0.871749668804 -0.013615745789 -0.489762316237 0.509245338278
-0.051076758535 0.991641642419 -0.118482141090 -0.029351737882
0.487281930382 0.128302238820 0.863767825192 -0.551024083242
0.000000000000 0.000000000000 0.000000000000 1.000000000000
1 28 7
0.984180014914 0.038432055182 -0.172952812576 1.253814451396
-0.007445838456 0.984298991348 0.176352077165 -0.109564295128
0.177014851730 -0.172274411231 0.969013554860 0.389928823540
0.000000000000 0.000000000000 0.000000000000 1.000000000000
32 35 7
0.865803995796 0.046974706771 0.498173481619 -0.855907156057
0.061259836153 0.978143941568 -0.198699929663 0.138427390418
-0.496619243827 0.202553218926 0.844003270233 -0.506120955470
0.000000000000 0.000000000000 0.000000000000 1.000000000000
9 11 7
0.996060934452 -0.027379032241 -0.084338623722 0.243606960261
0.031271726911 0.998489033762 0.045185490509 0.099397917288
0.082974055908 -0.047644916309 0.995412109629 0.237552938336
0.000000000000 0.000000000000 0.000000000000 1.000000000000
3 5 7
0.833210476145 0.140453764976 -0.534820570235 0.840533355930
-0.075526482075 0.987045513015 0.141551777602 -0.232813530227
0.547773724221 -0.077549307804 0.833024640639 1.019378407611
0.000000000000 0.000000000000 0.000000000000 1.000000000000
32 36 7
0.929461243925 0.038300815075 0.366926210028 -0.764810697836
0.050391886792 0.972093488568 -0.229117671141 0.038429473795
-0.365461973106 0.231446099661 0.901593172759 -0.548740182612
0.000000000000 0.000000000000 0.000000000000 1.000000000000
