46 56 7
0.755327073690 -0.027727721995 0.654761166521 -0.853717699553
0.374287242682 0.838378332506 -0.396271159119 0.394818982629
-0.537949878443 0.544383086637 0.643627985148 -0.573677322520
0.000000000000 0.000000000000 0.000000000000 1.000000000000
14 25 7
0.319590476022 -0.374834474291 0.870264927777 -1.825684664572
0.429183363975 0.876082486774 0.219729644006 -0.139564659192
-0.844786107676 0.303279727729 0.440860339593 0.874461142709
0.000000000000 0.000000000000 0.000000000000 1.000000000000
1 16 7
0.514916014810 -0.304409216568 0.801371653205 -0.614142782894
0.430513863870 0.900216345311 0.065332569606 -0.142228282295
-0.741295697214 0.311360820439 0.594588201016 0.112448223517
0.000000000000 0.000000000000 0.000000000000 1.000000000000
0 24 7
0.492995347985 -0.353371104430 0.795037388693 -1.334510106390
0.304457087961 0.926095051229 0.222831410892 -0.293956647199
-0.815022372979 0.132199919227 0.564146889472 1.110746483997
0.000000000000 0.000000000000 0.000000000000 1.000000000000
13 22 7
0.730719391128 0.422118991058 -0.536530268314 1.562095127949
-0.311300482471 0.905484798113 0.288425536318 -0.786870589912
0.607569898072 -0.043736000898 0.793061145929 1.089446269309
0.000000000000 0.000000000000 0.000000000000 1.000000000000
51 54 7
0.729290873537 0.262585071488 -0.631810020503 0.212102880455
-0.106870197618 0.955807264180 0.273881789467 -0.020454844944
0.675805876445 -0.132217827738 0.725124033108 0.324271215691
0.000000000000 0.000000000000 0.000000000000 1.000000000000
1 15 7
0.884776862961 -0.295251159768 0.360550489425 0.043353182630
0.312128558666 0.949964526012 0.011965040106 -0.304910583158
-0.346042866758 0.101951713940 0.932662952192 0.505793189748
0.000000000000 0.000000000000 0.000000000000 1.000000000000
27 32 7
0.995047969583 0.004510586631 -0.099293468252 -0.021973882370
0.012079145162 0.986078199634 0.165842933097 0.356301946535
0.098659173327 -0.166221054065 0.981140626365 -0.557362589692
0.000000000000 0.000000000000 0.000000000000 1.000000000000
3 16 7
0.815738562113 0.289868311389 -0.500546661496 -0.038842261818
-0.354784191136 0.934208391295 -0.037186816932 -0.129516201796
0.456835611574 0.207920762998 0.864910504221 0.026991096618
0.000000000000 0.000000000000 0.000000000000 1.000000000000
27 29 7
0.933651786686 0.141700640166 -0.328960894020 0.349668407140
-0.191458930357 0.973636236240 -0.123999828496 0.037430996973
0.302717391645 0.178755162322 0.936167064545 -0.206069992364
0.000000000000 0.000000000000 0.000000000000 1.000000000000
28 32 7
0.922733505544 0.169934117312 -0.345955594723 0.069683678668
0.047904558049 0.840042346401 0.540401711296 0.198868766825
0.382450037345 -0.515219615336 0.766994600312 -0.310989563623
0.000000000000 0.000000000000 0.000000000000 1.000000000000
9 26 7
0.586707517552 -0.329264977251 0.739837052062 -1.574405223184
0.398607840009 0.912686252258 0.090086596248 0.002820406208
-0.704901467392 0.242050366031 0.666727486738 0.539345056446
0.000000000000 0.000000000000 0.000000000000 1.000000000000
1 23 7
0.205435542151 -0.383524049328 0.900391882242 -1.818243743551
0.560085197157 0.800531800891 0.213198048040 -0.274330164886
-0.802558913692 0.460497708299 0.379263827308 0.757699369698
0.000000000000 0.000000000000 0.000000000000 1.000000000000
19 21 7
0.881663481853 -0.153246996234 0.446301314039 0.265900381740
0.094056838712 0.983890147131 0.152031212158 -0.051927099432
-0.462409792131 -0.092062677150 0.881873940888 0.062847552172
0.000000000000 0.000000000000 0.000000000000 1.000000000000
14 24 7
0.202769466940 -0.347524269602 0.915484257273 -1.634963614592
0.377509682204 0.890380265408 0.254380468619 -0.406116095765
-0.903532502525 0.294023579004 0.311735708366 1.522639677299
0.000000000000 0.000000000000 0.000000000000 1.000000000000
16 23 7
0.939549871895 -0.190625455929 0.284443269870 -1.214190072073
0.175000793318 0.981343730754 0.079619121119 0.325049907439
-0.294314050906 -0.025028337167 0.955380982529 -0.610732518577
0.000000000000 0.000000000000 0.000000000000 1.000000000000
13 18 7
0.879167170743 0.264682620553 -0.396242597742 1.140356269358
-0.211617156668 0.961916872030 0.173014769046 -0.771752559096
0.426946442651 -0.068257173114 0.901697118453 1.239927629706
0.000000000000 0.000000000000 0.000000000000 1.000000000000
5 13 7
0.603419457978 -0.317438323603 0.731517510687 -1.643358072875
0.495704240848 0.867891183422 -0.032283112366 0.369225503005
-0.624629700974 0.382096590468 0.681057950702 -0.081232042093
0.000000000000 0.000000000000 0.000000000000 1.000000000000
