38 47 7
0.798354870228 -0.346422255267 0.492565855738 -1.193035325678
0.324273271638 0.936553610769 0.133094625948 0.208550925895
-0.507421271218 0.053469198710 0.860037614471 -0.110608210190
0.000000000000 0.000000000000 0.000000000000 1.000000000000
29 32 7
0.778793064776 -0.337442556479 0.528785290390 -0.148057329341
0.343812809328 0.934704514131 0.090112282207 -0.121764356961
-0.524665716812 0.111624335786 0.843958466550 0.158923184775
0.000000000000 0.000000000000 0.000000000000 1.000000000000
20 22 7
0.991296517977 -0.079998918968 0.104553270687 -1.056525945120
0.084814746208 0.995492072911 -0.042449871591 0.064159385756
-0.100686008328 0.050948069015 0.993612913559 -0.053500208458
0.000000000000 0.000000000000 0.000000000000 1.000000000000
7 45 7
0.932618231583 -0.295957749852 -0.206475771998 1.055257552590
0.245497808234 0.939706725339 -0.238080021223 0.043024785385
0.264488298932 0.171348418889 0.949044603310 0.430055550592
0.000000000000 0.000000000000 0.000000000000 1.000000000000
30 32 7
0.997424366123 -0.005809732905 0.071490425004 0.232849364623
0.013232478840 0.994510379077 -0.103797916220 0.158806798825
-0.070494931502 0.104476566326 0.992025761622 -0.248706007355
0.000000000000 0.000000000000 0.000000000000 1.000000000000
2 49 7
0.957145814290 -0.225046863838 0.182279453761 -0.312467537214
0.152484246753 0.926710213201 0.343448300681 -0.012488295529
-0.246212194416 -0.300935358217 0.921312903142 0.393927419917
0.000000000000 0.000000000000 0.000000000000 1.000000000000
11 53 7
0.952256791150 0.017220052726 0.304812193806 -0.283666760715
-0.012764107386 0.999780642941 -0.016605528086 0.093942510140
-0.305031279169 0.011922071317 0.952267705503 -0.343893717635
0.000000000000 0.000000000000 0.000000000000 1.000000000000
25 32 7
0.995846261986 0.076494274947 -0.049384697929 -0.244695895267
-0.065267468939 0.977905103520 0.198599511599 0.039810030918
0.063485273785 -0.194551367019 0.978835729632 0.032554455441
0.000000000000 0.000000000000 0.000000000000 1.000000000000
1 49 7
0.845311244491 -0.283137672788 0.453080520641 -0.229300267226
0.207339410042 0.955414593646 0.210222080886 0.016053920230
-0.492401532268 -0.083761640962 0.866328297197 0.408421368550
0.000000000000 0.000000000000 0.000000000000 1.000000000000
1 7 7
0.817030395196 0.066427747501 0.572755347148 -0.342585787120
0.002527348181 0.992919377342 -0.118763304977 0.063329538282
-0.576589061496 0.098480782185 0.811077425221 0.291945444769
0.000000000000 0.000000000000 0.000000000000 1.000000000000
10 53 7
0.986903034511 -0.049744067614 0.153453342129 -0.143210937392
0.063889984702 0.994009660997 -0.088672790069 0.046928760469
-0.148123159323 0.097315577279 0.984169298490 0.047297503618
0.000000000000 0.000000000000 0.000000000000 1.000000000000
2 47 7
0.956412747461 -0.234378672152 0.174187526922 0.048206583930
0.168121934519 0.929665488904 0.327806488457 0.031413576936
-0.238766981864 -0.284233560266 0.928548120234 0.405088862412
0.000000000000 0.000000000000 0.000000000000 1.000000000000
29 31 7
0.998089232714 -0.041632363356 -0.045657747000 -0.000632182432
0.042344796238 0.998994190030 0.014748780246 -0.007176065612
0.044997797404 -0.016653966752 0.998848258556 -0.018972806926
0.000000000000 0.000000000000 0.000000000000 1.000000000000
1 5 7
0.637369096945 -0.023964699299 0.770185904472 -0.199827443730
0.239996018414 0.955974359962 -0.168863655771 0.112769407545
-0.732231210346 0.292470026297 0.615059946926 -0.222380146567
0.000000000000 0.000000000000 0.000000000000 1.000000000000
0 37 7
0.987727212107 0.143031738032 -0.062744532667 1.034508905912
-0.130897083406 0.977217762600 0.167067046464 -0.186975363074
0.085210961852 -0.156803591713 0.983947013617 0.410433288523
0.000000000000 0.000000000000 0.000000000000 1.000000000000
36 49 7
0.571077384077 -0.454541672205 0.683566009706 -1.621100697466
0.395223504616 0.882086107668 0.256363960141 -0.074301733254
-0.719492183971 0.123757694263 0.683384979580 0.385401841437
0.000000000000 0.000000000000 0.000000000000 1.000000000000
