1 37 7
0.139755573034 -0.666229048341 0.732534801189 -1.616179583443
0.262651427999 0.738236915687 0.621305467292 -0.884566727643
-0.954715982466 0.105570409980 0.278158734108 1.946468977813
0.000000000000 0.000000000000 0.000000000000 1.000000000000
34 37 7
0.959074000070 -0.248793341886 0.135199613248 -0.157552318814
0.203301023984 0.937385803092 0.282801254964 -0.435501916635
-0.197093267354 -0.243741111008 0.949602292946 0.757725798578
0.000000000000 0.000000000000 0.000000000000 1.000000000000
13 15 7
0.608704567837 0.355669103892 -0.709209586533 0.974892875350
-0.430447264753 0.898940313011 0.081372390347 -0.388310691267
0.666478732865 0.255745580960 0.700285867670 0.574212151100
0.000000000000 0.000000000000 0.000000000000 1.000000000000
16 18 7
0.999047772107 0.042770607224 0.008615347136 0.008729145003
-0.043591084422 0.970205920792 0.238328111266 -0.035566797545
0.001834777236 -0.238476720915 0.971146480802 0.185625499843
0.000000000000 0.000000000000 0.000000000000 1.000000000000
44 46 7
0.986727404589 0.087251862038 -0.136953063509 0.205259837735
-0.092554661026 0.995166243839 -0.032829587956 0.082392895514
0.133426623116 0.045069498487 0.990033371433 0.010014740539
0.000000000000 0.000000000000 0.000000000000 1.000000000000
36 48 7
0.349679577989 -0.214515097867 0.911979969914 -1.972274430733
0.423577526843 0.904460349695 0.050334427415 0.063241126061
-0.835647217126 0.368693298850 0.407135088014 0.658819313549
0.000000000000 0.000000000000 0.000000000000 1.000000000000
41 46 7
0.921579902376 -0.058557253873 0.383746702338 -0.047390671027
0.165864660170 0.953173668246 -0.252881143365 0.549646313527
-0.350969226633 0.296700195790 0.888138275143 -0.514453449668
0.000000000000 0.000000000000 0.000000000000 1.000000000000
11 17 7
0.363707979477 0.603520139224 -0.709563208754 1.065331563075
-0.290519741140 0.797230420084 0.529170990607 -1.089710161257
0.885050724915 0.013678407938 0.465293579886 2.137423280133
0.000000000000 0.000000000000 0.000000000000 1.000000000000
11 15 7
0.298372292105 0.421108142769 -0.856528988066 1.378937419596
-0.304189649717 0.892565140612 0.332860521495 -0.735513514271
0.904678192679 0.161230896103 0.394413445299 2.307847665708
0.000000000000 0.000000000000 0.000000000000 1.000000000000
2 38 7
-0.084009388424 -0.484633296889 0.870673871322 -2.249514206955
0.300344978914 0.820812784545 0.485859307176 -0.962816096517
-0.950123842611 0.302319268779 0.076601197295 1.783666882778
0.000000000000 0.000000000000 0.000000000000 1.000000000000
4 6 7
0.996166837315 0.008384405080 -0.087070856113 0.235236720373
-0.013803006156 0.997992002997 -0.061817788503 0.028730826245
0.086377712715 0.062782670426 0.994282267286 -0.060242771053
0.000000000000 0.000000000000 0.000000000000 1.000000000000
53 58 7
0.697930445621 0.093940894112 -0.709977606329 0.492616628071
-0.255145705895 0.958926812179 -0.123935618961 0.247182429269
0.669173939898 0.267646179307 0.693232833083 -0.540076182367
0.000000000000 0.000000000000 0.000000000000 1.000000000000
52 55 7
0.975168892256 0.043670096023 -0.217114150367 1.205047828357
-0.046330793297 0.998900368045 -0.007177207863 0.139576344471
0.216561975352 0.017058060664 0.976119835572 -0.182293659332
0.000000000000 0.000000000000 0.000000000000 1.000000000000
24 26 7
0.804880928599 0.248158324060 -0.539058565444 -0.023502313003
-0.227300360431 0.968012005136 0.106241724668 0.028586112546
0.548179931160 0.037016268212 0.835540878091 0.091295675615
0.000000000000 0.000000000000 0.000000000000 1.000000000000
12 21 7
0.138193380041 0.678562155512 -0.721426358556 0.582061416556
-0.524404969224 0.668060975718 0.527914728887 -1.136380886076
0.840179753366 0.305365246598 0.448162970586 1.767313574196
0.000000000000 0.000000000000 0.000000000000 1.000000000000
15 18 7
0.967985709528 -0.173390487750 0.181492162112 0.056047120978
0.116809749560 0.951170967784 0.285708369586 -0.398924636924
-0.222169189038 -0.255361564848 0.940973603583 0.266855189321
0.000000000000 0.000000000000 0.000000000000 1.000000000000
