17 56 7
0.965329405500 0.078100619809 0.249077160860 -1.443657685162
0.002414992597 0.951478679135 -0.307705201389 0.173063066844
-0.261023574964 0.297638398626 0.918301735257 -1.160440150982
0.000000000000 0.000000000000 0.000000000000 1.000000000000
38 46 7
0.933204865264 0.046579950070 0.356313047331 -0.264596844969
0.064923184322 0.953390444066 -0.294672091146 -0.040714442174
-0.353431265714 0.298122406763 0.886684482215 -0.170795490965
0.000000000000 0.000000000000 0.000000000000 1.000000000000
17 19 7
0.992773083106 0.100877424212 0.065002697978 -0.623141152004
-0.098774166660 0.994501045010 -0.034804245073 -0.244254949064
-0.068156213662 0.028132130363 0.997277952118 0.507002306958
0.000000000000 0.000000000000 0.000000000000 1.000000000000
3 40 7
0.035738427178 -0.449598404056 0.892515568432 -1.925030671917
0.265241777138 0.865323142779 0.425279506010 -0.645365718265
-0.963519363834 0.221533594838 0.150177567814 1.793580059491
0.000000000000 0.000000000000 0.000000000000 1.000000000000
54 57 7
0.993194783319 -0.064830128603 -0.096753174696 -0.204766340709
0.003072703445 0.845045092156 -0.534686217062 0.116115441369
0.116424571642 0.530750267686 0.839493580958 -0.557264083950
0.000000000000 0.000000000000 0.000000000000 1.000000000000
20 54 7
0.969078534439 0.193073758653 -0.153653238854 -0.052593545571
-0.147529349268 0.952501135186 0.266414486417 0.420386186988
0.197792530685 -0.235508197709 0.951532450112 -1.721408404664
0.000000000000 0.000000000000 0.000000000000 1.000000000000
10 36 7
0.228895049869 0.074577213650 -0.970590178886 2.124250998450
-0.972495875369 -0.026641111250 -0.231391494186 0.073140350268
-0.043114133833 0.996859313241 0.066428014183 1.492164763056
0.000000000000 0.000000000000 0.000000000000 1.000000000000
22 58 7
0.979540132535 -0.054830615821 0.193635565747 -0.777613320760
0.116396792011 0.939266315238 -0.322847604713 0.652343380326
-0.164173431355 0.338780744181 0.926431158700 -2.507339493978
0.000000000000 0.000000000000 0.000000000000 1.000000000000
13 15 7
0.897492553110 0.174319968351 -0.405116854433 -0.006257538842
-0.076635239604 0.966237856244 0.245990742125 -0.045710087181
0.434320339338 -0.189728631984 0.880550333055 0.552458755100
0.000000000000 0.000000000000 0.000000000000 1.000000000000
18 56 7
0.953262269961 -0.000559073721 0.302143562079 -1.223176539808
0.085578863185 0.959547432955 -0.268225617877 0.204223254267
-0.289771121483 0.281546463921 0.914748208967 -1.403926990663
0.000000000000 0.000000000000 0.000000000000 1.000000000000
19 56 7
0.978139942093 0.054713871139 0.200620651944 -0.768422254560
0.006981913802 0.955579905126 -0.294649449004 0.401186919528
-0.207830475535 0.289609111085 0.934308865534 -1.691911962109
0.000000000000 0.000000000000 0.000000000000 1.000000000000
3 41 7
-0.169579735006 -0.510538337634 0.842966974016 -1.660154979722
0.212706567168 0.816234393148 0.537138093720 -0.796540657193
-0.962288225928 0.270392346873 -0.029821954888 1.808275389480
0.000000000000 0.000000000000 0.000000000000 1.000000000000
8 35 7
0.995744032019 -0.081995422864 -0.042078181147 -1.116042706879
0.087130937055 0.986327979748 0.139876074345 -0.313894822263
0.030033689538 -0.142947077605 0.989274537475 -0.143322741581
0.000000000000 0.000000000000 0.000000000000 1.000000000000
7 46 7
0.033465317713 -0.254285046367 0.966550147537 -1.998984530323
0.222425774416 0.944733218514 0.240844183470 -0.678185955176
-0.974375106099 0.206925737959 0.088175345672 1.700166060943
0.000000000000 0.000000000000 0.000000000000 1.000000000000
22 57 7
0.870716370591 -0.059547098492 -0.488167128192 0.516497392666
-0.240963305120 0.813663849056 -0.529044257436 1.335007781434
0.428706995011 0.578277860376 0.694121767868 -2.003958137280
0.000000000000 0.000000000000 0.000000000000 1.000000000000
19 55 7
0.937485163291 -0.033029071096 0.346454396815 -0.958488388147
0.037691204560 0.999266801355 -0.006725534028 0.344227686024
-0.345978238779 0.019363371908 0.938042705915 -1.567082632489
0.000000000000 0.000000000000 0.000000000000 1.000000000000
