17 19 7
0.853903602850 -0.415037404874 -0.313994569374 0.278726574120
-0.512912491363 -0.773324930157 -0.372678586187 0.417333337802
-0.088144275168 0.479283324302 -0.873222813376 4.028577363540
0.000000000000 0.000000000000 0.000000000000 1.000000000000
23 28 7
-0.297242486338 -0.947397558453 0.118679276002 -0.349520198181
-0.954797959504 0.295298785588 -0.034051193186 -0.002219493874
-0.002785828792 -0.123436191888 -0.992348600891 3.179597160193
0.000000000000 0.000000000000 0.000000000000 1.000000000000
0 12 7
0.995900709169 -0.090046414359 0.008568590146 -0.429037297800
0.087688896776 0.984363968022 0.152768569547 -0.197064553250
-0.022190873311 -0.151390956534 0.988224844568 0.247813409148
0.000000000000 0.000000000000 0.000000000000 1.000000000000
32 34 7
0.778625604709 0.496773310906 -0.383351594834 0.299047479002
-0.342936044003 0.848510210181 0.403020214061 -0.259654700350
0.525487428407 -0.182336778489 0.831033249513 0.088037319909
0.000000000000 0.000000000000 0.000000000000 1.000000000000
24 28 7
0.851942315270 -0.480781925832 0.207468145137 0.202286151981
0.394964729602 0.850142089988 0.348225916901 -0.059494477673
-0.343798129465 -0.214725794036 0.914163923786 0.004151674053
0.000000000000 0.000000000000 0.000000000000 1.000000000000
