33 37 7
0.977297042176 0.074634593164 0.198293138706 -0.305890389101
-0.066871788511 0.996720391250 -0.045570007324 0.092490367647
-0.201043913750 0.031275216535 0.979082838974 -0.270094791622
0.000000000000 0.000000000000 0.000000000000 1.000000000000
14 16 7
0.994232569722 0.011863900368 -0.106587265522 0.313625501227
-0.007702928187 0.999195191317 0.039365397840 -0.033238526905
0.106968510323 -0.038317326601 0.993523789489 0.119884591199
0.000000000000 0.000000000000 0.000000000000 1.000000000000
32 36 7
0.712025814781 0.678728633701 0.179851830347 -0.800629773695
-0.630851920698 0.730844655257 -0.260560825978 -0.158431713439
-0.308293842360 0.072066161802 0.948557523340 -0.756568800378
0.000000000000 0.000000000000 0.000000000000 1.000000000000
34 36 7
0.869861669723 0.483523192181 -0.097703624137 0.137316578299
-0.492447457594 0.862773260978 -0.114532971895 -0.348467775132
0.028916726226 0.147741743475 0.988603156064 -0.064044589418
0.000000000000 0.000000000000 0.000000000000 1.000000000000
35 37 7
0.998982447179 -0.023017935719 -0.038784595698 0.071428062548
0.027643178539 0.991986165408 0.123285450560 -0.308259362949
0.035636005787 -0.124232130606 0.991613055993 -0.011466272996
0.000000000000 0.000000000000 0.000000000000 1.000000000000
0 8 7
0.999725375520 0.003606305480 -0.023155303954 0.063125779152
-0.002562621081 0.998986143519 0.044945723159 -0.187017402141
0.023293915807 -0.044874041693 0.998721039064 0.071332659594
0.000000000000 0.000000000000 0.000000000000 1.000000000000
34 37 7
0.997996374351 -0.046896614721 -0.042472865559 -0.081389195887
0.046935262716 0.998897929463 -0.000087333960 0.181120793116
0.042430153132 -0.001906316127 0.999097616885 -0.053134988506
0.000000000000 0.000000000000 0.000000000000 1.000000000000
