52 59 7
-0.587009108961 -0.796418957660 0.145386209373 -1.265202563847
0.800117758090 -0.543339888910 0.254152195167 0.157505238505
-0.123417499513 0.265515741526 0.956174414956 0.306022067218
0.000000000000 0.000000000000 0.000000000000 1.000000000000
20 22 7
0.969010893562 -0.018221318316 0.246345025762 -0.012875919379
-0.017047864185 0.989964666509 0.140283033157 -0.039099501771
-0.246429013075 -0.140135443853 0.958975911528 0.057579345374
0.000000000000 0.000000000000 0.000000000000 1.000000000000
18 23 7
0.734902891790 -0.243522401564 0.632941213366 -0.725810777374
-0.293054932269 0.727631980942 0.620218112428 -0.559368196301
-0.611585273133 -0.641286628776 0.463373406057 0.852935394380
0.000000000000 0.000000000000 0.000000000000 1.000000000000
22 54 7
0.703920009093 -0.321292524220 -0.633456971450 0.568059494984
0.621496690881 0.710370901180 0.330325666548 -0.068556482776
0.343858232449 -0.626214257771 0.699726531826 -0.136791463459
0.000000000000 0.000000000000 0.000000000000 1.000000000000
10 35 7
-0.058943319232 -0.725117799124 0.686097560492 -1.592474537376
0.866964892100 -0.377897714157 -0.324907976973 -0.413032587307
0.494871256979 0.575671342894 0.650926220079 0.259703729941
0.000000000000 0.000000000000 0.000000000000 1.000000000000
23 56 7
-0.202300825738 0.979316004808 -0.003812955922 -0.228147138608
0.974921970886 0.201021360956 -0.095485931544 0.659727668401
-0.092744415407 -0.023034217300 -0.995423476840 2.207375847379
0.000000000000 0.000000000000 0.000000000000 1.000000000000
