16 19 7
0.028521486637 -0.980071554827 -0.196586551469 0.150679122281
0.939711519233 -0.040757431020 0.339530694398 -0.376537261184
-0.340776738381 -0.194418567105 0.919822067220 0.894264072359
0.000000000000 0.000000000000 0.000000000000 1.000000000000
13 18 7
0.969594553549 0.036970114019 -0.241908272691 0.293801675255
-0.023497637456 0.998019998800 0.058343320355 -0.308853359686
0.243586253227 -0.050885092763 0.968543465505 0.400051511966
0.000000000000 0.000000000000 0.000000000000 1.000000000000
34 36 7
0.996834341812 -0.074774659346 -0.027019350570 0.332878118067
0.077230733505 0.991399352952 0.105653853543 -0.042490867862
0.018886735765 -0.107406113821 0.994035823261 0.271582380927
0.000000000000 0.000000000000 0.000000000000 1.000000000000
12 14 7
0.999235671703 -0.001320191842 -0.039068267047 0.141560561835
0.004261889373 0.997151120014 0.075309230202 -0.163916795225
0.038857543611 -0.075418173859 0.996394595708 0.026721624772
0.000000000000 0.000000000000 0.000000000000 1.000000000000
12 15 7
0.995770360151 -0.029460742583 -0.087025596758 0.199747152827
0.034654176812 0.997669173446 0.058781871231 -0.132425864676
0.085090997609 -0.061549045504 0.994470329936 -0.005517493423
0.000000000000 0.000000000000 0.000000000000 1.000000000000
17 22 7
0.961455197518 0.265741271493 -0.070607930089 0.093875735983
-0.256544644727 0.959375629287 0.117402074910 0.134147188280
0.098938104024 -0.094762748782 0.990571185234 0.353768683877
0.000000000000 0.000000000000 0.000000000000 1.000000000000
