0 55 60
0.999424408398 0.017959208617 -0.028780526829 0.107007772570
-0.019529731245 0.998281497938 -0.055250705631 0.109060983134
0.027738808486 0.055780979743 0.998057634009 -0.048096753347
0.000000000000 0.000000000000 0.000000000000 1.000000000000
1 43 60
-0.921121762493 -0.376953456403 -0.097163729688 0.587627616378
0.352687833528 -0.913777619770 0.201548390436 -0.998704876321
-0.164760404050 0.151382143304 0.974647349530 0.581747440095
0.000000000000 0.000000000000 0.000000000000 1.000000000000
1 45 60
0.910056917341 0.411029278057 0.053397937964 0.159902758386
-0.403721566001 0.849874724051 0.338706141906 -1.195320427122
0.093836583189 -0.329799766523 0.939375755306 1.081641001713
0.000000000000 0.000000000000 0.000000000000 1.000000000000
1 50 60
0.068968860810 -0.637933682404 0.766996683886 -1.490345587944
0.996946165538 0.072300969212 -0.029511232931 -0.153689612861
-0.036628394132 0.766689759098 0.640972054023 0.930738529758
0.000000000000 0.000000000000 0.000000000000 1.000000000000
1 51 60
0.100110339303 -0.615210316822 0.781980937133 -1.649323743841
-0.949304832318 0.176323254328 0.260250735484 -0.414202287186
-0.297990361089 -0.768392071834 -0.566370345834 2.272886836971
0.000000000000 0.000000000000 0.000000000000 1.000000000000
2 13 60
0.966535583562 -0.237432410359 0.097132982141 0.355600229943
0.247388306390 0.962877439040 -0.108009551657 -0.168149310655
-0.067882188899 0.128424638986 0.989393309322 0.248998456679
0.000000000000 0.000000000000 0.000000000000 1.000000000000
2 43 60
0.997107763128 0.068177054921 0.033585679876 -0.047508522042
-0.069462124852 0.996833302708 0.038708911411 -0.074620861658
-0.030840264615 -0.040929888759 0.998685947776 0.092088001939
0.000000000000 0.000000000000 0.000000000000 1.000000000000
2 51 60
0.555117335571 -0.822650625413 -0.122844178762 -0.094275489359
0.802394093036 0.568543145901 -0.181445338077 0.616360666890
0.219108336696 0.002154009223 0.975698158774 0.788603095951
0.000000000000 0.000000000000 0.000000000000 1.000000000000
2 52 60
0.811342265086 -0.452075248391 -0.370609900943 -0.075163634988
0.106477581756 0.737667274463 -0.666715469124 0.978553765459
0.574792356829 0.501472792859 0.646636516563 1.216829945809
0.000000000000 0.000000000000 0.000000000000 1.000000000000
3 12 60
0.992404156740 -0.000827959973 0.123017495373 1.037494138713
-0.013270828674 0.993421420984 0.113744298479 0.056631456974
-0.122302390785 -0.114512858721 0.985864559864 -0.292270506799
0.000000000000 0.000000000000 0.000000000000 1.000000000000
3 44 60
0.613792977445 0.632178321667 0.472872869229 -0.603880729675
-0.636135218573 0.041318634978 0.770470475810 -1.525535385478
0.467536270817 -0.773720453405 0.427511982818 1.157275924147
0.000000000000 0.000000000000 0.000000000000 1.000000000000
3 51 60
0.258050660763 -0.814483135750 -0.519641297491 0.271155174600
0.891841472606 -0.006013252908 0.452308112386 -0.586998452424
-0.371522064246 -0.580156067251 0.724838115314 1.044541101149
0.000000000000 0.000000000000 0.000000000000 1.000000000000
4 9 60
0.998568363619 0.052636961774 0.009517007639 0.059139480874
-0.053041977948 0.997388219452 0.049023344179 -0.115316294594
-0.006911711410 -0.049457961485 0.998752290756 -0.000685411719
0.000000000000 0.000000000000 0.000000000000 1.000000000000
4 11 60
0.979477430967 -0.145090590140 -0.139902404837 0.640419107336
0.147960929532 0.988939752793 0.010282445089 0.244145524742
0.136863163628 -0.030771512763 0.990111907030 -0.038217165359
0.000000000000 0.000000000000 0.000000000000 1.000000000000
4 24 60
0.999017800212 -0.013039943593 0.042348491472 -0.095853728695
0.011796586145 0.999495802647 0.029478484449 -0.078733842414
-0.042711537249 -0.028949963060 0.998667924900 0.010555541215
0.000000000000 0.000000000000 0.000000000000 1.000000000000
4 47 60
-0.642599708014 -0.740139863280 -0.198137825876 0.309849968764
-0.330008547577 0.500739803736 -0.800221224088 1.031682745141
0.691491123432 -0.448834748808 -0.566027732957 2.899752924645
0.000000000000 0.000000000000 0.000000000000 1.000000000000
4 48 60
-0.288753992861 0.678236135307 -0.675734323807 0.819731352114
0.843156676354 0.514505076676 0.156113244775 -0.567822480512
0.453550383889 -0.524671583792 -0.720424720866 3.163473979193
0.000000000000 0.000000000000 0.000000000000 1.000000000000
4 51 60
0.642800365199 -0.750488724213 0.153539458542 -0.924907452253
0.763784543788 0.612558832126 -0.203481812097 0.371065281422
0.058658854153 0.248069248423 0.966964728837 1.404823155637
0.000000000000 0.000000000000 0.000000000000 1.000000000000
5 7 60
-0.952105552151 -0.062040709347 0.299409365165 -0.258769646463
-0.227132899681 -0.512060742637 -0.828374578155 1.290517522310
0.204708728312 -0.856705752423 0.473444389890 0.721812496166
0.000000000000 0.000000000000 0.000000000000 1.000000000000
5 9 60
0.994249329852 0.097716869652 -0.043814192616 0.169597993598
-0.095833034582 0.994458849998 0.043216028786 -0.136001428534
0.047794346654 -0.038768660623 0.998104549324 0.076453804884
0.000000000000 0.000000000000 0.000000000000 1.000000000000
5 10 60
0.994506365785 0.021717370885 -0.102398458073 0.265340643426
-0.024340273901 0.999405063807 -0.024435005678 0.039340009468
0.101806873444 0.026793175211 0.994443304710 0.017898912957
0.000000000000 0.000000000000 0.000000000000 1.000000000000
5 15 60
-0.912971186168 -0.065534872077 -0.402726698603 1.247601077761
0.293254292251 -0.791665198232 -0.535974004953 0.638012064739
-0.283699723832 -0.607430156028 0.741985897606 0.951298550711
0.000000000000 0.000000000000 0.000000000000 1.000000000000
5 19 60
0.990982031346 -0.027152292225 0.131214963233 -0.296259294567
0.033038067750 0.998533440640 -0.042888856389 0.116368655980
-0.129857997939 0.046837174872 0.990425756643 0.026360991808
0.000000000000 0.000000000000 0.000000000000 1.000000000000
5 49 60
0.756552426859 0.151175243777 0.636218886141 -0.668167992395
0.444505379307 -0.832469469998 -0.330771143372 0.064435826396
0.479628390716 0.533048428559 -0.697005006890 3.394432923478
0.000000000000 0.000000000000 0.000000000000 1.000000000000
5 51 60
-0.774673925130 0.565981705577 -0.282037264694 1.393659962137
-0.456403169698 -0.809133870077 -0.370133120626 0.029468745943
-0.437694478389 -0.158009775796 0.885130755504 1.892474459489
0.000000000000 0.000000000000 0.000000000000 1.000000000000
6 8 60
-0.820534412454 -0.549926841810 -0.155896589557 0.354666778093
0.422532142082 -0.399872800393 -0.813368509603 1.171302660785
0.384954369877 -0.733268172064 0.560471159785 0.496150793927
0.000000000000 0.000000000000 0.000000000000 1.000000000000
6 21 60
-0.964956333909 -0.218988186383 0.144580247174 -0.308513041561
0.049602052563 -0.693254884275 -0.718983519846 1.474986069437
0.257679859574 -0.686616224432 0.679822955127 0.107768580437
0.000000000000 0.000000000000 0.000000000000 1.000000000000
6 49 60
0.813720652703 -0.032917064457 0.580323329044 -1.088172712950
0.051501467552 0.998551462955 -0.015574808853 -0.429649314410
-0.578970032217 0.042561046726 0.814237225319 1.643541533477
0.000000000000 0.000000000000 0.000000000000 1.000000000000
6 51 60
0.718831677318 0.682949778139 0.129848450987 -0.172640199365
-0.643413190995 0.582860954436 0.496278725564 -1.156898505656
0.263249853444 -0.440287074910 0.858397813563 1.532341666855
0.000000000000 0.000000000000 0.000000000000 1.000000000000
7 19 60
0.998586595204 0.009146398759 0.052356043285 -0.102071706239
-0.012206631621 0.998216735099 0.058432421753 -0.184071324152
-0.051728232361 -0.058988924021 0.996917497499 -0.094402896550
0.000000000000 0.000000000000 0.000000000000 1.000000000000
7 48 60
0.738365450799 0.667566167581 -0.095769895939 0.629246972121
0.316207162139 -0.217259460303 0.923477859789 -2.035484089101
0.595675659800 -0.712147273259 -0.371506082738 3.015293384082
0.000000000000 0.000000000000 0.000000000000 1.000000000000
7 51 60
-0.957719020372 -0.150990639525 -0.244900193534 1.083731346454
-0.109730335123 -0.595177357791 0.796067312686 -1.561268795687
-0.265957762758 0.789281787164 0.553444422576 2.107773501387
0.000000000000 0.000000000000 0.000000000000 1.000000000000
8 14 60
-0.959378456363 -0.275139714279 -0.062378803230 0.408088597986
0.194109956176 -0.483297247382 -0.853665681392 0.381917595649
0.204729827773 -0.831096810426 0.517072325039 1.170696634875
0.000000000000 0.000000000000 0.000000000000 1.000000000000
8 32 60
-0.858286876054 0.248839626419 -0.448801157213 0.820129792509
-0.344866878924 0.367942855738 0.863530480488 -2.246148969281
0.380013781610 0.895933532821 -0.229983978902 2.751946979457
0.000000000000 0.000000000000 0.000000000000 1.000000000000
8 46 60
-0.574346689065 0.689933800018 -0.440587371985 1.028579009052
0.469728179143 0.718551059901 0.512874070346 -2.049145933992
0.670433679403 0.087611220215 -0.736778769790 3.221587349523
0.000000000000 0.000000000000 0.000000000000 1.000000000000
8 47 60
-0.836065989431 -0.496735110753 0.232911766687 -0.136480609342
0.487367989274 -0.867399661009 -0.100450341528 -1.087463149839
0.251924798993 0.029530625230 0.967296147943 1.060988031136
0.000000000000 0.000000000000 0.000000000000 1.000000000000
8 48 60
-0.848057967770 0.234857014020 -0.475015648445 1.047790119763
0.491962915989 0.015862510543 -0.870471636557 0.162261416534
-0.196901428620 -0.971900490650 -0.128993269912 2.544029038562
0.000000000000 0.000000000000 0.000000000000 1.000000000000
9 24 60
0.997907392086 -0.060965854687 0.021540691318 -0.050362639574
0.059712672852 0.996716565603 0.054685323016 -0.124975149805
-0.024803901328 -0.053284635822 0.998271262766 -0.003800488907
0.000000000000 0.000000000000 0.000000000000 1.000000000000
9 30 60
0.748685287173 0.324501571081 -0.578073586264 0.737754685912
0.627163486932 -0.629247491157 0.459035462171 -1.597006433675
-0.214793625205 -0.706219742883 -0.674623875455 3.502181141706
0.000000000000 0.000000000000 0.000000000000 1.000000000000
9 45 60
0.828394643171 0.225887111162 -0.512579094557 1.322843966837
0.541544145467 -0.089110252733 0.835936182593 -1.335776533352
0.143151156740 -0.970069263438 -0.196146298602 3.098810045905
0.000000000000 0.000000000000 0.000000000000 1.000000000000
9 48 60
0.870034152275 0.247113586275 0.426585805383 -0.248823667131
0.254534018887 0.515882977606 -0.817971384980 0.585983099871
-0.422200197898 0.820243639960 0.385936994859 2.070165577439
0.000000000000 0.000000000000 0.000000000000 1.000000000000
9 49 60
0.833532728514 0.293858332536 0.467835944423 -1.246247646121
0.336768913929 -0.941547999695 -0.008605979427 -0.885668174506
0.437961058892 0.164725968413 -0.883773424710 3.755788988842
0.000000000000 0.000000000000 0.000000000000 1.000000000000
9 52 60
-0.628020842476 -0.356364805579 -0.691804847309 0.968152680641
0.591156398836 -0.796606579764 -0.126301501142 -0.379831886454
-0.506086883380 -0.488284837387 0.710952870484 2.114971213787
0.000000000000 0.000000000000 0.000000000000 1.000000000000
10 28 60
0.997147392883 -0.053107301781 0.053634796202 -0.156165078483
0.050044084600 0.997123383687 0.056925805226 -0.134173432061
-0.056503685389 -0.054079313991 0.996936688730 -0.079463557520
0.000000000000 0.000000000000 0.000000000000 1.000000000000
10 45 60
-0.963648418290 0.224568388485 -0.144743790264 0.672682468658
0.267168148498 0.806505521320 -0.527418263342 0.510046010024
-0.001704803432 -0.546916705699 -0.837185290526 3.816221204389
0.000000000000 0.000000000000 0.000000000000 1.000000000000
10 46 60
0.996445304230 0.083740795349 -0.009177955692 0.050245537536
0.083328611309 -0.963769691804 0.253385721177 -1.022064776173
0.012373286292 -0.253249798329 -0.967321787944 4.018352770666
0.000000000000 0.000000000000 0.000000000000 1.000000000000
10 50 60
-0.622078298327 0.297584183176 -0.724197655805 1.712819247315
0.731147937513 0.551662414958 -0.401361773707 -0.152945705985
0.280073712121 -0.779174071595 -0.560755278114 2.965156391369
0.000000000000 0.000000000000 0.000000000000 1.000000000000
11 30 60
0.475019602074 0.876506805736 0.078052528106 -0.539727576543
-0.802596231326 0.395171901987 0.446853955271 -1.060278913861
0.360826366978 -0.274909052921 0.891195458648 1.003828834015
0.000000000000 0.000000000000 0.000000000000 1.000000000000
11 46 60
0.427536149634 0.890588013155 0.155131658858 -0.941899097452
-0.901518497681 0.432740496776 0.000246552423 0.082464974708
-0.066912174487 -0.139959470111 0.987893773455 1.102064596309
0.000000000000 0.000000000000 0.000000000000 1.000000000000
12 14 60
0.979088818079 0.035632753255 0.200288275265 -0.658451263355
-0.055387016488 0.994039116973 0.093906934418 -0.253700438852
-0.195748217662 -0.103036599434 0.975226176053 0.315950466690
0.000000000000 0.000000000000 0.000000000000 1.000000000000
12 48 60
0.429307914178 -0.866071582067 0.256153722517 -1.112698173629
0.668223958821 0.495394834357 0.555032160285 -1.344780608300
-0.607594812092 -0.067111644507 0.791406704223 1.373488814955
0.000000000000 0.000000000000 0.000000000000 1.000000000000
12 50 60
0.429684488086 -0.865480590212 0.257516191073 -0.781813807402
0.641401404138 0.493274127671 0.587609456817 -0.966229051417
-0.635590654013 -0.087315422105 0.767072706850 1.437701170021
0.000000000000 0.000000000000 0.000000000000 1.000000000000
12 51 60
-0.890504366958 -0.443476037761 -0.101641410656 -0.216925084109
0.387487035335 -0.856326071089 0.341408051195 -0.887438207894
-0.238444479652 0.264640631621 0.934403320959 1.489057963236
0.000000000000 0.000000000000 0.000000000000 1.000000000000
13 37 60
0.997108222320 0.075732092497 -0.006312142848 -0.004372159744
-0.074548733992 0.990881953038 0.112229414165 -0.274929587021
0.014753956807 -0.111434309392 0.993662274341 -0.005604965145
0.000000000000 0.000000000000 0.000000000000 1.000000000000
13 47 60
-0.844844528874 -0.140435689711 -0.516251430107 1.297574026236
0.246368107090 -0.958658286150 -0.142397493672 -0.097708041113
-0.474911020972 -0.247491631073 0.844516083156 1.131718086087
0.000000000000 0.000000000000 0.000000000000 1.000000000000
13 48 60
0.760331337278 0.649393105031 -0.013596054274 0.230098252754
0.564233451695 -0.649964667813 0.509103665851 -1.278261984064
0.321771455451 -0.394758819701 -0.860597818220 3.305028462886
0.000000000000 0.000000000000 0.000000000000 1.000000000000
13 51 60
0.882153268564 0.220448899442 -0.416182524257 0.429098856110
-0.258583876521 0.965287733379 -0.036796339370 -0.121652019912
0.393624172994 0.140078101509 0.908536260098 1.148420366236
0.000000000000 0.000000000000 0.000000000000 1.000000000000
13 52 60
-0.882944281569 0.385642144570 0.267749009291 0.414941702569
0.187774332922 -0.232624762767 0.954267530435 -1.487495110088
0.430290826697 0.892841450695 0.132981007593 1.971473433880
0.000000000000 0.000000000000 0.000000000000 1.000000000000
14 25 60
0.844649280590 0.169972129841 -0.507619018434 2.172979977593
0.219205661459 0.755288001266 0.617647887659 -1.565452387560
0.488381480794 -0.632968806674 0.600694613756 0.123379854521
0.000000000000 0.000000000000 0.000000000000 1.000000000000
14 30 60
0.723239573997 0.187299050091 -0.664713159520 1.734394774507
-0.144970321430 -0.899896665260 -0.411302319174 0.655768846918
-0.675209689288 0.393833794498 -0.623688077329 2.521066515648
0.000000000000 0.000000000000 0.000000000000 1.000000000000
14 33 60
0.383754183051 0.532979805121 -0.754098968521 2.378370901426
0.861310639822 0.087875590612 0.500421684486 -1.527759208897
0.332981544114 -0.841552379777 -0.425338551475 2.265708441957
0.000000000000 0.000000000000 0.000000000000 1.000000000000
14 45 60
0.997902197668 -0.012668366849 0.063487923025 -0.052804541137
0.024161931908 0.982686901952 -0.183691735736 0.309499811281
-0.060061676093 0.184840377658 0.980931511295 0.164709152098
0.000000000000 0.000000000000 0.000000000000 1.000000000000
14 46 60
0.614861393719 0.752886476817 0.234749695507 0.001199236547
-0.695557034617 0.657999104409 -0.288509254952 0.568481541402
-0.371679805894 0.014111400517 0.928253731620 0.537514549445
0.000000000000 0.000000000000 0.000000000000 1.000000000000
14 48 60
-0.673322864036 0.736579919235 0.063924512883 0.656806652662
-0.567420151389 -0.459383350584 -0.683374940281 0.929463492201
-0.473994401407 -0.496404028778 0.727263602587 0.882543100118
0.000000000000 0.000000000000 0.000000000000 1.000000000000
14 51 60
-0.888992898468 0.456715822673 0.033200659528 -0.127388048165
-0.413937248069 -0.832494579779 0.368250905361 -0.294667286691
0.195825384294 0.313629450082 0.929133460224 1.291415716307
0.000000000000 0.000000000000 0.000000000000 1.000000000000
14 52 60
0.769521174628 -0.585216345157 0.255654045854 -0.563071695316
-0.638399585556 -0.694377110108 0.332093959778 -0.445058449195
-0.016826495843 -0.418762770934 -0.907939761612 2.819264404783
0.000000000000 0.000000000000 0.000000000000 1.000000000000
15 46 60
-0.915259432147 0.333794359700 0.225569273834 0.437087038450
0.318746783686 0.942417178246 -0.101244012357 -0.391785963307
-0.246375038823 -0.020765056726 -0.968952089973 3.335857490872
0.000000000000 0.000000000000 0.000000000000 1.000000000000
15 47 60
0.669433960457 0.605258628791 0.430720518272 -0.399308258049
0.431425846563 -0.788764741416 0.437860618938 -0.925632854921
0.604756076037 -0.107294804036 -0.789150121031 2.863435137848
0.000000000000 0.000000000000 0.000000000000 1.000000000000
15 48 60
0.883654917878 -0.073246362321 0.462373178847 -1.249378478695
-0.138061346674 -0.984529760232 0.107889831645 -0.633645162800
0.447317617208 -0.159173244060 -0.880097055847 2.830317492737
0.000000000000 0.000000000000 0.000000000000 1.000000000000
15 50 60
0.046982290506 -0.236046527363 0.970605327257 -1.649626708069
-0.984804221935 -0.173582503871 0.005455163544 -0.143565174820
0.167192430565 -0.956112520193 -0.240614920344 2.110340295774
0.000000000000 0.000000000000 0.000000000000 1.000000000000
15 51 60
0.501972387773 -0.785970528808 0.360934966108 -1.095474696487
0.789764166649 0.246435945839 -0.561731150709 0.369518854539
0.352556779811 0.567027029731 0.744435399860 1.083673298987
0.000000000000 0.000000000000 0.000000000000 1.000000000000
15 53 60
0.843030973631 0.069611606131 0.533341355785 -0.941057710331
0.164710553665 0.910539308266 -0.379194675088 0.034483646434
-0.512024619535 0.407519806138 0.756147073389 0.895808808229
0.000000000000 0.000000000000 0.000000000000 1.000000000000
16 18 60
0.993349644460 0.115110060700 -0.002481486797 0.370557176445
-0.112953407919 0.970108521239 -0.214781248386 0.107810789523
-0.022316171051 0.213633169110 0.976659028303 -0.205026506652
0.000000000000 0.000000000000 0.000000000000 1.000000000000
16 46 60
0.849062165029 0.182077932611 -0.495924456316 0.891549347866
-0.337216999760 0.909402917640 -0.243456420042 0.048525651530
0.406667105861 0.373943792358 0.833539384293 1.237244390131
0.000000000000 0.000000000000 0.000000000000 1.000000000000
16 50 60
0.951195799809 -0.279925973561 -0.129876863805 1.187982099079
0.147874591843 0.782879072740 -0.604345482778 -0.268706244382
0.270849876340 0.555645396627 0.786065224835 2.024996333104
0.000000000000 0.000000000000 0.000000000000 1.000000000000
16 51 60
0.354956425843 0.735140165208 0.577559411014 -0.486362676356
0.483346284921 -0.673120379819 0.559718967988 -1.083139796743
0.800238904706 0.080485351281 -0.594255671931 2.898792124504
0.000000000000 0.000000000000 0.000000000000 1.000000000000
17 59 60
0.781020940500 -0.555621205858 0.285116407983 -1.030590475443
0.468394977442 0.823137775980 0.321014558644 -0.565265720979
-0.413052582135 -0.117171999020 0.903138022141 0.237399596337
0.000000000000 0.000000000000 0.000000000000 1.000000000000
18 36 60
0.955747720807 0.042201557627 0.291144848323 -0.870761477217
-0.058422923324 0.997173313272 0.047245585298 -0.206339641130
-0.288328035754 -0.062164393616 0.955511659774 0.571813448223
0.000000000000 0.000000000000 0.000000000000 1.000000000000
19 39 60
0.922131317609 -0.386575382217 0.015274388652 -0.282279945815
0.345167442795 0.839906181621 0.418828177787 -0.779648004759
-0.174737716359 -0.380942357762 0.907937030054 -0.207076297042
0.000000000000 0.000000000000 0.000000000000 1.000000000000
19 51 60
0.778688682646 -0.477274881935 0.407250073779 0.450807646627
-0.622049840950 -0.502622282344 0.600353926168 -1.580821895245
-0.081840887664 -0.720818651510 -0.688275047304 3.409862656341
0.000000000000 0.000000000000 0.000000000000 1.000000000000
19 52 60
-0.543550298780 0.548488748163 -0.635384266279 1.361057216059
-0.382333410357 -0.835668600412 -0.394308449834 0.129987147256
-0.747244428564 0.028602157695 0.663933491063 2.601813468715
0.000000000000 0.000000000000 0.000000000000 1.000000000000
20 39 60
0.996343198867 -0.026525636584 0.081219583074 -0.689758644397
0.022136849823 0.998270114084 0.054467781355 0.001414762376
-0.082523875034 -0.052470657797 0.995206832834 0.245178044446
0.000000000000 0.000000000000 0.000000000000 1.000000000000
20 48 60
-0.409477666392 0.890030924598 0.200432018367 -0.820401723614
0.823218515647 0.455155234841 -0.339330204510 -0.319011982856
-0.393242058053 0.026051208370 -0.919065840036 4.232998720980
0.000000000000 0.000000000000 0.000000000000 1.000000000000
20 51 60
0.424449091621 0.658769245679 -0.621181172904 0.164149856017
-0.861144142393 0.505680469041 -0.052134722142 -0.542373944022
0.279774435294 0.557055063866 0.781930892839 2.435871946473
0.000000000000 0.000000000000 0.000000000000 1.000000000000
21 50 60
0.932196238357 -0.361941376193 0.002934858367 -0.038168022438
0.243164448629 0.632245824459 0.735619649260 -0.637510480146
-0.268106740156 -0.685028216684 0.677388454455 1.208517297303
0.000000000000 0.000000000000 0.000000000000 1.000000000000
21 51 60
-0.982863871296 -0.174211748790 0.060240161727 -0.122855558530
0.156543622660 -0.616310151383 0.771787465244 -0.550693483905
-0.097327820821 0.767992229054 0.633020719572 1.092195571597
0.000000000000 0.000000000000 0.000000000000 1.000000000000
22 49 60
0.917943557600 0.394659552721 0.040292213979 -1.021264193791
0.215946739062 -0.582291627976 0.783775137318 -1.515210172960
0.332786164000 -0.710760365690 -0.619736291995 4.034482190343
0.000000000000 0.000000000000 0.000000000000 1.000000000000
23 26 60
0.997335832920 -0.067227680262 -0.028313872593 0.092430679343
0.066148219638 0.997105757645 -0.037476941035 0.137628553763
0.030751413193 0.035504183940 0.998896292670 -0.007615283576
0.000000000000 0.000000000000 0.000000000000 1.000000000000
23 48 60
0.362328478578 0.740383037316 0.566172263244 -1.413766012536
0.539387959469 -0.661957789184 0.520454142570 -1.398610661384
0.760117558534 0.116811144132 -0.639199854362 3.829013159268
0.000000000000 0.000000000000 0.000000000000 1.000000000000
23 49 60
0.801366823863 0.114570733018 0.587098595423 -2.018222592166
-0.581753308306 0.377662332243 0.720370912156 -0.612438488454
-0.139191601353 -0.918827900067 0.369297966650 2.302350771925
0.000000000000 0.000000000000 0.000000000000 1.000000000000
23 50 60
0.396079611337 0.125112519441 0.909652570470 -1.251819627580
0.845689299522 0.336192775778 -0.414468365727 -0.115175296606
-0.357673804125 0.933445914337 0.027352785037 2.791424801036
0.000000000000 0.000000000000 0.000000000000 1.000000000000
23 51 60
-0.821229639130 0.388404447203 -0.417999838765 -0.630182090706
-0.430477841543 -0.902573411201 0.007075686045 -0.265556316524
-0.374527312429 0.185750431455 0.908419544847 2.197351832168
0.000000000000 0.000000000000 0.000000000000 1.000000000000
23 52 60
0.212416910466 -0.568585338263 0.794726222834 -1.929462756306
-0.859562221182 -0.495558113748 -0.124799614646 0.102427376320
0.464792259043 -0.656607088760 -0.593999399767 3.402299612449
0.000000000000 0.000000000000 0.000000000000 1.000000000000
24 30 60
0.160368365553 -0.981517862378 0.104425443078 -0.338067092776
-0.653220093756 -0.026220255277 0.756713953436 -1.880246018419
-0.739990200234 -0.189565777620 -0.645352089570 3.482913299921
0.000000000000 0.000000000000 0.000000000000 1.000000000000
24 47 60
-0.796122129620 0.097342191157 -0.597255433253 1.535592144695
0.106883387422 0.994079431421 0.019545473131 -0.465682358464
0.595621940682 -0.048276100169 -0.801812897084 3.518874162284
0.000000000000 0.000000000000 0.000000000000 1.000000000000
24 48 60
-0.826276159167 0.547254307679 -0.133343284493 0.275250862519
-0.554388325748 -0.748274482571 0.364333477747 -0.094321693408
0.099605687921 0.374964026888 0.921672764854 1.234077872015
0.000000000000 0.000000000000 0.000000000000 1.000000000000
24 51 60
0.586023933871 0.780585341129 -0.217399342558 0.513121286294
0.577856312979 -0.214516281107 0.787441964014 -1.306414178115
0.568029955619 -0.587085419981 -0.576777842123 2.956282056649
0.000000000000 0.000000000000 0.000000000000 1.000000000000
25 28 60
0.996954452656 -0.077455445336 0.009081482098 -0.033904319735
0.077412616380 0.996986718676 0.004976907618 -0.080157358596
-0.009439605633 -0.004258728920 0.999946377099 -0.034599115156
0.000000000000 0.000000000000 0.000000000000 1.000000000000
25 46 60
-0.760365171071 0.500824458989 -0.413545242870 0.536463633189
0.605926013611 0.317708374021 -0.729325068201 1.052761444017
-0.233877046013 -0.805131200709 -0.545036950118 3.516533083504
0.000000000000 0.000000000000 0.000000000000 1.000000000000
25 49 60
-0.407171439552 -0.740415113153 -0.534786760335 1.401123394790
0.431655799747 0.360008159890 -0.827083668897 1.306110130128
0.804912845815 -0.567608654821 0.173019437100 1.924471229190
0.000000000000 0.000000000000 0.000000000000 1.000000000000
25 51 60
-0.110354473446 0.993852996393 0.008838085347 -1.131065624692
-0.984466681471 -0.108081838483 -0.138360649257 -0.264907993190
-0.136554909333 -0.023969517147 0.990342475604 2.117616126193
0.000000000000 0.000000000000 0.000000000000 1.000000000000
26 43 60
0.677689647734 0.007860377430 0.735306028686 -1.769970618864
-0.117518636780 0.988248504667 0.097745910569 -0.010600768004
-0.725896763572 -0.152653553808 0.670649521841 1.485119995762
0.000000000000 0.000000000000 0.000000000000 1.000000000000
26 45 60
0.942483274733 -0.099081440465 0.319230551491 -0.629725308712
0.248653740144 0.846077141714 -0.471513295444 0.824419991714
-0.223375456043 0.523771265366 0.822050525950 0.869829066278
0.000000000000 0.000000000000 0.000000000000 1.000000000000
26 47 60
0.670807324624 -0.389647527323 0.631024831272 -1.612061155552
0.370329241087 -0.561201287233 -0.740209003191 1.209446660459
0.642552555381 0.730224567965 -0.232160060980 2.367944016976
0.000000000000 0.000000000000 0.000000000000 1.000000000000
27 45 60
0.175382416756 -0.980635763327 -0.087146471978 0.215731457536
0.275905822750 -0.036013379146 0.960509767517 -1.388527887993
-0.945048667988 -0.192500743396 0.264247003628 2.264044929723
0.000000000000 0.000000000000 0.000000000000 1.000000000000
27 49 60
-0.107514569344 -0.823050618044 -0.557699110199 1.016263867392
-0.411246047392 0.547527972701 -0.728759087500 0.447193363746
0.905161480556 0.150999335255 -0.397343547663 3.386517196603
0.000000000000 0.000000000000 0.000000000000 1.000000000000
27 52 60
0.862399565640 0.477510695215 -0.168078925328 -0.156307646239
0.498391198836 -0.859079894101 0.116567355956 -0.706010251360
-0.088731066189 -0.184296694237 -0.978857255368 3.960932262369
0.000000000000 0.000000000000 0.000000000000 1.000000000000
28 45 60
-0.180390108503 -0.547510238955 0.817124193127 -1.059293971972
-0.571776292802 -0.617595825250 -0.540043764545 0.707726012613
0.800331980959 -0.564630795188 -0.201645196773 2.580297430957
0.000000000000 0.000000000000 0.000000000000 1.000000000000
28 48 60
-0.613567711642 -0.536485898769 -0.579411376875 0.940287120109
-0.427957069413 0.842580263749 -0.326972851902 0.795170206758
0.663616915072 0.047343210321 -0.746572977322 3.412790201744
0.000000000000 0.000000000000 0.000000000000 1.000000000000
28 49 60
-0.080337333711 -0.974979879809 0.207268296608 -0.938123078929
0.943408400418 -0.007251738487 0.331553920669 -1.497472382734
-0.321755346240 0.222174810128 0.920386794185 1.344241596512
0.000000000000 0.000000000000 0.000000000000 1.000000000000
28 50 60
0.835492868292 0.486049183714 0.256335440479 -0.456344708255
0.514137454799 -0.856101144634 -0.052473876631 -0.680087035751
0.193944179101 0.175633200639 -0.965162491100 3.766220674998
0.000000000000 0.000000000000 0.000000000000 1.000000000000
28 52 60
-0.655244788879 0.552250127203 -0.515435799738 0.465469832562
0.529510209205 0.822405897293 0.208008361482 -0.270873610408
0.538770085468 -0.136632123246 -0.831299258933 3.389695704160
0.000000000000 0.000000000000 0.000000000000 1.000000000000
29 44 60
-0.977439097064 0.111415763543 -0.179441743094 0.473148808387
-0.176095933606 -0.898976706132 0.401037534404 -0.321838947218
-0.116632044045 0.423588726794 0.898314842822 0.407653942811
0.000000000000 0.000000000000 0.000000000000 1.000000000000
29 47 60
-0.620168626530 -0.781910675272 -0.063297476763 -0.704632477777
0.765424318602 -0.620811276651 0.169466726163 -0.499237235271
-0.171803629648 0.056648518786 0.983501122601 1.028028086314
0.000000000000 0.000000000000 0.000000000000 1.000000000000
29 49 60
0.706151176707 -0.678869318011 0.201213728902 -0.199566131255
-0.371418673321 -0.597085432606 -0.711011360864 0.390153355330
0.602825584015 0.427346972884 -0.673777322283 2.986311355146
0.000000000000 0.000000000000 0.000000000000 1.000000000000
29 51 60
0.948005602197 -0.022487346101 0.317458182235 -0.497601574443
0.280917155733 0.527920012056 -0.801489870482 0.229196852675
-0.149569147278 0.848996336939 0.506788210248 1.684358336544
0.000000000000 0.000000000000 0.000000000000 1.000000000000
30 45 60
0.270252448766 0.533329526906 -0.801575467232 0.812990228486
0.958195939827 -0.230220269779 0.169879864263 -0.694224853958
-0.093936972676 -0.813976807479 -0.573251778934 2.665411033388
0.000000000000 0.000000000000 0.000000000000 1.000000000000
30 46 60
0.996079293434 0.045603744665 0.075804615055 -0.135224349613
-0.057360947806 0.985289044462 0.160982050333 -0.273898083309
-0.067348072414 -0.164699111519 0.984041889254 0.021096918268
0.000000000000 0.000000000000 0.000000000000 1.000000000000
30 47 60
-0.756847890096 0.581077602470 -0.299215793640 0.494117727094
0.570708248923 0.810674861121 0.130760713362 -0.597880235548
0.318548843773 -0.071798951623 -0.945183339187 3.116159334978
0.000000000000 0.000000000000 0.000000000000 1.000000000000
30 48 60
0.737982725215 0.618802390642 0.269193422318 -0.585175078832
-0.381505410032 0.711625398525 -0.589951620296 1.166251705582
-0.556628349441 0.332675357531 0.761243710707 0.704822957851
0.000000000000 0.000000000000 0.000000000000 1.000000000000
30 49 60
0.863550002259 0.502120835381 -0.046433396119 -0.501221600918
0.459264686004 -0.745125576348 0.483594689447 -0.780224473043
0.208224258407 -0.438933414252 -0.874059560936 2.878724227667
0.000000000000 0.000000000000 0.000000000000 1.000000000000
30 50 60
-0.745262674693 0.664262913276 -0.057778263702 0.218108662745
-0.639108448597 -0.736357377204 -0.222077022605 0.318755608419
-0.190062980726 -0.128579139377 0.973315708429 0.396294298836
0.000000000000 0.000000000000 0.000000000000 1.000000000000
30 51 60
0.724916942144 0.556897571309 -0.405414013156 0.005655488667
0.547416193375 -0.822999039928 -0.151684183447 -0.295984192014
-0.418127896969 -0.111971761387 -0.901460695998 2.784393057594
0.000000000000 0.000000000000 0.000000000000 1.000000000000
30 55 60
0.659782641532 -0.741598247481 0.121321495475 -0.721298625759
-0.242236060300 -0.362724456748 -0.899862578157 2.173798992366
0.711342784474 0.564325267739 -0.418961138017 3.724809889795
0.000000000000 0.000000000000 0.000000000000 1.000000000000
31 37 60
-0.422521674406 -0.619161764309 0.661901914391 -2.023631874675
0.515924679317 0.436126415230 0.737302838195 -1.289287803028
-0.745182635284 0.653017962660 0.135167971481 1.216811936570
0.000000000000 0.000000000000 0.000000000000 1.000000000000
31 45 60
0.208215626543 0.977418871771 -0.036036120355 -0.267381655604
-0.935223742167 0.188169517777 -0.299914628965 0.971514058980
-0.286361318880 0.096148747711 0.953285168962 0.055504104233
0.000000000000 0.000000000000 0.000000000000 1.000000000000
31 48 60
0.813167167051 -0.582015999102 0.004066351973 -0.645690150083
-0.549462327659 -0.765342860942 0.335173769393 0.143781420532
-0.191964342814 -0.274786611747 -0.942147551657 3.050400182566
0.000000000000 0.000000000000 0.000000000000 1.000000000000
31 50 60
-0.567290492248 0.816291813977 -0.108853901352 0.317466260205
-0.415974041000 -0.398113932021 -0.817600693704 1.582248446679
-0.710737008056 -0.418536702770 0.565402452962 0.976822607864
0.000000000000 0.000000000000 0.000000000000 1.000000000000
31 51 60
0.801628853838 -0.267467092373 0.534651788729 -0.764332814315
-0.592784673101 -0.471483184397 0.652924144267 0.085419074577
0.077443605486 -0.840336219217 -0.536504917630 1.853114208270
0.000000000000 0.000000000000 0.000000000000 1.000000000000
31 52 60
-0.921726817429 -0.148481576536 -0.358291634653 0.348642697897
0.291077690736 0.345673149629 -0.892067178850 1.606697183609
0.256307338928 -0.926532943319 -0.275396537663 1.688760523303
0.000000000000 0.000000000000 0.000000000000 1.000000000000
32 40 60
0.341465506671 0.937489853597 -0.067186919532 -0.431052049840
0.934236288263 -0.330709903375 0.133542193715 -0.498284775041
0.102975071969 -0.108368511162 -0.988763065826 4.612550578583
0.000000000000 0.000000000000 0.000000000000 1.000000000000
32 50 60
0.207084249416 -0.101464409701 -0.973047320128 1.369323728884
0.531705458256 0.846563744041 0.024882382047 -0.192862459189
0.821221906250 -0.522527320664 0.229259197974 1.104602705869
0.000000000000 0.000000000000 0.000000000000 1.000000000000
33 44 60
0.985286463627 -0.103202182020 -0.136234702697 0.252302803723
0.106017202428 0.994271939916 0.013552205915 -0.062630958250
0.134055724912 -0.027796027093 0.990583890186 0.009873778505
0.000000000000 0.000000000000 0.000000000000 1.000000000000
33 47 60
0.807192854875 -0.572500218395 0.143816532344 -0.340781956402
0.271284100127 0.576174328225 0.770991621559 -1.804471572490
-0.524256265634 -0.583323789530 0.620394007475 1.548219950103
0.000000000000 0.000000000000 0.000000000000 1.000000000000
33 48 60
0.034019137567 0.928679429655 0.369319936117 -0.972262238714
-0.919795934306 -0.115449016474 0.375029283963 -0.302793802580
0.390919604924 -0.352457148501 0.850268087697 0.265774443389
0.000000000000 0.000000000000 0.000000000000 1.000000000000
33 50 60
0.056474533324 0.963967755661 -0.259955367573 -0.458843948703
-0.951117329984 0.131124906405 0.279610592654 -0.497116145070
0.303622218702 0.231457177388 0.924251655853 0.315997087621
0.000000000000 0.000000000000 0.000000000000 1.000000000000
33 51 60
-0.633559643680 0.757235158610 -0.158735920526 -0.513718410474
-0.669980614665 -0.434350596521 0.602051106863 -0.837631696155
0.386947223627 0.487785274344 0.782519886175 0.569716618873
0.000000000000 0.000000000000 0.000000000000 1.000000000000
35 44 60
-0.670077447236 0.578776016979 -0.464773640469 0.506438737324
-0.676332303680 -0.734069731638 0.060961004677 -0.770541431621
-0.305893494055 0.355190021343 0.883328488748 1.443080840600
0.000000000000 0.000000000000 0.000000000000 1.000000000000
35 46 60
-0.347899687400 -0.675230856150 -0.650406871435 0.262731290751
0.896138772421 -0.443364684953 -0.019054046825 -0.702112793224
-0.275501557294 -0.589483712275 0.759346985830 1.521946235467
0.000000000000 0.000000000000 0.000000000000 1.000000000000
35 48 60
0.247517729322 0.968708883582 0.018386749042 -0.085627361948
0.881372912718 -0.217239667002 -0.419510090235 0.192478643308
-0.402388819923 0.120041767521 -0.907564439393 4.347909669679
0.000000000000 0.000000000000 0.000000000000 1.000000000000
35 50 60
-0.397446090790 0.095876167108 0.912603071164 -1.935975382602
-0.888695612832 -0.287971873586 -0.356780475582 -0.113241288079
0.228597271746 -0.952827350890 0.199658024499 2.623268756777
0.000000000000 0.000000000000 0.000000000000 1.000000000000
35 58 60
0.998661831882 -0.038670841883 0.034338193453 -0.057365512564
0.038753273258 0.999247298263 -0.001738023599 0.039645909859
-0.034245136200 0.003066415225 0.999408759089 -0.061285985740
0.000000000000 0.000000000000 0.000000000000 1.000000000000
36 41 60
0.993953630095 0.107698709827 0.021381513558 -0.088256568947
-0.108803579127 0.992256214067 0.059911491507 -0.146891213459
-0.014763549355 -0.061875629670 0.997974671053 -0.043274030509
0.000000000000 0.000000000000 0.000000000000 1.000000000000
36 42 60
0.999657904135 0.013851284567 -0.022185955404 0.056321819256
-0.012607116197 0.998391878465 0.055269500047 -0.110557011212
0.022915831264 -0.054970891662 0.998224957486 0.021202765152
0.000000000000 0.000000000000 0.000000000000 1.000000000000
36 48 60
0.381962114242 0.896646227698 -0.223898382397 -0.078903414811
-0.911439687152 0.405560794694 0.069268596713 0.304697716992
0.152913831836 0.177611891954 0.972147815854 -0.019770334968
0.000000000000 0.000000000000 0.000000000000 1.000000000000
36 52 60
0.356639544847 0.712389101112 -0.604408805089 0.568877973981
-0.893713521175 0.448635789626 0.001438866337 0.700979210273
0.272184454225 0.539655164790 0.796673035815 0.892258885041
0.000000000000 0.000000000000 0.000000000000 1.000000000000
37 49 60
0.120675445065 -0.050376230404 0.991412967622 -2.063361817981
-0.069376913806 -0.996697542509 -0.042200149142 0.128856932090
0.990264752877 -0.063688650222 -0.123771866932 1.631212546821
0.000000000000 0.000000000000 0.000000000000 1.000000000000
38 46 60
0.998179927781 0.042879593521 0.042404860981 -0.035185790608
-0.050040680800 0.981353934915 0.185581207809 -0.251717086955
-0.033656530427 -0.187365404721 0.981713523933 0.009525148110
0.000000000000 0.000000000000 0.000000000000 1.000000000000
38 47 60
0.991240254921 0.123717335838 0.046225294346 -0.041869963668
-0.130400186828 0.972293190776 0.194014799556 -0.208039859124
-0.020941544820 -0.198343066389 0.979908913989 0.042919480095
0.000000000000 0.000000000000 0.000000000000 1.000000000000
38 51 60
0.945468184766 0.112537465209 0.305655411402 0.547813964487
0.062155496214 -0.983507912716 0.169849580261 -1.229272305395
0.319728956908 -0.141589210566 -0.936870262932 4.150252662735
0.000000000000 0.000000000000 0.000000000000 1.000000000000
39 45 60
-0.729010631612 0.295593909094 0.617387835890 -1.126599425804
0.675841110734 0.453859441431 0.580732641123 -1.748231133599
-0.108546266815 0.840616350264 -0.530642873908 3.545593617440
0.000000000000 0.000000000000 0.000000000000 1.000000000000
39 51 60
-0.382470461077 -0.834106778063 -0.397469784000 0.817245138613
0.903972880992 -0.248793028794 -0.347757184334 -0.517159806618
0.191178913158 -0.492308756384 0.849165891655 2.578004162885
0.000000000000 0.000000000000 0.000000000000 1.000000000000
41 47 60
-0.007837405757 -0.972627330211 0.232238350832 -0.314107576465
-0.059437010348 -0.231381753269 -0.971045686905 1.761775784770
0.998201290759 -0.021414032319 -0.055996628005 2.109770857277
0.000000000000 0.000000000000 0.000000000000 1.000000000000
41 49 60
0.177303678926 0.326471472464 0.928428663445 -1.431210824777
0.689424109001 -0.714423001326 0.119558241478 -0.184677494053
0.702323147395 0.618882988006 -0.351747130462 2.244858567682
0.000000000000 0.000000000000 0.000000000000 1.000000000000
41 50 60
0.115998913146 -0.523106304851 0.844336453065 -0.978073933636
0.011306199935 -0.849324529874 -0.527749952912 0.932379115431
0.993184988807 0.070764657701 -0.092606377903 2.105830542014
0.000000000000 0.000000000000 0.000000000000 1.000000000000
41 54 60
0.996769813652 -0.074498735673 -0.029997949510 0.093702525671
0.073543353528 0.996785406376 -0.031784096461 0.018619263136
0.032269393294 0.029475278101 0.999044490620 0.050739200815
0.000000000000 0.000000000000 0.000000000000 1.000000000000
42 46 60
0.677696220807 0.728454969546 -0.100405127598 0.629348755235
-0.688457596560 0.580569731403 -0.434700960105 0.526319701499
-0.258367896694 0.363719870673 0.894960270423 1.440497205519
0.000000000000 0.000000000000 0.000000000000 1.000000000000
42 52 60
-0.322849352383 0.291559438783 -0.900422894713 1.481092389848
0.850309995396 -0.328428233411 -0.411227196606 -0.301880995453
-0.415621471289 -0.898403021563 -0.141883062588 2.845731212517
0.000000000000 0.000000000000 0.000000000000 1.000000000000
43 46 60
0.909808467839 -0.024600449723 0.414298647983 -0.696707094575
0.124523895963 -0.936069860459 -0.329039535125 0.259225262270
0.395906998147 0.350953037050 -0.848580941693 3.078376218571
0.000000000000 0.000000000000 0.000000000000 1.000000000000
43 47 60
-0.640844802503 -0.510296960717 0.573511073118 -0.611313034495
-0.341011230813 0.858555756279 0.382875115174 -0.745976818484
-0.687771240723 0.049789810639 -0.724217988724 3.093197930739
0.000000000000 0.000000000000 0.000000000000 1.000000000000
43 50 60
-0.694587373031 0.591110294971 -0.410045119964 1.038675033255
0.717815403625 0.607361294530 -0.340372302377 0.351776698017
0.047847962818 -0.530755006651 -0.846173561019 2.965299971753
0.000000000000 0.000000000000 0.000000000000 1.000000000000
44 50 60
-0.675345776306 0.012348228449 0.737397859828 -1.063645451676
0.331638693729 0.898149876473 0.288691143289 -0.347940271833
-0.658728972528 0.439516007269 -0.610656875919 2.279069246084
0.000000000000 0.000000000000 0.000000000000 1.000000000000
44 51 60
0.298332432462 -0.874489097167 0.382448138548 -0.741255427263
-0.097923735896 -0.426623630887 -0.899112462107 0.563359048646
0.949425458732 0.230783657365 -0.212908904943 1.894430062465
0.000000000000 0.000000000000 0.000000000000 1.000000000000
44 55 60
0.765175656556 -0.576934574650 -0.285749385278 0.992451520937
0.640761692578 0.639202025390 0.425259008208 -0.654133382815
-0.062695039193 -0.508495100577 0.858779404009 -1.036521871204
0.000000000000 0.000000000000 0.000000000000 1.000000000000
45 47 60
-0.879213053869 -0.457924259279 -0.131490602978 0.527398736190
0.475203822377 -0.823112792845 -0.310912620287 0.164302469024
0.034142833895 -0.335843271511 0.941298870643 0.361331783565
0.000000000000 0.000000000000 0.000000000000 1.000000000000
45 48 60
0.995408129850 0.021056989575 0.093376968348 -0.158972156458
-0.019767652710 0.999696359999 -0.014711482283 0.079385153341
-0.093658394895 0.012798085585 0.995522131382 0.076254572669
0.000000000000 0.000000000000 0.000000000000 1.000000000000
45 52 60
-0.912469699548 0.276165887756 -0.301879859955 1.195418766632
-0.409140343690 -0.619135907132 0.670279723447 -0.518717258324
-0.001796266067 0.735121167522 0.677933361392 0.843076270108
0.000000000000 0.000000000000 0.000000000000 1.000000000000
45 54 60
0.950492700299 -0.117150077121 0.287818495077 -0.865169491827
0.024698402075 0.951765483487 0.305830759372 -0.931085720268
-0.309763806169 -0.283581247395 0.907539564158 -0.986951284012
0.000000000000 0.000000000000 0.000000000000 1.000000000000
45 55 60
-0.156887775837 -0.721875773614 0.674004149291 -1.725201192575
0.023926378583 0.679476950829 0.733306621884 -1.706982551465
-0.987326569176 0.131173323356 -0.089329754498 1.106629444931
0.000000000000 0.000000000000 0.000000000000 1.000000000000
46 50 60
0.885884867442 -0.025721066656 0.463191567677 -0.176295220781
-0.086197770442 0.971947932148 0.218831354162 -0.077784571816
-0.455826662238 -0.233785465595 0.858816866432 0.574718602273
0.000000000000 0.000000000000 0.000000000000 1.000000000000
46 51 60
0.631208407617 -0.618918699942 0.467456510293 0.106394148839
-0.572544169235 -0.778390455484 -0.257490724274 0.256304274708
0.523229510281 -0.105109189294 -0.845684892792 2.239582675391
0.000000000000 0.000000000000 0.000000000000 1.000000000000
46 52 60
-0.915896944819 -0.365740393965 -0.165428989884 0.543971231800
0.076655972975 0.245171083172 -0.966444515626 1.214559083066
0.394026202528 -0.897844699377 -0.196515260280 1.324129916306
0.000000000000 0.000000000000 0.000000000000 1.000000000000
46 55 60
-0.879778233866 0.473980413579 -0.036507899958 0.164621568823
0.474379497033 0.870335355046 -0.132213700321 0.752951735527
-0.030892588286 -0.133637334981 -0.990548691730 4.528244180184
0.000000000000 0.000000000000 0.000000000000 1.000000000000
47 49 60
0.904955308973 -0.286931025572 0.314207694566 -0.371347720669
0.197625063422 0.937378515111 0.286820246352 -0.305493056228
-0.376829169610 -0.197464189091 0.904990425893 0.222993323733
0.000000000000 0.000000000000 0.000000000000 1.000000000000
47 50 60
0.818765508301 0.054758822797 0.571510729333 -0.409927589623
-0.280090849250 -0.830848199721 0.480874604431 -0.550140719716
0.501170787840 -0.553798465460 -0.664932403384 2.165714681568
0.000000000000 0.000000000000 0.000000000000 1.000000000000
47 51 60
0.996437143633 0.046900435232 -0.070095420409 0.038468428494
-0.026977216100 0.964696266246 0.261979662764 -0.053240789096
0.079907750555 -0.259155287551 0.962524435189 0.353093791481
0.000000000000 0.000000000000 0.000000000000 1.000000000000
47 52 60
0.466975877997 -0.718955964678 0.514816326686 -0.856938724234
-0.497108337678 -0.694928540860 -0.519574464065 0.747959313808
0.731311718749 -0.013290746826 -0.681913869978 1.678918210238
0.000000000000 0.000000000000 0.000000000000 1.000000000000
47 54 60
-0.116172058927 -0.988423846902 -0.097582537376 0.690429509997
0.663069440897 -0.150328399820 0.733307772190 -1.083359714481
-0.739488315846 0.020485875224 0.672857607257 0.315753302102
0.000000000000 0.000000000000 0.000000000000 1.000000000000
47 59 60
0.712048869731 -0.688221767864 -0.139058280420 -0.200533206731
0.500533220264 0.636440835061 -0.586864174131 2.306605677661
0.492395067529 0.348272682973 0.797654834981 -0.923917440803
0.000000000000 0.000000000000 0.000000000000 1.000000000000
48 50 60
0.997655802379 -0.002916947961 0.068369520941 0.089576694468
-0.003702687549 0.995326572748 0.096495096697 -0.053519976592
-0.068331472134 -0.096522044094 0.992982530017 0.267540218468
0.000000000000 0.000000000000 0.000000000000 1.000000000000
48 51 60
0.852913556029 0.311670855793 0.418807525710 0.046985159573
0.043607214579 -0.841963036276 0.537770077618 -0.849265521885
0.520227716273 -0.440408359586 -0.731712785202 2.212971951063
0.000000000000 0.000000000000 0.000000000000 1.000000000000
48 52 60
0.993309803988 0.058693271594 -0.099452165239 0.115417142118
-0.041016809906 0.984369445167 0.171272930514 0.042800132854
0.107950241344 -0.166047870480 0.980191231394 0.280371118434
0.000000000000 0.000000000000 0.000000000000 1.000000000000
48 54 60
-0.560470257894 0.452693320857 -0.693499709638 2.694872430872
-0.120029657210 -0.872943881985 -0.472823286541 1.542128557588
-0.819430272450 -0.181762856923 0.543595706786 0.390196466444
0.000000000000 0.000000000000 0.000000000000 1.000000000000
48 56 60
-0.370975424897 -0.840834517272 -0.394175783991 0.550615175608
0.802758909127 -0.503755672164 0.319074217980 -0.671761845690
-0.466856903065 -0.198059428773 0.861868374368 -2.035518389185
0.000000000000 0.000000000000 0.000000000000 1.000000000000
49 51 60
0.101559158110 0.985639191366 -0.134911533411 0.139859524517
0.940910284185 -0.139207319510 -0.308721815409 0.290039799664
-0.323068993434 -0.095586121578 -0.941535829825 2.017181280541
0.000000000000 0.000000000000 0.000000000000 1.000000000000
49 52 60
0.974339134402 0.065921904508 -0.215215133480 0.036053533588
-0.028611219591 0.984667469532 0.172079552997 -0.012720563788
0.223259152749 -0.161506275273 0.961286156023 0.128067918802
0.000000000000 0.000000000000 0.000000000000 1.000000000000
49 53 60
0.976545833813 -0.111134807740 0.184410653086 -0.626017308858
0.092844221422 0.990124422819 0.105040839137 0.021909923225
-0.194263184911 -0.085455730332 0.977220104757 -0.026498177256
0.000000000000 0.000000000000 0.000000000000 1.000000000000
50 52 60
0.974494007296 0.130042343902 -0.182894555789 -0.008977177099
-0.121823724700 0.990997477336 0.055524589257 0.108719389706
0.188468591136 -0.031827483475 0.981563345613 -0.011088018980
0.000000000000 0.000000000000 0.000000000000 1.000000000000
50 53 60
0.942903565951 0.141909379583 0.301321411954 -0.964091508790
0.300028650057 0.030937374117 -0.953428386418 1.508182562677
-0.144622524044 0.989396081895 -0.013405919211 1.408006015559
0.000000000000 0.000000000000 0.000000000000 1.000000000000
50 55 60
0.027498972385 0.739743409530 -0.672326925368 1.495391310690
0.993845872155 -0.092430385734 -0.061049211248 0.300308410416
-0.107304188728 -0.666510548941 -0.737732674640 3.070849165263
0.000000000000 0.000000000000 0.000000000000 1.000000000000
50 56 60
0.548976238652 -0.297511522715 0.781096654228 -2.074625352570
0.401513671495 0.913490283361 0.065744002059 0.815103157624
-0.733083802166 0.277529090468 0.620939403603 -1.738625568745
0.000000000000 0.000000000000 0.000000000000 1.000000000000
50 58 60
0.748810928129 -0.164463865352 -0.642054383140 2.270376021843
-0.047780509861 0.952808143018 -0.299789368516 1.902705967649
0.661059162854 0.255163241067 0.705614982562 -0.650803800303
0.000000000000 0.000000000000 0.000000000000 1.000000000000
50 59 60
-0.920330657441 0.375423253043 0.109767308655 0.015611755470
0.389955446665 0.902504793509 0.182810960582 0.489742184715
-0.030434036719 0.211050891415 -0.977001172282 4.288902497081
0.000000000000 0.000000000000 0.000000000000 1.000000000000
51 53 60
0.512010949156 0.837889807740 -0.189170447033 0.366619729037
-0.852519726968 0.522641413688 0.007487845355 -0.193978064644
0.105142299171 0.157437679048 0.981915716414 -0.092729718529
0.000000000000 0.000000000000 0.000000000000 1.000000000000
51 55 60
0.849742822459 0.387242921983 0.357743001406 -0.244668281677
0.432536650347 -0.900049546529 -0.053130592861 -0.022452227203
0.301411980164 0.199884299450 -0.932307398365 4.143604484346
0.000000000000 0.000000000000 0.000000000000 1.000000000000
51 56 60
0.244232042918 0.885794774930 -0.394611614020 2.248883437703
-0.823970196787 -0.024997219197 -0.566081490459 0.626114374148
-0.511296219446 0.463403448131 0.723763373100 -1.575874213686
0.000000000000 0.000000000000 0.000000000000 1.000000000000
51 57 60
0.502574648667 -0.752028227049 0.426464849945 -1.304758906101
0.532775395351 -0.119076275192 -0.837837226909 3.299653872042
0.680859090139 0.648285728987 0.340817418812 1.236317418092
0.000000000000 0.000000000000 0.000000000000 1.000000000000
51 58 60
-0.722711450650 0.689361203274 0.049691956291 0.341017925968
0.607445554784 0.667837611816 -0.430119544098 2.353209108097
-0.329693883887 -0.280667161711 -0.901403287804 3.636169371149
0.000000000000 0.000000000000 0.000000000000 1.000000000000
