0 27 55
0.999790907024 0.015794939060 0.012986998578 -0.022023607461
-0.016591382227 0.997831385578 0.063696561851 -0.216241997266
-0.011952751473 -0.063898715605 0.997884805915 -0.005790717915
0.000000000000 0.000000000000 0.000000000000 1.000000000000
0 28 55
0.219446194704 0.968851325451 -0.114762697776 0.323436044037
-0.877797323436 0.247410857849 0.410194742028 -0.433328499206
0.425811257012 0.010722713712 0.904748471572 0.487620953591
0.000000000000 0.000000000000 0.000000000000 1.000000000000
0 41 55
-0.238685683795 -0.046901875478 -0.969963586135 2.288339571648
0.491552616266 -0.867254971963 -0.079024294033 0.418717004319
-0.837499355101 -0.495650106104 0.230056085606 1.412993810856
0.000000000000 0.000000000000 0.000000000000 1.000000000000
1 27 55
-0.998439989890 -0.044949067867 -0.033123524683 0.475831175706
-0.002801576300 -0.552158621239 0.833734375063 -1.739563689268
-0.055765022727 0.832526539090 0.551171319963 1.146930222367
0.000000000000 0.000000000000 0.000000000000 1.000000000000
1 31 55
-0.743387638223 0.388091673377 -0.544756525791 1.080491332121
-0.517348544365 -0.849847948377 0.100543265732 0.125998866608
-0.423940211564 0.356571616504 0.832545121494 1.908609977713
0.000000000000 0.000000000000 0.000000000000 1.000000000000
1 39 55
0.615457349758 0.375539945991 -0.692951657472 0.281760985450
0.079119336499 -0.904186649179 -0.419745916047 0.259708097351
-0.784188995855 0.203509833698 -0.586200790146 3.956779536536
0.000000000000 0.000000000000 0.000000000000 1.000000000000
3 7 55
0.915518540263 0.269979190691 0.298223136307 -0.182055946803
-0.368620874264 0.859862969702 0.353205781935 -0.175435791269
-0.161072820464 -0.433297715121 0.886740456153 0.953943845291
0.000000000000 0.000000000000 0.000000000000 1.000000000000
3 15 55
0.999302498093 0.004606809257 0.037057989879 -0.081160878156
-0.004926567895 0.999951381098 0.008541918395 -0.026010761158
-0.037016837171 -0.008718529094 0.999276608861 -0.006360124737
0.000000000000 0.000000000000 0.000000000000 1.000000000000
3 47 55
0.996320111088 -0.013359693022 0.084662594131 -0.233828594015
0.012238964109 0.999830656701 0.013742840955 0.014277536060
-0.084831857224 -0.012656086376 0.996314899757 0.002203652810
0.000000000000 0.000000000000 0.000000000000 1.000000000000
3 48 55
0.997198559750 -0.027549959933 0.069541585691 -0.194437782207
0.026106816151 0.999426276597 0.021576649355 -0.020211061996
-0.070096123881 -0.019700694268 0.997345685338 0.010918380725
0.000000000000 0.000000000000 0.000000000000 1.000000000000
4 28 55
-0.892825067791 -0.179399796163 0.413133285346 -0.927991699390
0.239523579239 -0.965911952296 0.098196514194 -0.038735682874
0.381433943577 0.186627472651 0.905360885581 0.204828313381
0.000000000000 0.000000000000 0.000000000000 1.000000000000
4 31 55
-0.690898163049 0.721086437181 0.051904512419 0.104618687358
-0.668588423637 -0.609981786803 -0.425337206868 1.127851134876
-0.275044083872 -0.328567451039 0.903545340337 0.706566593540
0.000000000000 0.000000000000 0.000000000000 1.000000000000
4 32 55
0.999911127666 0.002028448076 0.013176576469 -0.024897370832
-0.002677696538 0.998773322694 0.049443703503 -0.092187292039
-0.013060119077 -0.049474592199 0.998689990946 0.011038780265
0.000000000000 0.000000000000 0.000000000000 1.000000000000
4 38 55
0.986831779216 -0.089715558422 0.134588848374 -0.221104534123
0.087153904538 0.995885673480 0.024817781568 -0.050078902541
-0.136261647038 -0.012761031898 0.990590692270 0.069871638805
0.000000000000 0.000000000000 0.000000000000 1.000000000000
4 47 55
-0.648495089004 -0.638347129414 0.414689114767 -1.115109005242
-0.761071124928 0.532981556126 -0.369731529128 1.003806072093
0.014995410576 -0.555376991961 -0.831463489554 4.299622987853
0.000000000000 0.000000000000 0.000000000000 1.000000000000
5 9 55
-0.434660963961 0.899594935806 0.042412237398 0.033217992287
-0.712526089338 -0.314708531122 -0.627108533231 1.001363276834
-0.550796167762 -0.302799425216 0.777776375102 -0.834043600179
0.000000000000 0.000000000000 0.000000000000 1.000000000000
5 10 55
-0.604722467915 -0.789407580151 0.105576556105 0.000759036859
-0.763490652136 0.536858745122 -0.358977313887 1.153592043327
0.226699715260 -0.297688360850 -0.927355853444 4.202011334690
0.000000000000 0.000000000000 0.000000000000 1.000000000000
5 23 55
0.652108599944 0.756183417794 0.054231102993 0.646612342164
-0.642512837570 0.513278212696 0.568966369770 -1.563761609002
0.402407290486 -0.405872042675 0.820570690153 -0.880242346247
0.000000000000 0.000000000000 0.000000000000 1.000000000000
5 31 55
0.997486128807 0.019891173659 -0.068012969710 0.491197768139
0.068825517926 -0.500396738387 0.863056285704 -0.611035385504
-0.016866265755 -0.865567701236 -0.500507825771 2.240850334547
0.000000000000 0.000000000000 0.000000000000 1.000000000000
5 32 55
-0.784257306224 0.593032760262 -0.182353017223 0.564984829096
-0.514379438832 -0.457137583857 0.725561177525 -1.247024578040
0.346921130145 0.662825297255 0.663557348522 0.446833511323
0.000000000000 0.000000000000 0.000000000000 1.000000000000
5 38 55
0.981128403289 -0.175628100640 -0.080881558624 0.597172653942
0.191118998224 0.944314633763 0.267849586479 -0.040378511303
0.029335725279 -0.278252839563 0.960059775482 0.213708518668
0.000000000000 0.000000000000 0.000000000000 1.000000000000
5 39 55
-0.505442785951 -0.124786572248 0.853789143476 -0.842414228951
-0.493259683160 -0.770081021792 -0.404561620578 0.866825507488
0.707970673898 -0.625622514990 0.327679711973 1.152685983005
0.000000000000 0.000000000000 0.000000000000 1.000000000000
5 48 55
0.462577611808 -0.731038267878 0.501602436151 -0.728823633779
0.809909849502 0.578588546991 0.096339654198 -0.315033720065
-0.360649398632 0.361688186411 0.859717201803 -0.887638325189
0.000000000000 0.000000000000 0.000000000000 1.000000000000
5 52 55
-0.633565748569 -0.043636550608 0.772457308652 -1.030056834229
-0.221956744279 -0.946190036578 -0.235498658913 0.928963743749
0.741167758277 -0.320655993444 0.589788172108 -0.856047369451
0.000000000000 0.000000000000 0.000000000000 1.000000000000
6 28 55
0.882674729901 0.446275869914 -0.147387818788 0.312980879479
-0.468446670675 0.860753043935 -0.199152991668 0.675477046375
0.037987339057 0.244830646139 0.968821406030 0.200978978050
0.000000000000 0.000000000000 0.000000000000 1.000000000000
6 31 55
0.970184966842 -0.215322635323 -0.111253282340 -0.034207355353
-0.183520131968 -0.952487209635 0.243081214088 -0.190478920603
-0.158308216074 -0.215416522573 -0.963604810348 3.278348802112
0.000000000000 0.000000000000 0.000000000000 1.000000000000
6 35 55
-0.846831281857 0.101114161687 -0.522161571141 0.856500770888
0.129128082158 -0.913300862774 -0.386273830923 1.478925908365
-0.515948368025 -0.394534485646 0.760355062565 -0.882796934866
0.000000000000 0.000000000000 0.000000000000 1.000000000000
6 38 55
-0.984257585647 -0.018576779159 -0.175760940973 0.035909431340
0.176040516029 -0.191428077575 -0.965590507323 1.712123739735
-0.015708017430 -0.981330828208 0.191684803249 1.691101726899
0.000000000000 0.000000000000 0.000000000000 1.000000000000
6 40 55
0.886051549676 -0.193103009093 -0.421454480573 0.851604005475
0.321474877434 0.910958731933 0.258472613432 -0.001151552602
0.334015799769 -0.364507087167 0.869234162300 0.526022783733
0.000000000000 0.000000000000 0.000000000000 1.000000000000
7 26 55
-0.960623357455 0.159240466833 -0.227695495859 0.041971182574
-0.240789246629 -0.886018946358 0.396220854327 -1.524819208242
-0.138648129519 0.435445634285 0.889473887060 -0.369959971764
0.000000000000 0.000000000000 0.000000000000 1.000000000000
7 31 55
-0.613881408494 -0.278200967555 0.738751540071 -0.610106437281
0.194544274381 -0.960294120514 -0.199969316179 0.535257827889
0.765050417693 0.020962436839 0.643629112634 0.730503322903
0.000000000000 0.000000000000 0.000000000000 1.000000000000
7 37 55
-0.901694524510 0.263206252115 -0.343029814032 0.483073168628
-0.432334253725 -0.538142547726 0.723525874716 -1.763002169713
0.005837595724 0.800702858228 0.599033267274 0.828833984017
0.000000000000 0.000000000000 0.000000000000 1.000000000000
7 38 55
0.846903342463 -0.344142508519 0.405364850914 -0.540874461334
0.322190867864 0.938561168347 0.123676909471 -0.301999406136
-0.423022189951 0.025862465102 0.905750164067 0.285348968491
0.000000000000 0.000000000000 0.000000000000 1.000000000000
7 39 55
-0.069499461841 0.809979303099 -0.582325813746 0.677160131428
0.997575570444 0.054335210461 -0.043481791105 -0.050138368408
-0.003578555210 -0.583935966914 -0.811791833223 3.400442171555
0.000000000000 0.000000000000 0.000000000000 1.000000000000
7 40 55
0.880424810071 0.471348344970 -0.051796636054 -0.065386231834
-0.416689847905 0.821177386793 0.389919568723 -0.853720131888
0.226322169628 -0.321711729837 0.919391014977 0.465780359392
0.000000000000 0.000000000000 0.000000000000 1.000000000000
7 41 55
0.917074119417 0.229287886265 -0.326193385444 0.412255194946
-0.213195054439 0.973324029078 0.084783271823 -0.344481767717
0.336931637366 -0.008209727781 0.941493320269 0.243440446420
0.000000000000 0.000000000000 0.000000000000 1.000000000000
7 44 55
-0.392992610159 0.913474194057 0.105459495313 -0.424013355380
-0.869335296698 -0.406461658224 0.281149537275 -1.851266630391
0.299688088312 0.018810028851 0.953851787511 -0.602260191232
0.000000000000 0.000000000000 0.000000000000 1.000000000000
8 12 55
-0.636348730404 0.755567976851 0.155490596733 -0.372085462854
-0.577142629450 -0.600068869249 0.553916724274 -1.084514197179
0.511826805264 0.262743952388 0.817923551989 -0.099494385395
0.000000000000 0.000000000000 0.000000000000 1.000000000000
8 27 55
-0.117173839681 -0.541413834762 0.832551110036 -1.965984959684
0.383108673325 -0.798079306761 -0.465077589809 1.142307737817
0.916241254102 0.264462624293 0.300934352698 1.541363087736
0.000000000000 0.000000000000 0.000000000000 1.000000000000
8 37 55
0.990002851373 -0.123046777134 0.068948132020 -0.348368487126
0.127399535878 0.989864774774 -0.062746202442 0.059360447981
-0.060528609185 0.070902879350 0.995645051798 -0.030104548976
0.000000000000 0.000000000000 0.000000000000 1.000000000000
8 40 55
0.840547647804 -0.364870764293 -0.400435983818 0.799602304378
0.421827985398 0.904608976795 0.061186189916 -0.056584199279
0.339912933715 -0.220345012347 0.914279647059 0.425614652057
0.000000000000 0.000000000000 0.000000000000 1.000000000000
8 41 55
0.970639766222 0.221144816801 -0.094622482684 0.651789113265
-0.224533723554 0.974101185804 -0.026673709956 -0.010782013223
0.086273119885 0.047136501964 0.995155816427 0.145548108118
0.000000000000 0.000000000000 0.000000000000 1.000000000000
8 42 55
0.793634962609 0.546253348098 -0.267863446213 0.162758239751
-0.488982358538 0.834680120578 0.253387745068 -0.219251894561
0.361994197694 -0.070116873887 0.929539576797 0.207190298766
0.000000000000 0.000000000000 0.000000000000 1.000000000000
9 30 55
-0.698457856384 0.081119083670 0.711038899864 -1.407014432265
0.149807015759 -0.954970356822 0.256104423276 -0.759459777906
0.699796028058 0.285396762170 0.654854340490 1.045560536000
0.000000000000 0.000000000000 0.000000000000 1.000000000000
9 38 55
-0.031409642852 -0.515665465722 -0.856214086428 1.494237291064
0.977449892806 -0.194817117744 0.081473908009 -0.257696131922
-0.208818441208 -0.834347300646 0.510156290284 0.953901627913
0.000000000000 0.000000000000 0.000000000000 1.000000000000
10 18 55
0.997891939528 -0.011434900000 0.063882079537 -0.173737604981
0.014776207747 0.998533636227 -0.052079180180 0.113459178978
-0.063192884953 0.052913328997 0.996597631397 -0.032969940031
0.000000000000 0.000000000000 0.000000000000 1.000000000000
10 28 55
0.097312506191 -0.798425204978 0.594177976868 -1.288277892062
0.987993643135 0.149477895631 0.039050222068 0.125257757889
-0.119995155171 0.583243989060 0.803385095680 1.441285210580
0.000000000000 0.000000000000 0.000000000000 1.000000000000
10 36 55
0.998330270797 -0.038137915129 0.043383981368 -0.124946440535
0.039573562764 0.998680518590 -0.032728503168 0.107246400241
-0.042078540135 0.034390714140 0.998522245742 0.018812007221
0.000000000000 0.000000000000 0.000000000000 1.000000000000
10 41 55
-0.585654004490 0.808421183073 0.058860664144 -0.392504437127
-0.749223482577 -0.567617395975 0.341283848053 -0.880069622703
0.309311429113 0.155774460504 0.938115535142 1.411890218660
0.000000000000 0.000000000000 0.000000000000 1.000000000000
10 49 55
0.999796131086 -0.010000633398 0.017540912075 -0.072407808204
0.010963755418 0.998387400212 -0.055699148697 0.133452089149
-0.016955598837 0.055880107642 0.998293504556 -0.002138175499
0.000000000000 0.000000000000 0.000000000000 1.000000000000
11 54 55
0.994278009377 -0.079963814891 -0.070830984593 0.090054743249
0.072475710184 0.992076074520 -0.102627159169 0.228342668971
0.078476184308 0.096906401615 0.992194858797 -0.070843409120
0.000000000000 0.000000000000 0.000000000000 1.000000000000
12 28 55
0.015497505919 0.992384307474 -0.122201528590 -0.380418531954
-0.944301773863 -0.025652845789 -0.328079397987 0.633598639151
-0.328715663135 0.120479532629 0.936712706771 0.612424670643
0.000000000000 0.000000000000 0.000000000000 1.000000000000
12 32 55
-0.969354042691 0.245309630900 -0.013263668626 0.157504900883
-0.238827060467 -0.928334635152 0.284879694550 -0.080501306695
0.057570609746 0.279317006582 0.958471509607 0.607438218680
0.000000000000 0.000000000000 0.000000000000 1.000000000000
12 34 55
0.998687196726 0.005563049999 -0.050920875591 0.153487879108
-0.006982898941 0.999590556134 -0.027748138848 0.069478972869
0.050745662067 0.028067286329 0.998317136595 0.112829040636
0.000000000000 0.000000000000 0.000000000000 1.000000000000
12 37 55
0.998677403760 0.046419187162 -0.022106611714 0.021656685477
-0.048126820743 0.995279334799 -0.084278436431 0.220614406902
0.018090117287 0.085230891027 0.996196989993 0.008382024171
0.000000000000 0.000000000000 0.000000000000 1.000000000000
12 47 55
-0.861603565487 -0.446330932454 0.241718833927 -0.942039443119
-0.505816650525 0.715316632521 -0.482153120172 0.548672102393
0.042294349411 -0.537690258397 -0.842080978311 4.760375609887
0.000000000000 0.000000000000 0.000000000000 1.000000000000
13 34 55
0.997663182206 -0.006010735821 0.068059135508 -0.119999021834
0.008409236806 0.999351583508 -0.035009959682 0.058652692871
-0.067804569223 0.035500473173 0.997066826646 -0.034688322111
0.000000000000 0.000000000000 0.000000000000 1.000000000000
14 17 55
0.999686911162 -0.020601509639 -0.014200614470 0.056610805874
0.020181290706 0.999372013201 -0.029125499765 0.129142377632
0.014791725936 0.028829794167 0.999474886034 -0.022990198416
0.000000000000 0.000000000000 0.000000000000 1.000000000000
14 24 55
0.996418028963 -0.027402508511 -0.080001338019 0.237541216654
0.025949146700 0.999479816937 -0.019150386983 0.057574637532
0.080484491320 0.017005824395 0.996610780894 0.070288403948
0.000000000000 0.000000000000 0.000000000000 1.000000000000
14 36 55
0.997776812193 0.043941680949 -0.050105505930 0.107427867470
-0.041306553801 0.997768004384 0.052466923293 -0.156927439065
0.052299155464 -0.050280593692 0.997364858131 0.013087552368
0.000000000000 0.000000000000 0.000000000000 1.000000000000
14 41 55
0.860149799007 0.449994253909 -0.240098926936 0.531171476489
-0.487124858866 0.864307531885 -0.125227242244 -0.045113049169
0.151167771506 0.224672343144 0.962637337258 1.120901667101
0.000000000000 0.000000000000 0.000000000000 1.000000000000
14 47 55
0.999496114022 0.028414202283 0.014147479029 -0.071335604795
-0.028011646110 0.999218647248 -0.027882659004 0.159062555751
-0.014928688371 0.027472315147 0.999511083562 -0.027624302517
0.000000000000 0.000000000000 0.000000000000 1.000000000000
14 48 55
0.997386532640 -0.051842452578 -0.050323599033 0.145603994254
0.050656695797 0.998414104002 -0.024559643744 0.144042481125
0.051517023205 0.021946230669 0.998430948679 0.023601143438
0.000000000000 0.000000000000 0.000000000000 1.000000000000
15 17 55
0.997890315630 0.024086215726 0.060289071845 -0.178817409874
-0.019807909463 0.997309336852 -0.070581395220 0.196814233946
-0.061826892973 0.069238290277 0.995682426512 -0.040062885075
0.000000000000 0.000000000000 0.000000000000 1.000000000000
15 24 55
0.999388117487 -0.029794160670 -0.018322080003 0.066223152018
0.029364441415 0.999297366211 -0.023291703752 0.067242305901
0.019003163054 0.022739434321 0.999560802513 0.002581074914
0.000000000000 0.000000000000 0.000000000000 1.000000000000
15 40 55
0.537615778336 -0.532475816601 -0.653788023460 0.579345497194
-0.819949428496 -0.149358052099 -0.552607552411 1.320728102370
0.196601652061 0.833163655598 -0.516900486940 3.530934919456
0.000000000000 0.000000000000 0.000000000000 1.000000000000
15 47 55
0.999878734940 0.011615978061 -0.010372293292 0.017031537520
-0.011604899654 0.999932025070 0.001127627251 0.087588330486
0.010384686729 -0.001007121086 0.999945570513 0.023931100207
0.000000000000 0.000000000000 0.000000000000 1.000000000000
15 48 55
0.999655710743 0.000097142980 0.026238341052 -0.093889097435
-0.000093270222 0.999999984576 -0.000148822987 0.037414559436
-0.026238355105 0.000146324493 0.999655704386 0.016522428444
0.000000000000 0.000000000000 0.000000000000 1.000000000000
16 23 55
0.999902465625 -0.007156073843 0.011993741890 -0.049064114162
0.007153115613 0.999974374227 0.000289528061 0.042518202554
-0.011995506425 -0.000203707200 0.999928030575 0.016912487607
0.000000000000 0.000000000000 0.000000000000 1.000000000000
16 44 55
0.998059678272 -0.023368602478 -0.057712971031 0.164975764630
0.025490908238 0.999015225080 0.036315198691 -0.095968534371
0.056807501303 -0.037715891571 0.997672501034 0.047757908660
0.000000000000 0.000000000000 0.000000000000 1.000000000000
16 48 55
0.995851648530 -0.064208280653 -0.064473179039 0.193968200595
0.064737064090 0.997883441155 0.006144135482 0.011440267022
0.063942213386 -0.010292451772 0.997900525495 0.021094066875
0.000000000000 0.000000000000 0.000000000000 1.000000000000
17 21 55
0.999589145468 0.022396466784 0.017886825800 -0.092169739135
-0.021801237408 0.999223917095 -0.032806547402 0.085771207102
-0.018607694890 0.032403113748 0.999301652110 0.000497970505
0.000000000000 0.000000000000 0.000000000000 1.000000000000
17 47 55
0.999793373921 0.007284547120 0.018977482390 -0.046111796337
-0.007570641564 0.999858118980 0.015047501330 0.033903016673
-0.018865175613 -0.015188063841 0.999706670912 -0.003810373229
0.000000000000 0.000000000000 0.000000000000 1.000000000000
18 35 55
0.998667100795 -0.051391386092 0.004790326201 -0.013113952586
0.051334570446 0.998617444869 0.011311970671 -0.036765213670
-0.005365041164 -0.011050983616 0.999924543200 -0.082588796282
0.000000000000 0.000000000000 0.000000000000 1.000000000000
18 49 55
0.999979537754 -0.003183929090 -0.005548573529 -0.001412532294
0.003101442633 0.999885486707 -0.014811972388 0.054110191482
0.005595098413 0.014794460719 0.999874901578 0.027198820368
0.000000000000 0.000000000000 0.000000000000 1.000000000000
19 39 55
0.938050153864 -0.341930156614 -0.056086333753 0.818832109409
0.346489603714 0.924429632842 0.159294721954 -0.783673292555
-0.002619800306 -0.168859769994 0.985636603786 1.073566271693
0.000000000000 0.000000000000 0.000000000000 1.000000000000
19 44 55
0.074530139536 -0.970695863341 -0.228461811237 0.661590971777
0.831583123243 0.186940310164 -0.522994100897 1.605840780672
0.550376932145 -0.151006163214 0.821146985158 0.471024558237
0.000000000000 0.000000000000 0.000000000000 1.000000000000
21 36 55
0.999488264610 0.031960063052 0.001327884442 0.014405296935
-0.031983143540 0.997790645770 0.058231484122 -0.151513160187
0.000536131229 -0.058244154929 0.998302224269 0.010774265732
0.000000000000 0.000000000000 0.000000000000 1.000000000000
22 26 55
0.999755005691 0.002473221274 0.021995721663 -0.053515139454
-0.001693364924 0.999371678310 -0.035403122841 0.018887670651
-0.022069461030 0.035357202494 0.999131026003 0.005176854497
0.000000000000 0.000000000000 0.000000000000 1.000000000000
22 29 55
0.999650135126 0.026411478546 -0.001428685871 -0.007040921044
-0.026442404148 0.999202864298 -0.029907110201 0.036683920508
0.000637656015 0.029934424643 0.999551661304 0.028284807352
0.000000000000 0.000000000000 0.000000000000 1.000000000000
22 31 55
0.719768037545 -0.587478707352 0.369868544941 -0.785766518190
0.498399995230 0.808174900555 0.313768664573 -0.860160101567
-0.483250883997 -0.041498174909 0.874497847108 1.433938028595
0.000000000000 0.000000000000 0.000000000000 1.000000000000
22 33 55
0.999640502986 0.022133547452 -0.015131783357 0.026490917153
-0.021816667369 0.999545694177 0.020795150345 0.019157974009
0.015585179347 -0.020457549466 0.999669240726 0.065345673638
0.000000000000 0.000000000000 0.000000000000 1.000000000000
22 35 55
0.999794536780 0.000726175772 -0.020257267664 0.056160569867
-0.003047427350 0.993384548983 -0.114794821437 0.300558188266
0.020039895484 0.114832967875 0.993182657963 0.040410796528
0.000000000000 0.000000000000 0.000000000000 1.000000000000
22 38 55
-0.388466055731 0.705156477536 0.593168159743 -0.489825316022
0.293861930553 0.704916555248 -0.645552333981 0.932596635377
-0.873349465745 -0.076465628386 -0.481054797668 3.336681221298
0.000000000000 0.000000000000 0.000000000000 1.000000000000
23 33 55
-0.809896916737 0.382183819433 -0.444974732343 1.310533248713
0.586572004423 0.528361205310 -0.613814076371 0.660643036609
0.000517577785 -0.758135848570 -0.652096440127 4.224819242353
0.000000000000 0.000000000000 0.000000000000 1.000000000000
23 39 55
-0.205267000493 0.545662061997 0.812476690500 -1.840420534297
-0.916805858019 -0.397751590869 0.035506205980 -0.301821913722
0.342538285758 -0.737595136954 0.581911450937 2.075014849839
0.000000000000 0.000000000000 0.000000000000 1.000000000000
23 40 55
0.813757746596 -0.041562023783 -0.579716247862 1.273992465416
-0.131700485622 0.958308261750 -0.253574954496 -0.003684499017
0.566085958087 0.282697494930 0.774357032910 1.790724266288
0.000000000000 0.000000000000 0.000000000000 1.000000000000
23 47 55
0.994788802680 0.014447060270 0.100928293911 -0.283971130837
-0.010940939346 0.999320174002 -0.035206330093 0.120418844053
-0.101368308205 0.033918612618 0.994270583800 -0.006097506982
0.000000000000 0.000000000000 0.000000000000 1.000000000000
23 48 55
0.998381260794 -0.032177122921 -0.046898729792 0.143230233948
0.031941473497 0.999473111104 -0.005765626727 0.022534726030
0.047059540652 0.004258279146 0.998883009512 -0.014120312750
0.000000000000 0.000000000000 0.000000000000 1.000000000000
25 32 55
0.999374744408 0.032942289371 -0.012842344427 0.006799649653
-0.033078885260 0.999396816552 -0.010573098642 0.065024539093
0.012486296062 0.010991298190 0.999861632315 0.058132023566
0.000000000000 0.000000000000 0.000000000000 1.000000000000
26 29 55
0.998799090623 0.031032854937 0.037912247156 -0.102856706116
-0.030227160861 0.999308706941 -0.021643173930 0.087262822907
-0.038557688159 0.020471202846 0.999046662843 0.039949614404
0.000000000000 0.000000000000 0.000000000000 1.000000000000
26 35 55
0.999825148647 0.012853343923 0.013581740775 -0.027072974114
-0.011236406488 0.993523714581 -0.113067996065 0.352701107513
-0.014947083386 0.112895616012 0.993494421013 0.086348054017
0.000000000000 0.000000000000 0.000000000000 1.000000000000
26 41 55
0.348461588383 -0.833667465244 -0.428454290230 1.013076693406
0.843983368887 0.080212227327 0.530337695840 -0.819689461493
-0.407758009688 -0.546410611154 0.731552355990 1.198014937185
0.000000000000 0.000000000000 0.000000000000 1.000000000000
26 47 55
-0.794478775774 -0.603762476602 -0.065378487981 0.264177709170
0.344478608397 -0.536699245169 0.770252172079 -2.482711225976
-0.500137944173 0.589427512153 0.634379417003 0.865394962142
0.000000000000 0.000000000000 0.000000000000 1.000000000000
26 50 55
0.997515945184 0.055966348148 0.042775074275 -0.082330384320
-0.057071338621 0.998055476272 0.025062493739 -0.080503047442
-0.041289240878 -0.027441467879 0.998770326165 -0.046628038135
0.000000000000 0.000000000000 0.000000000000 1.000000000000
27 38 55
0.633331344888 -0.121584053663 -0.764270060566 1.101584839829
0.773589040754 0.126578126090 0.620917042785 -1.070681747601
0.021246261044 -0.984477168801 0.174221986274 2.411694165646
0.000000000000 0.000000000000 0.000000000000 1.000000000000
28 31 55
-0.160081286987 -0.939768233126 -0.302009353438 0.523785850348
0.824622660594 -0.295486014061 0.482374836751 -0.653677149845
-0.542560088095 -0.171824571880 0.822255962158 0.795876572337
0.000000000000 0.000000000000 0.000000000000 1.000000000000
28 33 55
0.999571910810 -0.025836371771 -0.013728693060 0.049079537921
0.025544374160 0.999452355855 -0.021035049931 0.071058501552
0.014264643992 0.020675354182 0.999684475053 -0.076684989828
0.000000000000 0.000000000000 0.000000000000 1.000000000000
28 35 55
-0.971691396642 -0.154766029651 0.178502957281 -1.107900875170
0.080841114459 -0.927757299635 -0.364322806296 1.003016204278
0.221992215865 -0.339578958478 0.914005244545 -0.701128769688
0.000000000000 0.000000000000 0.000000000000 1.000000000000
28 38 55
-0.467202468616 0.212297435249 0.858284132618 -1.650165468192
-0.180691364622 0.927329934150 -0.327734380223 0.294311988203
-0.865489736547 -0.308202842647 -0.394890521176 2.381163714244
0.000000000000 0.000000000000 0.000000000000 1.000000000000
28 41 55
0.535257081688 0.299288008156 -0.789890210521 1.706460597444
0.831094439022 -0.019501893027 0.555789267256 -0.781455781981
0.150936708363 -0.953963502626 -0.259175125592 2.350879221564
0.000000000000 0.000000000000 0.000000000000 1.000000000000
28 44 55
-0.023589688460 0.744590070159 -0.667105054710 2.233435265790
-0.915988433098 0.251233416512 0.312804988544 -1.329705090294
0.400510570433 0.618439486004 0.676109373639 0.381365403716
0.000000000000 0.000000000000 0.000000000000 1.000000000000
28 47 55
-0.896090725015 -0.259023797033 0.360455385746 -1.120853954573
0.435215559370 -0.672309620418 0.598821501930 -1.529916377460
0.087228604394 0.693474186155 0.715181601911 -0.183064228136
0.000000000000 0.000000000000 0.000000000000 1.000000000000
29 38 55
0.999793642299 -0.008522386593 0.018440220863 -0.083568113337
0.008985067166 0.999643178633 -0.025155197868 0.038185653435
-0.018219258677 0.025315693522 0.999513468781 -0.043320001004
0.000000000000 0.000000000000 0.000000000000 1.000000000000
31 34 55
-0.911235443902 -0.410573582495 0.032852688381 0.970398300499
0.399755543583 -0.862366430521 0.310676109293 -0.391306996319
-0.099224347575 0.296232126663 0.949947922773 -0.366435307089
0.000000000000 0.000000000000 0.000000000000 1.000000000000
31 35 55
0.945429086943 0.234012807501 -0.226719755394 1.852295334826
-0.321712747323 0.780680928390 -0.535759457460 1.735097952718
0.051621214340 0.579461210068 0.813363360533 -1.036539488168
0.000000000000 0.000000000000 0.000000000000 1.000000000000
31 38 55
0.773788366583 0.220248950074 0.593920839618 -0.785247949479
-0.545764834027 -0.244138000532 0.801584295403 -1.210473340403
0.321546745716 -0.944397711078 -0.068707012971 1.494319870695
0.000000000000 0.000000000000 0.000000000000 1.000000000000
31 43 55
0.581624166076 -0.779482788114 -0.232636868251 1.048430249027
0.505521957164 0.570409708871 -0.647364128486 2.199157972229
0.637307524089 0.258919576431 0.725809735868 0.338123392801
0.000000000000 0.000000000000 0.000000000000 1.000000000000
31 49 55
-0.804671052272 0.593380144242 0.020112236422 0.611227317282
-0.537536146122 -0.713721450769 -0.449061891419 1.129292269196
-0.252109875347 -0.372158158760 0.893274266741 -1.654620807043
0.000000000000 0.000000000000 0.000000000000 1.000000000000
32 53 55
0.402733015412 0.307465609892 -0.862131670356 2.555324539945
0.593222512756 -0.804976844348 -0.009966464891 0.298558008639
-0.697060376621 -0.507422091357 -0.506586273548 3.017555715914
0.000000000000 0.000000000000 0.000000000000 1.000000000000
34 46 55
0.987744719367 0.079275502716 -0.134446138028 0.686159963829
-0.085366306258 0.995540296873 -0.040151102809 -0.388867619452
0.130663549307 0.051136209971 0.990107127998 0.206378634204
0.000000000000 0.000000000000 0.000000000000 1.000000000000
35 39 55
-0.700461477093 0.568581071222 0.431357490438 -1.605381646026
-0.627517651752 -0.778568578720 0.007250170288 -0.309159366621
0.339963697839 -0.265605974476 0.902151955313 1.710414679043
0.000000000000 0.000000000000 0.000000000000 1.000000000000
35 46 55
0.999905228776 -0.007462698290 -0.011568993061 0.013173181510
0.006932146496 0.998952066992 -0.045240614472 0.231416480573
0.011894486587 0.045156129009 0.998909127600 0.045905864792
0.000000000000 0.000000000000 0.000000000000 1.000000000000
35 53 55
0.999381678900 -0.025860859151 0.023821751455 -0.090115455083
0.026394883138 0.999400983561 -0.022382676384 0.061775120301
-0.023228646593 0.022997609049 0.999465627201 0.025284757723
0.000000000000 0.000000000000 0.000000000000 1.000000000000
36 44 55
0.996269194408 -0.076205149251 -0.040502685108 0.093362150240
0.077382499552 0.996598605605 0.028340219980 -0.019994752340
0.038205248809 -0.031368687142 0.998777434883 -0.031638222926
0.000000000000 0.000000000000 0.000000000000 1.000000000000
37 47 55
-0.026513803965 -0.729222662815 0.683762624188 -1.669458423334
-0.996259415176 0.075551129079 0.041942872686 0.344900691328
-0.082244731586 -0.680092886988 -0.728498091415 3.663729452264
0.000000000000 0.000000000000 0.000000000000 1.000000000000
37 49 55
-0.198268048695 0.699207486047 -0.686876023983 2.081481681018
0.276464385615 -0.632438437613 -0.723594545389 2.130557163209
-0.940349522440 -0.333362436524 -0.067913633102 1.176646838100
0.000000000000 0.000000000000 0.000000000000 1.000000000000
37 50 55
-0.119852979578 -0.678030019526 -0.725196908369 1.698395987132
-0.935948160292 -0.166454922380 0.310312423310 -1.006034048965
-0.331113733529 0.715938580771 -0.614650830986 2.803293452886
0.000000000000 0.000000000000 0.000000000000 1.000000000000
38 40 55
0.552862785671 0.802090970257 0.225815888838 -0.610237564191
0.689214704352 -0.592480169612 0.417073542580 -0.516737426903
0.468322358557 -0.074948809517 -0.880373127957 3.081126300010
0.000000000000 0.000000000000 0.000000000000 1.000000000000
38 41 55
0.973935879771 -0.060864373327 -0.218504988851 0.459652624687
0.067690167086 0.997420499901 0.023882789996 -0.010736466112
0.216487744164 -0.038050945291 0.975543531673 0.134361706093
0.000000000000 0.000000000000 0.000000000000 1.000000000000
38 44 55
0.887253107890 0.456622637766 -0.065404045894 0.431898961533
-0.402067322963 0.835041447981 0.375563107825 -0.952925394549
0.226105706130 -0.306922704983 0.924486161509 -1.330098467844
0.000000000000 0.000000000000 0.000000000000 1.000000000000
38 45 55
0.237274861594 -0.469820193121 0.850276205824 -1.938841702030
-0.948439543577 -0.301381999945 0.098139300433 -0.825135373836
0.210150118335 -0.829721565493 -0.517106421851 3.098578623617
0.000000000000 0.000000000000 0.000000000000 1.000000000000
40 48 55
0.259935009164 -0.915605840442 -0.306756802630 0.509267934013
-0.591784365238 -0.402077032087 0.698659663447 -1.841144707332
-0.763036733107 -0.000072226294 -0.646355118115 3.800472974537
0.000000000000 0.000000000000 0.000000000000 1.000000000000
44 47 55
0.996142839284 0.024769001387 -0.084178027494 0.223141525718
-0.027055001506 0.999292499852 -0.026125210681 0.063924289525
0.083471376147 0.028301878205 0.996108193448 0.049153839322
0.000000000000 0.000000000000 0.000000000000 1.000000000000
45 49 55
0.999186757373 0.012653419875 0.038284655627 -0.082211896666
-0.014216425859 0.999064842220 0.040833004742 -0.124985711026
-0.037732176279 -0.041344068570 0.998432246508 -0.001050528347
0.000000000000 0.000000000000 0.000000000000 1.000000000000
47 49 55
0.998816684019 0.014868040033 0.046305216893 -0.153458929003
-0.012877230128 0.998992137712 -0.042998671294 0.133025616738
-0.046897853577 0.042351507345 0.998001473524 0.017125408380
0.000000000000 0.000000000000 0.000000000000 1.000000000000
48 52 55
0.999277111855 -0.037857641421 0.003471700998 0.002740687915
0.038004322400 0.992472527611 -0.116421447406 -0.079957681044
0.000961873545 0.116469227366 0.993193834997 -0.279197287146
0.000000000000 0.000000000000 0.000000000000 1.000000000000
48 54 55
0.891280120149 -0.362890806505 0.271900735529 -0.425517699923
-0.367244801523 -0.929403590070 -0.036609049707 0.459649255601
0.265990607318 -0.067225213431 -0.961628705633 4.749500217869
0.000000000000 0.000000000000 0.000000000000 1.000000000000
