0 8 38
0.999725375520 0.003606305480 -0.023155303954 0.063125779152
-0.002562621081 0.998986143519 0.044945723159 -0.187017402141
0.023293915807 -0.044874041693 0.998721039064 0.071332659594
0.000000000000 0.000000000000 0.000000000000 1.000000000000
0 25 38
-0.819835334660 0.117784845281 -0.560354132906 1.483770328312
0.231956578319 0.963038739557 -0.136939884205 0.796233915486
0.523513294786 -0.242245983111 -0.816854157025 4.725899400433
0.000000000000 0.000000000000 0.000000000000 1.000000000000
1 14 38
0.997449360578 -0.048158270214 -0.052683527707 0.178143453293
0.050786567285 0.997470014886 0.049742275646 -0.102527388726
0.050154737214 -0.052291016562 0.997371621775 0.050702581242
0.000000000000 0.000000000000 0.000000000000 1.000000000000
1 30 38
0.999406413079 -0.033130843449 0.009442918456 -0.031007755542
0.033147483082 0.999449172723 -0.001611058432 0.038754942158
-0.009384341315 0.001923111108 0.999954116838 -0.023152418707
0.000000000000 0.000000000000 0.000000000000 1.000000000000
1 36 38
0.998708427403 -0.039054233289 -0.032499906098 0.147780106939
0.038960712688 0.999234592049 -0.003506126106 0.015978095257
0.032611959478 0.002235378185 0.999465588794 0.046121525848
0.000000000000 0.000000000000 0.000000000000 1.000000000000
2 10 38
0.998315469005 0.030890989303 -0.049111822656 0.163917878451
-0.034423353872 0.996753319168 -0.072786354730 0.323205447458
0.046703929737 0.074354337510 0.996137628765 -0.023234679042
0.000000000000 0.000000000000 0.000000000000 1.000000000000
3 15 38
0.998993124874 0.012446664380 -0.043102401332 0.129908896190
-0.012190995616 0.999906530794 0.006189450850 -0.087468132495
0.043175410602 -0.005657757660 0.999051487010 -0.036720659081
0.000000000000 0.000000000000 0.000000000000 1.000000000000
3 16 38
-0.102957339807 -0.911412348011 -0.398405971432 1.325806850126
-0.878943682949 -0.104156665309 0.465413140421 -1.463771080046
-0.465679920529 0.398094110689 -0.790356432662 5.124155299331
0.000000000000 0.000000000000 0.000000000000 1.000000000000
3 19 38
0.993674556985 0.022555456020 -0.110009664137 0.365084483940
-0.017430511174 0.998727327304 0.047327613246 -0.155006251431
0.110937153740 -0.045110720445 0.992803087637 0.071368221236
0.000000000000 0.000000000000 0.000000000000 1.000000000000
3 20 38
0.998476411825 0.016504356931 -0.052654166325 0.179436052238
-0.015666836718 0.999744733479 0.016279376755 -0.090938722440
0.052909406124 -0.015429649463 0.998480105291 0.029214998680
0.000000000000 0.000000000000 0.000000000000 1.000000000000
4 14 38
-0.928238375157 0.220942506312 0.299262306000 -1.411463701194
0.197806180409 0.974501851865 -0.105919099807 0.159670117056
-0.315033702768 -0.039122239413 -0.948273808825 4.936735237680
0.000000000000 0.000000000000 0.000000000000 1.000000000000
4 20 38
-0.979354733589 -0.193143693461 -0.059664222720 -0.829469463411
-0.201217910185 0.903115960385 0.379332195730 -1.304480513624
-0.019381909529 0.383506291699 -0.923334861148 4.845032946749
0.000000000000 0.000000000000 0.000000000000 1.000000000000
4 31 38
0.017973298207 -0.898743828271 -0.438105571407 0.239392920528
0.999162576970 0.032253897949 -0.025175997490 -0.163893351611
0.036757384756 -0.437286196001 0.898570908417 -0.090425000688
0.000000000000 0.000000000000 0.000000000000 1.000000000000
4 32 38
0.472616132829 0.079709442007 -0.877656194557 1.847855042436
0.206210412536 -0.978255855205 0.022197917002 -0.074162088314
-0.856802927604 -0.191472939636 -0.478776416124 3.057220861372
0.000000000000 0.000000000000 0.000000000000 1.000000000000
4 36 38
0.999344408945 0.035652054577 0.006299469388 0.018127414616
-0.035190033324 0.997427700579 -0.062447127009 0.136735258953
-0.008509633646 0.062184508694 0.998028392890 -0.070727859807
0.000000000000 0.000000000000 0.000000000000 1.000000000000
5 11 38
-0.596093453352 -0.335400087769 0.729506254940 -2.224477489271
0.257202568079 -0.940459252907 -0.222223384450 0.498375009885
0.760604650159 0.055164977547 0.646867367710 -0.206676532679
0.000000000000 0.000000000000 0.000000000000 1.000000000000
5 19 38
0.943004477125 0.316672824973 -0.102278433918 0.168083001317
-0.312749347196 0.948368075564 0.052781048483 -0.421845927787
0.113711925275 -0.017785251587 0.993354560505 -0.653192802696
0.000000000000 0.000000000000 0.000000000000 1.000000000000
5 34 38
-0.126988901089 0.984365147470 0.122061768986 -0.514226871290
-0.972846277195 -0.099595753193 -0.208927755204 0.040021421857
-0.193504366744 -0.145278843585 0.970283524367 -0.569714481272
0.000000000000 0.000000000000 0.000000000000 1.000000000000
6 17 38
0.951632569761 -0.005597916103 -0.307187427323 0.958774154868
-0.098153032990 0.941900342514 -0.321231578286 0.653116386901
0.291138170436 0.335845810021 0.895793590961 -0.087315236214
0.000000000000 0.000000000000 0.000000000000 1.000000000000
6 19 38
0.993961137883 0.004115380231 -0.109655460534 0.329660071883
-0.005992169628 0.999841060462 -0.016791298848 -0.003225614282
0.109568929366 0.017346972629 0.993827818215 -0.061712127763
0.000000000000 0.000000000000 0.000000000000 1.000000000000
7 14 38
0.895704881702 -0.075311054988 -0.438224839429 0.954413870301
0.073028481164 0.997085229468 -0.022088144237 -0.259698973419
0.438610996025 -0.012218435811 0.898593959467 0.218105956862
0.000000000000 0.000000000000 0.000000000000 1.000000000000
7 15 38
0.993532032742 0.003127936918 -0.113509100630 0.319898528351
-0.003943566290 0.999967990608 -0.006961755785 0.046506747694
0.113483691340 0.007364358039 0.993512565613 0.035908858996
0.000000000000 0.000000000000 0.000000000000 1.000000000000
7 20 38
0.996649412435 -0.002439761414 -0.081755710855 0.235688191668
0.006708986348 0.998625311205 0.051985356809 -0.126485806488
0.081516490328 -0.052359673267 0.995295697981 0.155525134548
0.000000000000 0.000000000000 0.000000000000 1.000000000000
8 11 38
0.996226985752 -0.021478341482 -0.084086108884 0.269338696582
0.016989221328 0.998410241731 -0.053743423470 0.162402786741
0.085106751898 0.052112091253 0.995008125960 -0.012953254594
0.000000000000 0.000000000000 0.000000000000 1.000000000000
8 21 38
0.991057214248 -0.003299858977 -0.133396810375 0.419593564678
0.007014039920 0.999600413682 0.027382772153 -0.074733221523
0.133253147548 -0.028073544441 0.990684346687 0.021614700990
0.000000000000 0.000000000000 0.000000000000 1.000000000000
8 22 38
0.998624226039 0.018003667991 0.049249600078 -0.168198870388
-0.017547315877 0.999799146758 -0.009682863599 0.055778868010
-0.049414035197 0.008805343878 0.998739565174 -0.014956510866
0.000000000000 0.000000000000 0.000000000000 1.000000000000
8 30 38
0.993541288060 -0.017756632901 0.112073239034 -0.373970352511
0.007546224044 0.995833303740 0.090879511798 -0.299783447833
-0.113219978018 -0.089446817439 0.989535498821 0.022884870621
0.000000000000 0.000000000000 0.000000000000 1.000000000000
9 13 38
0.999936640756 0.009185420030 0.006507114005 0.043371065339
-0.009384060386 0.999469609031 0.031183970800 -0.044657499519
-0.006217224821 -0.031243058158 0.999492479928 0.058239347561
0.000000000000 0.000000000000 0.000000000000 1.000000000000
10 30 38
0.999868249185 -0.000525393244 -0.016223693574 0.073133686302
0.001713956149 0.997305945523 0.073334257886 -0.135232891697
0.016141456736 -0.073352402737 0.997175450153 0.072432614018
0.000000000000 0.000000000000 0.000000000000 1.000000000000
11 15 38
0.999432970578 -0.026229119697 0.021113280217 -0.021284824415
0.023684160642 0.993325952308 0.112883183011 -0.336611547037
-0.023933195696 -0.112319124605 0.993383921952 0.075553118904
0.000000000000 0.000000000000 0.000000000000 1.000000000000
11 21 38
0.992195278916 0.012815808927 0.124033396864 -0.357411167447
-0.020023995587 0.998170844377 0.057043886942 -0.161926977766
-0.123075456923 -0.059082319506 0.990637023044 0.092716531668
0.000000000000 0.000000000000 0.000000000000 1.000000000000
11 30 38
0.994365471673 -0.029056485486 0.101946208343 -0.318646723932
0.021034724925 0.996660821759 0.078897064063 -0.299244920506
-0.103898263180 -0.076308105871 0.991656303306 0.051443959160
0.000000000000 0.000000000000 0.000000000000 1.000000000000
12 15 38
0.996857045829 -0.027190229260 0.074409150063 -0.206701826324
0.019966132347 0.995165345244 0.096162826413 -0.271555094335
-0.076664096808 -0.094374928118 0.992580469888 0.057144009725
0.000000000000 0.000000000000 0.000000000000 1.000000000000
12 16 38
0.792968518803 -0.441015416476 0.420364521121 -0.570699817708
0.388636525428 0.897497427491 0.208470666403 -0.546092462221
-0.469214854082 -0.001941668651 0.883081904827 0.257588153907
0.000000000000 0.000000000000 0.000000000000 1.000000000000
12 20 38
-0.853618146940 -0.001460527714 0.520897231778 -1.246859305365
0.249348606938 -0.879126942705 0.406154023530 -1.048810015985
0.457341591628 0.476585444040 0.750802892307 1.064755199510
0.000000000000 0.000000000000 0.000000000000 1.000000000000
12 21 38
0.997679833226 0.031125040408 0.060549006872 -0.217378828635
-0.033238213065 0.998861743546 0.034211671569 -0.067898985632
-0.059415246914 -0.036144835577 0.997578758442 0.009472210961
0.000000000000 0.000000000000 0.000000000000 1.000000000000
12 28 38
-0.345087913616 0.938506845440 0.010919383609 0.220809509942
-0.670657982342 -0.254705783982 0.696665511079 -2.036696765535
0.656606581292 0.233087675927 0.717312994957 1.015668301271
0.000000000000 0.000000000000 0.000000000000 1.000000000000
12 30 38
0.999733405581 0.004657614033 0.022614694254 -0.102615908746
-0.005981146929 0.998250977689 0.058815061202 -0.223473698004
-0.022301202795 -0.058934643244 0.998012707424 0.029670789437
0.000000000000 0.000000000000 0.000000000000 1.000000000000
12 32 38
-0.115197594840 -0.039793140474 0.992545223208 -1.498563850654
0.874139799287 -0.478656568590 0.082264820233 0.324513880301
0.471814715163 0.877099991629 0.089924853283 2.696918792304
0.000000000000 0.000000000000 0.000000000000 1.000000000000
12 37 38
-0.396810245260 0.743303836433 -0.538554580336 1.542347440034
0.872767828397 0.123816314988 -0.472171407286 1.194027201196
-0.284284974933 -0.657395563483 -0.697863257480 4.654844980894
0.000000000000 0.000000000000 0.000000000000 1.000000000000
13 30 38
0.996286040056 -0.012088692580 0.085252506710 -0.299055950283
0.007654353934 0.998609901137 0.052150515031 -0.123842906600
-0.085764428842 -0.051304277247 0.994993635096 0.095411055606
0.000000000000 0.000000000000 0.000000000000 1.000000000000
14 16 38
0.892872465057 0.446242151403 -0.060387941296 0.122164341538
-0.423412376384 0.877610325999 0.224771161905 -0.543778920207
0.153299447709 -0.175122979676 0.972538544903 0.160031416716
0.000000000000 0.000000000000 0.000000000000 1.000000000000
14 28 38
0.503190927992 -0.048425476582 -0.862817398529 2.601657760360
0.863860307147 0.001233154971 0.503729936638 -1.872172650633
-0.023329374686 -0.998826037179 0.042453359469 3.319462468214
0.000000000000 0.000000000000 0.000000000000 1.000000000000
14 30 38
0.994835632164 0.010933923939 0.100908445061 -0.305534116571
-0.010028843003 0.999904844573 -0.009472281011 0.024522535118
-0.101002412275 0.008411367714 0.994850622761 0.008463147438
0.000000000000 0.000000000000 0.000000000000 1.000000000000
15 17 38
0.997641066250 0.009362000117 0.068004822511 -0.187767502853
-0.007376143896 0.999540677580 -0.029394325362 0.086708694706
-0.068248776049 0.028823372740 0.997251882802 -0.013873418268
0.000000000000 0.000000000000 0.000000000000 1.000000000000
15 20 38
0.992738320117 0.003172096514 0.120252091773 -0.282771186992
-0.004841375144 0.999895905489 0.013591882580 -0.044200159069
-0.120196459427 -0.014075368168 0.992650338816 0.128053502104
0.000000000000 0.000000000000 0.000000000000 1.000000000000
15 32 38
0.809080536821 -0.587217455573 -0.023755942578 0.365912262412
0.460425828591 0.658468816049 -0.595337614012 1.155550555925
0.365235186291 0.470738226789 0.803124386715 1.295220151642
0.000000000000 0.000000000000 0.000000000000 1.000000000000
16 19 38
0.993630792291 0.030728875688 0.108413951181 -0.249287232268
-0.031736667057 0.999467505283 0.007582205974 -0.015479962997
-0.108123228660 -0.010974610802 0.994076921240 0.096193920241
0.000000000000 0.000000000000 0.000000000000 1.000000000000
16 20 38
0.993540544722 0.012771677904 0.112756685997 -0.278347871057
-0.013805619104 0.999869467883 0.008393573530 -0.076518520654
-0.112634767610 -0.009896031476 0.993587176692 0.090427331980
0.000000000000 0.000000000000 0.000000000000 1.000000000000
17 30 38
0.999573747022 -0.020120550520 0.021153905351 -0.091075786816
0.019427638072 0.999283999593 0.032466213782 -0.114438742128
-0.021791997240 -0.032041404544 0.999248946585 0.024014542203
0.000000000000 0.000000000000 0.000000000000 1.000000000000
18 31 38
-0.502697372036 -0.666754108643 0.550212968546 -1.940544301852
0.558619397150 -0.736289754011 -0.381866164076 0.742544279869
0.659727005115 0.115396519643 0.742592702616 0.946996309759
0.000000000000 0.000000000000 0.000000000000 1.000000000000
18 32 38
0.805651071808 0.576780946088 0.135092896645 -0.492603298216
-0.565496638976 0.816742646727 -0.114651647712 -0.074993046536
-0.176465015798 0.015974643862 0.984177275166 0.522261206874
0.000000000000 0.000000000000 0.000000000000 1.000000000000
18 33 38
0.981614381337 -0.162278274206 0.100493622055 -0.449610386244
0.155723237464 0.985316791186 0.070007816144 0.638314552604
-0.110378800803 -0.053071486962 0.992471630630 0.213669283814
0.000000000000 0.000000000000 0.000000000000 1.000000000000
18 35 38
0.999877970261 -0.014580023147 0.005609591094 -0.021614894925
0.014530368472 0.999855765777 0.008792953656 0.015308968297
-0.005736983467 -0.008710371229 0.999945606748 0.036824928973
0.000000000000 0.000000000000 0.000000000000 1.000000000000
18 36 38
0.998938941638 0.018166072568 0.042320027023 -0.189848494088
-0.018959317542 0.999650588764 0.018418595556 -0.076574447309
-0.041970646387 -0.019201411182 0.998934317486 0.017945405155
0.000000000000 0.000000000000 0.000000000000 1.000000000000
19 32 38
0.064628224099 -0.997783548626 -0.015848745727 -0.568876298035
0.994296486150 0.065736350834 -0.083983509151 0.986550032709
0.084839202497 -0.010330647136 0.996341099950 0.396054875463
0.000000000000 0.000000000000 0.000000000000 1.000000000000
20 31 38
0.978877274549 0.002168636241 0.204437223590 -0.561703544112
0.002529227894 0.999738772670 -0.022715400651 0.073641715238
-0.204433080441 0.022752657808 0.978616080076 0.116897391993
0.000000000000 0.000000000000 0.000000000000 1.000000000000
21 28 38
0.994380461032 -0.020151420449 0.103929875257 -0.649218376645
0.012864840385 0.997442213884 0.070310211524 0.092382456086
-0.105080895499 -0.068578059294 0.992096293303 0.089361006917
0.000000000000 0.000000000000 0.000000000000 1.000000000000
21 30 38
0.998100981000 -0.010403821509 0.060714020003 -0.227013417134
0.011399457771 0.999805796286 -0.016075511654 -0.020808713866
-0.060534982361 0.016737090859 0.998025744007 -0.057786706481
0.000000000000 0.000000000000 0.000000000000 1.000000000000
22 34 38
-0.992860933976 -0.118644707294 0.012271887180 -0.140959016582
0.111642095658 -0.888151451488 0.445783626548 -1.140121489463
-0.041990573477 0.443971207008 0.895056623397 0.817775683785
0.000000000000 0.000000000000 0.000000000000 1.000000000000
23 25 38
0.999949367450 -0.009309731305 -0.003819874366 0.045974778046
0.009336209107 0.999932101708 0.006973318678 -0.018793546149
0.003754695280 -0.007008628747 0.999968390194 0.032341362806
0.000000000000 0.000000000000 0.000000000000 1.000000000000
23 26 38
0.994307649750 -0.039930501269 0.098781844068 -0.663983672246
0.038331656518 0.999102369079 0.018031644673 -0.044125300522
-0.099413187041 -0.014142530519 0.994945730717 0.086513191241
0.000000000000 0.000000000000 0.000000000000 1.000000000000
23 27 38
0.996982821823 -0.033505367590 0.070018878407 0.151482568992
0.033596790888 0.999435460261 -0.000128121218 -0.031801925582
-0.069975057220 0.002480144270 0.997545658229 -0.047592166595
0.000000000000 0.000000000000 0.000000000000 1.000000000000
23 28 38
0.999442036410 -0.033145946467 -0.004118505755 0.018734943523
0.033169041068 0.999433662416 0.005671784997 -0.128684315346
0.003928176609 -0.005805227234 0.999975434081 -0.012103694528
0.000000000000 0.000000000000 0.000000000000 1.000000000000
24 27 38
0.999853516961 -0.001730705586 -0.017027897097 0.036135785839
0.001599349539 0.999968884573 -0.007724763223 -0.037541828866
0.017040736557 0.007696398117 0.999825174095 -0.024367821923
0.000000000000 0.000000000000 0.000000000000 1.000000000000
25 27 38
0.999709695093 -0.023585557190 0.004924127218 -0.003873761111
0.023661594390 0.999591962095 -0.016001195774 0.004416216749
-0.004544720869 0.016113063249 0.999859847531 -0.042573355181
0.000000000000 0.000000000000 0.000000000000 1.000000000000
26 28 38
0.998105384454 0.005876489602 0.061246292899 -0.192545538941
-0.003667141388 0.999340610510 -0.036123347840 -0.020235485377
-0.061418186215 0.035830309168 0.997468794172 -0.001270356263
0.000000000000 0.000000000000 0.000000000000 1.000000000000
26 30 38
-0.207096978368 0.955996027757 0.207803841311 -0.895807243659
0.938129045351 0.133800542100 0.319392093208 -1.220072780967
0.277533305787 0.261091956687 -0.924557328852 4.662815179000
0.000000000000 0.000000000000 0.000000000000 1.000000000000
26 32 38
0.457206873506 -0.460059739825 -0.761122139090 1.573179570967
0.884930010024 0.150015584303 0.440901578388 -0.354519736445
-0.088660883020 -0.875123054352 0.475708826450 1.337854570097
0.000000000000 0.000000000000 0.000000000000 1.000000000000
26 33 38
0.963041359898 -0.135319966014 -0.232894495265 -0.117525846451
-0.245455640952 -0.084839321279 -0.965688261236 2.281657940814
0.110918291782 0.987163003947 -0.114918824328 3.265465551974
0.000000000000 0.000000000000 0.000000000000 1.000000000000
26 35 38
0.924855409643 0.369342801616 -0.090710342018 1.070766512870
-0.123294562679 0.065543353518 -0.990203271870 2.988492668284
-0.359778990588 0.926978944585 0.106156084272 2.144409937855
0.000000000000 0.000000000000 0.000000000000 1.000000000000
26 37 38
-0.424481169784 -0.904485312829 -0.041497655055 0.177675545694
0.291846122130 -0.180063233501 0.939363120916 -1.666534657126
-0.857112348234 0.386631026713 0.340403983065 1.569741362077
0.000000000000 0.000000000000 0.000000000000 1.000000000000
28 36 38
0.999874541374 -0.014197859468 -0.007022983653 0.058126983946
0.014761881393 0.995999108757 0.088135476476 -0.252991363371
0.005743550350 -0.088228091572 0.996083739194 0.041104926594
0.000000000000 0.000000000000 0.000000000000 1.000000000000
31 34 38
0.257971198057 -0.966151478342 0.001477115266 0.306710755431
0.837265661669 0.222794080680 -0.499348585062 1.745716788816
0.482117281129 0.130054290627 0.866399912700 0.807963007186
0.000000000000 0.000000000000 0.000000000000 1.000000000000
32 35 38
0.823648138789 -0.209048263970 0.527164648665 -1.026674674094
0.379278688854 0.894145992140 -0.238013909092 0.940239580448
-0.421605763304 0.395982029985 0.815749233697 -0.221577532825
0.000000000000 0.000000000000 0.000000000000 1.000000000000
32 37 38
0.791488233586 0.405254242027 0.457509973022 -0.952756464870
-0.520807963444 0.838950177260 0.157865972547 -0.368062482387
-0.319852217919 -0.363223897059 0.875078830333 -0.439232161711
0.000000000000 0.000000000000 0.000000000000 1.000000000000
33 35 38
0.998467682743 -0.031637134508 0.045402403439 -0.111296757616
0.028347940198 0.997048742802 0.071345628906 -0.159314000692
-0.047525580527 -0.069949240150 0.996417795404 -0.079299362774
0.000000000000 0.000000000000 0.000000000000 1.000000000000
33 36 38
0.885456801694 0.456652928693 0.086222706107 -0.601047922477
-0.435525409357 0.880146004681 -0.188840218831 0.066490579221
-0.162123009278 0.129657676824 0.978215220033 -0.190076625060
0.000000000000 0.000000000000 0.000000000000 1.000000000000
33 37 38
0.976420257087 0.083183705980 0.199208314609 -0.189297870185
-0.075655685457 0.996112574603 -0.045121568860 0.096603620987
-0.202187286465 0.028986372276 0.978917816476 -0.282743235202
0.000000000000 0.000000000000 0.000000000000 1.000000000000
