0 12 37
0.999935848108 0.005176747076 -0.010074768362 0.043926424755
-0.005066797428 0.999927663895 0.010908461892 0.057171407141
0.010130509940 -0.010856715284 0.999889746173 0.034971430766
0.000000000000 0.000000000000 0.000000000000 1.000000000000
0 13 37
0.996066162521 0.010692204008 0.087965201377 -0.229968495552
-0.015280930244 0.998547898227 0.051658378963 -0.131619860966
-0.087285125026 -0.052799353402 0.994783159904 0.015394966170
0.000000000000 0.000000000000 0.000000000000 1.000000000000
0 14 37
0.998324138185 0.038606327566 0.043109936075 -0.333564368022
0.021442643973 0.445144445672 -0.895202008212 1.157030982278
-0.053750610563 0.894626164361 0.443570623356 1.670689027185
0.000000000000 0.000000000000 0.000000000000 1.000000000000
0 18 37
0.999514035988 -0.030209106011 0.007687768007 0.015258099874
0.029958667333 0.999075362092 0.030836652088 -0.137215032448
-0.008612207298 -0.030591351301 0.999494871978 0.058717835511
0.000000000000 0.000000000000 0.000000000000 1.000000000000
0 25 37
0.057608780882 -0.060108516160 0.996528070177 -1.875720857450
-0.379157749302 -0.924712414034 -0.033857827384 -0.976162082610
0.923537021190 -0.375890832046 -0.076062164540 2.899662370174
0.000000000000 0.000000000000 0.000000000000 1.000000000000
0 32 37
-0.223896043409 0.271532120908 0.936023968208 -0.564774886421
-0.913528172098 -0.393131056851 -0.104471292334 -0.431524517849
0.339612780280 -0.878474973721 0.336072730249 1.766946831684
0.000000000000 0.000000000000 0.000000000000 1.000000000000
1 4 37
0.997484608042 -0.003955441989 0.070772955278 -0.141877053841
0.002832955783 0.999868717745 0.015953734247 -0.029197317038
-0.070826768115 -0.015713107700 0.997364861605 0.087183737430
0.000000000000 0.000000000000 0.000000000000 1.000000000000
1 20 37
-0.722351738899 0.486570195446 0.491383160286 -0.552847803392
-0.656274995192 -0.706326848500 -0.265340373435 0.741670361968
0.217970401648 -0.514151561306 0.829540279922 1.147742300148
0.000000000000 0.000000000000 0.000000000000 1.000000000000
2 15 37
-0.369616446646 0.928952420412 0.020762537885 0.843712435636
-0.894425073712 -0.361755337468 0.262938896569 -0.828985726174
0.251768683287 0.078616006157 0.964589059492 0.148987046261
0.000000000000 0.000000000000 0.000000000000 1.000000000000
2 25 37
0.885943081022 0.074370157103 0.457792460534 0.235608692997
0.233784662712 0.780877470569 -0.579288449254 0.807454781270
-0.400561591606 0.620241449510 0.674426390082 1.963152886498
0.000000000000 0.000000000000 0.000000000000 1.000000000000
2 26 37
-0.154925221473 -0.800982816455 -0.578294651104 0.094372339769
0.987908018173 -0.129158018293 -0.085766858046 -0.317214107180
-0.005993611610 -0.584589372170 0.811307181385 1.487949295384
0.000000000000 0.000000000000 0.000000000000 1.000000000000
2 28 37
0.790123248060 -0.430983497653 0.435842262322 -0.063954109856
0.148057808442 -0.555807445818 -0.818020151667 1.117149967478
0.594797560717 0.710866589399 -0.375345912248 3.011786923317
0.000000000000 0.000000000000 0.000000000000 1.000000000000
2 31 37
0.181737470819 0.970190345123 -0.160319012998 0.267306887627
-0.543536180735 0.234974612895 0.805825881644 -1.533947843142
0.819475388241 -0.059309573626 0.570037246630 1.587036448936
0.000000000000 0.000000000000 0.000000000000 1.000000000000
3 5 37
0.999981139825 -0.004900817513 0.003701618927 -0.003957020923
0.004950470451 0.999896265220 -0.013525961731 0.060815493822
-0.003634946670 0.013544031384 0.999901668354 -0.013797215039
0.000000000000 0.000000000000 0.000000000000 1.000000000000
3 11 37
0.998811346739 0.047303263017 -0.011759886632 0.050859752859
-0.047683429259 0.998267301018 -0.034477330109 0.097069892968
0.010108620074 0.034997100241 0.999336289131 0.007600115502
0.000000000000 0.000000000000 0.000000000000 1.000000000000
3 18 37
0.999622314436 0.004685837498 0.027078984645 -0.065177494273
-0.004475351636 0.999959342719 -0.007828418488 -0.009803218065
-0.027114566384 0.007704273829 0.999602643281 -0.006124192727
0.000000000000 0.000000000000 0.000000000000 1.000000000000
3 21 37
0.999861282904 0.013526211383 -0.009718876203 0.025810766937
-0.014087131177 0.998088511629 -0.060173712615 0.145434444816
0.008886376327 0.060302276576 0.998140605203 -0.005997580207
0.000000000000 0.000000000000 0.000000000000 1.000000000000
3 22 37
0.998500211489 0.017268332182 0.051953174678 -0.078367301978
-0.019281879041 0.999072214029 0.038508704163 -0.146933236143
-0.051239992156 -0.039452704081 0.997906782893 -0.028243804301
0.000000000000 0.000000000000 0.000000000000 1.000000000000
3 25 37
-0.206486707452 -0.955456983203 -0.210867714209 -0.262449220961
0.836191421352 -0.060409102821 -0.545100584438 -0.343143898298
0.508081830519 -0.288881798571 0.811418609566 1.438909394580
0.000000000000 0.000000000000 0.000000000000 1.000000000000
3 26 37
-0.063493442852 -0.981973724648 0.178034229334 -0.074119526502
0.986992410862 -0.088188626830 -0.134420039425 -0.289764405402
0.147697540995 0.167183642135 0.974800013432 1.277529718170
0.000000000000 0.000000000000 0.000000000000 1.000000000000
3 29 37
-0.954612907975 0.109133042712 -0.277135661571 -0.210435303832
0.068804157787 -0.824491119191 -0.561676403497 -0.359806733244
-0.289793346711 -0.555251630671 0.779561057800 0.893673085230
0.000000000000 0.000000000000 0.000000000000 1.000000000000
4 11 37
0.517120372819 0.496845300281 -0.696944235649 1.212231888002
-0.755957017601 0.646988377860 -0.099674602856 0.746831169703
0.401391962496 0.578403653604 0.710164562577 0.839662018504
0.000000000000 0.000000000000 0.000000000000 1.000000000000
4 20 37
-0.215120502110 0.289879076823 -0.932573477208 2.253521242407
0.973913354401 -0.006940876965 -0.226814025903 -0.265112198460
-0.072221518205 -0.957038110552 -0.280823979141 2.851564569069
0.000000000000 0.000000000000 0.000000000000 1.000000000000
5 16 37
0.999354313979 0.016570723381 -0.031880499640 -0.001440959525
-0.015540375341 0.999357403173 0.032299805857 0.003477421111
0.032395244480 -0.031783515393 0.998969647329 -0.011183507156
0.000000000000 0.000000000000 0.000000000000 1.000000000000
5 26 37
-0.657837329933 -0.745533298557 -0.106911870672 0.154037140758
0.529868159913 -0.357239363305 -0.769168232844 1.426233638384
0.535247401168 -0.562636772748 0.630039745963 1.024779838826
0.000000000000 0.000000000000 0.000000000000 1.000000000000
5 31 37
0.462636798060 -0.573401281348 -0.676149512777 1.702344838332
-0.879724020411 -0.391366849360 -0.270032659386 0.068993311497
-0.109785431615 0.719752012688 -0.685495586592 2.730153767261
0.000000000000 0.000000000000 0.000000000000 1.000000000000
6 26 37
-0.345094359730 -0.901803569774 -0.260115751972 0.170861797094
0.691832903978 -0.057127547174 -0.719794190257 0.966161763865
0.634253195384 -0.428353551281 0.643611776811 0.960903371702
0.000000000000 0.000000000000 0.000000000000 1.000000000000
7 20 37
0.997650638252 -0.068323596715 -0.005009004635 0.050184770651
0.068339654054 0.997657272863 0.003107666019 0.067964142629
0.004784942985 -0.003442678631 0.999982625991 0.012829454189
0.000000000000 0.000000000000 0.000000000000 1.000000000000
7 21 37
0.604572020358 -0.692163867163 -0.394210417407 0.486982425311
-0.151477323063 -0.585768874403 0.796196864084 -2.268172949058
-0.782014892951 -0.421644407970 -0.458986601581 2.588465299868
0.000000000000 0.000000000000 0.000000000000 1.000000000000
8 28 37
-0.143717426278 0.783291917142 0.604813255413 -0.069007598722
-0.923588896188 -0.325664788527 0.202301745798 -0.842022243329
0.355427703230 -0.529524520730 0.770243422382 1.756406773814
0.000000000000 0.000000000000 0.000000000000 1.000000000000
8 29 37
-0.829390161412 0.425049854313 0.362552867182 0.106597136533
0.556722920477 0.682952560406 0.472901036213 -0.485878892775
-0.046599892378 0.594060957801 -0.803069130553 3.731519066390
0.000000000000 0.000000000000 0.000000000000 1.000000000000
8 31 37
0.720517698544 -0.495420740792 -0.485193297231 1.600970234440
0.319518934536 0.858182878750 -0.401783271297 0.261242322457
0.615436346471 0.134463512573 0.776632259972 1.766514062781
0.000000000000 0.000000000000 0.000000000000 1.000000000000
9 20 37
-0.412730805826 0.910675378544 0.017989909252 -0.018970806211
0.903639111381 0.411862939510 -0.117495852866 -0.204440955351
-0.114409957192 -0.032237772424 -0.992910412739 4.402851649791
0.000000000000 0.000000000000 0.000000000000 1.000000000000
9 28 37
-0.463991035938 -0.645765254588 -0.606382350118 0.023333577813
0.872316091028 -0.213923795084 -0.439660377144 0.998264519418
0.154197781770 -0.732955555176 0.662570145898 1.697542634936
0.000000000000 0.000000000000 0.000000000000 1.000000000000
9 29 37
-0.440307237856 0.894737187564 -0.074665262881 0.086387758091
-0.887367498185 -0.446329351264 -0.115624536174 -0.022304400313
-0.136778870654 0.015345207373 0.990482743491 1.177383588546
0.000000000000 0.000000000000 0.000000000000 1.000000000000
9 31 37
-0.599500723694 -0.130293180204 -0.789697770976 0.640004071408
0.797608542703 -0.015303406804 -0.602981275287 1.119046525498
0.066479281719 -0.991357399192 0.113097357040 2.234573589646
0.000000000000 0.000000000000 0.000000000000 1.000000000000
10 26 37
-0.696265499210 0.131737607452 -0.705591636424 1.428330220660
0.590114374538 0.664683630594 -0.458214683510 0.471214961177
0.408631104511 -0.735418842567 -0.540536535697 2.248448783980
0.000000000000 0.000000000000 0.000000000000 1.000000000000
10 34 37
-0.587151282582 0.259230434788 0.766846107797 -0.750114548945
0.090912411754 -0.920223559677 0.380688236757 -0.639315067146
0.804355832174 0.293237415580 0.516743179298 1.700965145983
0.000000000000 0.000000000000 0.000000000000 1.000000000000
11 19 37
-0.567534506923 -0.665424620734 0.484886231576 0.055623978978
0.819644717113 -0.512418469262 0.256144197805 -1.136794018710
0.078020004873 0.542805109114 0.836226938313 0.329608001976
0.000000000000 0.000000000000 0.000000000000 1.000000000000
11 26 37
0.977387370589 0.161064205104 0.137011859514 1.386854582407
0.206234744461 -0.869186840159 -0.449423483000 0.262870288630
0.046702869191 0.467517442165 -0.882749275434 2.265473225917
0.000000000000 0.000000000000 0.000000000000 1.000000000000
11 29 37
-0.181235172027 0.415656022322 0.891282157079 -0.099781527570
-0.871856052484 -0.487210527767 0.049929203673 -1.035575620867
0.454995424337 -0.768020815304 0.450691902626 1.060422299768
0.000000000000 0.000000000000 0.000000000000 1.000000000000
11 30 37
0.501335829965 -0.847359226109 -0.175056355276 1.009439334036
0.860249065666 0.509855698101 -0.004325752448 -0.271111964193
0.092918946474 -0.148423411371 0.984548912113 0.695877487991
0.000000000000 0.000000000000 0.000000000000 1.000000000000
12 35 37
-0.902798648800 0.377796774068 -0.205485272532 0.810285686329
-0.266462322836 -0.866422452081 -0.422267646214 0.507236695832
-0.337568408227 -0.326468577407 0.882873625007 0.786382869789
0.000000000000 0.000000000000 0.000000000000 1.000000000000
13 32 37
-0.827260082661 0.548078546924 0.123493570837 -0.784031025003
-0.228828296742 -0.529452907531 0.816894870419 -0.640357502998
0.513106583710 0.647525694554 0.563411136423 1.764866258612
0.000000000000 0.000000000000 0.000000000000 1.000000000000
15 21 37
0.998254476702 -0.037167115618 -0.045897769685 0.121288494875
0.036212951070 0.999113898053 -0.021448563852 0.108218171623
0.046654280835 0.019749031197 0.998715852406 0.021400918222
0.000000000000 0.000000000000 0.000000000000 1.000000000000
15 25 37
0.806902229057 0.535850019240 -0.248542852691 0.128025988775
-0.536267485705 0.840964554672 0.072081908697 -0.759642632803
0.247640821592 0.075122397900 0.965935116255 1.085433064091
0.000000000000 0.000000000000 0.000000000000 1.000000000000
15 28 37
-0.444761795529 0.809762225638 0.382716713989 -0.849364117842
-0.883545611729 -0.466689056994 -0.039350680758 -0.483648675320
0.146745007517 -0.355649352610 0.923027323949 0.590848200549
0.000000000000 0.000000000000 0.000000000000 1.000000000000
15 32 37
-0.878934233320 0.476443153932 -0.021829671740 -0.392479196717
-0.457062071733 -0.828337002647 0.323963072938 -0.393547963873
0.136267663370 0.294719750127 0.945817843353 0.726491347415
0.000000000000 0.000000000000 0.000000000000 1.000000000000
15 34 37
0.964425776968 -0.046489358533 0.260233856872 -0.218216714951
0.029727051512 0.997243456707 0.067983751475 -0.371153414124
-0.262677031976 -0.057829297069 0.963149287117 0.522106313411
0.000000000000 0.000000000000 0.000000000000 1.000000000000
15 35 37
-0.067559651800 0.419688018134 0.905150628836 -1.231402538191
0.117367656726 -0.897581224622 0.424938558338 -1.349779817029
0.990787831275 0.134944109328 0.011382475754 2.031545470516
0.000000000000 0.000000000000 0.000000000000 1.000000000000
16 19 37
-0.700053366210 0.666976823937 0.255082733224 0.219573859358
-0.587773771127 -0.741058298161 0.324583722176 -0.004639645092
0.405520996293 0.077294987270 0.910811839245 0.053686407096
0.000000000000 0.000000000000 0.000000000000 1.000000000000
17 24 37
0.430223003700 0.839276879400 0.332449224383 -0.609553985892
-0.549697597091 -0.048558332144 0.833951221674 -1.613539643476
0.716059158757 -0.541531539326 0.440457572391 2.014563471871
0.000000000000 0.000000000000 0.000000000000 1.000000000000
17 26 37
0.092529124384 0.210708580037 -0.973159933125 1.306099196155
-0.981410978930 0.184339009390 -0.053400562290 -1.036804748030
0.168139381397 0.960010949894 0.223848440932 2.084650442712
0.000000000000 0.000000000000 0.000000000000 1.000000000000
18 22 37
0.999952136313 0.008723050595 -0.004430967419 0.067475944426
-0.008538985210 0.999163729632 0.039986586754 -0.067541481024
0.004776066952 -0.039946836883 0.999190391971 -0.013917495347
0.000000000000 0.000000000000 0.000000000000 1.000000000000
18 26 37
0.090408893244 -0.824344062617 -0.558822958056 0.820905371709
-0.927873823198 -0.273553078297 0.253414446271 -0.042190649990
-0.361768434564 0.495606274962 -0.789618908063 3.106552266904
0.000000000000 0.000000000000 0.000000000000 1.000000000000
18 29 37
0.344125666346 0.872757373189 0.346225494881 -0.398206619492
0.922470457648 -0.382999058252 0.048579585677 0.230285626255
0.175002230068 0.302665308420 -0.936892699593 3.826712637334
0.000000000000 0.000000000000 0.000000000000 1.000000000000
18 36 37
0.227187922443 -0.926932057292 -0.298634574455 1.237483602162
0.488324984283 0.373746513262 -0.788576092428 1.758149731880
0.842570090627 0.033324240249 0.537554776177 1.400863670105
0.000000000000 0.000000000000 0.000000000000 1.000000000000
19 23 37
0.999846625393 -0.011256508657 -0.013417030350 0.080554532750
0.009720221367 0.993936331104 -0.109526649765 0.177086911624
0.014568561601 0.109379434653 0.993893302265 -0.026077548825
0.000000000000 0.000000000000 0.000000000000 1.000000000000
19 26 37
0.669183249452 -0.111765753645 -0.734644264229 0.716669642610
-0.006147646608 0.987757929275 -0.155873280570 0.765404311040
0.743071991865 0.108824121714 0.660303964428 1.557867946296
0.000000000000 0.000000000000 0.000000000000 1.000000000000
19 29 37
0.925219243045 0.284242245364 0.251347763563 0.027105534950
-0.296258707861 0.955050033480 0.010498169725 0.673308872505
-0.237065666671 -0.084177072304 0.967839909378 0.751349170447
0.000000000000 0.000000000000 0.000000000000 1.000000000000
20 26 37
-0.959019877378 -0.197037169636 -0.203610482481 0.339451438457
0.008990942853 -0.739412079302 0.673193092603 -0.547571343508
-0.283196111804 0.643774906907 0.710882431556 1.145931120658
0.000000000000 0.000000000000 0.000000000000 1.000000000000
20 28 37
0.986280527019 -0.135859651110 0.093770342977 0.693830746591
0.136200080148 0.990677422316 0.002789817356 0.532902388524
-0.093275185282 0.010019985697 0.995589945559 0.441350645215
0.000000000000 0.000000000000 0.000000000000 1.000000000000
20 34 37
-0.409559594889 -0.878035687393 -0.247617184173 0.373932134662
0.894118215062 -0.440230507484 0.082156666040 -0.014391616044
-0.181145123390 -0.187750983871 0.965368329875 0.228428436066
0.000000000000 0.000000000000 0.000000000000 1.000000000000
21 26 37
0.890441730230 0.225142067876 -0.395505466887 1.270808829586
0.124961097614 -0.956610189811 -0.263214112143 -1.146258751125
-0.437605129252 0.184954032183 -0.879939632492 2.378024079409
0.000000000000 0.000000000000 0.000000000000 1.000000000000
21 28 37
0.896942569772 -0.421200641982 -0.134476933800 0.592362038581
-0.267938488959 -0.275853744562 -0.923100036694 0.706276426188
0.351714362323 0.863999265512 -0.360280830090 3.092270208397
0.000000000000 0.000000000000 0.000000000000 1.000000000000
21 31 37
0.174808024642 -0.562105244452 0.808381004651 -0.479223949775
0.636951368631 0.690642732603 0.342499007154 -0.560084983555
-0.750822954177 0.455027812406 0.478763596588 0.936493186938
0.000000000000 0.000000000000 0.000000000000 1.000000000000
21 32 37
0.041726240676 -0.860344276402 -0.508002605211 0.515612556165
-0.998905256815 -0.025160549842 -0.039436463328 -1.318399477801
0.021147310637 0.509092008182 -0.860452275526 3.380607222762
0.000000000000 0.000000000000 0.000000000000 1.000000000000
21 33 37
0.895295776763 0.379055421445 0.234013802120 -0.383502116099
-0.396679988050 0.439332566583 0.805997446039 -1.531878481007
0.202707817290 -0.814434701749 0.543696291505 1.689522999805
0.000000000000 0.000000000000 0.000000000000 1.000000000000
21 34 37
-0.543646200161 -0.184461718556 -0.818793431482 1.129715941006
-0.258493523650 0.964928822543 -0.045754405877 -0.191287740841
0.798517318085 0.186778590349 -0.572262047410 2.930073675617
0.000000000000 0.000000000000 0.000000000000 1.000000000000
21 36 37
-0.742379518357 -0.403281579296 0.535010858324 -0.104151649348
0.534246633700 -0.838207456701 0.109493350989 -0.406799948890
0.404293439355 0.367113371222 0.837719874161 0.683419301980
0.000000000000 0.000000000000 0.000000000000 1.000000000000
22 26 37
0.231611977328 -0.969347534017 0.081983231529 -0.193351499122
0.963474116999 0.240220014185 0.118372170114 -0.106471917731
-0.134437784237 0.051572309226 0.989579091882 1.450199143083
0.000000000000 0.000000000000 0.000000000000 1.000000000000
22 29 37
0.968199998925 0.186190179907 -0.167098710315 0.114867753201
-0.171307639547 0.980172902569 0.099572956684 -0.448568581123
0.182325134623 -0.067781250919 0.980899203440 0.924608222512
0.000000000000 0.000000000000 0.000000000000 1.000000000000
22 32 37
0.470058804337 -0.806785846993 -0.357968319207 0.201182715475
0.879411895166 0.462723849970 0.111898870907 -0.255245863737
0.075362053489 -0.367400647468 0.927004490353 0.969148179350
0.000000000000 0.000000000000 0.000000000000 1.000000000000
23 28 37
0.857702144494 -0.246567772686 0.451166670758 0.181860785444
0.109416470417 -0.769869707278 -0.628751675797 1.339993995107
0.502369453023 0.588646725370 -0.633340323507 3.246139066428
0.000000000000 0.000000000000 0.000000000000 1.000000000000
25 34 37
0.098498131501 -0.893596145912 -0.437931554129 0.083959280914
0.695172771605 -0.253102784959 0.672810372887 -0.959883623105
-0.712062452113 -0.370708656841 0.596273558053 -0.289365298612
0.000000000000 0.000000000000 0.000000000000 1.000000000000
26 28 37
-0.166171095963 -0.679736047212 -0.714385101319 0.239848470644
0.981501443057 -0.183871014921 -0.053351355638 0.808419239130
-0.095089874029 -0.710035461082 0.697715959302 -0.255344090056
0.000000000000 0.000000000000 0.000000000000 1.000000000000
26 29 37
0.458119544832 0.883776342298 -0.095214806815 -0.127082441557
-0.842383589370 0.465846714743 0.270881388660 -0.381967055399
0.283754067816 -0.043888667751 0.957892172346 -0.450634505310
0.000000000000 0.000000000000 0.000000000000 1.000000000000
26 31 37
-0.292690458598 -0.853318183662 0.431486237183 -1.053342758070
0.197139618489 -0.495403716632 -0.845997120781 0.789567617125
0.935664612063 -0.162552253072 0.313222762189 0.434787352681
0.000000000000 0.000000000000 0.000000000000 1.000000000000
26 32 37
0.990056874243 0.132629759067 0.046869315902 -0.277897049228
-0.139977996381 0.961860337852 0.235012448599 -0.593693679851
-0.013912091593 -0.239236363200 0.970861687487 -0.556233472310
0.000000000000 0.000000000000 0.000000000000 1.000000000000
26 33 37
0.933065634891 0.263090953682 -0.245299146098 -0.040255351479
-0.251712859897 0.964715925955 0.077225762351 -1.133334946738
0.256961392331 -0.010311755383 0.966366654305 -0.686942984716
0.000000000000 0.000000000000 0.000000000000 1.000000000000
26 34 37
0.378005299454 0.912519556988 0.156269164259 -0.288113699504
-0.786970779998 0.227803405262 0.573395674889 -0.743574147983
0.487636119473 -0.339725869878 0.804237121949 -0.450934297700
0.000000000000 0.000000000000 0.000000000000 1.000000000000
26 35 37
0.487595907655 -0.374418990114 -0.788708216440 0.548100041659
0.324048553712 0.916457256181 -0.234730978848 -0.575265073750
0.810705104015 -0.141125892152 0.568190739883 -0.306865967433
0.000000000000 0.000000000000 0.000000000000 1.000000000000
28 31 37
0.995214863776 -0.069356930042 0.068825803120 -0.130665934039
0.077402827840 0.989494041289 -0.122107921513 0.293325929071
-0.059633691504 0.126850930265 0.990127600024 0.020694050571
0.000000000000 0.000000000000 0.000000000000 1.000000000000
28 34 37
-0.960138858191 -0.172294094835 -0.220109331644 -0.305183782352
0.183142569613 -0.982637292458 -0.029711120245 0.065668620783
-0.211168587123 -0.068838189661 0.975022631254 0.084775845172
0.000000000000 0.000000000000 0.000000000000 1.000000000000
29 32 37
0.968683180220 -0.130561486818 0.211202733220 -0.350668769700
0.139735064104 0.989762890833 -0.029043618735 0.040785024307
-0.205248649739 0.057646492427 0.977010682486 0.012869515118
0.000000000000 0.000000000000 0.000000000000 1.000000000000
29 33 37
0.984370874030 0.162307586917 -0.068339078066 0.076584360400
-0.175366200586 0.938988711857 -0.295883245043 -0.400033786391
0.016145527370 0.303243213006 0.952776403839 -0.353166553866
0.000000000000 0.000000000000 0.000000000000 1.000000000000
30 32 37
-0.640094827379 -0.327292913543 -0.695095648604 0.267134397531
-0.405977703370 0.912186516017 -0.055658461740 0.737491715780
0.652273498104 0.246566641583 -0.716759495877 2.718678296361
0.000000000000 0.000000000000 0.000000000000 1.000000000000
30 33 37
0.986491154636 -0.038688225613 0.159180473125 -0.251558265941
0.012527686625 0.986683031884 0.162171673419 -0.249521891548
-0.163334806129 -0.157986758276 0.973838757350 0.050685240380
0.000000000000 0.000000000000 0.000000000000 1.000000000000
31 35 37
0.358395527693 0.529355024307 0.768983682512 -1.211537206269
-0.420068329795 0.827046608600 -0.373545854622 0.234550668960
-0.833723721644 -0.189148527467 0.518775086645 0.549624161932
0.000000000000 0.000000000000 0.000000000000 1.000000000000
