0 23 60
0.995340244850 -0.087452957167 -0.040617450258 0.124302476742
0.087728667892 0.996131594196 0.005052511634 -0.018180715902
0.040018468395 -0.008592282971 0.999161996305 -0.009933775114
0.000000000000 0.000000000000 0.000000000000 1.000000000000
0 26 60
0.999605799332 0.015158020754 -0.023632188822 0.038377535037
-0.013779138695 0.998252896565 0.057456851948 -0.135749385540
0.024461833098 -0.057108571211 0.998068249077 0.044299732101
0.000000000000 0.000000000000 0.000000000000 1.000000000000
0 36 60
0.999849740159 -0.011731730272 0.012761802691 -0.036471541679
0.010968243317 0.998236851776 0.058334255752 -0.140671445785
-0.013423663495 -0.058185515899 0.998215533338 0.022058869045
0.000000000000 0.000000000000 0.000000000000 1.000000000000
0 47 60
0.979983340760 0.139682889600 0.141849716898 0.717621554017
-0.151237677929 0.985709486480 0.074188766248 -0.387938922396
-0.129459710357 -0.094156776793 0.987104191450 0.158158646319
0.000000000000 0.000000000000 0.000000000000 1.000000000000
0 50 60
0.999406970405 0.024121091089 0.024573979562 -0.050269772229
-0.024188272221 0.999704442728 0.002440220719 0.034608942547
-0.024507855757 -0.003033175703 0.999695035924 0.000048557411
0.000000000000 0.000000000000 0.000000000000 1.000000000000
1 8 60
0.658942085325 -0.562695793528 0.499168080044 -0.389371072868
0.372138445617 0.820585176014 0.433766003969 -0.766465594717
-0.653688232632 -0.100067041790 0.750118845028 0.797287845605
0.000000000000 0.000000000000 0.000000000000 1.000000000000
1 20 60
0.080251767415 -0.127895345064 0.988535499888 -0.366738928130
0.040873471228 0.991322315447 0.124937689452 -0.004633916239
-0.995936249554 0.030378406918 0.084782894599 1.640284744238
0.000000000000 0.000000000000 0.000000000000 1.000000000000
1 21 60
-0.643815772770 -0.250707568631 -0.722943265938 1.549663666985
0.706558560013 0.167896422219 -0.687448756403 1.160324483120
0.293728194094 -0.953392105294 0.069045213860 3.179496857803
0.000000000000 0.000000000000 0.000000000000 1.000000000000
1 22 60
-0.282909504547 -0.941012270110 0.185628984102 -0.567151002441
-0.627556861175 0.035243595909 -0.777772637047 1.409332436808
0.725351361913 -0.336532014003 -0.600509454815 2.993995097907
0.000000000000 0.000000000000 0.000000000000 1.000000000000
1 30 60
0.997036514988 0.064563728812 -0.041829567329 0.091180629862
-0.063592899395 0.997683927754 0.024139665440 -0.073470160871
0.043291233842 -0.021408064437 0.998833101098 0.012642284662
0.000000000000 0.000000000000 0.000000000000 1.000000000000
1 56 60
-0.924006901339 0.160824067244 0.346910457716 -0.447644927170
0.186610632776 -0.602209838366 0.776221477615 -1.192628107310
0.333747985780 0.781971182315 0.526434565749 1.256774211212
0.000000000000 0.000000000000 0.000000000000 1.000000000000
2 13 60
0.839870782719 -0.106357202711 0.532264233032 -1.114108730542
-0.409951282130 0.518411182809 0.750459720317 -0.947338510893
-0.355748527213 -0.848491597465 0.391797134262 1.088424747330
0.000000000000 0.000000000000 0.000000000000 1.000000000000
2 21 60
-0.869905817066 -0.175603566805 -0.460898314989 0.391096398725
0.249807655032 0.648879390061 -0.718715293174 1.073265582660
0.425276386508 -0.740350541622 -0.520596840750 3.448617188195
0.000000000000 0.000000000000 0.000000000000 1.000000000000
2 23 60
0.999805589832 -0.019054425058 0.005070643600 -0.001548994753
0.019132321082 0.999692351495 -0.015784696753 0.017519624996
-0.004768315302 0.015878641229 0.999862556516 0.002826791346
0.000000000000 0.000000000000 0.000000000000 1.000000000000
2 24 60
0.812914110435 0.484615303185 0.322983988727 -0.765745147199
-0.580748220962 0.716078000701 0.387251598786 -1.245554797859
-0.043613677952 -0.502374665793 0.863549386118 0.457993798947
0.000000000000 0.000000000000 0.000000000000 1.000000000000
2 47 60
0.998882690127 0.010772811928 0.046014322634 -0.114272387780
-0.009150801968 0.999334283938 -0.035316451810 0.129981542428
-0.046364147654 0.034855924436 0.998316297745 -0.048175506114
0.000000000000 0.000000000000 0.000000000000 1.000000000000
2 56 60
-0.155032649164 0.977786995633 -0.141058388138 -0.146951405866
-0.470779930006 0.052406959923 0.880692777338 -1.520670517564
0.868522386123 0.202943592465 0.452197703533 2.025042097998
0.000000000000 0.000000000000 0.000000000000 1.000000000000
2 59 60
0.995491694780 -0.052638785759 -0.078901481978 0.140878103732
0.064704973692 0.985131843787 0.159149353555 -0.311829036639
0.069350933693 -0.163537178009 0.984096560000 0.072071870013
0.000000000000 0.000000000000 0.000000000000 1.000000000000
3 19 60
-0.328530708872 0.214980174849 0.919701635178 -0.493722417825
0.359473991212 -0.872006079860 0.332240645209 -0.082640608871
0.873410569532 0.439760072209 0.209200994072 1.964939057536
0.000000000000 0.000000000000 0.000000000000 1.000000000000
4 34 60
0.997873836336 -0.055501571757 -0.034166976566 0.131933244297
0.053136800613 0.996363115285 -0.066610981980 0.206270091777
0.037739729407 0.064653832310 0.997193860186 -0.007215987533
0.000000000000 0.000000000000 0.000000000000 1.000000000000
4 51 60
0.997522073250 -0.000850129871 0.070349062958 -0.160729327993
0.000944137698 0.999998705312 -0.001303065319 0.060265977798
-0.070347864103 0.001366255621 0.997521584409 0.052290856385
0.000000000000 0.000000000000 0.000000000000 1.000000000000
5 14 60
0.125793567308 0.516802299071 0.846812471625 -2.395313723776
0.913454599976 0.272655269935 -0.302092365940 0.667594048812
-0.387009912285 0.811526023891 -0.437777158314 3.540045186195
0.000000000000 0.000000000000 0.000000000000 1.000000000000
5 19 60
-0.520089352764 0.086054698476 0.849765646524 -1.649825932332
-0.424824094518 0.837050848718 -0.344775819016 0.912727067688
-0.740966634781 -0.540315153898 -0.398783124781 3.033620549505
0.000000000000 0.000000000000 0.000000000000 1.000000000000
6 42 60
-0.590054235369 -0.423457757020 0.687400558148 -0.642858709318
0.325772520370 0.654149977594 0.682612680651 -0.950549352776
-0.738720694372 0.626714715667 -0.248033064071 3.029307169078
0.000000000000 0.000000000000 0.000000000000 1.000000000000
7 29 60
0.064311877213 -0.779208852393 0.623456130616 -0.388547651893
0.956036268100 0.227225777918 0.185372867288 -0.226917519572
-0.286109483461 0.584124995358 0.759565239641 1.130258785359
0.000000000000 0.000000000000 0.000000000000 1.000000000000
7 30 60
-0.967675284018 0.238472794113 0.082068697871 0.543468285317
0.250385852963 0.869472446485 0.425822250992 -1.198724228416
0.030190550473 0.432606508587 -0.901077210560 4.796825491631
0.000000000000 0.000000000000 0.000000000000 1.000000000000
7 51 60
0.997019563372 -0.035047444499 0.068728937774 -0.158677530526
0.038216534993 0.998239875370 -0.045350277549 0.086664032965
-0.067018554943 0.047841695776 0.996604076571 -0.011565128758
0.000000000000 0.000000000000 0.000000000000 1.000000000000
8 15 60
0.816124697301 0.113244588847 -0.566671105274 1.609630813667
0.574561194199 -0.263895182139 0.774750777324 -1.264094966719
-0.061805441303 -0.957880470591 -0.280437321847 2.370238943493
0.000000000000 0.000000000000 0.000000000000 1.000000000000
8 19 60
0.181356526700 0.766745257685 0.615801526501 -0.070960030686
-0.674311618114 0.552755808286 -0.489657899031 0.792088557869
-0.715830742494 -0.326439467932 0.617271108895 1.024924716378
0.000000000000 0.000000000000 0.000000000000 1.000000000000
8 20 60
0.190672027915 -0.973242650750 -0.128229951776 0.336476641931
0.936317587783 0.219546700177 -0.274059521364 0.808098120877
0.294878877811 -0.067808474419 0.953125625622 0.777099775464
0.000000000000 0.000000000000 0.000000000000 1.000000000000
8 34 60
0.996441157733 0.058157946400 0.061013707041 -0.163922416362
-0.061575667681 0.996546103852 0.055716245805 -0.104513580325
-0.057562629596 -0.059274920223 0.996580667837 0.025465723106
0.000000000000 0.000000000000 0.000000000000 1.000000000000
8 43 60
0.999733764833 0.000722471196 0.023062469241 -0.048038358915
-0.001794242327 0.998917342907 0.046485726137 -0.106223453490
-0.023003915897 -0.046514729660 0.998652692270 0.000815220207
0.000000000000 0.000000000000 0.000000000000 1.000000000000
9 20 60
0.989070711513 0.139792078487 -0.046875392480 -0.204537205181
0.019874086181 -0.441425264074 -0.897077899034 1.672099002658
-0.146096366575 0.886341870290 -0.439379039833 3.059514986385
0.000000000000 0.000000000000 0.000000000000 1.000000000000
9 36 60
0.997433745177 0.056901231181 0.043453122690 -0.139603965054
-0.057250876921 0.998336365311 0.006843887044 -0.029729300196
-0.042991406969 -0.009314053265 0.999032025182 -0.039085566189
0.000000000000 0.000000000000 0.000000000000 1.000000000000
10 19 60
0.621492199531 -0.561749252038 0.546063388040 -1.447582097610
-0.306078358823 -0.815734347155 -0.490809039375 0.675688782342
0.721154272111 0.137895803806 -0.678911822779 3.943181268036
0.000000000000 0.000000000000 0.000000000000 1.000000000000
10 20 60
0.838407277386 0.500794736127 -0.215122917175 -0.492352615428
-0.267148704728 0.721603775398 0.638685807651 -0.869959129851
0.475083999718 -0.478009020416 0.738784521774 2.237068278263
0.000000000000 0.000000000000 0.000000000000 1.000000000000
10 21 60
0.818380539619 -0.403086731285 -0.409602709263 0.742041591043
0.573411310117 0.620033251124 0.535498120380 -0.218036862364
0.038115112541 -0.673112066867 0.738557637312 1.674623553601
0.000000000000 0.000000000000 0.000000000000 1.000000000000
10 34 60
0.998762963391 -0.043911171267 -0.023331352198 0.072537994576
0.044446116523 0.998748671498 0.022926707300 -0.132147116529
0.022295418441 -0.023935334122 0.999464863863 0.008375699522
0.000000000000 0.000000000000 0.000000000000 1.000000000000
10 35 60
0.999920215601 -0.005828686556 -0.011206642899 0.055105161056
0.005646304674 0.999852215980 -0.016237778279 0.078457140291
0.011299631656 0.016173206638 0.999805353912 0.005051747479
0.000000000000 0.000000000000 0.000000000000 1.000000000000
10 50 60
0.999857488307 -0.000885457399 0.016858797162 -0.068928229882
0.001049651269 0.999952082301 -0.009733002307 0.060757330007
-0.016849371168 0.009749311098 0.999810506858 0.026791061048
0.000000000000 0.000000000000 0.000000000000 1.000000000000
11 20 60
-0.681407343864 -0.528183233010 0.506662120249 -1.681826340352
-0.723680414543 0.382733255142 -0.574283826182 0.162139286316
0.109410645439 -0.757982669838 -0.643033111815 3.766549384634
0.000000000000 0.000000000000 0.000000000000 1.000000000000
11 23 60
0.997596909011 0.057034776102 0.039337532282 -0.103238974633
-0.060483177616 0.993836362002 0.092903556379 -0.216983806353
-0.033796336436 -0.095059559632 0.994897727290 0.050036668204
0.000000000000 0.000000000000 0.000000000000 1.000000000000
11 40 60
0.157681271040 -0.886408960004 0.435219223367 -1.419832835270
0.875811855678 0.329129109876 0.353026376475 -1.474239985864
-0.456169058813 0.325504507890 0.828224972532 0.625094695346
0.000000000000 0.000000000000 0.000000000000 1.000000000000
11 49 60
0.998177057925 0.002058629910 -0.060318513540 0.166341469091
-0.000577062707 0.999697957050 0.024569527219 -0.079673190868
0.060350874322 -0.024489930829 0.997876753541 -0.002090503853
0.000000000000 0.000000000000 0.000000000000 1.000000000000
12 14 60
0.999235671703 -0.001320191842 -0.039068267047 0.141560561835
0.004261889373 0.997151120014 0.075309230202 -0.163916795225
0.038857543611 -0.075418173859 0.996394595708 0.026721624772
0.000000000000 0.000000000000 0.000000000000 1.000000000000
12 15 60
0.995770360151 -0.029460742583 -0.087025596758 0.199747152827
0.034654176812 0.997669173446 0.058781871231 -0.132425864676
0.085090997609 -0.061549045504 0.994470329936 -0.005517493423
0.000000000000 0.000000000000 0.000000000000 1.000000000000
12 17 60
-0.800725547841 0.548848578630 0.240007988974 -0.331788874226
0.026755526908 0.433028330800 -0.900983133308 1.515659147859
-0.598433570929 -0.715018672805 -0.361421580325 2.862887410673
0.000000000000 0.000000000000 0.000000000000 1.000000000000
12 36 60
0.999228084082 -0.035588994293 0.016633083498 -0.060730582827
0.035258946154 0.999183395286 0.019731936059 -0.035551793808
-0.017321740604 -0.019130239668 0.999666940152 0.003225182630
0.000000000000 0.000000000000 0.000000000000 1.000000000000
12 55 60
-0.880368336180 0.355485811863 0.313976798849 -0.445507558263
-0.448311023844 -0.407613277724 -0.795530415334 1.294065711084
-0.154818663449 -0.841119048284 0.518218031394 1.293693040084
0.000000000000 0.000000000000 0.000000000000 1.000000000000
13 18 60
0.999135371633 0.027597101796 -0.031095162406 0.014329511173
-0.018896162075 0.967640836983 0.251623022918 -0.437920753114
0.037033015154 -0.250817883286 0.967325666574 0.053727864663
0.000000000000 0.000000000000 0.000000000000 1.000000000000
13 20 60
-0.769888705087 0.571616151661 -0.283771663385 -0.004513436551
-0.637273694415 -0.712277470076 0.294181991340 -0.677870291322
-0.033964984696 0.407327608668 0.912650315855 0.689639959105
0.000000000000 0.000000000000 0.000000000000 1.000000000000
13 21 60
0.065173702429 -0.986191967896 0.152242539945 -0.487110545552
0.993432670645 0.078502331002 0.083240092029 -0.016448946304
-0.094042104429 0.145817648055 0.984831607997 0.428031403946
0.000000000000 0.000000000000 0.000000000000 1.000000000000
13 31 60
0.993629559971 -0.014328910536 0.111780945940 0.394854753594
-0.025821623107 -0.994443544999 0.102055277133 -0.458777841075
0.109697499208 -0.104291505567 -0.988478497760 4.518544421689
0.000000000000 0.000000000000 0.000000000000 1.000000000000
13 37 60
0.999887243654 -0.010069634179 0.011140127694 -0.043455716199
0.009580193632 0.999022734841 0.043148524437 -0.083149651937
-0.011563730691 -0.043036934587 0.999006557733 -0.025278224463
0.000000000000 0.000000000000 0.000000000000 1.000000000000
13 48 60
0.151593957778 -0.987205348871 -0.049445638085 0.714171414348
0.168122960260 -0.023542723751 0.985484860559 -2.543638754047
-0.974040010574 -0.157706497389 0.162402950967 1.717048007351
0.000000000000 0.000000000000 0.000000000000 1.000000000000
13 54 60
0.492873144908 0.864251829268 -0.100721589715 0.035548435677
-0.774787423504 0.488609737371 0.401204402927 -1.058919938817
0.395955188638 -0.119705054836 0.910434065948 -0.106896618582
0.000000000000 0.000000000000 0.000000000000 1.000000000000
13 55 60
0.998193912924 -0.053033383875 0.028220070810 -0.095612901266
0.054700844178 0.996574535831 -0.062024287018 0.096914185469
-0.024834046146 0.063455927451 0.997675606309 -0.014912425940
0.000000000000 0.000000000000 0.000000000000 1.000000000000
13 56 60
0.998289349205 -0.038724194335 -0.043804246798 0.055672018109
0.042383975566 0.995396375652 0.085963096469 -0.154884505156
0.040273736848 -0.087672641755 0.995334885357 0.062493008461
0.000000000000 0.000000000000 0.000000000000 1.000000000000
14 16 60
0.970631073786 -0.130053006243 -0.202389560419 0.295400531355
0.160250386049 0.976992088648 0.140734759354 -0.515508464647
0.179430020818 -0.169034535781 0.969139924543 0.198273167991
0.000000000000 0.000000000000 0.000000000000 1.000000000000
14 17 60
0.990610861653 -0.025541680756 -0.134304666036 0.223918816011
0.040343695186 0.993258460439 0.108673902230 -0.232109306055
0.130623531699 -0.113071894436 0.984963065122 0.022803988144
0.000000000000 0.000000000000 0.000000000000 1.000000000000
14 19 60
-0.878660881155 0.453421527616 0.149545893362 0.295580596916
-0.290687005523 -0.756518437301 0.585816454909 -0.876594023742
0.378756017439 0.471262954536 0.796526902833 1.269445980467
0.000000000000 0.000000000000 0.000000000000 1.000000000000
14 20 60
-0.221110603204 0.331342227865 0.917236299535 -0.532749034193
-0.708967193273 -0.700443642643 0.082123214410 -0.423284361538
0.669683223632 -0.632132131374 0.389786285637 1.790654007420
0.000000000000 0.000000000000 0.000000000000 1.000000000000
14 29 60
0.999201406302 0.007472035409 -0.039251985068 0.103359859046
-0.007111608743 0.999931334880 0.009313997320 -0.037886296125
0.039318884343 -0.009027414460 0.999185934210 -0.007143755586
0.000000000000 0.000000000000 0.000000000000 1.000000000000
15 27 60
0.839716096170 -0.199021447210 0.505239884990 -0.671946431887
-0.158237177371 0.800356671247 0.578264813461 -1.200518821356
-0.519459212578 -0.565526005008 0.640579787480 0.844119467554
0.000000000000 0.000000000000 0.000000000000 1.000000000000
15 28 60
0.938409535211 0.339790376450 -0.062690065379 -0.688518475618
0.297686997569 -0.887177395721 -0.352560235989 0.332030190345
-0.175413784248 0.312183869848 -0.933686904536 4.004042717676
0.000000000000 0.000000000000 0.000000000000 1.000000000000
15 53 60
-0.659959531012 0.745857225185 0.090279660307 0.061026239739
-0.700226960663 -0.567089152766 -0.433695856997 0.677717834442
-0.272278572399 -0.349437966532 0.896525229181 0.487190266734
0.000000000000 0.000000000000 0.000000000000 1.000000000000
16 19 60
-0.574182299583 -0.678067206539 -0.458845889447 -0.483871891325
0.795156502105 -0.595354961990 -0.115232835572 -0.102604062496
-0.195040570153 -0.431018946974 0.881011829288 0.923664863825
0.000000000000 0.000000000000 0.000000000000 1.000000000000
16 20 60
-0.965552858659 0.084583761575 -0.246075729024 -0.306281704861
0.236906836471 0.676906196731 -0.696902541006 1.109364489251
0.107623547472 -0.731193263170 -0.673627184668 2.878319403113
0.000000000000 0.000000000000 0.000000000000 1.000000000000
16 28 60
-0.924600973571 0.368146504386 0.097883558275 -1.035885238073
-0.130112236525 -0.546703116186 0.827155673775 -0.989771151142
0.358027716216 0.752053092581 0.553382598534 0.492795822096
0.000000000000 0.000000000000 0.000000000000 1.000000000000
16 54 60
0.458702404270 0.762802793556 0.455767487279 -1.463916140803
-0.867124406790 0.496313962709 0.042044185895 0.412798627972
-0.194132345232 -0.414492881197 0.889105327827 -0.093018157262
0.000000000000 0.000000000000 0.000000000000 1.000000000000
16 56 60
0.990516120114 0.035440184147 0.132747162465 -0.251812654865
-0.030429520773 0.998752683054 -0.039586896280 0.090910399754
-0.133984551574 0.035172026372 0.990359060392 0.053272347052
0.000000000000 0.000000000000 0.000000000000 1.000000000000
17 19 60
-0.816800539068 0.574962904340 0.047481975637 0.145862044792
0.573905264609 0.818178538626 -0.034880168937 0.354193803988
-0.058903536674 -0.001239984999 -0.998262909160 2.902655634224
0.000000000000 0.000000000000 0.000000000000 1.000000000000
17 21 60
0.772278276668 -0.057990522414 -0.632632091106 0.845260980326
-0.009282257709 -0.996748734629 0.080036239957 -0.653410964952
-0.635216579663 -0.055937995360 -0.770305678024 3.066243240433
0.000000000000 0.000000000000 0.000000000000 1.000000000000
17 52 60
0.118240180917 -0.544996444159 0.830059115648 -1.932340997678
-0.127333123745 0.820700055429 0.556989851448 -1.141256242477
-0.984787050693 -0.171552600893 0.027643623369 2.168588381599
0.000000000000 0.000000000000 0.000000000000 1.000000000000
18 20 60
0.991155272308 -0.081160547713 0.104996150749 0.187358963072
0.100173731281 0.976502436264 -0.190809369613 -0.316538580486
-0.087042804058 0.199639568888 0.975995693021 0.349890524646
0.000000000000 0.000000000000 0.000000000000 1.000000000000
18 21 60
-0.799061198535 -0.456930924371 0.390788090079 -1.005722648374
0.578932981460 -0.760158671062 0.294949822491 -0.546189498082
0.162289260187 0.461923072776 0.871945681144 0.519504994359
0.000000000000 0.000000000000 0.000000000000 1.000000000000
18 24 60
0.537703031845 0.755965359003 0.373352146815 -0.388543489682
0.621453921846 -0.654611372323 0.430440442160 -0.353064066009
0.569798624574 0.000572025090 -0.821784156711 3.836051438504
0.000000000000 0.000000000000 0.000000000000 1.000000000000
18 26 60
0.970384575427 -0.124252147147 0.207159792679 0.139661708896
0.069487188254 0.964903541442 0.253244321516 -0.522927140581
-0.231355368301 -0.231349431901 0.944961445731 -0.120038282453
0.000000000000 0.000000000000 0.000000000000 1.000000000000
18 27 60
-0.978474222497 0.002598634316 -0.206352715053 0.400373863868
-0.031979589843 0.985932615819 0.164055426299 0.113447827115
0.203876192194 0.167123080885 -0.964626546437 3.340623688017
0.000000000000 0.000000000000 0.000000000000 1.000000000000
18 29 60
-0.980650015682 -0.115185869547 0.158296437731 0.038450160652
-0.180215324664 0.847002903763 -0.500108506001 0.976831364423
-0.076472109281 -0.518958858172 -0.851371669734 3.469196012295
0.000000000000 0.000000000000 0.000000000000 1.000000000000
18 37 60
0.999854718738 0.012131641140 -0.011973499915 0.020760537612
-0.014336629439 0.978495248568 -0.205770526523 0.287803358766
0.009219678591 0.205912291552 0.978527018388 0.041873481510
0.000000000000 0.000000000000 0.000000000000 1.000000000000
18 50 60
0.999941797508 0.010788828979 -0.000052590246 0.024200927517
-0.010788956673 0.999928416819 -0.005172973280 0.056859799004
-0.000003223843 0.005173239594 0.999986618701 -0.038046806132
0.000000000000 0.000000000000 0.000000000000 1.000000000000
18 57 60
-0.352351704030 -0.878900113629 -0.321532062056 0.433063366951
-0.866538171474 0.436162000431 -0.242640282635 0.505957352087
0.353496639368 0.193125088071 -0.915282921458 3.619422260511
0.000000000000 0.000000000000 0.000000000000 1.000000000000
18 58 60
-0.214001354743 0.958341492823 0.189169245126 -0.457137391728
0.933325219078 0.257750791221 -0.249937122210 0.201797304079
-0.288283637417 0.123069544396 -0.949603302248 3.673197800953
0.000000000000 0.000000000000 0.000000000000 1.000000000000
19 21 60
-0.676753776473 -0.269314983074 0.685181556905 -1.468158070332
0.180974579514 -0.962987162951 -0.199759669507 0.401903761608
0.713619315601 -0.011187666574 0.700444365040 0.573182941719
0.000000000000 0.000000000000 0.000000000000 1.000000000000
19 24 60
-0.686789609032 -0.448316127506 -0.572129952672 0.351895510915
0.407470696578 -0.889284294098 0.207704298704 -0.088273427892
-0.601903367955 -0.090477036247 0.793426897424 -1.085615211137
0.000000000000 0.000000000000 0.000000000000 1.000000000000
19 25 60
0.945057300736 -0.285687864213 0.158899787807 -0.526734819378
0.127359821845 0.769433477535 0.625900630633 -1.013652166028
-0.301075030687 -0.571274511850 0.763543880866 -0.519834268955
0.000000000000 0.000000000000 0.000000000000 1.000000000000
19 26 60
0.349221768390 0.698899149933 0.624166752324 -1.301925722861
-0.906392237235 0.420916226593 0.035813998261 -0.604412798925
-0.237691541212 -0.578246926852 0.780469873104 -0.340183160813
0.000000000000 0.000000000000 0.000000000000 1.000000000000
19 28 60
0.217019816797 -0.976058308212 0.014580057873 -0.051343925268
0.959694442952 0.210601505168 -0.186100999965 0.091421024653
0.178574845049 0.054380005437 0.982422434457 -0.821793299447
0.000000000000 0.000000000000 0.000000000000 1.000000000000
19 29 60
-0.927592286485 0.249603857129 0.277975654617 -0.146261956391
-0.128350339698 -0.911683469621 0.390332475612 -0.850750228388
0.350854300747 0.326391123844 0.877707293990 -0.940496159236
0.000000000000 0.000000000000 0.000000000000 1.000000000000
19 32 60
-0.376516022998 0.769446457754 -0.515933942552 1.094648526715
0.753253715328 0.578474562817 0.313011214686 -0.963806480663
0.539300032237 -0.270775421383 -0.797393344846 2.400489231405
0.000000000000 0.000000000000 0.000000000000 1.000000000000
19 41 60
-0.167740256784 -0.870025939297 -0.463592570264 0.801809283235
0.427709619832 -0.487918040777 0.760920801784 -0.808747193467
-0.888216013905 -0.070645951301 0.453961961190 0.060238403419
0.000000000000 0.000000000000 0.000000000000 1.000000000000
19 42 60
0.384614172857 0.291882263139 -0.875714955052 1.582577574934
0.792645128388 -0.590618643248 0.151272332871 -0.802041378301
-0.473059867757 -0.752312676161 -0.458519354887 2.474356409595
0.000000000000 0.000000000000 0.000000000000 1.000000000000
19 43 60
-0.010537821725 0.106165218659 -0.994292663485 2.345834318434
0.389689260333 0.916168008336 0.093693440977 -0.626326881101
0.920886113857 -0.386477847810 -0.051025860674 1.423696797169
0.000000000000 0.000000000000 0.000000000000 1.000000000000
19 44 60
-0.338613470127 0.657026616236 0.673540602641 -2.535360559909
-0.014806442952 -0.719459811515 0.694376230053 -1.911203839921
0.940809059849 0.225152404323 0.253347010506 0.903751015826
0.000000000000 0.000000000000 0.000000000000 1.000000000000
19 45 60
-0.671609133718 -0.658820606172 0.338963980963 -0.422904243198
-0.681661412635 0.370186545660 -0.631109847758 1.394099499584
0.290308267245 -0.654917804229 -0.697713250321 2.959514358034
0.000000000000 0.000000000000 0.000000000000 1.000000000000
19 47 60
0.498723859277 -0.046445976676 0.865515617097 -1.427349408464
-0.423316029107 -0.884424510575 0.196460745690 -0.453929726186
0.756358414833 -0.464366295445 -0.460744931567 3.183925769862
0.000000000000 0.000000000000 0.000000000000 1.000000000000
19 48 60
-0.848985967456 -0.524203032876 -0.066588342718 0.395980756673
0.107826766306 -0.295224021010 0.949324057362 -2.363669899375
-0.517297028341 0.798782797600 0.307164169017 0.079682334500
0.000000000000 0.000000000000 0.000000000000 1.000000000000
19 51 60
0.904846914342 -0.044629553801 0.423391384578 -2.169265785816
-0.418830344833 0.085092011103 0.904068853514 -2.535454850023
-0.076375413934 -0.995373072056 0.058303032273 0.637785218434
0.000000000000 0.000000000000 0.000000000000 1.000000000000
19 53 60
-0.040311810074 -0.937308416950 0.346161652240 -1.047698719307
-0.785515618101 -0.184383566551 -0.590735062533 2.151464423420
0.617527466344 -0.295728983868 -0.728837565175 2.480375658237
0.000000000000 0.000000000000 0.000000000000 1.000000000000
19 56 60
0.946502820237 0.249633427932 0.204488539881 -0.022616496563
-0.284981316405 0.943913212212 0.166773790240 0.065014439954
-0.151387121593 -0.216127276089 0.964557380329 -0.828771735897
0.000000000000 0.000000000000 0.000000000000 1.000000000000
19 57 60
0.471597544418 -0.847184418290 0.244692291468 -0.541349472184
0.802575634335 0.297402573392 -0.517130602953 0.476126598594
0.365332871871 0.440261593539 0.820183895224 -0.998137628278
0.000000000000 0.000000000000 0.000000000000 1.000000000000
19 58 60
-0.296508380096 -0.950527284410 -0.092631863442 0.763991103824
0.724715926712 -0.160772124243 -0.670029215510 1.104961997099
0.621988429236 -0.265801064064 0.736532543910 -0.536119708636
0.000000000000 0.000000000000 0.000000000000 1.000000000000
19 59 60
-0.569079636061 0.820395926587 0.055667687757 -0.363589910027
-0.814697364775 -0.571710752469 0.097031022567 -0.649777616345
0.111429671323 0.009866060490 0.993723346410 -0.751976655019
0.000000000000 0.000000000000 0.000000000000 1.000000000000
20 24 60
0.856560223210 -0.489726320811 0.162704378307 -0.558176441390
0.492384941878 0.681221389672 -0.541751314964 0.963693332379
0.154472175576 0.544155813126 0.824641011601 -0.725324887329
0.000000000000 0.000000000000 0.000000000000 1.000000000000
20 26 60
0.912320752141 0.294095071082 0.284919171658 -0.769764417726
-0.125881991387 0.863555601741 -0.488288282621 0.974919293763
-0.389646723915 0.409609340551 0.824860969301 -0.340908165320
0.000000000000 0.000000000000 0.000000000000 1.000000000000
20 28 60
0.815261678800 -0.420480872465 0.398176130588 -0.728924672866
0.578894726342 0.573782117939 -0.579357382749 0.558666045362
0.015142354246 0.702829934638 0.711196732335 -0.330830556515
0.000000000000 0.000000000000 0.000000000000 1.000000000000
20 29 60
0.241610532179 0.961414554305 -0.131553812222 0.485657307071
0.838898188084 -0.275086094231 -0.469656758483 1.214017425049
-0.487723467520 0.003113764649 -0.872992625227 3.193236498583
0.000000000000 0.000000000000 0.000000000000 1.000000000000
20 31 60
0.294945140140 0.878121111192 -0.376710337509 -0.104815566204
-0.955185828710 0.281297395486 -0.092151006099 0.494972332742
0.025047892921 0.387007867325 0.921736141034 -0.219465476288
0.000000000000 0.000000000000 0.000000000000 1.000000000000
20 32 60
-0.805817765506 -0.568628866919 0.165284423046 -0.593764589053
-0.471807609847 0.447846464539 -0.759493991741 1.527083239696
0.357848163451 -0.689996199922 -0.629166063935 2.440463065077
0.000000000000 0.000000000000 0.000000000000 1.000000000000
20 40 60
0.694504988449 -0.118000385981 0.709745538857 -1.849442350212
-0.612663032066 -0.614203432639 0.497391347404 -0.527442523910
0.377235775289 -0.780275625816 -0.498861822151 2.979170053128
0.000000000000 0.000000000000 0.000000000000 1.000000000000
20 49 60
0.999306611567 0.036488167879 0.007410106802 0.014320932881
-0.037205518203 0.986237996642 0.161091164857 -0.225310010154
-0.001430207420 -0.161255162971 0.986911711817 0.082957787454
0.000000000000 0.000000000000 0.000000000000 1.000000000000
20 51 60
0.999971657094 0.005673449151 -0.004949442735 0.019468810168
-0.005177325657 0.995457944601 0.095061431872 -0.143517339212
0.005466288292 -0.095033112678 0.995459103724 -0.022313285633
0.000000000000 0.000000000000 0.000000000000 1.000000000000
20 53 60
0.727006394591 -0.231276738028 0.646508138132 -1.978704702398
0.319493972088 -0.719483967676 -0.616657459256 1.463907594760
0.607770766015 0.654869369191 -0.449177921623 1.886454434417
0.000000000000 0.000000000000 0.000000000000 1.000000000000
20 55 60
0.992399744781 0.060998336906 -0.106873520826 0.147659940728
-0.041729338255 0.983852510090 0.174048558506 -0.267663800576
0.115764454336 -0.168265983740 0.978920400149 0.139686189767
0.000000000000 0.000000000000 0.000000000000 1.000000000000
20 56 60
-0.913332316559 0.338111659296 -0.226946216925 -0.171720545004
-0.385970876677 -0.896436972175 0.217777954057 -0.655935758704
-0.129809714143 0.286498273580 0.949246110000 -0.437440737749
0.000000000000 0.000000000000 0.000000000000 1.000000000000
21 26 60
0.949722279587 -0.045114073278 0.309826261071 -1.672689930820
0.071176343781 -0.932545112317 -0.353968277644 0.806763310299
0.304895916245 0.358223860016 -0.882447815099 3.338136129808
0.000000000000 0.000000000000 0.000000000000 1.000000000000
21 27 60
0.584382987751 -0.662541317262 -0.468546184008 0.339001851869
-0.771649378603 -0.275037503984 -0.573508158533 1.073341186083
0.251105077864 0.696701782920 -0.671976834086 2.642521955219
0.000000000000 0.000000000000 0.000000000000 1.000000000000
21 28 60
0.887645514857 0.174314399775 -0.426262747592 -0.027303294768
0.049055579896 -0.956119925306 -0.288839468414 1.293311012255
-0.457907184957 0.235476492380 -0.857246657329 2.835623559700
0.000000000000 0.000000000000 0.000000000000 1.000000000000
21 29 60
-0.784012386892 0.293184513199 -0.547144787437 0.725008851529
0.455932903019 -0.326173601635 -0.828091763962 1.867687772368
-0.421247866636 -0.898695511738 0.122051677736 1.383922145133
0.000000000000 0.000000000000 0.000000000000 1.000000000000
21 34 60
0.687904348702 -0.628120907118 0.363664313728 -0.805366905391
0.637643220269 0.762354109769 0.110577280509 -0.141475372834
-0.346696885887 0.155821491973 0.924943745292 -0.983551847265
0.000000000000 0.000000000000 0.000000000000 1.000000000000
21 42 60
-0.356785286848 -0.030510784620 0.933688037361 -3.077087896231
0.916888806841 0.180006180713 0.356248074792 -0.745155098128
-0.178939025863 0.983192182092 -0.036248559913 1.305213895708
0.000000000000 0.000000000000 0.000000000000 1.000000000000
21 54 60
-0.987683487990 0.145447539028 0.057674439249 -0.433093006451
-0.134063819441 -0.976739962138 0.167349749562 -0.478517808028
0.080673538839 0.157556528752 0.984209185275 -0.683850590907
0.000000000000 0.000000000000 0.000000000000 1.000000000000
21 55 60
0.996302171018 0.016077605828 0.084400797488 -0.099731255261
-0.009940441436 0.997308875831 -0.072637413312 0.110877085667
-0.085341500161 0.071529831395 0.993780816665 -0.054693563203
0.000000000000 0.000000000000 0.000000000000 1.000000000000
21 56 60
0.889831269244 0.449162352912 -0.080333635559 0.136231952920
0.259765900791 -0.643411135984 -0.720099845076 0.968236020575
-0.375129296459 0.619899419922 -0.689204410984 2.710843066447
0.000000000000 0.000000000000 0.000000000000 1.000000000000
22 27 60
-0.233165694059 0.972346804219 0.013245808387 -0.155259055649
-0.972326903910 -0.233322643648 0.011871642417 -0.684406449286
0.014633900595 -0.010111196114 0.999841793818 0.131520576754
0.000000000000 0.000000000000 0.000000000000 1.000000000000
23 27 60
0.990723819999 -0.075690178779 -0.112859688652 0.457032985641
-0.135044898862 -0.640914772429 -0.755639550165 1.497746174147
-0.015138949024 0.763871226921 -0.645191104174 3.374643624624
0.000000000000 0.000000000000 0.000000000000 1.000000000000
23 34 60
-0.907120554238 -0.099996231864 0.408819096535 -1.529887688336
0.302537565416 -0.830200063764 0.468229511711 -0.432531922221
0.292580453192 0.548423748335 0.783344158509 0.269416371852
0.000000000000 0.000000000000 0.000000000000 1.000000000000
23 48 60
0.999943984242 -0.007788096045 0.007167561568 -0.026585834765
0.008578114365 0.993005732856 -0.117754110198 0.217101197619
-0.006200349408 0.117808998275 0.993016916066 -0.029060354164
0.000000000000 0.000000000000 0.000000000000 1.000000000000
24 28 60
0.636889942749 0.730349020952 -0.246903844479 -0.219937803463
-0.370864427130 0.571004762042 0.732402306397 -0.825782072227
0.675892578384 -0.374891810152 0.634527661466 0.962403939428
0.000000000000 0.000000000000 0.000000000000 1.000000000000
24 56 60
0.977848209660 0.206868315825 -0.031912047462 0.008347509699
-0.099140196348 0.592007889151 0.799811153117 -0.975626530455
0.184347770080 -0.778930137490 0.599402819961 0.848749919046
0.000000000000 0.000000000000 0.000000000000 1.000000000000
25 27 60
0.378010064696 0.900508981864 -0.214923159689 0.513597231172
-0.902777729795 0.307088245081 -0.301146443311 0.516185683697
-0.205184701122 0.307864228703 0.929041901698 0.570779488550
0.000000000000 0.000000000000 0.000000000000 1.000000000000
25 28 60
0.996243081740 -0.036339188479 -0.078607795204 0.097525291777
0.039869168426 0.998243912127 0.043812570237 -0.055125049420
0.076877639760 -0.046781997419 0.995942404571 0.098616820558
0.000000000000 0.000000000000 0.000000000000 1.000000000000
25 47 60
-0.505141723328 -0.702493480804 0.501332971967 -1.140992795665
0.838309574714 -0.537448053853 0.091578634796 -0.243934299244
0.205107036190 0.466532419922 0.860394447256 -0.335392506129
0.000000000000 0.000000000000 0.000000000000 1.000000000000
25 54 60
0.993714526691 -0.039428471741 -0.104770392098 0.286193564454
0.038022262014 0.999158432439 -0.015386178150 0.102638174546
0.105288874225 0.011305861438 0.994377408463 -0.030352008156
0.000000000000 0.000000000000 0.000000000000 1.000000000000
26 28 60
0.973301215777 0.026672034957 -0.227976634589 -0.033934245212
-0.039310798237 0.997920669304 -0.051078360560 0.009011097091
0.226140231956 0.058676573918 0.972325899668 0.005151029965
0.000000000000 0.000000000000 0.000000000000 1.000000000000
26 49 60
0.999776817368 0.012580040241 0.016972272740 0.006477977228
-0.012883889952 0.999756521653 0.017913759850 -0.025998156537
-0.016742784539 -0.018128430705 0.999695473215 0.012261561807
0.000000000000 0.000000000000 0.000000000000 1.000000000000
26 50 60
0.999908944438 0.009671453952 0.009410941068 -0.008684490099
-0.010201171312 0.998266174688 0.057970514733 -0.084307644473
-0.008833964976 -0.058061238817 0.998273937158 0.039217812432
0.000000000000 0.000000000000 0.000000000000 1.000000000000
26 54 60
0.993779744446 0.108472144267 -0.025211375329 0.030533571928
-0.106252829682 0.991350904751 0.077030642172 -0.165955559044
0.033348998673 -0.073872711923 0.996709921051 -0.021449715764
0.000000000000 0.000000000000 0.000000000000 1.000000000000
26 55 60
0.274829205450 -0.126761445406 0.953100437409 -2.296279433899
-0.268154406880 -0.962044710690 -0.050627943915 0.219562442423
0.923342905915 -0.241664044891 -0.298389623655 2.843274422531
0.000000000000 0.000000000000 0.000000000000 1.000000000000
27 40 60
-0.168963803162 -0.493350194706 0.853262455874 -2.021942500231
0.950737106788 -0.309864590688 0.009104351385 0.703644795049
0.259904188110 0.812766584464 0.521402236456 0.113868067885
0.000000000000 0.000000000000 0.000000000000 1.000000000000
27 50 60
0.996424601953 0.009036691405 0.084002088250 -0.141225659878
-0.017184472882 0.995156994363 0.096784556942 -0.184608692388
-0.082720653489 -0.097882045234 0.991754202768 0.010613274795
0.000000000000 0.000000000000 0.000000000000 1.000000000000
27 56 60
0.653375079818 0.466858379045 0.595939811549 -0.263143140839
0.636920729344 -0.764494087143 -0.099402088790 -0.015412057491
0.409185764176 0.444513267115 -0.796853164489 3.559366545053
0.000000000000 0.000000000000 0.000000000000 1.000000000000
27 59 60
0.970229681440 -0.086310447849 0.226284935082 -0.002502278242
-0.242118422845 -0.367846747322 0.897812586125 -1.886850731615
0.005747570945 -0.925872171024 -0.377793181981 2.638187667152
0.000000000000 0.000000000000 0.000000000000 1.000000000000
28 50 60
0.998360834344 0.032811341866 0.046894139210 -0.081279579331
-0.038381332674 0.991627630210 0.123294429343 -0.189015938470
-0.042456068464 -0.124892188907 0.991261531283 0.078842494923
0.000000000000 0.000000000000 0.000000000000 1.000000000000
28 56 60
0.988084394001 0.099376458160 -0.117531059283 0.318713374586
-0.065343120680 0.962234871955 0.264261854557 0.154834400714
0.139353890912 -0.253433168226 0.957262828240 0.234147319122
0.000000000000 0.000000000000 0.000000000000 1.000000000000
30 46 60
0.716584467273 -0.697165319219 -0.021615247908 0.573129383793
0.171389184221 0.206033435126 -0.963418897023 2.716146823085
0.676115706662 0.686666397378 0.267126954678 1.434233266558
0.000000000000 0.000000000000 0.000000000000 1.000000000000
30 51 60
0.999216985715 -0.024904419553 0.030743866778 -0.115513716012
0.023926573978 0.999208635976 0.031774531454 -0.041636570451
-0.031510863450 -0.031014056140 0.999022118777 0.091287013725
0.000000000000 0.000000000000 0.000000000000 1.000000000000
31 33 60
-0.313728402559 -0.546368935317 -0.776566465893 1.555935136189
0.874719942466 -0.484466856645 -0.012525456612 0.188961323020
-0.369377194314 -0.683207765861 0.629910816694 1.074268100187
0.000000000000 0.000000000000 0.000000000000 1.000000000000
32 36 60
0.997553942072 -0.041243427497 -0.056436799554 0.148425924287
0.044345130587 0.997508990797 0.054857293711 -0.148630904513
0.054033712151 -0.057225806839 0.996897971200 -0.033957429969
0.000000000000 0.000000000000 0.000000000000 1.000000000000
33 39 60
0.998457081200 -0.013773071605 -0.053793675279 0.138133025923
0.014894493717 0.999678864719 0.020501743588 -0.053464017612
0.053494028250 -0.021271340620 0.998341584334 0.005194118149
0.000000000000 0.000000000000 0.000000000000 1.000000000000
34 43 60
0.998689937495 -0.040110241637 -0.031773845580 0.100049134914
0.037244161556 0.995584554317 -0.086164189980 0.189193125390
0.035089616371 0.084867919268 0.995774148641 -0.044841790236
0.000000000000 0.000000000000 0.000000000000 1.000000000000
34 46 60
0.999165779643 -0.039742118162 0.009397278064 -0.005797787176
0.040758000814 0.984846115554 -0.168573171199 0.417827010673
-0.002555417909 0.168815558295 0.985644346160 -0.060167526716
0.000000000000 0.000000000000 0.000000000000 1.000000000000
34 48 60
0.999683629281 -0.021523855340 -0.013014030816 0.031806432154
0.021093383887 0.999253796749 -0.032356125206 0.153327060315
0.013700748262 0.032071378727 0.999391673051 0.045509838619
0.000000000000 0.000000000000 0.000000000000 1.000000000000
34 56 60
0.850518299319 -0.193456597429 0.489073785266 -0.758683359012
0.243904000686 0.968937025087 -0.040888627580 0.748868824300
-0.465971523779 0.154063578848 0.871283508796 0.663268036433
0.000000000000 0.000000000000 0.000000000000 1.000000000000
35 39 60
0.998381387587 0.051408122691 0.024327142080 -0.089705229570
-0.050697288860 0.998293330240 -0.028986405454 0.036415555729
-0.025775760371 0.027706167549 0.999283732709 -0.005999729898
0.000000000000 0.000000000000 0.000000000000 1.000000000000
35 44 60
0.999895088934 -0.004938179074 -0.013617103697 0.056477686308
0.004835367423 0.999959635145 -0.007572800206 0.079466925818
0.013653949888 0.007506162036 0.999878606224 0.006550497529
0.000000000000 0.000000000000 0.000000000000 1.000000000000
36 52 60
-0.249442996382 0.401789979280 -0.881103287990 1.961162871339
0.899845458278 0.432392551729 -0.057574581421 -0.482463950392
0.357849609154 -0.807218368076 -0.469406181754 3.379572574918
0.000000000000 0.000000000000 0.000000000000 1.000000000000
38 53 60
0.095245903690 0.650232103138 0.753741620106 -1.895862952817
0.994721208078 -0.033125463011 -0.097120656400 -0.216171567143
-0.038182928512 0.759013119616 -0.649954727824 3.100792030707
0.000000000000 0.000000000000 0.000000000000 1.000000000000
40 49 60
0.999728787615 0.005350184576 0.022665540759 -0.053872539670
-0.004105555722 0.998499443447 -0.054607745321 0.154662866267
-0.022923691350 0.054499880384 0.998250603512 0.061616954322
0.000000000000 0.000000000000 0.000000000000 1.000000000000
43 46 60
0.999470658838 0.016910594068 -0.027792695632 -0.013979758300
-0.020389681067 0.991292563227 -0.130089642160 0.345251792893
0.025350799361 0.130587464557 0.991112632889 0.016213741897
0.000000000000 0.000000000000 0.000000000000 1.000000000000
44 48 60
0.999167865222 0.026536241110 0.030974263747 -0.058416293170
-0.026327887908 0.999628038255 -0.007115297031 0.102074388892
-0.031151555743 0.006293889201 0.999494856182 0.033661612775
0.000000000000 0.000000000000 0.000000000000 1.000000000000
46 48 60
0.999140312319 -0.033049523666 0.025027290780 -0.041112427347
0.032470932050 0.999203790957 0.023182379266 0.029279825338
-0.025773530417 -0.022349790201 0.999417936605 0.056470913605
0.000000000000 0.000000000000 0.000000000000 1.000000000000
47 49 60
0.998809710602 0.008273999081 0.048069771639 -0.125766160272
-0.007585658864 0.999866320586 -0.014484430846 -0.012514470030
-0.048183189867 0.014102549292 0.998738954040 -0.000826051043
0.000000000000 0.000000000000 0.000000000000 1.000000000000
47 50 60
0.999043200090 0.041041455877 -0.015109045388 0.002873532678
-0.040422164321 0.998412087011 0.039234591128 -0.078908833495
0.016695298280 -0.038586311160 0.999115790890 0.009662130548
0.000000000000 0.000000000000 0.000000000000 1.000000000000
47 53 60
0.702548776595 -0.319091355540 0.636086411838 -1.580850418957
0.260979708769 -0.716033677716 -0.647445259452 1.578533468768
0.662053478290 0.620867521454 -0.419772215241 2.555499188305
0.000000000000 0.000000000000 0.000000000000 1.000000000000
47 55 60
0.999468970164 0.024130287035 0.021897646629 -0.108719037635
-0.025312912465 0.998141012653 0.055441638883 -0.123427604372
-0.020519116521 -0.055966490930 0.998221777838 0.043622140387
0.000000000000 0.000000000000 0.000000000000 1.000000000000
49 51 60
0.955591593935 -0.035929100444 -0.292495821069 -0.075092827144
0.049893684483 0.997936243617 0.040421206382 -0.100670646564
0.290439883367 -0.053219859244 0.955412120884 0.010554939698
0.000000000000 0.000000000000 0.000000000000 1.000000000000
52 55 60
0.943387563544 -0.068996963688 -0.324436933705 1.379063469082
0.150306645541 0.960860106523 0.232713918790 -0.296347175427
0.295681952875 -0.268304444045 0.916834176964 -0.120353082649
0.000000000000 0.000000000000 0.000000000000 1.000000000000
53 56 60
-0.404577865739 -0.641221299916 -0.652036805010 1.403312066511
0.041644585955 -0.725173797300 0.687305384943 -1.002503275047
-0.913554858241 0.250914742979 0.320092662741 1.005940108911
0.000000000000 0.000000000000 0.000000000000 1.000000000000
56 59 60
0.999967221933 -0.001485939855 0.007959085503 -0.010069828050
0.001706831724 0.999611521698 -0.027818921871 0.006935013675
-0.007914656326 0.027831594841 0.999581292614 -0.018290350533
0.000000000000 0.000000000000 0.000000000000 1.000000000000
