0 3 57
0.999000021759 0.011462144526 -0.043215457525 0.093650679146
-0.009938194881 0.999326800684 0.035315403396 -0.132644282440
0.043591155167 -0.034850605123 0.998441408653 -0.037436834800
0.000000000000 0.000000000000 0.000000000000 1.000000000000
0 14 57
0.992336514649 0.023049767166 -0.121395839826 0.319846679072
-0.024780193219 0.999611437442 -0.012763861462 0.054276693584
0.121054465913 0.015674258163 0.992522107519 0.024535470825
0.000000000000 0.000000000000 0.000000000000 1.000000000000
0 16 57
0.997106665779 0.035980374937 -0.066960508356 0.121739269503
-0.035461569273 0.999331224089 0.008920855637 -0.044049518535
0.067236702512 -0.006520519915 0.997715745418 0.022472662377
0.000000000000 0.000000000000 0.000000000000 1.000000000000
0 46 57
0.672327934624 -0.391474633315 0.628269655319 0.454924014377
-0.701800287797 -0.067097074210 0.709206837729 -0.849823463739
-0.235481431057 -0.917739393348 -0.319848247649 2.186631722924
0.000000000000 0.000000000000 0.000000000000 1.000000000000
0 47 57
0.663184538499 0.083964758402 0.743731260095 0.913006937676
0.013316134579 0.992206510260 -0.123890764619 -0.612532080892
-0.748337456270 0.092066065108 0.656897930580 0.876900424888
0.000000000000 0.000000000000 0.000000000000 1.000000000000
0 52 57
-0.244189934929 0.883596984052 0.399534285705 -0.121278958452
-0.818079373429 -0.408930557770 0.404378458491 -1.653647852841
0.520689364640 -0.228105608647 0.822709193370 1.145576737172
0.000000000000 0.000000000000 0.000000000000 1.000000000000
1 15 57
0.912583784824 -0.307017761414 0.270057271432 0.037556457141
0.323642272565 0.946004789908 -0.018182873269 -0.381469153849
-0.249893007277 0.103995344356 0.962672557657 0.559792987680
0.000000000000 0.000000000000 0.000000000000 1.000000000000
1 38 57
0.998840725972 0.029471024766 0.038061303690 0.973293889718
0.003484378513 0.744343100636 -0.667788295527 0.946443940628
-0.048011074199 0.667146765888 0.743377514807 0.314758930436
0.000000000000 0.000000000000 0.000000000000 1.000000000000
1 40 57
-0.454048041464 -0.830890865571 0.321653144789 0.207478560092
-0.511137845743 -0.052783726228 -0.857876436845 1.297389862528
0.729779746699 -0.553926211471 -0.400733419561 2.535563154401
0.000000000000 0.000000000000 0.000000000000 1.000000000000
1 44 57
0.082657290864 0.993853842320 0.073636352243 0.205883516779
-0.817846923346 0.025425667747 0.574873851721 -1.402417273938
0.569468332956 -0.107740779300 0.814921924012 0.637135944685
0.000000000000 0.000000000000 0.000000000000 1.000000000000
1 46 57
0.609366375748 -0.527980274150 0.591531444825 0.901540081580
0.721017166126 0.679363465827 -0.136380084517 0.321891147940
-0.329858858089 0.509609763848 0.794664094023 1.121379778115
0.000000000000 0.000000000000 0.000000000000 1.000000000000
1 49 57
-0.762629844091 -0.628051192114 0.154749542761 -0.147464422500
0.528412816117 -0.466933421968 0.709050826961 -1.116938813240
-0.373062483593 0.622514963301 0.687967661887 0.507192488784
0.000000000000 0.000000000000 0.000000000000 1.000000000000
2 4 57
0.992245609273 0.005596488847 -0.124166542155 0.355759886247
-0.009559335403 0.999462980292 -0.031342784391 0.079298329281
0.123924452731 0.032286689817 0.991766252539 0.033017754859
0.000000000000 0.000000000000 0.000000000000 1.000000000000
2 15 57
0.021045556593 0.979124382580 0.202169552566 -0.015124501838
-0.999764056829 0.019522878897 0.009523018017 0.063603115978
0.005377287445 -0.202322269256 0.979304234721 0.690044198976
0.000000000000 0.000000000000 0.000000000000 1.000000000000
2 16 57
0.998424416127 -0.002410999072 0.056061326823 -0.172263649674
0.002926738603 0.999954135439 -0.009119277354 0.065360159845
-0.056036769026 0.009268986017 0.998385680193 -0.029768794439
0.000000000000 0.000000000000 0.000000000000 1.000000000000
2 19 57
0.999844526808 -0.014274541092 -0.010351796404 -0.000211217944
0.014280602479 0.999897895986 0.000511855499 0.015029826249
0.010343432941 -0.000659605809 0.999946287715 -0.043087894054
0.000000000000 0.000000000000 0.000000000000 1.000000000000
3 5 57
0.998470973418 -0.009735464807 0.054414483058 -0.160129290387
0.008496172478 0.999700278122 0.022960160611 -0.091392256636
-0.054621701682 -0.022462739082 0.998254424011 0.021761881059
0.000000000000 0.000000000000 0.000000000000 1.000000000000
3 7 57
0.998525781971 0.050873685044 0.018924347015 -0.023908486972
-0.049313925085 0.995937633474 -0.075341668571 0.144940491211
-0.022680377698 0.074297364694 0.996978185352 0.013020917459
0.000000000000 0.000000000000 0.000000000000 1.000000000000
3 14 57
0.998967196592 -0.041765380237 -0.017893941634 0.030349795431
0.042427942262 0.998361181467 0.038403398995 -0.105994990892
0.016260684150 -0.039122938956 0.999102089778 -0.044274106274
0.000000000000 0.000000000000 0.000000000000 1.000000000000
3 20 57
0.915770468708 -0.204717958303 -0.345622635530 0.839883004788
0.346065185555 0.838937841163 0.420026411088 -0.766270029992
0.203968958398 -0.504255744849 0.839120258245 0.628713278066
0.000000000000 0.000000000000 0.000000000000 1.000000000000
3 40 57
0.431757773149 0.101737345296 -0.896233640240 1.064631929988
0.719552250482 0.560305928391 0.410246054748 -1.250056893886
0.543902366378 -0.822013855834 0.168711104158 2.231675882678
0.000000000000 0.000000000000 0.000000000000 1.000000000000
3 47 57
-0.782033061849 0.503214624188 -0.367694618098 -0.219303668828
0.004994763391 -0.584896273001 -0.811092721067 1.015116406154
-0.623216930542 -0.636137871716 0.454894785257 1.250865691280
0.000000000000 0.000000000000 0.000000000000 1.000000000000
3 51 57
0.182527718860 -0.938930276209 -0.291708018855 0.856893283936
-0.811260704809 0.023791286820 -0.584200345348 0.209619964595
0.555463500763 0.343284009368 -0.757374668333 3.190407386515
0.000000000000 0.000000000000 0.000000000000 1.000000000000
4 35 57
0.297209046649 0.384893536219 -0.873798459811 0.750100081131
-0.622095745257 -0.616190464189 -0.483017800476 1.265648193779
-0.724336707840 0.687143564054 0.056303250843 2.559941160786
0.000000000000 0.000000000000 0.000000000000 1.000000000000
4 36 57
0.539134486958 0.834852555750 -0.111154015361 0.230840010521
-0.821661790217 0.492392030966 -0.287092302821 1.250376524969
-0.184948391373 0.246112368643 0.951431970521 0.348913575092
0.000000000000 0.000000000000 0.000000000000 1.000000000000
4 38 57
-0.648584698352 -0.451622645885 -0.612678443221 0.831392488596
0.375962591489 -0.889982991647 0.258035664937 0.454922376673
-0.661808143548 -0.062986191356 0.747022570497 0.810212040440
0.000000000000 0.000000000000 0.000000000000 1.000000000000
4 43 57
-0.567984111124 -0.668500643344 0.480105133652 -1.405010381227
0.705522359026 -0.695855570442 -0.134250608935 0.533666809429
0.423830450092 0.262472693692 0.866877058550 1.120287257221
0.000000000000 0.000000000000 0.000000000000 1.000000000000
4 46 57
-0.338724030833 -0.083696801298 -0.937155737532 1.304762541624
-0.817403882533 0.519446990946 0.249049626414 -0.331296485272
0.465958070813 0.850393831733 -0.244363268914 2.442694497679
0.000000000000 0.000000000000 0.000000000000 1.000000000000
4 52 57
0.149057860089 0.224655022029 -0.962970339846 1.699115549371
0.001691790305 -0.973906240019 -0.226944428213 0.571333280530
-0.988827028449 0.032198706943 -0.145548449252 2.028481706644
0.000000000000 0.000000000000 0.000000000000 1.000000000000
5 15 57
0.998970247431 -0.016508415432 -0.042260110838 0.055869667642
0.017468195741 0.999595491044 0.022443627638 -0.025353301541
0.041872507516 -0.023158724143 0.998854527251 0.018458786866
0.000000000000 0.000000000000 0.000000000000 1.000000000000
5 33 57
0.607903845090 -0.449748927264 -0.654353740380 0.715497901731
-0.385570889515 -0.887631415424 0.251884019960 -0.529670275048
-0.694109504533 0.099178489487 -0.713004644403 3.003355924512
0.000000000000 0.000000000000 0.000000000000 1.000000000000
5 36 57
0.155124934409 -0.604320129144 0.781494360976 -1.314635855889
0.687149072756 0.634357050267 0.354143028433 -0.824481178316
-0.709762218307 0.482066711451 0.513662612203 1.585633708178
0.000000000000 0.000000000000 0.000000000000 1.000000000000
6 12 57
0.782398507514 0.620851077603 -0.048954212051 0.325904812151
-0.621847175977 0.783108026758 -0.006921571807 0.859154615275
0.034039171085 0.035857465967 0.998777040669 0.714162263551
0.000000000000 0.000000000000 0.000000000000 1.000000000000
6 33 57
0.675843124051 -0.402934138364 -0.617154884784 1.253860339102
0.558397076344 0.826450675345 0.071916523487 0.461484657785
0.481070448897 -0.393221771219 0.783548251122 1.615292997644
0.000000000000 0.000000000000 0.000000000000 1.000000000000
6 37 57
0.994365808647 0.096270760942 -0.044368673417 0.715817359883
-0.049134107799 0.789470088777 0.611819269374 -0.200556199718
0.093928047163 -0.606192147354 0.789752241176 0.192661760451
0.000000000000 0.000000000000 0.000000000000 1.000000000000
7 35 57
0.999523540678 -0.030865274785 0.000162611815 0.011730460823
0.030846932355 0.999085531829 0.029606871734 0.013040756683
-0.001076287344 -0.029587749189 0.999561607258 0.045874128519
0.000000000000 0.000000000000 0.000000000000 1.000000000000
7 36 57
0.528950585999 0.840299642232 -0.118776213256 -0.062016378449
-0.845058303062 0.534393690660 0.017316114131 0.331430973671
0.078023983473 0.091213456502 0.992770045558 0.139676959891
0.000000000000 0.000000000000 0.000000000000 1.000000000000
7 38 57
0.995978578094 -0.028658514722 0.084884400874 -0.196742509158
0.024043694492 0.998202432682 0.054898125126 -0.054701291198
-0.086305114177 -0.052636422001 0.994877296125 0.015522318511
0.000000000000 0.000000000000 0.000000000000 1.000000000000
7 42 57
0.999262583747 -0.025984940620 -0.028267854261 0.048266030726
0.030263012513 0.986108817526 0.163320390861 -0.382659515875
0.023631309681 -0.164055426178 0.986168027440 -0.084391258637
0.000000000000 0.000000000000 0.000000000000 1.000000000000
7 46 57
0.301390855279 0.946681672173 0.113830417407 -0.454670034535
0.386524271578 -0.012169444515 -0.922198943885 0.312868032082
-0.871643585323 0.321940547607 -0.369583203044 3.341892493691
0.000000000000 0.000000000000 0.000000000000 1.000000000000
9 16 57
0.997609559193 -0.023433277336 0.065008068116 -0.211089832324
0.023500952070 0.999723776270 -0.000276426096 -0.010099352248
-0.064983633776 0.001803516809 0.997884700087 0.010851180797
0.000000000000 0.000000000000 0.000000000000 1.000000000000
9 26 57
0.996830258659 0.011149913930 0.078772551313 -0.236228073073
-0.009717076336 0.999780722762 -0.018549523479 0.095143656475
-0.078962103876 0.017725287393 0.996720021038 0.031920396242
0.000000000000 0.000000000000 0.000000000000 1.000000000000
9 34 57
0.522143919445 0.621732799109 -0.583792817616 0.281625019211
0.094922069825 0.637895980532 0.764250298450 -0.814407311674
0.847558569095 -0.454463468867 0.274057343303 1.747403577685
0.000000000000 0.000000000000 0.000000000000 1.000000000000
9 46 57
-0.134947330587 -0.752821814150 0.644242605006 -1.212357593844
-0.958376651650 0.264267776915 0.108058945280 0.256820122152
-0.251601692240 -0.602844804426 -0.757149080591 2.641326775474
0.000000000000 0.000000000000 0.000000000000 1.000000000000
9 47 57
0.998550656602 0.006443289445 0.053432857116 0.321472219739
-0.015194847884 0.986169536080 0.165041699900 -0.129282003368
-0.051630444471 -0.165614401938 0.984838142577 0.921792751408
0.000000000000 0.000000000000 0.000000000000 1.000000000000
9 50 57
0.941347112882 0.335663348573 0.034579321761 -0.765720225107
-0.180422255862 0.414072187552 0.892183856100 -1.500841417186
0.285155085276 -0.846093576337 0.450346796836 1.603561032669
0.000000000000 0.000000000000 0.000000000000 1.000000000000
10 34 57
0.997286994192 0.050492867159 0.053564181878 0.220941847477
-0.065649731384 0.280930440847 0.957480130434 -1.177697922125
0.033298107805 -0.958398955431 0.283483118096 1.352970114019
0.000000000000 0.000000000000 0.000000000000 1.000000000000
11 50 57
-0.894623821395 0.030377192914 -0.445786321396 -0.064854069081
0.010113700265 -0.996054036871 -0.088170679369 -0.051527051888
-0.446705642744 -0.083388139349 0.890786442957 0.933863857384
0.000000000000 0.000000000000 0.000000000000 1.000000000000
12 33 57
-0.329580002325 -0.662909798173 0.672255622181 -0.900333134768
0.570524965850 0.427489333351 0.701251832948 -0.584267607211
-0.752248818815 0.614657196622 0.237314654484 1.843413500495
0.000000000000 0.000000000000 0.000000000000 1.000000000000
12 40 57
0.083791866776 -0.996408033328 -0.012245578082 0.725822889287
0.216828357324 0.006236846709 0.976189820272 -1.319782749170
-0.972607005178 -0.084451955949 0.216572114119 1.815207753400
0.000000000000 0.000000000000 0.000000000000 1.000000000000
12 41 57
-0.365026166439 -0.911508356840 0.189495153570 0.027273326170
0.868414503135 -0.259995250381 0.422206964088 -0.278792658533
-0.335577336184 0.318676929179 0.886472146347 0.860800256734
0.000000000000 0.000000000000 0.000000000000 1.000000000000
12 48 57
0.178884651628 0.976813222828 -0.117627416531 0.155881306017
0.829484985669 -0.085438053110 0.551955612011 -0.123419576944
0.529107682766 -0.196306563284 -0.825535458506 2.708798782781
0.000000000000 0.000000000000 0.000000000000 1.000000000000
13 26 57
0.999922490044 0.002204205236 0.012253790539 -0.036450832517
-0.002401012685 0.999867994406 0.016069502205 -0.017245985850
-0.012216752489 -0.016097678165 0.999795787007 0.010406722456
0.000000000000 0.000000000000 0.000000000000 1.000000000000
13 36 57
0.400385229556 -0.617472288222 0.677066939993 -1.426908406631
0.438503512978 0.777890851078 0.450111644944 -0.620256837170
-0.804615645548 0.116678177421 0.582219774530 1.292661856727
0.000000000000 0.000000000000 0.000000000000 1.000000000000
13 53 57
0.002689273085 -0.550441651280 0.834869304948 -1.837206215436
-0.990964212638 0.110489509018 0.076039448094 -0.246063718979
-0.134099578969 -0.827530094276 -0.545170841102 3.234257194011
0.000000000000 0.000000000000 0.000000000000 1.000000000000
14 16 57
0.992171046307 -0.032395076241 0.120611665714 -0.247769883570
0.030848993651 0.999416477601 0.014664374871 -0.009934025709
-0.121016339648 -0.010828819650 0.992591447779 0.004003795927
0.000000000000 0.000000000000 0.000000000000 1.000000000000
14 20 57
-0.610364983249 -0.321785805992 -0.723815226619 1.526758660599
0.249490491976 -0.945357222220 0.209890964102 -0.211624555092
-0.751803885091 -0.052474922201 0.657295444152 0.562395376916
0.000000000000 0.000000000000 0.000000000000 1.000000000000
14 32 57
0.998452188461 -0.029612520202 -0.047077871716 0.088044555858
0.033755324822 0.995388548865 0.089789837032 -0.181618078212
0.044201871048 -0.091239988138 0.994847455221 -0.087457166899
0.000000000000 0.000000000000 0.000000000000 1.000000000000
14 41 57
0.974596586454 0.153205087073 -0.163369810450 0.583252970249
-0.132667714392 0.982595727733 0.130018896309 -0.373900721091
0.180446034118 -0.105042073165 0.977959810849 0.266518809915
0.000000000000 0.000000000000 0.000000000000 1.000000000000
15 17 57
0.957494004676 0.059985545777 0.282147063262 -0.063881588682
0.108422866282 0.831567659224 -0.544738203359 1.387313997359
-0.267300791388 0.552174757146 0.789717243381 -0.413674698074
0.000000000000 0.000000000000 0.000000000000 1.000000000000
15 20 57
-0.425411678685 -0.597039532142 0.680124033318 -0.979882782752
0.325901304360 -0.802163432750 -0.500322063251 0.484799421444
0.844282679826 0.008810460774 0.535825654786 1.097489732411
0.000000000000 0.000000000000 0.000000000000 1.000000000000
15 33 57
0.993542709823 -0.072840058755 -0.086989709723 0.196212355238
0.079109625286 0.994338511873 0.070940756925 -0.171488684755
0.081329889612 -0.077364395212 0.993680129322 0.008514210058
0.000000000000 0.000000000000 0.000000000000 1.000000000000
15 34 57
0.999515787421 -0.031111698168 -0.000502925615 0.031691000528
0.031063387169 0.996765591892 0.074117614627 -0.111478701241
-0.001804625907 -0.074097348519 0.997249380179 0.009232000978
0.000000000000 0.000000000000 0.000000000000 1.000000000000
15 38 57
0.998156619019 0.044541711972 -0.041223777168 0.071834302080
-0.047533279608 0.996073594174 -0.074685891034 0.193526090704
0.037735278442 0.076507717810 0.996354664703 0.050277839502
0.000000000000 0.000000000000 0.000000000000 1.000000000000
15 39 57
-0.463201346262 0.852560335006 0.242044186040 0.240986757418
-0.186894612948 0.173000571465 -0.967026993379 1.452103623040
-0.866322639939 -0.493164959671 0.079204836220 1.177944910209
0.000000000000 0.000000000000 0.000000000000 1.000000000000
15 41 57
-0.324230217129 -0.720042073915 -0.613526020713 1.480563537816
-0.715669987904 -0.237418523115 0.656847709363 -1.000596823768
-0.618620428627 0.652052035250 -0.438334243029 2.173594945674
0.000000000000 0.000000000000 0.000000000000 1.000000000000
15 44 57
0.999390953639 -0.011707533297 0.032873324275 -0.042710449239
0.011773210941 0.999929064150 -0.001805040968 -0.034075176981
-0.032849859801 0.002190966195 0.999457896251 -0.020688449970
0.000000000000 0.000000000000 0.000000000000 1.000000000000
15 46 57
-0.816703598557 -0.508934817948 -0.271993719017 0.590642686672
0.574327168704 -0.671086236943 -0.468819331803 0.090203615015
0.056067239914 -0.539099817906 0.840373637701 0.542336604470
0.000000000000 0.000000000000 0.000000000000 1.000000000000
15 47 57
0.216606427137 -0.217581956739 0.951703602928 0.390623324174
-0.046765594711 0.971415773230 0.232732410016 -0.740101090997
-0.975138264491 -0.094918320792 0.200239550298 0.438822569573
0.000000000000 0.000000000000 0.000000000000 1.000000000000
15 53 57
-0.557991261779 0.618212018156 0.553587980710 -1.351712640838
0.367613375044 -0.413924841400 0.832782463888 -1.097253799397
0.743979944803 0.668191683784 0.003703438047 2.097949627672
0.000000000000 0.000000000000 0.000000000000 1.000000000000
15 55 57
0.962297008007 -0.083381516216 -0.258905371002 1.260609306659
0.111287168392 0.989232874143 0.095044657210 -0.374988525899
0.248192736662 -0.120274034881 0.961215127847 0.200298570605
0.000000000000 0.000000000000 0.000000000000 1.000000000000
16 26 57
0.999415481799 0.023169492087 0.025137012088 -0.054551190345
-0.021049613170 0.996447134415 -0.081547667662 0.236875875395
-0.026937121703 0.080970877185 0.996352401775 0.013869425807
0.000000000000 0.000000000000 0.000000000000 1.000000000000
17 26 57
0.999981112665 -0.004073429698 -0.004602334502 0.014888265613
0.003976998844 0.999776350157 -0.020770968867 0.043529395204
0.004685914272 0.020752273080 0.999773667071 -0.016435581993
0.000000000000 0.000000000000 0.000000000000 1.000000000000
17 41 57
-0.967737024055 0.246058435259 -0.054224521301 0.134963960096
-0.167825583413 -0.790001686586 -0.589687975749 1.266279040191
-0.187935163886 -0.561562624850 0.805808781626 1.288487273055
0.000000000000 0.000000000000 0.000000000000 1.000000000000
17 46 57
0.306983777717 0.943404678162 -0.125493320300 0.931924413062
0.935468764975 -0.323368560237 -0.142586689447 0.406337810030
-0.175097544173 -0.073623280775 -0.981794511368 3.493795463177
0.000000000000 0.000000000000 0.000000000000 1.000000000000
18 22 57
0.999977931711 -0.006556866103 0.001069391519 0.025159732317
0.006549576138 0.999956215148 0.006683624778 0.024779970376
-0.001113168329 -0.006676473221 0.999977092518 -0.005345152047
0.000000000000 0.000000000000 0.000000000000 1.000000000000
19 34 57
0.952264999501 0.199716581654 0.230878014841 0.018643750107
-0.167591502254 0.974155939381 -0.151437426490 0.129055253366
-0.255155754583 0.105515367515 0.961125407073 0.720013186928
0.000000000000 0.000000000000 0.000000000000 1.000000000000
19 49 57
-0.900186849933 0.433483663279 -0.041899270619 0.524459820324
-0.292520083937 -0.673109648958 -0.679231478197 1.507132808025
-0.322638552721 -0.599178866575 0.732727132122 0.726601204629
0.000000000000 0.000000000000 0.000000000000 1.000000000000
20 24 57
-0.979722700761 -0.172728731228 0.101529380099 -0.478930888972
0.183726794220 -0.572365964879 0.799150591149 -1.461089880577
-0.079924306065 0.801599643000 0.592494824993 0.869940088654
0.000000000000 0.000000000000 0.000000000000 1.000000000000
20 27 57
0.020984952478 -0.190011730936 0.981557524487 -2.445341277921
0.918554463650 0.391292054577 0.056109048579 -0.802433599818
-0.394737037884 0.900436599729 0.182747368768 1.122910236236
0.000000000000 0.000000000000 0.000000000000 1.000000000000
20 29 57
-0.798744417191 0.600389958330 -0.039233326949 -0.156955143619
-0.467304327178 -0.577973112558 0.669009526808 -1.162525555550
0.378990793830 0.552701528038 0.742217622464 -0.874966625611
0.000000000000 0.000000000000 0.000000000000 1.000000000000
20 32 57
0.492953117357 -0.706864181401 0.507287150578 -1.189091562620
0.402123469705 0.702141515415 0.587617228682 -1.220592063097
-0.771552939986 -0.085675675565 0.630369526084 0.886907112527
0.000000000000 0.000000000000 0.000000000000 1.000000000000
20 39 57
-0.969539049445 -0.195234747409 -0.147910192369 -0.037896924846
0.217113254346 -0.964553911455 -0.149991955393 -0.251113789116
-0.113383713069 -0.177536321073 0.977560733822 0.134876913315
0.000000000000 0.000000000000 0.000000000000 1.000000000000
20 40 57
0.002821603058 0.996173682515 0.087350059082 -0.187285970009
-0.868640413915 -0.040835024026 0.493757361592 -0.952236916015
0.495435030927 -0.077268978758 0.865201499682 -0.390053284689
0.000000000000 0.000000000000 0.000000000000 1.000000000000
20 41 57
0.476235672662 -0.874392066152 0.092941372568 -0.258876925858
0.702052528036 0.441741830813 0.558557430161 -1.060001373567
-0.529454277500 -0.200755247903 0.824242378476 0.348987573736
0.000000000000 0.000000000000 0.000000000000 1.000000000000
20 42 57
-0.840955623805 0.196379652089 -0.504210939028 1.098184441910
0.538639535778 0.214978630270 -0.814648168858 1.392981015341
-0.051585746935 -0.956670905157 -0.286565332761 1.599066126993
0.000000000000 0.000000000000 0.000000000000 1.000000000000
20 43 57
-0.790639139369 0.057902912916 -0.609538353161 0.487740135294
-0.152647337542 0.945443097055 0.287812683135 0.020212711493
0.592949021113 0.320600378833 -0.738665591085 3.274174196972
0.000000000000 0.000000000000 0.000000000000 1.000000000000
20 44 57
0.998859863780 0.043502047956 -0.019660731234 -0.159497169644
-0.013553884390 0.653321174380 0.756959533479 -1.582794540633
0.045774061944 -0.755830017219 0.653165920975 0.509815378015
0.000000000000 0.000000000000 0.000000000000 1.000000000000
20 52 57
0.423341328481 0.772614613454 0.473126598996 -0.633351857163
-0.859240341163 0.176849072197 0.480031709142 -1.272255822087
0.287207513340 -0.609746721796 0.738729165216 0.368120830312
0.000000000000 0.000000000000 0.000000000000 1.000000000000
20 53 57
0.361539899540 -0.578088859713 -0.731506781456 1.546620517835
0.039879800797 -0.774272000410 0.631595179580 -0.976744738976
-0.931503356156 -0.257519202501 -0.256876152676 1.680393661163
0.000000000000 0.000000000000 0.000000000000 1.000000000000
20 55 57
0.527573366053 -0.474243691617 -0.704811509833 1.900012494824
0.279856876341 -0.686330614346 0.671290113570 -0.692767179705
-0.802088818147 -0.551401132366 -0.229369394276 1.178899127927
0.000000000000 0.000000000000 0.000000000000 1.000000000000
21 51 57
0.049291659777 0.998424149820 -0.026824416719 -0.779796368067
-0.978097151423 0.042815427529 -0.203697819188 -0.230356295261
-0.202228323073 0.036277489182 0.978666260339 0.448362388752
0.000000000000 0.000000000000 0.000000000000 1.000000000000
22 27 57
0.997244624210 -0.074093714720 -0.003644300213 0.010641120180
0.074014116334 0.997084933853 -0.018534974163 0.112664857724
0.005007001925 0.018214173684 0.999821570986 0.055708998884
0.000000000000 0.000000000000 0.000000000000 1.000000000000
22 36 57
0.938324988391 -0.299358270015 0.173005324583 -0.894117247441
0.289532380052 0.953811642195 0.080089650477 -0.221932236621
-0.188989991962 -0.025059476965 0.981659210496 0.703663851735
0.000000000000 0.000000000000 0.000000000000 1.000000000000
22 44 57
-0.265423668912 -0.820070922917 -0.506985164839 0.867594072480
0.963719088681 -0.241053196584 -0.114624929789 0.164034405573
-0.028209822644 -0.519015450447 0.854299226327 1.254656330417
0.000000000000 0.000000000000 0.000000000000 1.000000000000
22 47 57
-0.766575175641 0.533793918567 0.356968559668 -1.373496849453
0.605601003259 0.416070501918 0.678330864907 -0.722550354457
0.213564802673 0.736172119776 -0.642215450704 2.863372504080
0.000000000000 0.000000000000 0.000000000000 1.000000000000
22 50 57
0.751082937478 -0.595012079727 0.286068254109 -1.361507453811
-0.231939906944 -0.643489532961 -0.729469053858 0.501151327708
0.618124826065 0.481541115533 -0.621321055055 3.242777299055
0.000000000000 0.000000000000 0.000000000000 1.000000000000
23 46 57
0.823855630017 -0.566338887307 0.022850943371 -1.153626801975
-0.157079476657 -0.266869406945 -0.950845285864 0.439739626141
0.544598878903 0.779769827808 -0.308822079419 1.975651918578
0.000000000000 0.000000000000 0.000000000000 1.000000000000
24 46 57
-0.081655447609 -0.977653715210 -0.193715257561 -0.192028084624
-0.916202593130 0.150138158499 -0.371525694542 0.511865018806
0.392307527608 0.147145324420 -0.907988467594 2.078842627199
0.000000000000 0.000000000000 0.000000000000 1.000000000000
24 52 57
-0.616320780709 -0.465553782086 -0.635144370401 0.966219496440
0.743819785754 -0.079283889688 -0.663661202088 0.156390461359
0.258613266456 -0.881461139712 0.395152423239 1.603906919022
0.000000000000 0.000000000000 0.000000000000 1.000000000000
25 49 57
0.999003921022 0.023440216728 -0.037970014772 0.078948256632
-0.021286994926 0.998195236868 0.056152764318 -0.100502463502
0.039217720854 -0.055288564218 0.997699927352 0.003888761620
0.000000000000 0.000000000000 0.000000000000 1.000000000000
25 51 57
0.368071423303 -0.917114278512 -0.153051715109 0.306613199823
-0.887688586362 -0.297632583236 -0.351317262654 0.862703688032
0.276644900531 0.265172105521 -0.923661925958 2.921338086815
0.000000000000 0.000000000000 0.000000000000 1.000000000000
26 36 57
-0.691360414344 -0.462439415219 -0.555131123907 1.618736245992
0.450344194672 0.325009226820 -0.831600329970 1.583699580124
0.564987507653 -0.824935627630 -0.016441607688 1.847007720583
0.000000000000 0.000000000000 0.000000000000 1.000000000000
26 51 57
0.637040245988 -0.427017102466 -0.641744590312 1.850972122159
-0.642161678594 -0.754516817160 -0.135398490275 1.059024339183
-0.426389614715 0.498358070894 -0.754871598113 2.750387454571
0.000000000000 0.000000000000 0.000000000000 1.000000000000
27 33 57
0.412497378448 -0.805461691647 0.425531874321 -0.578413168110
0.682905353238 0.582575935223 0.440732978365 -0.351621852370
-0.602898159967 0.108796796777 0.790365147080 0.549265399676
0.000000000000 0.000000000000 0.000000000000 1.000000000000
27 37 57
0.999661260495 -0.008270835698 0.024677065092 -0.050918108529
0.007819956615 0.999801738473 0.018312073219 -0.054570558367
-0.024823628728 -0.018112896618 0.999527743703 -0.013248109963
0.000000000000 0.000000000000 0.000000000000 1.000000000000
27 41 57
0.933369815914 0.170250052274 -0.315967888308 0.092544473144
-0.118457356628 -0.684887898163 -0.718955090121 1.000609379360
-0.338804724585 0.708479700945 -0.619086320272 2.872731655871
0.000000000000 0.000000000000 0.000000000000 1.000000000000
27 48 57
0.450843587100 -0.870157751537 0.198910903198 -0.073505504540
0.409750806833 0.399732716890 0.819950017590 -0.581991531019
-0.792997059434 -0.288165304100 0.536764772729 1.009134321171
0.000000000000 0.000000000000 0.000000000000 1.000000000000
29 46 57
0.800635381217 0.004407993720 0.599135674063 -0.823131230910
0.587576710213 0.189833397707 -0.786585590213 1.444683456455
-0.117203225037 0.981806422217 0.149397300293 1.521357678428
0.000000000000 0.000000000000 0.000000000000 1.000000000000
30 34 57
0.996765646676 0.024984194161 -0.076380859181 0.139564537882
-0.015798388335 0.992818443929 0.118583086150 -0.167852447831
0.078795028606 -0.116992852076 0.990002028296 -0.027949261561
0.000000000000 0.000000000000 0.000000000000 1.000000000000
30 35 57
-0.310496373899 -0.887626814958 -0.340162665740 0.719976599354
0.723505711983 -0.452779959369 0.521085207160 -0.748418843364
-0.616548040726 -0.084314564350 0.782789606290 0.564826597430
0.000000000000 0.000000000000 0.000000000000 1.000000000000
30 40 57
0.920674615084 -0.071626638233 -0.383702850961 0.486745094160
-0.258036762031 -0.849267060801 -0.460610995177 0.596820618450
-0.292874175339 0.523082291932 -0.800380930112 2.724853106715
0.000000000000 0.000000000000 0.000000000000 1.000000000000
30 51 57
-0.999218937446 -0.022035856698 0.032801464425 0.066459759127
0.033595589164 -0.910760687528 0.411565676950 -0.519920504445
0.020805082012 0.412346202934 0.910789634048 -0.267880078035
0.000000000000 0.000000000000 0.000000000000 1.000000000000
30 52 57
0.301062539656 0.905198478559 0.299961766948 -0.207650736138
0.782611864004 -0.054806798545 -0.620092642396 0.988458678752
-0.544866972330 0.421440303304 -0.724919342559 2.277408836520
0.000000000000 0.000000000000 0.000000000000 1.000000000000
30 53 57
0.998063009823 -0.057617272184 0.023462275440 -0.034121395276
0.055489443992 0.995003313285 0.083001976824 -0.150616044090
-0.028127389290 -0.081539294191 0.996273152039 0.032493634184
0.000000000000 0.000000000000 0.000000000000 1.000000000000
30 55 57
-0.057248942160 -0.779787204209 -0.623421586707 0.913641737120
0.977119889792 0.084357353080 -0.195244866656 0.340399780833
0.204839643614 -0.620335194175 0.757116217811 0.105161073757
0.000000000000 0.000000000000 0.000000000000 1.000000000000
31 34 57
0.383281575297 -0.908680645614 0.165513498921 0.256020825352
-0.848874453792 -0.417181987734 -0.324609535919 1.232350875436
0.364015653148 -0.016083326709 -0.931253956161 3.605515707224
0.000000000000 0.000000000000 0.000000000000 1.000000000000
31 45 57
-0.146933873553 0.549125069052 0.822722368324 -0.983938335312
-0.974475948928 -0.223079586563 -0.025142056762 0.490746382983
0.169726432126 -0.805417380366 0.567887120510 0.500690972038
0.000000000000 0.000000000000 0.000000000000 1.000000000000
31 46 57
-0.734710657803 0.676807466518 -0.046172530530 0.778366212989
-0.503131937671 -0.497991925451 0.706301844455 -0.065503433153
0.455036814561 0.542158367499 0.706403427189 1.088330305049
0.000000000000 0.000000000000 0.000000000000 1.000000000000
31 51 57
0.083936930736 -0.402036701033 -0.911768107953 2.065821208884
0.509318850374 0.803756437699 -0.307522190274 0.343502641239
0.856474693329 -0.438568215766 0.272229718819 2.032339916955
0.000000000000 0.000000000000 0.000000000000 1.000000000000
32 35 57
0.999574372330 0.028052634761 0.008007737725 -0.029121865556
-0.028688170190 0.995044739598 0.095199554040 -0.139391916031
-0.005297458980 -0.095388761818 0.995425999785 0.034561229173
0.000000000000 0.000000000000 0.000000000000 1.000000000000
32 46 57
-0.254708608621 -0.655762914085 -0.710702838889 0.341984062870
0.541811482674 -0.705526498837 0.456807045349 -1.630886312038
-0.800976804868 -0.268714271950 0.535003549627 2.504991097196
0.000000000000 0.000000000000 0.000000000000 1.000000000000
33 39 57
0.018454574265 -0.875426166033 -0.482999437384 0.381864291899
0.988178304649 0.089504814089 -0.124468977967 0.025467686924
0.152194175020 -0.474992543183 0.866728917835 0.218730582995
0.000000000000 0.000000000000 0.000000000000 1.000000000000
33 43 57
0.899307775799 0.291913867159 0.325625273201 -0.008667878710
-0.349074847989 0.927691400427 0.132421358082 -0.419153799554
-0.263424134977 -0.232755149750 0.936179878750 -0.328316806275
0.000000000000 0.000000000000 0.000000000000 1.000000000000
33 46 57
0.854728669631 0.510469815144 0.094124753048 -0.557431846315
0.492409406592 -0.740006352437 -0.458174175016 0.162663532544
-0.164231171247 0.437962516866 -0.883864783897 2.695391113315
0.000000000000 0.000000000000 0.000000000000 1.000000000000
33 47 57
0.843296284341 -0.435744718122 0.314607561010 -0.161576722320
0.474830234643 0.878273291149 -0.056322946673 0.151911443152
-0.251768991506 0.196882113667 0.947549369813 0.840530473715
0.000000000000 0.000000000000 0.000000000000 1.000000000000
33 49 57
0.563540209554 -0.534334583163 0.630007131270 -0.443491436135
0.763405263531 0.628258233221 -0.150013319418 0.320525367274
-0.315649862708 0.565489297535 0.761962609677 -0.007487263256
0.000000000000 0.000000000000 0.000000000000 1.000000000000
33 52 57
-0.487762824940 -0.779488052048 -0.393046820775 0.360046066037
0.021847490425 -0.460996423788 0.887133013937 -1.582439773253
-0.872702763700 0.424123418322 0.241886775707 1.096613846917
0.000000000000 0.000000000000 0.000000000000 1.000000000000
34 40 57
0.879679665706 0.086243181575 0.467681301074 -0.890092886277
-0.013587791385 0.987575466032 -0.156556925166 -0.581472960415
-0.475372546187 0.131365187640 0.869921910178 0.422505294141
0.000000000000 0.000000000000 0.000000000000 1.000000000000
34 41 57
0.909952341936 -0.394144676510 -0.128983368632 -0.226736905802
0.283936754581 0.818798197273 -0.498948325522 0.242341996876
0.302269176072 0.417396078230 0.856979497465 0.204814648760
0.000000000000 0.000000000000 0.000000000000 1.000000000000
34 44 57
-0.937821306318 0.345981180037 -0.028075264471 -0.401482712176
0.337974957326 0.928568133409 0.153408441220 -0.711059431874
0.079146229446 0.134380968434 -0.987763954438 3.290050578665
0.000000000000 0.000000000000 0.000000000000 1.000000000000
34 48 57
-0.232933808537 0.970892335880 -0.055766593671 -1.185157743971
-0.967589992775 -0.237128915344 -0.086830198596 -0.250136418635
-0.097526646209 0.033733509113 0.994661049626 0.294261070141
0.000000000000 0.000000000000 0.000000000000 1.000000000000
34 52 57
0.708511967042 -0.701166809304 0.079849220965 0.083338347918
0.666306820280 0.627392222215 -0.403006477309 0.515970746852
0.232477985640 0.338738992492 0.911707124661 0.410444168581
0.000000000000 0.000000000000 0.000000000000 1.000000000000
34 56 57
0.999428450266 0.026598130362 -0.020864138127 0.031899303903
-0.024285198401 0.994259416929 0.104203843434 -0.270216723289
0.023515993221 -0.103637596021 0.994337089097 0.038416636056
0.000000000000 0.000000000000 0.000000000000 1.000000000000
35 38 57
0.892520143691 0.448973970315 -0.042780452154 -0.227614327850
-0.450645761926 0.883984629310 -0.124457110695 0.361317288370
-0.018060740984 0.130359307777 0.991302305310 -0.248030062587
0.000000000000 0.000000000000 0.000000000000 1.000000000000
35 40 57
0.884319105767 0.417628752386 0.208724565768 -0.188084233672
-0.041083938083 0.514932863522 -0.856245441504 1.386680525170
-0.465071853810 0.748618976012 0.472522803205 0.581105998168
0.000000000000 0.000000000000 0.000000000000 1.000000000000
35 44 57
-0.564795870776 -0.391270887840 0.726576022645 -1.096270905755
0.350003840347 -0.910916358856 -0.218468988443 0.935738474371
0.747330540053 0.130914015664 0.651428111464 0.502574771376
0.000000000000 0.000000000000 0.000000000000 1.000000000000
35 46 57
-0.090751339672 -0.593100697372 -0.799997348198 0.301983171065
0.219872156060 -0.795421568017 0.564766114531 -0.412498871245
-0.971298321495 -0.124643860296 0.202591901993 1.139666339308
0.000000000000 0.000000000000 0.000000000000 1.000000000000
35 48 57
-0.259655484516 -0.965694868500 -0.003528500163 0.377361711790
0.901338980851 -0.241036687326 -0.359846296303 1.191303068736
0.346651223798 -0.096616439159 0.933004926420 0.663206125933
0.000000000000 0.000000000000 0.000000000000 1.000000000000
35 52 57
0.093593941839 -0.390421282629 -0.915866472867 1.327518989347
0.412721100959 -0.821926779874 0.392552749769 -0.365788095067
-0.906036128902 -0.414737978242 0.084207734373 0.946628095764
0.000000000000 0.000000000000 0.000000000000 1.000000000000
35 54 57
0.563933325547 0.825249802056 0.030691506052 0.402768488690
0.140694286768 -0.132631985647 0.981128877393 -0.943205845399
0.813747087251 -0.548973151065 -0.190903529045 1.424605428559
0.000000000000 0.000000000000 0.000000000000 1.000000000000
36 38 57
0.908826124172 -0.038836340776 0.415363472947 -0.478783917023
0.082505441268 0.992723896329 -0.087704719478 0.210404576404
-0.408935114883 0.113978086897 0.905417620506 -0.069655883141
0.000000000000 0.000000000000 0.000000000000 1.000000000000
36 44 57
0.905656785305 0.084506442300 -0.415505052244 0.656607800196
0.210677567186 0.760731831675 0.613923482986 -1.264833239167
0.367968408854 -0.643541561585 0.671158333478 0.860301952858
0.000000000000 0.000000000000 0.000000000000 1.000000000000
36 47 57
-0.173612900610 -0.933279667309 0.314400418782 0.330449721108
-0.623921947547 -0.142769493548 -0.768334741555 0.367656226678
0.761957980540 -0.329554144717 -0.557507041740 2.995576778822
0.000000000000 0.000000000000 0.000000000000 1.000000000000
36 49 57
-0.310660731091 0.949937490044 -0.033296774139 0.142529405175
-0.934015559631 -0.298579220781 0.196125937308 -0.570611714296
0.176365655741 0.092028332201 0.980013235394 0.129202917818
0.000000000000 0.000000000000 0.000000000000 1.000000000000
36 53 57
-0.833882419948 -0.337091666173 0.437046128340 -0.167790258874
0.551878509110 -0.521246338990 0.650947283020 -0.890602039149
0.008379790143 0.784009861345 0.620691804708 0.636238828864
0.000000000000 0.000000000000 0.000000000000 1.000000000000
36 56 57
0.227646464911 0.884930930009 0.406293411376 -0.106459654298
-0.972263380191 0.229568529361 0.044746059784 -0.035171131993
-0.053675008639 -0.405210487823 0.912646401410 -0.094433774883
0.000000000000 0.000000000000 0.000000000000 1.000000000000
37 39 57
0.942065513546 0.088954769584 -0.323418640704 0.294798244625
-0.262411190322 -0.405131628195 -0.875790346504 0.786750688233
-0.208932848974 0.909920553018 -0.358317808399 3.242849513990
0.000000000000 0.000000000000 0.000000000000 1.000000000000
37 47 57
-0.292477997945 0.654405798381 -0.697287366702 0.300839265097
0.389426000174 -0.584462412642 -0.711864508595 0.878118591877
-0.873386518735 -0.479746536469 -0.083900236231 2.084757797924
0.000000000000 0.000000000000 0.000000000000 1.000000000000
37 49 57
-0.777274564089 -0.239291681345 -0.581879492041 0.334058253922
0.481603937456 -0.821405972432 -0.305532119229 0.286881973085
-0.404847995482 -0.517717799281 0.753701785099 1.224234875253
0.000000000000 0.000000000000 0.000000000000 1.000000000000
37 50 57
-0.807797308101 0.388530822998 0.443291448830 0.051772095589
0.101409519954 0.832417185666 -0.544791463105 1.271552773948
-0.580671695787 -0.395127104347 -0.711825086045 3.320520481334
0.000000000000 0.000000000000 0.000000000000 1.000000000000
38 41 57
0.975618214285 -0.194495185502 0.101689344439 0.170015904873
0.175379678063 0.969435583688 0.171571027866 -0.331408432904
-0.131951007873 -0.149553575340 0.979909516040 0.549182614523
0.000000000000 0.000000000000 0.000000000000 1.000000000000
38 42 57
0.910019206003 0.167846771780 -0.379067943658 0.312417717142
-0.029831538059 0.938514930242 0.343947387037 -0.134109965264
0.413491383275 -0.301690548270 0.859073739001 0.128006308179
0.000000000000 0.000000000000 0.000000000000 1.000000000000
38 46 57
-0.498060725981 0.615176155438 -0.611141400182 0.464675761535
-0.787642251067 -0.026153086681 0.615577534022 -0.536434050775
0.362705386740 0.787955781652 0.497564557210 1.645660511892
0.000000000000 0.000000000000 0.000000000000 1.000000000000
38 49 57
0.312628337521 -0.185443114348 0.931597753281 -1.324879929028
0.589173664103 0.807156792295 -0.037044651157 0.174401996256
-0.745075778768 0.560454069476 0.361598285258 0.831848950976
0.000000000000 0.000000000000 0.000000000000 1.000000000000
38 51 57
0.706432525929 -0.706079637835 0.049037040537 0.570039575927
0.449924113599 0.501471108951 0.738982421232 -1.304737690507
-0.546371099447 -0.499978271451 0.671937757360 1.198429717465
0.000000000000 0.000000000000 0.000000000000 1.000000000000
38 53 57
-0.879635025277 -0.228147985728 0.417361616485 -0.771068971800
0.354939434282 -0.898968613513 0.256658196656 -0.309948712829
0.316638943118 0.373903635350 0.871742996057 0.648773023265
0.000000000000 0.000000000000 0.000000000000 1.000000000000
38 55 57
-0.029863464454 0.800741163729 -0.598265628465 0.562088338385
-0.682493506306 0.420957223324 0.597492786552 -1.523245118731
0.730281306992 0.426155611066 0.533929403401 1.604731218678
0.000000000000 0.000000000000 0.000000000000 1.000000000000
39 41 57
-0.081435230725 -0.991520319921 0.101270718278 0.203292140339
0.996648284045 -0.080218327861 0.016038010654 0.219701255123
-0.007778245773 0.102237346693 0.994729623482 0.406457773597
0.000000000000 0.000000000000 0.000000000000 1.000000000000
39 46 57
-0.633962320997 0.595057359967 -0.493962057151 0.677430148659
-0.474622378024 0.204921707621 0.856002740664 -0.831702752227
0.610594279236 0.777118930469 0.152514897863 1.992962896920
0.000000000000 0.000000000000 0.000000000000 1.000000000000
39 50 57
0.984173687036 -0.103150989050 0.144090343897 -0.254693082903
0.113743605629 0.991228064414 -0.067300196858 0.062367523304
-0.135884310813 0.082624438131 0.987273344266 0.049794653673
0.000000000000 0.000000000000 0.000000000000 1.000000000000
39 51 57
-0.817898533781 -0.327285421641 0.473208454300 -0.403799746185
-0.135524669768 0.908899027381 0.394380047557 -1.928248752305
-0.559173544014 0.258431443149 -0.787742430537 2.210452348234
0.000000000000 0.000000000000 0.000000000000 1.000000000000
39 52 57
0.780541482036 0.480374119223 -0.399994625467 0.950068835287
-0.621449775115 0.665404759055 -0.413565815363 -0.069288671010
0.067492013086 0.571381844486 0.817904405148 0.176089171303
0.000000000000 0.000000000000 0.000000000000 1.000000000000
40 46 57
-0.344653137519 0.308269549276 0.886670231702 -0.863964138145
0.609982473044 0.791499483544 -0.038078210671 0.668918839846
-0.713537383307 0.527729525930 -0.460831802380 1.652183056994
0.000000000000 0.000000000000 0.000000000000 1.000000000000
40 52 57
0.332241528052 0.885459223264 0.324926962522 -0.290551254913
0.680323863044 0.013631023753 -0.732784850120 1.262952240238
-0.653280191351 0.464517124688 -0.597870247178 1.976881769167
0.000000000000 0.000000000000 0.000000000000 1.000000000000
41 46 57
-0.359589454473 0.739968150211 0.568456296389 -0.404516454456
-0.920233932817 -0.180365590067 -0.347329472996 0.181946952739
-0.154482792321 -0.648008788978 0.745801365166 0.687472774450
0.000000000000 0.000000000000 0.000000000000 1.000000000000
41 47 57
0.915418759614 -0.221780785266 0.335889532188 0.392549404989
0.336770339894 0.879063221240 -0.337392340208 0.501686534266
-0.220440995992 0.421972909498 0.879400154046 0.508948743438
0.000000000000 0.000000000000 0.000000000000 1.000000000000
41 49 57
-0.902698575830 0.320405553072 -0.287185589394 0.215373967719
-0.359378652018 -0.928470836375 0.093749082523 0.103494310905
-0.236605717744 0.187835533274 0.953276217458 -0.499436522943
0.000000000000 0.000000000000 0.000000000000 1.000000000000
41 51 57
0.997730518143 0.004681870803 0.067170627901 -0.081034729632
-0.013488818309 0.991255298616 0.131266845573 -0.200359347165
-0.065968666406 -0.131874990244 0.989068815604 -0.007277662758
0.000000000000 0.000000000000 0.000000000000 1.000000000000
41 55 57
0.879001857847 0.444928896635 -0.171446816362 0.814934455387
-0.450225207682 0.892871285256 0.008839136333 -0.274445318957
0.157012726454 0.069420061245 0.985153723450 -0.137586987357
0.000000000000 0.000000000000 0.000000000000 1.000000000000
42 51 57
-0.115325631788 -0.993192452531 -0.016393623407 1.155874947257
0.804351923715 -0.103056640513 0.585147256391 -1.013073172957
-0.582853310421 0.054296234508 0.810761331989 0.330851137702
0.000000000000 0.000000000000 0.000000000000 1.000000000000
42 52 57
-0.612988183045 -0.669818506205 -0.419033001314 0.817695483224
-0.532860755311 0.742069279517 -0.406684890112 -0.119642838586
0.583356582971 -0.026006790280 -0.811799694484 3.468492155772
0.000000000000 0.000000000000 0.000000000000 1.000000000000
43 49 57
-0.978368668498 -0.196548553299 -0.064524527871 -0.880737712782
0.141863731803 -0.410445460839 -0.900782551604 0.985461073775
0.150563707777 -0.890451115937 0.429450090264 1.466347373259
0.000000000000 0.000000000000 0.000000000000 1.000000000000
44 48 57
-0.914920356268 -0.403443164328 0.012423962524 -0.017970864216
0.401939134775 -0.907827857735 0.119555479409 0.756516694564
-0.036955021643 0.114377418562 0.992749783430 0.409915798593
0.000000000000 0.000000000000 0.000000000000 1.000000000000
44 51 57
0.998064848111 0.010174979811 -0.061343530640 0.083961347664
-0.002821432962 0.992915539121 0.118788769201 -0.221620786338
0.062117618126 -0.118385818231 0.991022804763 0.184436814936
0.000000000000 0.000000000000 0.000000000000 1.000000000000
44 53 57
0.997915354057 0.044043310348 -0.047171314912 0.099398047624
-0.046064163104 0.998027740795 -0.042646470919 0.042972737362
0.045199989098 0.044730475270 0.997976024545 0.055010503549
0.000000000000 0.000000000000 0.000000000000 1.000000000000
44 55 57
-0.759226147042 0.566776903009 -0.319905610866 0.220398427551
-0.621854013507 -0.486717228061 0.613517665429 -1.349712092212
0.192024070191 0.664733241327 0.721980937659 0.432843962736
0.000000000000 0.000000000000 0.000000000000 1.000000000000
46 48 57
-0.962843164889 -0.172367793438 0.207899936539 -0.491067977291
0.110688368406 -0.954071060705 -0.278381925106 0.208950145017
0.246335391137 -0.245026029050 0.937699909439 -0.415418126544
0.000000000000 0.000000000000 0.000000000000 1.000000000000
46 51 57
0.738064744748 -0.571461975452 -0.358736174886 0.748574659464
0.553925441070 0.816763150267 -0.161445229419 -0.400969047919
0.385262298045 -0.079556061859 0.919371412828 -0.698024909851
0.000000000000 0.000000000000 0.000000000000 1.000000000000
46 52 57
0.871632930587 0.254491983846 0.418915104137 -0.533117131772
-0.262998714250 0.964030430162 -0.038431836088 -0.492359200971
-0.413627502252 -0.076675679851 0.907211733555 -0.767635470798
0.000000000000 0.000000000000 0.000000000000 1.000000000000
46 53 57
0.267035904673 -0.069654188354 -0.961166020862 1.187586717997
0.578326606883 0.809401484555 0.102017511103 -0.342195749043
0.770863257256 -0.583110221866 0.256422128078 0.236598134376
0.000000000000 0.000000000000 0.000000000000 1.000000000000
47 49 57
0.870309059676 0.276476018389 -0.407582079957 0.086500179943
-0.059055838185 0.880179685681 0.470952363716 -0.579690304516
0.488952501398 -0.385804007457 0.782355877595 -0.037012776946
0.000000000000 0.000000000000 0.000000000000 1.000000000000
48 52 57
-0.502088882975 0.452543599972 0.736960679899 -1.570049693928
-0.323074624022 -0.888613581975 0.325559041102 -0.209718128585
0.802202930004 -0.074633719288 0.592368354184 0.623278040386
0.000000000000 0.000000000000 0.000000000000 1.000000000000
49 51 57
-0.580562277844 0.673785924169 -0.457121395184 -0.256697441826
-0.511694357909 -0.738631677866 -0.438853197022 0.908918245208
-0.633337450043 -0.020875172907 0.773594145226 0.352865127402
0.000000000000 0.000000000000 0.000000000000 1.000000000000
49 52 57
0.958940619101 0.127537548266 0.253312184511 -0.050568734243
-0.232096383161 0.866209446249 0.442507021586 -0.415857658910
-0.162985146449 -0.483130799072 0.860244426326 0.172449541801
0.000000000000 0.000000000000 0.000000000000 1.000000000000
49 53 57
0.433819437938 0.889654454115 -0.142532970009 -0.229610257455
-0.892880625534 0.445686163684 0.064249763017 0.064788817681
0.120685060445 0.099392131341 0.987702546526 0.202867458431
0.000000000000 0.000000000000 0.000000000000 1.000000000000
50 52 57
0.964520679799 -0.048091769734 0.259590138341 -0.136342377737
0.120806776800 0.954684479100 -0.271998654489 -0.074820043928
-0.234745779342 0.293708575035 0.926622734468 -0.064359892035
0.000000000000 0.000000000000 0.000000000000 1.000000000000
52 56 57
0.988749245251 -0.059353240184 0.137303033088 -0.265258864160
0.062141383778 0.997937392377 -0.016106188780 -0.007702016942
-0.136063876314 0.024457182474 0.990398135998 -0.058565307222
0.000000000000 0.000000000000 0.000000000000 1.000000000000
53 55 57
0.934010303322 -0.136033525374 0.330332610052 -0.403757879238
0.152589425534 0.987983832473 -0.024584832484 0.155078148997
-0.323018916637 0.073367750049 0.943544356534 -0.048335731229
0.000000000000 0.000000000000 0.000000000000 1.000000000000
