0 10 66
0.998500164057 0.052043954991 0.016995561977 -0.045555905163
-0.051924576461 0.998623653289 -0.007391714993 0.064931395833
-0.017356864274 0.006498141276 0.999828241961 -0.060062989212
0.000000000000 0.000000000000 0.000000000000 1.000000000000
0 13 66
0.968371739734 -0.239710956083 -0.069244719786 0.403122878850
0.231437920349 0.966643400445 -0.109713378397 0.419983519079
0.093234450228 0.090217481169 0.991548356553 -0.234413939412
0.000000000000 0.000000000000 0.000000000000 1.000000000000
0 20 66
0.998766822929 0.039021670425 0.030694342377 -0.071517071132
-0.038621381922 0.999162342127 -0.013527857714 0.051003832251
-0.031196510625 0.012325717551 0.999437268873 0.003861389472
0.000000000000 0.000000000000 0.000000000000 1.000000000000
0 24 66
0.997389620624 0.062414532717 0.036309375886 -0.167986359235
-0.060860445316 0.997243683598 -0.042438681873 0.101200528248
-0.038858086256 0.040118096028 0.998439075509 -0.093061347740
0.000000000000 0.000000000000 0.000000000000 1.000000000000
0 44 66
0.998486963964 -0.034656509294 -0.042693198024 0.104715886761
0.033304807982 0.998933610735 -0.031975476677 0.046842778852
0.043755828860 0.030505207866 0.998576416572 -0.063473932719
0.000000000000 0.000000000000 0.000000000000 1.000000000000
0 53 66
-0.562491757387 -0.325378914474 -0.760086564074 1.633794064844
0.511109454796 0.585772094861 -0.628997756832 2.249346528978
0.649900106238 -0.742293482995 -0.163187735488 3.395956940465
0.000000000000 0.000000000000 0.000000000000 1.000000000000
0 65 66
0.999188346691 -0.037698156101 -0.014194959081 0.045564633450
0.038153359400 0.998717112329 0.033293403359 0.056686104294
0.012921648626 -0.033807966034 0.999344811579 0.040996180489
0.000000000000 0.000000000000 0.000000000000 1.000000000000
1 3 66
0.999836035755 0.003528629662 -0.017760922785 0.045597231713
-0.003873631869 0.999803754267 -0.019428019171 -0.020023003792
0.017688882994 0.019493632947 0.999653490812 -0.048586193875
0.000000000000 0.000000000000 0.000000000000 1.000000000000
1 7 66
-0.809667175370 0.225456233025 -0.541856578921 1.466432268015
0.487654191907 0.772153503175 -0.407397050370 1.024435202849
0.326546251311 -0.594094651150 -0.735132022993 4.614178277175
0.000000000000 0.000000000000 0.000000000000 1.000000000000
1 11 66
0.963471173520 -0.055893083028 0.261914606439 -0.214306520783
0.173114050499 0.876173492679 -0.449835010027 1.085222726366
-0.204339969943 0.478744163407 0.853843781196 0.067676638946
0.000000000000 0.000000000000 0.000000000000 1.000000000000
1 18 66
0.691345297339 0.695196886648 -0.196832336374 1.075098009400
-0.067471441829 0.333350664791 0.940385526697 -2.483892353479
0.719367280590 -0.636850550034 0.277366350765 2.368882703427
0.000000000000 0.000000000000 0.000000000000 1.000000000000
1 20 66
0.999513822698 0.021291437819 0.022777025958 -0.044811535543
-0.020693613390 0.999443345537 -0.026168175844 0.050157109144
-0.023321505113 0.025684114502 0.999398035650 -0.000178656454
0.000000000000 0.000000000000 0.000000000000 1.000000000000
1 24 66
0.998458016542 0.042764300450 0.035394968702 -0.140069295625
-0.041323158509 0.998324974709 -0.040492486258 0.051179028681
-0.037067314082 0.038967415612 0.998552730079 -0.087086220321
0.000000000000 0.000000000000 0.000000000000 1.000000000000
1 25 66
0.999194784641 0.038700083680 0.010587061406 -0.033158580802
-0.038651531545 0.999241446989 -0.004752865285 0.064152500180
-0.010762966843 0.004339832067 0.999932659934 -0.046774465737
0.000000000000 0.000000000000 0.000000000000 1.000000000000
1 33 66
0.831152432239 0.504422225863 -0.233974042233 0.444409971026
0.328886478510 -0.785252890931 -0.524606120378 1.406318784824
-0.448351780009 0.359076754106 -0.818562499766 5.276961972788
0.000000000000 0.000000000000 0.000000000000 1.000000000000
1 34 66
0.735072980356 0.226499660359 -0.639034910946 1.398494612511
0.466392001855 -0.853029089522 0.234136441064 0.185860188238
-0.492083543879 -0.470148142914 -0.732676265179 3.918893037498
0.000000000000 0.000000000000 0.000000000000 1.000000000000
1 36 66
0.961870446751 0.148733492203 -0.229529065620 1.232751786668
-0.115074385674 0.981393455270 0.153703518875 -0.259426518130
0.248119183920 -0.121429956147 0.961088776503 0.495852535098
0.000000000000 0.000000000000 0.000000000000 1.000000000000
1 53 66
0.462629149381 0.395679889775 0.793354709427 -1.281361139434
0.120024895761 -0.914591582513 0.386155747847 -0.030181080129
0.878389602933 -0.083424588855 -0.470608163374 4.018217781281
0.000000000000 0.000000000000 0.000000000000 1.000000000000
1 56 66
0.713144500765 -0.490475878895 0.500857597777 -1.221061338615
0.322691862099 0.863957054730 0.386585268364 -0.538231509107
-0.622330204284 -0.114068487337 0.774398797153 0.728761557464
0.000000000000 0.000000000000 0.000000000000 1.000000000000
1 65 66
0.998236974689 -0.055968053133 -0.019761563493 0.071508031714
0.056496973869 0.998029291724 0.027306131262 0.039700602730
0.018194348211 -0.028374458397 0.999431766457 0.042940270257
0.000000000000 0.000000000000 0.000000000000 1.000000000000
2 6 66
0.995713614254 -0.086137165872 -0.033686600381 0.212261738248
0.085964470492 0.996276708886 -0.006544397904 0.095698118631
0.034124891249 0.003620495326 0.999411018456 -0.001714425617
0.000000000000 0.000000000000 0.000000000000 1.000000000000
2 7 66
0.996647044379 0.042561880320 0.069879576943 0.043854573784
-0.037942881651 0.997088249557 -0.066146506538 0.130983507782
-0.072491424748 0.063273287720 0.995359977295 0.285302116300
0.000000000000 0.000000000000 0.000000000000 1.000000000000
2 11 66
0.999438772002 -0.032928430530 -0.006153005977 0.030989578829
0.032617884962 0.998448018112 -0.045140100886 0.227182412435
0.007629849299 0.044914068957 0.998961716889 0.005433181813
0.000000000000 0.000000000000 0.000000000000 1.000000000000
2 36 66
0.996494301704 -0.051870306073 -0.065639759447 0.355656671114
0.065540501068 0.971648419438 0.227164679743 -0.004573446523
0.051995667052 -0.230670371636 0.971641719081 0.105334972651
0.000000000000 0.000000000000 0.000000000000 1.000000000000
2 53 66
0.999098306255 -0.042201109160 -0.004651969876 0.058475727023
0.042296158432 0.998847451201 0.022689297282 0.002498644587
0.003689094742 -0.022865598940 0.999731741501 0.015050629213
0.000000000000 0.000000000000 0.000000000000 1.000000000000
2 58 66
0.431578290322 -0.592875100501 0.679881823943 -1.292562927930
0.683852635323 -0.276487864694 -0.675203698034 2.953396111942
0.588290534077 0.756342234628 0.286113039956 2.504082519069
0.000000000000 0.000000000000 0.000000000000 1.000000000000
3 6 66
0.999993228923 0.003290399975 0.001647839651 -0.031260235689
-0.003257397416 0.999801707900 -0.019645209133 0.013846203579
-0.001712153494 0.019639708445 0.999805656307 -0.028376938888
0.000000000000 0.000000000000 0.000000000000 1.000000000000
3 7 66
0.999324763023 -0.033261224897 -0.015611179593 0.044125862381
0.033329806484 0.999435776566 0.004153615150 -0.129093825002
0.015464217072 -0.004671128071 0.999869510763 -0.023029372364
0.000000000000 0.000000000000 0.000000000000 1.000000000000
3 8 66
0.998738143183 0.040557855513 -0.029617253530 0.138013407391
-0.040157946844 0.999095609904 0.013975034008 -0.037562271285
0.030157265389 -0.012768031423 0.999463614504 0.037420010313
0.000000000000 0.000000000000 0.000000000000 1.000000000000
3 10 66
0.999257397824 0.034746306859 0.016653739907 -0.021266414024
-0.035462771843 0.998363942913 0.044853420205 -0.056066749801
-0.015068002735 -0.045410699736 0.998854756030 0.069179063646
0.000000000000 0.000000000000 0.000000000000 1.000000000000
3 11 66
0.999922061683 -0.008801775208 -0.008854338635 0.064392602921
0.009044509294 0.999573747337 0.027758250772 -0.147683216815
0.008606242566 -0.027836170489 0.999575449979 0.034162171056
0.000000000000 0.000000000000 0.000000000000 1.000000000000
3 19 66
0.999826702143 0.009939151271 0.015740995983 -0.044541948785
-0.010407051604 0.999497895525 0.029927414152 -0.134079862830
-0.015435639262 -0.030086045153 0.999428121942 0.020106705250
0.000000000000 0.000000000000 0.000000000000 1.000000000000
3 20 66
0.999453705139 0.024928843663 0.021698940933 -0.037085736338
-0.024416169360 0.999423765413 -0.023579393582 0.121542657426
-0.022274244269 0.023036707264 0.999486452215 0.029415912984
0.000000000000 0.000000000000 0.000000000000 1.000000000000
3 22 66
0.999996556387 -0.002598563380 0.000366990277 0.027808606446
0.002597236421 0.999990250663 0.003571126063 -0.005082931366
-0.000376266497 -0.003570160605 0.999993556168 0.010189862906
0.000000000000 0.000000000000 0.000000000000 1.000000000000
3 24 66
0.999338680458 0.035840577130 0.006136348425 -0.008456982810
-0.035838956962 0.999357508313 -0.000373821337 -0.004097174606
-0.006145803845 0.000153653795 0.999981102564 0.004781784739
0.000000000000 0.000000000000 0.000000000000 1.000000000000
3 25 66
0.999438688502 0.027641863693 0.018927104806 -0.017228757895
-0.028555005653 0.998350564036 0.049807257926 -0.045279943532
-0.017519120324 -0.050319764124 0.998579491959 0.093705762552
0.000000000000 0.000000000000 0.000000000000 1.000000000000
3 26 66
0.999298890444 -0.008400379210 -0.036485081703 0.155898321547
0.011382675295 0.996541125848 0.082317793927 -0.262504607165
0.035667383712 -0.082675377973 0.995938060130 0.043402490026
0.000000000000 0.000000000000 0.000000000000 1.000000000000
3 46 66
0.999757954421 -0.020296357272 0.008490609773 -0.006422960068
0.020226245328 0.999761278020 0.008263532635 -0.082086253801
-0.008656302489 -0.008089799327 0.999929809324 0.041390910714
0.000000000000 0.000000000000 0.000000000000 1.000000000000
3 51 66
0.999375403466 0.028463535906 -0.020943497105 0.083086178232
-0.028269766727 0.999555274798 0.009490675068 -0.107513657260
0.021204321174 -0.008892679448 0.999735613558 -0.004851541983
0.000000000000 0.000000000000 0.000000000000 1.000000000000
3 52 66
0.999732465368 0.012055476325 -0.019739888046 0.079379729930
-0.011357862843 0.999320002159 0.035078942913 -0.143255082674
0.020149358331 -0.034845355140 0.999189573897 0.021704139423
0.000000000000 0.000000000000 0.000000000000 1.000000000000
3 53 66
0.999824486833 0.017883597214 0.005583232093 0.020234846632
-0.018259198632 0.996890040784 0.076660604291 -0.307331995250
-0.004194901099 -0.076749094689 0.997041613610 0.074320449373
0.000000000000 0.000000000000 0.000000000000 1.000000000000
4 6 66
0.999652107049 -0.012884905841 0.023013997335 -0.064982759379
0.012756624084 0.999902314767 0.005712220681 0.026598789326
-0.023085350633 -0.005416652527 0.999718823701 0.042167897961
0.000000000000 0.000000000000 0.000000000000 1.000000000000
4 7 66
0.999290649246 0.033301320667 0.017584662932 -0.049655379262
-0.033890110973 0.998836114611 0.034320205807 -0.130633174784
-0.016421288221 -0.034891806922 0.999256174914 0.046370766509
0.000000000000 0.000000000000 0.000000000000 1.000000000000
4 10 66
0.942993438495 -0.136679011193 0.303450527851 -0.867848718743
0.015441398571 0.928765607870 0.370345796315 -0.705057440979
-0.332452911199 -0.344547955352 0.877930389210 0.733014350994
0.000000000000 0.000000000000 0.000000000000 1.000000000000
4 12 66
0.999822691944 -0.008478285117 -0.016813784702 0.087562081937
0.005408278222 0.984576910356 -0.174868688221 0.481395669556
0.018037050790 0.174746748968 0.984448189863 -0.035863900275
0.000000000000 0.000000000000 0.000000000000 1.000000000000
4 19 66
0.999988087955 -0.001581733570 -0.004617582431 0.015384605304
0.001684835172 0.999747439901 0.022410215128 -0.013303903367
0.004580969225 -0.022417728041 0.999738195824 0.058462060236
0.000000000000 0.000000000000 0.000000000000 1.000000000000
4 22 66
0.999494734003 -0.028297456797 -0.014475173217 0.106719487182
0.027840614546 0.999136402492 -0.030843952362 0.222837421891
0.015335477903 0.030425370243 0.999419391428 0.001539861338
0.000000000000 0.000000000000 0.000000000000 1.000000000000
4 24 66
0.999519304351 0.030985427572 0.001031265150 -0.004618877281
-0.030982043522 0.999514977971 -0.003149887333 0.121072357046
-0.001128365570 0.003116422494 0.999994507336 0.030026371453
0.000000000000 0.000000000000 0.000000000000 1.000000000000
4 25 66
0.934331224093 0.355064741417 -0.030890015996 0.072624896531
-0.354330687198 0.916056278086 -0.187858083375 0.803662386358
-0.038404788713 0.186466953591 0.981710317467 0.301444235484
0.000000000000 0.000000000000 0.000000000000 1.000000000000
4 26 66
0.999734583972 -0.009258066771 -0.021096203687 0.079559635887
0.009017115745 0.999893351004 -0.011488178302 0.098417413697
0.021200312120 0.011294902245 0.999711444342 -0.000534962586
0.000000000000 0.000000000000 0.000000000000 1.000000000000
4 48 66
0.459114803528 0.691137687400 -0.558159738998 1.155623594198
-0.677555424321 0.678775375954 0.283165386253 0.452637746312
0.574571356887 0.248178738120 0.779919912421 1.064806433421
0.000000000000 0.000000000000 0.000000000000 1.000000000000
4 51 66
0.999912480730 0.009987657213 0.008676265498 -0.021889762565
-0.010082896464 0.999888623004 0.011003489737 0.013322892415
-0.008565400078 -0.011090008607 0.999901817995 0.022861542176
0.000000000000 0.000000000000 0.000000000000 1.000000000000
4 52 66
0.999772495155 -0.018962081649 0.009767158778 -0.019250394420
0.018826819874 0.999728079951 0.013759251855 0.030744081750
-0.010025406949 -0.013572237019 0.999857632665 0.044113122083
0.000000000000 0.000000000000 0.000000000000 1.000000000000
4 53 66
0.999985755314 0.004610478610 0.002689359933 -0.008878130728
-0.004699780261 0.999403868758 0.034202619462 -0.067125826589
-0.002530066276 -0.034214771657 0.999411300799 0.055853302236
0.000000000000 0.000000000000 0.000000000000 1.000000000000
5 9 66
0.999538012862 0.029134472209 0.008656984042 -0.046799004612
-0.029343883932 0.999253253013 0.025137080549 -0.028668530357
-0.007918163890 -0.025379497076 0.999646529434 0.038102750620
0.000000000000 0.000000000000 0.000000000000 1.000000000000
5 17 66
0.999914292643 0.013047440233 -0.001082437448 0.022587806898
-0.013036733868 0.999871117738 0.009369710963 0.010146667736
0.001204548685 -0.009354796461 0.999955517433 0.043176878369
0.000000000000 0.000000000000 0.000000000000 1.000000000000
5 26 66
0.998235983892 -0.042623134059 -0.041330242018 0.127644949755
0.044157625906 0.998340880025 0.036953908391 -0.021559096874
0.039686578797 -0.038713766467 0.998461927040 0.100508806449
0.000000000000 0.000000000000 0.000000000000 1.000000000000
5 33 66
0.967016077113 -0.068883640710 0.245224286412 -0.678185415770
-0.065350206480 0.863419200021 0.500236579579 -0.250378002816
-0.246189474018 -0.499762272564 0.830438687565 0.898291245264
0.000000000000 0.000000000000 0.000000000000 1.000000000000
6 8 66
0.999706659025 -0.001976504477 -0.024138958794 0.134075177832
0.002013888935 0.999996810060 0.001524506802 -0.009663784026
0.024135868598 -0.001572672783 0.999707450481 0.064539310022
0.000000000000 0.000000000000 0.000000000000 1.000000000000
6 10 66
0.998903465434 0.040460310013 -0.023554830876 0.087504498360
-0.038441315364 0.996001993476 0.080636804654 -0.095049354524
0.026723248623 -0.079642904929 0.996465190399 0.063245475402
0.000000000000 0.000000000000 0.000000000000 1.000000000000
6 11 66
0.999364844185 0.033420548492 -0.012368312128 -0.002991851017
-0.033246459553 0.999348800649 0.014023108359 -0.007397616272
0.012828917864 -0.013602998912 0.999825173361 0.007555123826
0.000000000000 0.000000000000 0.000000000000 1.000000000000
6 14 66
0.801625040690 -0.573474357735 -0.168891844560 1.489061114253
0.406903198329 0.730362012729 -0.548635687457 1.308098954835
0.437980686021 0.371077473559 0.818825028495 0.339326621764
0.000000000000 0.000000000000 0.000000000000 1.000000000000
6 18 66
0.998609076979 0.052561491900 -0.004147402189 -0.018739005891
-0.052484656709 0.998479438709 0.016857380729 0.028574153694
0.005027144891 -0.016616258430 0.999849302530 0.015545802941
0.000000000000 0.000000000000 0.000000000000 1.000000000000
6 24 66
0.998428809692 0.056030743615 0.000683920538 0.010179334802
-0.056033845408 0.998410838344 0.006000503764 0.035918101744
-0.000346620990 -0.006029398528 0.999981762937 0.021080491535
0.000000000000 0.000000000000 0.000000000000 1.000000000000
6 25 66
0.999837774338 0.017783651054 -0.002857754690 0.063156641794
-0.017566148556 0.997823320781 0.063561394969 -0.026143104884
0.003981887943 -0.063500883937 0.997973838489 0.077577618532
0.000000000000 0.000000000000 0.000000000000 1.000000000000
6 46 66
0.999923433556 -0.002535973749 -0.012111806766 0.053995904345
0.002987566400 0.999295386378 0.037413970794 -0.102222079954
0.012008391775 -0.037447290966 0.999226450274 0.075807114591
0.000000000000 0.000000000000 0.000000000000 1.000000000000
6 51 66
0.999540152123 0.026547408367 -0.014653306881 0.111433025338
-0.025997681541 0.998995039178 0.036510714222 -0.141587101014
0.015607845722 -0.036112972842 0.999225824498 0.017201220109
0.000000000000 0.000000000000 0.000000000000 1.000000000000
6 52 66
0.999458077598 -0.001319214298 -0.032890892324 0.154182374472
0.003236911862 0.998292694558 0.058319965650 -0.166842518223
0.032757800992 -0.058394825674 0.997755967564 0.034446075521
0.000000000000 0.000000000000 0.000000000000 1.000000000000
6 53 66
0.998077887800 0.053718377423 -0.030900903105 0.122898115282
-0.051594210740 0.996494348838 0.065856284068 -0.201387249103
0.034330268041 -0.064135393194 0.997350532178 0.050504993809
0.000000000000 0.000000000000 0.000000000000 1.000000000000
7 10 66
0.811067231190 0.579334771569 -0.080877493417 0.750189090301
-0.584197804063 0.795217168451 -0.162303976319 0.728566140662
-0.029713165739 0.178887890736 0.983420688378 0.103500601309
0.000000000000 0.000000000000 0.000000000000 1.000000000000
7 11 66
0.997865619596 -0.062247465887 -0.019734695837 0.067373275793
0.061048340449 0.996537606493 -0.056443768237 0.220380379746
0.023179848092 0.055118525334 0.998210720643 0.008408214723
0.000000000000 0.000000000000 0.000000000000 1.000000000000
7 24 66
0.998625724490 -0.024359938293 -0.046403187308 0.150513593165
0.022299296941 0.998764086248 -0.044418930403 0.247110721659
0.047427879375 0.043323128102 0.997934718721 -0.019298280809
0.000000000000 0.000000000000 0.000000000000 1.000000000000
7 25 66
0.999775897904 -0.019340081330 -0.008609019949 0.076906355574
0.019611522699 0.999274441444 0.032649331609 -0.117748818256
0.007971332872 -0.032810850816 0.999429790391 0.035610729623
0.000000000000 0.000000000000 0.000000000000 1.000000000000
7 26 66
0.998597386426 -0.051607591843 0.011828621528 -0.006742149296
0.050386729994 0.994928102379 0.087058879719 -0.347782166319
-0.016261527102 -0.086340764193 0.996132940513 0.110020164531
0.000000000000 0.000000000000 0.000000000000 1.000000000000
7 46 66
0.977957216782 -0.193153390464 -0.079318660454 0.348096938581
0.193268869216 0.981125657953 -0.006291859610 0.070764479522
0.079036866942 -0.009176658301 0.996829455126 0.056382742114
0.000000000000 0.000000000000 0.000000000000 1.000000000000
7 53 66
0.993357091669 -0.101429362978 -0.054348622405 0.219104611524
0.103841763029 0.993639210093 0.043566138425 -0.094594719983
0.049584036568 -0.048920389329 0.997571159780 0.036864025662
0.000000000000 0.000000000000 0.000000000000 1.000000000000
7 55 66
0.999456345708 -0.029777445316 -0.014153330856 0.032724232808
0.029994475477 0.999431769275 0.015377581257 -0.160124347839
0.013687383413 -0.015793742904 0.999781582757 -0.001044349611
0.000000000000 0.000000000000 0.000000000000 1.000000000000
8 10 66
0.998876294212 -0.012692511468 0.045662336924 -0.057640064078
0.011192550058 0.999394130500 0.032956012292 -0.052206503482
-0.046052966071 -0.032407901438 0.998413167101 0.075037531579
0.000000000000 0.000000000000 0.000000000000 1.000000000000
8 19 66
0.999156908161 -0.010622054449 0.039656586268 -0.114460371067
0.010075015948 0.999851671568 0.013968855205 -0.106981657363
-0.039799082009 -0.013557537438 0.999115722151 0.016806767165
0.000000000000 0.000000000000 0.000000000000 1.000000000000
8 24 66
0.999380112293 0.002712006969 0.035100372801 -0.103042514233
-0.001964420795 0.999770868706 -0.021315514036 0.048809402247
-0.035150138029 0.021233348908 0.999156450557 0.012461609137
0.000000000000 0.000000000000 0.000000000000 1.000000000000
8 25 66
0.999701641742 -0.002470330377 0.024300719442 -0.045786580205
0.002090926434 0.999875721807 0.015625906928 0.054164065006
-0.024336300545 -0.015570433793 0.999582565908 0.062425302392
0.000000000000 0.000000000000 0.000000000000 1.000000000000
8 26 66
0.999291862262 -0.020446008543 0.031586939575 -0.062229454264
0.018660607156 0.998266471613 0.055819650603 -0.182283421706
-0.032673471772 -0.055190691132 0.997941096385 0.084055591307
0.000000000000 0.000000000000 0.000000000000 1.000000000000
8 47 66
0.697746403433 -0.664813820732 -0.266781821456 0.969112280778
0.626218670341 0.746926335613 -0.223497709349 0.614261104105
0.347850734385 -0.011119034629 0.937483991147 0.344244163957
0.000000000000 0.000000000000 0.000000000000 1.000000000000
8 50 66
0.999815136029 0.014345036292 0.012802878635 0.176875215707
-0.014031372574 0.999607162876 -0.024261914791 -0.087465167618
-0.013145887237 0.024077787677 0.999623652076 0.030965575694
0.000000000000 0.000000000000 0.000000000000 1.000000000000
8 53 66
0.997052329579 -0.057390206962 0.050921667543 -0.071381160814
0.052914778155 0.994952405377 0.085262754399 -0.366410972853
-0.055557882728 -0.082316919158 0.995056403671 0.078547208435
0.000000000000 0.000000000000 0.000000000000 1.000000000000
9 16 66
0.999902113995 0.009151674009 0.010583444185 0.014920965041
-0.009787667415 0.998047289064 0.061691250262 -0.222993257941
-0.009998199566 -0.061788798784 0.998039167744 0.048937273708
0.000000000000 0.000000000000 0.000000000000 1.000000000000
9 17 66
0.999868626199 0.006891625225 0.014670918304 -0.049904452993
-0.007059562946 0.999909798923 0.011426136199 -0.067424533516
-0.014590850323 -0.011528205376 0.999827088835 0.051639171100
0.000000000000 0.000000000000 0.000000000000 1.000000000000
9 26 66
0.998098301994 -0.044253153085 -0.042911979660 0.178242789609
0.046468112988 0.997561658161 0.052071610719 -0.101742970295
0.040503012624 -0.053966624960 0.997720957662 0.086071317142
0.000000000000 0.000000000000 0.000000000000 1.000000000000
9 32 66
0.647927645485 0.338601594962 -0.682303983650 0.721033907145
-0.007704299570 0.898629929104 0.438639822961 -0.011454919674
0.761662924123 -0.278950193419 0.584855862250 0.419502478400
0.000000000000 0.000000000000 0.000000000000 1.000000000000
9 51 66
0.994858096669 -0.032783404013 -0.095825966795 0.515543722534
0.035757203138 0.998925532863 0.029482235643 0.352054348388
0.094756476901 -0.032757109398 0.994961397176 -0.018489675959
0.000000000000 0.000000000000 0.000000000000 1.000000000000
10 15 66
0.999857123853 -0.013944354506 -0.009554415657 0.077754999714
0.013994011815 0.999888814733 0.005150320819 0.011509367588
0.009481535448 -0.005283289566 0.999941091933 0.021393470985
0.000000000000 0.000000000000 0.000000000000 1.000000000000
10 18 66
0.999864881877 -0.016075519535 -0.003434481180 0.014212252824
0.015940962529 0.999219198968 -0.036150769392 0.031404137918
0.004012941933 0.036091135832 0.999340445600 -0.040834624008
0.000000000000 0.000000000000 0.000000000000 1.000000000000
10 19 66
0.999880424438 -0.013478565528 -0.007580573711 0.025442072868
0.013373039425 0.999815300538 -0.013803138326 -0.091153598360
0.007765220088 0.013700112497 0.999875996449 -0.024707429676
0.000000000000 0.000000000000 0.000000000000 1.000000000000
10 20 66
0.999868876778 -0.014625782661 -0.006950951838 0.038522024128
0.014368386725 0.999257834787 -0.035739740908 0.090718207687
0.007468514767 0.035635180634 0.999336957782 -0.021543407338
0.000000000000 0.000000000000 0.000000000000 1.000000000000
10 22 66
0.997992762831 -0.045280568023 -0.044273191612 0.157880891730
0.045022320426 0.998962746225 -0.006813392504 -0.037133137838
0.044535783359 0.004806434590 0.998996227314 -0.032956658568
0.000000000000 0.000000000000 0.000000000000 1.000000000000
10 24 66
0.999876939712 0.004008806573 -0.015166901504 0.064403486150
-0.004537013235 0.999378634260 -0.034953696464 0.021865297818
0.015017354703 0.035018207485 0.999273838446 -0.044668807524
0.000000000000 0.000000000000 0.000000000000 1.000000000000
10 25 66
0.999938029782 -0.011101623448 -0.000830994515 0.013484602819
0.011107619986 0.999909445088 0.007597526040 0.012732318877
0.000746574391 -0.007606285591 0.999970793097 0.003087316918
0.000000000000 0.000000000000 0.000000000000 1.000000000000
10 27 66
0.998964996322 -0.042410775695 -0.016439654151 0.078587670183
0.042681161957 0.998953132571 0.016460781901 0.028382266673
0.015724329483 -0.017145408473 0.999729353591 0.049739111936
0.000000000000 0.000000000000 0.000000000000 1.000000000000
10 30 66
-0.413165997194 0.800945010719 -0.433336991921 1.409313730181
0.313255227451 -0.321810140945 -0.893481614618 2.117751951945
-0.855081879844 -0.504901300245 -0.117939203718 3.236928148974
0.000000000000 0.000000000000 0.000000000000 1.000000000000
10 31 66
-0.751355521237 0.497440836305 -0.433609842005 1.794682406478
0.375247509094 -0.218437238122 -0.900818783064 2.227311537901
-0.542820585116 -0.839546179420 -0.022539409838 3.094801222235
0.000000000000 0.000000000000 0.000000000000 1.000000000000
10 35 66
0.981510187141 -0.015420441468 -0.190787742065 0.377954358534
-0.132500226911 0.664591659098 -0.735364954648 1.764574974865
0.138135594276 0.747047613370 0.650260271700 1.213940467733
0.000000000000 0.000000000000 0.000000000000 1.000000000000
10 50 66
0.998174941146 -0.058578276588 -0.014675570886 0.025790932293
0.058891224528 0.998024458594 0.021886153658 -0.182137704965
0.013364525525 -0.022710472480 0.999652751658 -0.021906170176
0.000000000000 0.000000000000 0.000000000000 1.000000000000
10 52 66
0.999241711508 -0.035269301487 -0.016494797814 0.052996000732
0.035012482597 0.999264993309 -0.015607665079 -0.063227966568
0.017033145472 0.015018306145 0.999742127969 -0.049281855680
0.000000000000 0.000000000000 0.000000000000 1.000000000000
10 54 66
0.999666660958 0.012167355580 -0.022771087539 0.126914092634
-0.011763539107 0.999772640329 0.017784453788 -0.018485362527
0.022982300085 -0.017510656956 0.999582508238 0.050633471632
0.000000000000 0.000000000000 0.000000000000 1.000000000000
10 55 66
0.988102356799 -0.032204220680 0.150388233114 -0.703209082289
0.036152758828 0.999067689341 -0.023595129660 -0.413414888203
-0.149488161799 0.028751352749 0.988345409863 0.192122950401
0.000000000000 0.000000000000 0.000000000000 1.000000000000
11 19 66
0.999823123121 0.008585493919 0.016733552132 -0.021292441714
-0.008848125588 0.999837839037 0.015684588072 -0.038348613621
-0.016596178668 -0.015829874402 0.999736956369 0.007864745270
0.000000000000 0.000000000000 0.000000000000 1.000000000000
11 23 66
0.770921358982 -0.123689242873 0.624804953135 -1.294509356695
-0.283143793562 -0.945256733258 0.162232242164 0.899976437661
0.570534705721 -0.301977945267 -0.763740446840 5.178622093005
0.000000000000 0.000000000000 0.000000000000 1.000000000000
11 24 66
0.999369147129 0.034796504063 0.007107114208 -0.008942504333
-0.034974820488 0.999030626691 0.026731420942 -0.002534290544
-0.006170064764 -0.026963127392 0.999617386835 0.003342945584
0.000000000000 0.000000000000 0.000000000000 1.000000000000
11 46 66
0.997927144138 -0.061322323487 -0.019518904572 0.144801682133
0.062050037090 0.997304450748 0.039161529790 -0.126631685856
0.017064814406 -0.040291502336 0.999042234817 0.053047792985
0.000000000000 0.000000000000 0.000000000000 1.000000000000
11 50 66
0.995384455540 0.077291445705 0.056884251686 -0.228688738738
-0.075046086613 0.996352960684 -0.040606189438 0.121088377067
-0.059815303669 0.036149829287 0.997554669825 0.019111231598
0.000000000000 0.000000000000 0.000000000000 1.000000000000
11 52 66
0.999427987555 0.033315558559 0.005811303676 -0.039859086200
-0.033267873072 0.999413502118 -0.008117906517 0.079194484001
-0.006078347948 0.007919933260 0.999950162930 -0.037711619807
0.000000000000 0.000000000000 0.000000000000 1.000000000000
11 53 66
0.976618417029 -0.077086537439 0.200684162966 -0.297483834919
0.074745061486 0.997017238543 0.019230232221 0.075531832086
-0.201567961995 -0.003780448851 0.979467235237 -0.163640984463
0.000000000000 0.000000000000 0.000000000000 1.000000000000
13 22 66
-0.734303821505 -0.292992566887 0.612334266127 -1.364193880348
-0.100336607538 -0.845300277126 -0.524785676899 2.142615820040
0.671364627391 -0.446791670960 0.591309343618 1.990800021776
0.000000000000 0.000000000000 0.000000000000 1.000000000000
13 26 66
0.992090979632 0.120351442238 0.035651346167 -0.175980198453
-0.120807826629 0.992615754393 0.010928547743 0.023998697627
-0.034072821389 -0.015149075283 0.999304532343 0.017304429701
0.000000000000 0.000000000000 0.000000000000 1.000000000000
13 33 66
0.998555529397 0.027649520482 0.046069064766 -0.125326032115
-0.038559754708 0.965883480001 0.256090312933 -0.637002440130
-0.037416574244 -0.257496809841 0.965554448436 0.144413002815
0.000000000000 0.000000000000 0.000000000000 1.000000000000
13 38 66
0.403305668474 0.551123746596 -0.730484191283 1.387299313700
0.871336491452 0.012531637010 0.490525918517 -1.543984841162
0.279494644743 -0.834329415766 -0.475160151474 3.203843091864
0.000000000000 0.000000000000 0.000000000000 1.000000000000
13 46 66
-0.613001350677 0.002179934794 -0.790078851731 1.683652678574
0.413170187405 -0.851478055504 -0.322917198732 1.597575264524
-0.673438742803 -0.524385706214 0.521056514028 2.036326452715
0.000000000000 0.000000000000 0.000000000000 1.000000000000
13 54 66
-0.648423623504 -0.132715492853 0.749622173123 -1.646425558290
-0.145328937832 -0.944998225678 -0.293015107624 1.383421977895
0.747279267952 -0.298939712022 0.593471772089 1.644652616208
0.000000000000 0.000000000000 0.000000000000 1.000000000000
13 56 66
0.974181107012 -0.107386475558 0.198593342308 -0.416620915885
0.063576797411 0.974522801064 0.215089053739 0.037928914294
-0.216631395631 -0.196909763787 0.956188989350 0.018576594332
0.000000000000 0.000000000000 0.000000000000 1.000000000000
13 58 66
0.999642187696 -0.024457451913 0.010831879986 0.001798120429
0.021306724245 0.972877280864 0.230338489794 -0.599355080663
-0.016171582486 -0.230025279969 0.973050281586 0.069462365781
0.000000000000 0.000000000000 0.000000000000 1.000000000000
14 30 66
-0.947524866483 0.060649448387 0.313876204591 -0.245433308087
0.318182738605 0.273900125331 0.907600389046 -0.875093299195
-0.030925268825 0.959843927811 -0.278824787266 3.388274325242
0.000000000000 0.000000000000 0.000000000000 1.000000000000
14 33 66
0.524612855735 0.452658627690 -0.721028098187 0.863595199544
-0.123008263923 0.878348044358 0.461923889811 -0.083673915537
0.842407454029 -0.153638796369 0.516473427823 1.105543735905
0.000000000000 0.000000000000 0.000000000000 1.000000000000
14 44 66
0.545593028205 -0.060691934509 -0.835849709373 1.774553279458
-0.837587945980 -0.006365768171 -0.546265420602 2.681163368938
0.027833079656 0.998136246252 -0.054307951497 2.705112716103
0.000000000000 0.000000000000 0.000000000000 1.000000000000
14 46 66
-0.069481774832 0.160724563352 0.984550606978 -2.527870348797
-0.149278032825 0.974148365016 -0.169561292318 0.630027680407
-0.986351028732 -0.158753197360 -0.043692910706 2.281421828613
0.000000000000 0.000000000000 0.000000000000 1.000000000000
14 57 66
0.716912828127 -0.330149532386 0.614033617266 -2.682041906159
0.126833320618 0.927827402293 0.350784293171 0.001064724605
-0.685528486387 -0.173601837030 0.707045328484 1.018478814114
0.000000000000 0.000000000000 0.000000000000 1.000000000000
15 24 66
0.999411878295 0.034164079983 -0.002951806454 -0.018114499556
-0.034234463160 0.999006885021 -0.028517454519 -0.043823035251
0.001974602374 0.028601736294 0.999588936327 -0.028508650524
0.000000000000 0.000000000000 0.000000000000 1.000000000000
15 52 66
0.999549968037 -0.002843708527 -0.029862597317 0.046196715961
0.002457363376 0.999912916157 -0.012966166274 -0.114867170674
0.029896868764 0.012886947832 0.999469911410 -0.025470188509
0.000000000000 0.000000000000 0.000000000000 1.000000000000
16 51 66
0.999631900083 -0.026861053924 -0.003814199502 -0.038114377370
0.026953377132 0.999280906631 0.026668054001 -0.083285484128
0.003095124700 -0.026761043051 0.999637067529 0.020656682309
0.000000000000 0.000000000000 0.000000000000 1.000000000000
16 52 66
0.999961388939 -0.003369502006 -0.008115854111 0.008058165232
0.003808043999 0.998498838615 0.054640352170 -0.180735717039
0.007919560128 -0.054669147977 0.998473116727 0.014490903953
0.000000000000 0.000000000000 0.000000000000 1.000000000000
18 20 66
0.999876896152 -0.003310034893 -0.015337412132 0.015421293768
0.003220114008 0.999977505410 -0.005883837215 0.071566607497
0.015356542830 0.005833724676 0.999865063020 0.017145314428
0.000000000000 0.000000000000 0.000000000000 1.000000000000
18 22 66
0.999130169013 -0.040087537863 -0.011484540775 0.071529040307
0.040258387318 0.999075908783 0.015052931289 -0.024083824731
0.010870493059 -0.015502186873 0.999820741225 -0.005447256827
0.000000000000 0.000000000000 0.000000000000 1.000000000000
18 24 66
0.999621898364 0.027309802047 0.003199222320 -0.029612691803
-0.027291461528 0.999611592797 -0.005642665482 0.016264442840
-0.003352079796 0.005553220528 0.999978962430 -0.016595687806
0.000000000000 0.000000000000 0.000000000000 1.000000000000
18 25 66
0.999881218571 -0.009669044844 -0.012002429774 0.022396287592
0.010111006834 0.999252018234 0.037325213948 0.004756967478
0.011632553008 -0.037442137056 0.999231089430 0.034660615622
0.000000000000 0.000000000000 0.000000000000 1.000000000000
18 26 66
0.999751568323 -0.012684002613 -0.018328058104 0.046380914943
0.013418716367 0.999087964571 0.040536120945 -0.106293893335
0.017797182001 -0.040771989502 0.999009962505 0.026387095740
0.000000000000 0.000000000000 0.000000000000 1.000000000000
18 44 66
0.996294680971 -0.075702281992 -0.040817559577 0.105045004893
0.077566984763 0.995915276717 0.046218226658 -0.140799515101
0.037152005913 -0.049213068405 0.998097090645 0.026148575322
0.000000000000 0.000000000000 0.000000000000 1.000000000000
18 51 66
0.999614314660 0.022699786717 0.015998175226 -0.059630999974
-0.022493278966 0.999662832068 -0.012972069367 -0.050692307034
-0.016287244362 0.012607214812 0.999787869403 -0.038174127833
0.000000000000 0.000000000000 0.000000000000 1.000000000000
18 53 66
0.999905481822 0.008566528833 0.010753697275 -0.034816100429
-0.008566990021 0.999963302663 -0.000003178385 -0.072142247957
-0.010753329871 -0.000088948732 0.999942177321 -0.015325853513
0.000000000000 0.000000000000 0.000000000000 1.000000000000
19 22 66
0.999546968870 0.023740060827 -0.018500446874 0.050655276328
-0.023891848980 0.999682321643 -0.008027163118 0.068635618177
0.018304004342 0.008465536446 0.999796628379 0.033065829368
0.000000000000 0.000000000000 0.000000000000 1.000000000000
19 24 66
0.999640771645 0.023194439200 0.013429283498 -0.033512160675
-0.023217750726 0.999729179112 0.001582555749 0.054328631733
-0.013388940075 -0.001893785007 0.999908570751 0.011352919714
0.000000000000 0.000000000000 0.000000000000 1.000000000000
19 26 66
0.999720358451 -0.023048999333 -0.005286636812 0.033252436666
0.023341616408 0.997655066686 0.064339232659 -0.208121588521
0.003791285071 -0.064444639385 0.997914081779 0.035672616074
0.000000000000 0.000000000000 0.000000000000 1.000000000000
19 46 66
0.997978269876 -0.057364818087 -0.027361478428 0.092188806049
0.056808777184 0.998170782838 -0.020684562441 0.047557774139
0.028497994504 0.019088371706 0.999411576066 -0.007603177948
0.000000000000 0.000000000000 0.000000000000 1.000000000000
19 51 66
0.999421779604 0.032113062892 0.011173971782 -0.039145197609
-0.032486548151 0.998858297319 0.035024649402 -0.133454341433
-0.010036465659 -0.035367401208 0.999323979643 0.041173507288
0.000000000000 0.000000000000 0.000000000000 1.000000000000
19 52 66
0.999955962745 -0.007824108471 0.005182267506 -0.014308876178
0.007561588320 0.998776320982 0.048874154999 -0.123347215116
-0.005558322764 -0.048832816542 0.998791500303 0.048175253709
0.000000000000 0.000000000000 0.000000000000 1.000000000000
19 53 66
0.999482351775 0.010774335259 0.030314059287 -0.094927090253
-0.011999530385 0.999106287312 0.040529469815 -0.118107865622
-0.029850289132 -0.040872244282 0.998718388679 0.040660465837
0.000000000000 0.000000000000 0.000000000000 1.000000000000
20 22 66
0.999430064086 -0.030541429612 -0.014379432449 0.083393352416
0.030522554724 0.999532906803 -0.001530317298 -0.043144339563
0.014419453992 0.001090548101 0.999895439559 -0.025579519936
0.000000000000 0.000000000000 0.000000000000 1.000000000000
20 25 66
0.999564628459 0.002324433614 -0.029413441534 0.040755501206
-0.000517457927 0.998119698545 0.061292737047 -0.136756365485
0.029500606296 -0.061250831715 0.997686348429 0.055163027552
0.000000000000 0.000000000000 0.000000000000 1.000000000000
20 27 66
0.998467510116 -0.041869861612 -0.036187648870 0.138164889487
0.043224177506 0.998361749857 0.037489823975 -0.013988850187
0.034558670707 -0.038996552557 0.998641560905 0.056211345290
0.000000000000 0.000000000000 0.000000000000 1.000000000000
20 36 66
0.075415817546 0.448480633294 -0.890605174038 1.984038202600
-0.215453425489 0.879379748130 0.424583419392 -0.624921823456
0.973597594445 0.159863629815 0.162945831347 1.774700484107
0.000000000000 0.000000000000 0.000000000000 1.000000000000
21 27 66
0.999953725104 -0.003504067253 -0.008959305946 0.020361463889
0.003582188951 0.999955576966 0.008718487100 -0.053217632625
0.008928357781 -0.008750177579 0.999921856357 0.025525552900
0.000000000000 0.000000000000 0.000000000000 1.000000000000
21 54 66
0.999606490979 -0.026460913067 -0.009310385218 -0.007280963225
0.025732718869 0.997133389728 -0.071153568215 0.159354719258
0.011166484355 0.070885987118 0.997421919980 -0.014354293682
0.000000000000 0.000000000000 0.000000000000 1.000000000000
21 56 66
0.999981847125 -0.005816554970 -0.001572612361 0.011317174438
0.005838979370 0.999875604469 0.014652027431 0.031506523002
0.001487192412 -0.014660943906 0.999891416596 0.039056550994
0.000000000000 0.000000000000 0.000000000000 1.000000000000
21 57 66
0.999963863162 -0.004812675895 -0.007007889934 0.025440303440
0.004840659185 0.999980357086 0.003981640555 0.056810487499
0.006988589933 -0.004015419477 0.999967517481 0.034878785049
0.000000000000 0.000000000000 0.000000000000 1.000000000000
22 24 66
0.998326903488 0.057041327637 0.009469990140 -0.063008884352
-0.057180569805 0.998248917145 0.015148658547 -0.069197631076
-0.008589307807 -0.015664812812 0.999840405980 0.032851573409
0.000000000000 0.000000000000 0.000000000000 1.000000000000
22 25 66
0.998741870384 0.048795136561 0.011563346823 -0.022639253703
-0.049224961993 0.997971266653 0.040376404644 -0.013006379047
-0.009569715697 -0.040894811202 0.999117628189 0.067076460098
0.000000000000 0.000000000000 0.000000000000 1.000000000000
22 27 66
-0.272029770459 -0.455307006229 0.847759007067 -2.624548343812
0.697304648644 0.513848999164 0.499725357610 -1.055289779167
-0.663148573823 0.727086470881 0.177705466710 2.431339282959
0.000000000000 0.000000000000 0.000000000000 1.000000000000
22 51 66
0.999842327494 0.016782450668 -0.005802542602 0.002897790975
-0.016934958323 0.999483361443 -0.027316979791 0.009881479722
0.005341098919 0.027410938472 0.999609980500 -0.015540825897
0.000000000000 0.000000000000 0.000000000000 1.000000000000
22 53 66
0.999701764743 -0.008430725667 0.022919520799 -0.102200313449
0.009103431112 0.999526076355 -0.029406635794 0.014265655389
-0.022660739417 0.029606511977 0.999304730969 -0.005623281181
0.000000000000 0.000000000000 0.000000000000 1.000000000000
24 26 66
0.999440943189 -0.020805152975 -0.026171486146 0.067741352874
0.021418060437 0.999497645224 0.023360733675 -0.065216383249
0.025672315137 -0.023908216170 0.999384475282 0.008685366676
0.000000000000 0.000000000000 0.000000000000 1.000000000000
24 46 66
0.996368646602 -0.082009081932 -0.022891713534 0.099476535055
0.082450692145 0.996412808602 0.019063006553 -0.106839485004
0.021246256910 -0.020881219664 0.999556187131 0.040702766863
0.000000000000 0.000000000000 0.000000000000 1.000000000000
24 47 66
0.922858067143 0.103612537556 -0.370941275637 0.803224727829
0.007364038136 0.958209915405 0.285971203028 0.103131351394
0.385069810362 -0.266642457384 0.883528743770 0.026045126888
0.000000000000 0.000000000000 0.000000000000 1.000000000000
24 50 66
0.999148004872 -0.040260705683 0.009074135685 0.013576217369
0.039643202666 0.997397283787 0.060225200510 -0.279523405022
-0.011475227357 -0.059814161133 0.998143569475 0.008060843479
0.000000000000 0.000000000000 0.000000000000 1.000000000000
24 51 66
0.999997557653 0.002202713568 0.000180946558 0.007649902885
-0.002208774545 0.998898081583 0.046880101577 -0.213946907308
-0.000077483734 -0.046880386749 0.998900507225 0.025441794710
0.000000000000 0.000000000000 0.000000000000 1.000000000000
24 52 66
0.999632204710 -0.027012550968 -0.002403621635 0.016674199389
0.027064747713 0.999313825424 0.025285919947 -0.089418341105
0.001718935130 -0.025341673318 0.999677370383 -0.000113648558
0.000000000000 0.000000000000 0.000000000000 1.000000000000
25 27 66
0.999696890673 0.002144649896 -0.024526052581 0.002485676019
-0.001830004947 0.999915834419 0.012844265656 -0.014916854786
0.024551534784 -0.012795489641 0.999616675323 0.077830214187
0.000000000000 0.000000000000 0.000000000000 1.000000000000
25 48 66
0.835299718813 -0.346767641945 0.426645733893 -1.607058635330
0.155698806014 0.893439758714 0.421335115265 -0.149944155369
-0.527287645935 -0.285512871949 0.800281287046 0.712797129623
0.000000000000 0.000000000000 0.000000000000 1.000000000000
25 50 66
0.998265521374 0.008085755764 -0.058314401216 0.200297378758
-0.009439488410 0.999691442961 -0.022976399379 0.103685594579
0.058110626343 0.023487005420 0.998033824919 -0.016466501723
0.000000000000 0.000000000000 0.000000000000 1.000000000000
25 52 66
0.999991527357 -0.003994626329 -0.000994069998 -0.001327924490
0.004008988736 0.999881073877 0.014891813563 -0.187794598222
0.000934464547 -0.014895672605 0.999888616654 -0.025481711408
0.000000000000 0.000000000000 0.000000000000 1.000000000000
25 53 66
0.999826978259 0.017707618827 0.005696821989 -0.017093688483
-0.018121712395 0.996342384662 0.083507221642 -0.346877466387
-0.004197271156 -0.083596009246 0.996490888143 -0.011257741948
0.000000000000 0.000000000000 0.000000000000 1.000000000000
25 54 66
0.999955274104 -0.009153654687 -0.002379158918 0.027504707984
0.009151402322 0.999957668173 -0.000955875104 0.006850449486
0.002387807955 0.000934059712 0.999996712947 0.021348826960
0.000000000000 0.000000000000 0.000000000000 1.000000000000
26 41 66
0.377231984740 -0.848874077715 0.370282094994 -0.809741829728
0.439157906986 0.515971817253 0.735468161468 -0.691777520519
-0.815374982704 -0.114829804432 0.567430835956 1.245603751534
0.000000000000 0.000000000000 0.000000000000 1.000000000000
26 46 66
-0.039386481780 -0.170096852177 0.984639916890 -2.288971068506
0.986698071228 -0.162159436325 0.011455716696 -0.133124131103
0.157720072557 0.971993507227 0.174221125649 2.173875131791
0.000000000000 0.000000000000 0.000000000000 1.000000000000
26 50 66
0.997861342212 0.026447088423 -0.059777029308 0.193951712652
-0.031412373066 0.995994795197 -0.083711592734 0.329798560795
0.057323682168 0.085410300630 0.994695468980 -0.056007554903
0.000000000000 0.000000000000 0.000000000000 1.000000000000
26 51 66
0.999724735694 -0.000915198696 0.023443874545 -0.079629528144
0.001232333235 0.999907888265 -0.013516520996 0.053202122439
-0.023429344786 0.013541691046 0.999633777144 -0.038912906709
0.000000000000 0.000000000000 0.000000000000 1.000000000000
26 52 66
0.999335571775 0.017381349934 0.032035974464 -0.098852825961
-0.016759309118 0.999667735885 -0.019584263794 0.065749594193
-0.032365731001 0.019034350658 0.999294827842 -0.024925168577
0.000000000000 0.000000000000 0.000000000000 1.000000000000
26 53 66
0.999812245221 -0.010846856163 -0.016056774787 0.037991773207
0.010499127250 0.999711900375 -0.021584359495 0.070239131312
0.016286271279 0.021411724807 0.999638082212 -0.018025684408
0.000000000000 0.000000000000 0.000000000000 1.000000000000
26 54 66
0.999873717131 0.013899823232 -0.007703551488 0.012602610499
-0.013894146837 0.999903159693 0.000789885630 -0.023227494018
0.007713784744 -0.000682751605 0.999970015238 -0.016066394923
0.000000000000 0.000000000000 0.000000000000 1.000000000000
26 55 66
0.998621641480 0.032316412610 0.041357788182 -0.127298471446
-0.031684247287 0.999372234633 -0.015850713491 0.072832432448
-0.041844063393 0.014518475137 0.999018662608 -0.015700165489
0.000000000000 0.000000000000 0.000000000000 1.000000000000
27 57 66
0.999792392523 0.019445612789 0.006086049350 0.008537033500
-0.019627322772 0.999314916632 0.031376194753 0.048252303948
-0.005471750565 -0.031489133675 0.999489116702 0.039329907650
0.000000000000 0.000000000000 0.000000000000 1.000000000000
28 30 66
0.257792426314 -0.965988272499 -0.020241599006 -0.771639732377
0.928548546705 0.241900823425 0.281569863513 -0.959264582383
-0.267096726576 -0.091381885632 0.959327206761 -0.020676670174
0.000000000000 0.000000000000 0.000000000000 1.000000000000
28 32 66
0.999959676846 0.007714847170 -0.004596282769 0.027699371110
-0.007620147182 0.999765368363 0.020276626397 0.001932506247
0.004751635409 -0.020240784428 0.999783842941 -0.004816486757
0.000000000000 0.000000000000 0.000000000000 1.000000000000
28 35 66
0.998484365387 0.042731074334 -0.034684684869 0.024330719307
-0.044193275847 0.998116616354 -0.042546145855 0.036091013499
0.032801317779 0.044014491289 0.998492262418 -0.063870364009
0.000000000000 0.000000000000 0.000000000000 1.000000000000
28 36 66
0.999139009015 0.017296495253 -0.037710368810 0.056216099604
-0.017812548895 0.999751654498 -0.013391879237 -0.060769604572
0.037469371034 0.014052066738 0.999198972004 -0.069243006097
0.000000000000 0.000000000000 0.000000000000 1.000000000000
28 37 66
0.999779802636 0.015427499294 -0.014224574034 0.039643022873
-0.015946552514 0.999183243752 -0.037128868383 0.044480613136
0.013640150434 0.037347525621 0.999209241664 -0.073785684017
0.000000000000 0.000000000000 0.000000000000 1.000000000000
28 38 66
0.999526478518 0.004578468500 -0.030427887992 0.082166275259
-0.005353904131 0.999661709580 -0.025451956918 -0.033412413977
0.030301063546 0.025602812865 0.999212860967 -0.048281872959
0.000000000000 0.000000000000 0.000000000000 1.000000000000
28 47 66
-0.362607585091 -0.156481048329 0.918710738343 -2.070148205055
-0.879094883029 -0.269814167540 -0.392928112545 1.280825218556
0.309366976045 -0.950112623065 -0.039725025162 2.010437592814
0.000000000000 0.000000000000 0.000000000000 1.000000000000
28 48 66
0.966919754403 -0.255048360189 0.004064789110 -0.049588014645
0.254749996039 0.966354609366 0.035513497081 0.431497727065
-0.012985686888 -0.033303196866 0.999360930302 -0.061194093484
0.000000000000 0.000000000000 0.000000000000 1.000000000000
28 58 66
0.999894175997 0.010884450711 -0.009652229759 0.074906416376
-0.010628791706 0.999601416377 0.026154104157 -0.115238829679
0.009933055596 -0.026048744885 0.999611323113 -0.075205073587
0.000000000000 0.000000000000 0.000000000000 1.000000000000
28 59 66
0.998593809275 0.052923077666 -0.003090619473 -0.004998707185
-0.052702866700 0.997358129234 0.049991698244 -0.169598510179
0.005728168984 -0.049758515875 0.998744851390 -0.006684467900
0.000000000000 0.000000000000 0.000000000000 1.000000000000
28 61 66
0.998725970307 -0.042898147427 0.026574144988 -0.056400668209
0.041932861768 0.998476159514 0.035874698406 -0.080690777093
-0.028072608331 -0.034714663027 0.999002913325 -0.040305150225
0.000000000000 0.000000000000 0.000000000000 1.000000000000
29 31 66
0.972407857806 -0.232627733067 0.017529856961 -0.407037980528
0.230491401643 0.969636306864 0.081726043462 -0.212116596316
-0.036009329988 -0.075430565548 0.996500656264 -0.041457573093
0.000000000000 0.000000000000 0.000000000000 1.000000000000
29 32 66
0.999413560945 -0.000043178766 -0.034242259492 0.113388048276
-0.000361292177 0.999930244262 -0.011805764608 -0.006120621444
0.034240380656 0.011811212707 0.999343830514 -0.054563961447
0.000000000000 0.000000000000 0.000000000000 1.000000000000
29 39 66
0.894885905991 0.315475986712 -0.315680403360 0.202211906085
0.265222666982 -0.944806845245 -0.192345943803 0.143876329168
-0.358937532415 0.088402075691 -0.929165712258 4.048425159510
0.000000000000 0.000000000000 0.000000000000 1.000000000000
29 59 66
0.995645957492 0.087674036596 -0.031660553326 0.101908647285
-0.084927037468 0.993201206526 0.079616340423 -0.263162742176
0.038425585706 -0.076580850494 0.996322662445 -0.064987407816
0.000000000000 0.000000000000 0.000000000000 1.000000000000
29 60 66
0.997959886719 0.030247429651 -0.056224171843 0.140348088776
-0.024921844662 0.995342988026 0.093119481563 -0.230474642367
0.058778960170 -0.091528297195 0.994066197320 0.007065575663
0.000000000000 0.000000000000 0.000000000000 1.000000000000
30 41 66
-0.601586145197 0.767604517569 -0.221082370429 1.098631298783
-0.792656115452 -0.539352457039 0.284244981878 -1.391688255918
0.098946412487 0.346240135878 0.932913380632 0.133593391899
0.000000000000 0.000000000000 0.000000000000 1.000000000000
30 60 66
0.862806808920 0.324381049915 -0.387738758622 0.804507195510
-0.313959705483 0.944975073142 0.091931574957 -0.387186348177
0.396224322594 0.042415157634 0.917173506262 0.060376423383
0.000000000000 0.000000000000 0.000000000000 1.000000000000
31 47 66
-0.215637332681 -0.357253709555 0.908774079605 -1.841672213951
-0.926658649666 -0.218591473497 -0.305812875324 0.233497525029
0.307903049276 -0.908068034193 -0.283915757793 2.924142111869
0.000000000000 0.000000000000 0.000000000000 1.000000000000
31 49 66
0.999067052934 -0.042116758592 -0.009549994101 0.073903059011
0.041899842088 0.998882261426 -0.021877637920 0.067815449377
0.010460734899 0.021457083997 0.999715042686 -0.019435336375
0.000000000000 0.000000000000 0.000000000000 1.000000000000
31 60 66
-0.686978423746 0.711649609725 -0.147022033331 0.725075518815
-0.724297374703 -0.686930160529 0.059331842656 -0.659253543219
-0.058770386287 0.147247368511 0.987352142937 0.191888633769
0.000000000000 0.000000000000 0.000000000000 1.000000000000
32 36 66
0.999242761023 -0.035052820919 -0.016887992444 0.046995379129
0.034363985308 0.998629127976 -0.039483936878 -0.051662499284
0.018248864536 0.038873699377 0.999077481700 -0.083400332103
0.000000000000 0.000000000000 0.000000000000 1.000000000000
32 38 66
0.998683078824 -0.037965286650 -0.034507174325 0.095254671315
0.036389434044 0.998314868009 -0.045202139354 -0.038997654750
0.036165137359 0.043886915156 0.998381701314 -0.064269616750
0.000000000000 0.000000000000 0.000000000000 1.000000000000
32 42 66
0.954389364803 0.059221729623 0.292632409502 -0.449056283803
-0.180009990823 0.896088210486 0.405736764705 -1.399235961291
-0.238196019182 -0.439907610492 0.865877561019 0.577100541469
0.000000000000 0.000000000000 0.000000000000 1.000000000000
32 49 66
0.998137867304 -0.060943943159 0.002575586586 -0.045683775264
0.060997386265 0.997468553103 -0.036548658518 0.133238499132
-0.000341647258 0.036637704116 0.999328555538 0.085339996173
0.000000000000 0.000000000000 0.000000000000 1.000000000000
32 59 66
0.999495587871 0.027095382689 0.016565327135 -0.036408515348
-0.027886936468 0.998380589655 0.049583434486 -0.195985862887
-0.015195018941 -0.050020380226 0.998632601592 -0.036284453117
0.000000000000 0.000000000000 0.000000000000 1.000000000000
32 60 66
0.998966667149 0.009551343455 -0.044433880796 0.127514825231
-0.005354359638 0.995592506124 0.093631685778 -0.225345286429
0.045132347127 -0.093297018103 0.994614869010 0.060801014109
0.000000000000 0.000000000000 0.000000000000 1.000000000000
33 35 66
0.997035110955 -0.076160068441 -0.010983237144 0.057415614003
0.075702426936 0.996430614184 -0.037352023674 0.022006488493
0.013788766413 0.036409821361 0.999241809989 -0.005287947596
0.000000000000 0.000000000000 0.000000000000 1.000000000000
33 37 66
0.999438608785 -0.031443770535 -0.011565317350 -0.015907830199
0.031290277841 0.999422887170 -0.013221615394 0.012972466280
0.011974380298 0.012852310902 0.999845704257 -0.010064076516
0.000000000000 0.000000000000 0.000000000000 1.000000000000
33 38 66
0.997099850344 -0.048958249482 -0.058266441904 0.151499870944
0.045611642141 0.997306302091 -0.057443171150 0.100388432585
0.060921806815 0.054618949260 0.996647030717 -0.038940647924
0.000000000000 0.000000000000 0.000000000000 1.000000000000
33 58 66
0.999298738220 -0.037409551179 -0.001599147426 0.013081678485
0.037394417015 0.999263328463 -0.008628902908 -0.005235434385
0.001920772764 0.008563052602 0.999961491640 -0.024237491812
0.000000000000 0.000000000000 0.000000000000 1.000000000000
33 59 66
0.998823004193 -0.048500956174 -0.000513366905 0.017044980128
0.048501738887 0.998632711644 0.019500988676 -0.056890741595
-0.000433151613 -0.019502935281 0.999809705842 0.001915814220
0.000000000000 0.000000000000 0.000000000000 1.000000000000
33 63 66
0.995363926434 -0.072779666928 -0.062879042899 0.176798916652
0.076793384808 0.994993047394 0.063965707115 -0.246402885359
0.057908807653 -0.068497851929 0.995969183397 0.001546159254
0.000000000000 0.000000000000 0.000000000000 1.000000000000
34 39 66
0.997543773462 -0.069931992595 0.003992046855 0.003650853107
0.069809454110 0.997239650411 0.025292682035 -0.067084561028
-0.005749795063 -0.024951874866 0.999672118145 0.013429389628
0.000000000000 0.000000000000 0.000000000000 1.000000000000
34 40 66
0.998235546349 -0.054294430318 0.024039734635 -0.025703545490
0.053999029954 0.998459307437 0.012771693572 -0.032595734341
-0.024696128621 -0.011451036160 0.999629418836 -0.002924100135
0.000000000000 0.000000000000 0.000000000000 1.000000000000
34 58 66
0.999886062939 0.001434488139 -0.015026755588 0.009251874651
-0.000762252099 0.999002556984 0.044646501665 -0.081459774492
0.015075812132 -0.044629960598 0.998889827011 0.033808906025
0.000000000000 0.000000000000 0.000000000000 1.000000000000
35 38 66
0.998799379280 -0.017644412278 0.045699832232 -0.089040358222
0.016056602223 0.999262464418 0.034881409517 -0.047616248814
-0.046281588950 -0.034105746146 0.998346038508 0.000212110596
0.000000000000 0.000000000000 0.000000000000 1.000000000000
35 39 66
0.996287161291 0.025324653391 -0.082283377285 0.123822245134
-0.032734059076 0.995405072563 -0.089984570306 0.170941934564
0.079626463084 0.092343941043 0.992538272778 -0.057107958965
0.000000000000 0.000000000000 0.000000000000 1.000000000000
35 40 66
0.999558304269 -0.029690891403 -0.001283484941 0.013809843168
0.029612221039 0.998701651652 -0.041450299787 0.072530165113
0.002512514880 0.041393984527 0.999139742636 -0.033225993805
0.000000000000 0.000000000000 0.000000000000 1.000000000000
35 58 66
0.999976141824 -0.000809370301 -0.006860080395 0.092201686223
0.001118114663 0.998980844899 0.045122293199 -0.078035829542
0.006816568265 -0.045128887020 0.998957916007 -0.003745361381
0.000000000000 0.000000000000 0.000000000000 1.000000000000
35 59 66
0.999861957227 0.010678074425 0.012729698211 0.017893595256
-0.011388335140 0.998303800868 0.057094894654 -0.090601825664
-0.012098442573 -0.057231983186 0.998287597733 0.013855986384
0.000000000000 0.000000000000 0.000000000000 1.000000000000
35 60 66
0.999650088083 -0.012621521962 0.023246474548 -0.031919501682
0.012685463570 0.999916142513 -0.002605178758 0.074428697923
-0.023211643836 0.002899159481 0.999726369796 0.021061220652
0.000000000000 0.000000000000 0.000000000000 1.000000000000
35 64 66
0.997959732298 -0.063364493660 -0.007830303663 0.037705480671
0.062723489490 0.995906707306 -0.065081442888 0.111653018015
0.011922104614 0.064457515353 0.997849233169 -0.078173277480
0.000000000000 0.000000000000 0.000000000000 1.000000000000
36 38 66
0.999205858250 -0.007886323785 0.039057121445 -0.033141295866
0.006892514187 0.999650687158 0.025514641148 -0.024822073978
-0.039244695013 -0.025225177143 0.998911179411 0.031456994123
0.000000000000 0.000000000000 0.000000000000 1.000000000000
36 40 66
0.995366823887 0.037130428394 -0.088691697426 0.150520956347
-0.041028695923 0.998251903567 -0.042541545987 0.101711067264
0.086957069959 0.045983348197 0.995150239749 -0.021423675379
0.000000000000 0.000000000000 0.000000000000 1.000000000000
36 58 66
0.999487109501 0.021763580772 -0.023491796305 0.141089420745
-0.021315974649 0.999589581988 0.019138882052 0.018479829510
0.023898685454 -0.018628315367 0.999540813924 -0.031285556609
0.000000000000 0.000000000000 0.000000000000 1.000000000000
36 59 66
0.998564484746 0.049896735684 0.019475255395 -0.022479482506
-0.051236854352 0.995807616080 0.075775830664 -0.110659388656
-0.015612641054 -0.076664904128 0.996934670836 0.043646034706
0.000000000000 0.000000000000 0.000000000000 1.000000000000
36 62 66
0.999624578775 -0.026774961482 -0.005814030184 0.069156710812
0.026775325544 0.999641476586 -0.000015224042 -0.017684531533
0.005812353341 -0.000140454224 0.999983098268 -0.033610667217
0.000000000000 0.000000000000 0.000000000000 1.000000000000
37 40 66
0.992969962042 -0.024958909718 -0.115705260505 0.213143846465
0.024499729486 0.999685310320 -0.005389210018 -0.016236075768
0.115803358060 0.002516576085 0.993268971179 -0.011735806318
0.000000000000 0.000000000000 0.000000000000 1.000000000000
37 41 66
0.999813516092 -0.017512481539 -0.008139166430 0.046410656110
0.017611584439 0.999769635207 0.012268195099 -0.054935163564
0.007922444912 -0.012409250895 0.999891616806 -0.036273011161
0.000000000000 0.000000000000 0.000000000000 1.000000000000
37 47 66
0.915977392136 -0.222528477579 0.333865981739 -0.331611889889
0.189155230118 0.973331952654 0.129789093769 -0.168160055723
-0.353844197373 -0.055731379035 0.933642489060 0.368076233576
0.000000000000 0.000000000000 0.000000000000 1.000000000000
37 58 66
0.998645260614 -0.010511547188 -0.050962249052 0.147488459561
0.010341204471 0.999940029717 -0.003605060170 0.020462908762
0.050997087592 0.003073165215 0.998694073635 -0.056425250725
0.000000000000 0.000000000000 0.000000000000 1.000000000000
37 59 66
0.999893486898 0.011375014755 0.009144610374 -0.033502360005
-0.011816128412 0.998693013224 0.049725692028 -0.092931783207
-0.008567028008 -0.049828449481 0.998721047968 0.004739823248
0.000000000000 0.000000000000 0.000000000000 1.000000000000
37 61 66
0.998810361741 -0.017272695974 -0.045601702291 0.118328786765
0.018435006932 0.999512638101 0.025191998651 -0.022597871227
0.045144344025 -0.026002696983 0.998642001897 0.017667788408
0.000000000000 0.000000000000 0.000000000000 1.000000000000
38 40 66
0.996764685472 -0.025444356153 -0.076241370240 0.173864542719
0.026791973406 0.999501440043 0.016705134303 -0.053027493225
0.075778307959 -0.018693744703 0.996949443027 -0.023661453610
0.000000000000 0.000000000000 0.000000000000 1.000000000000
38 57 66
0.996473103071 -0.051499413053 -0.066250775931 0.216864674038
0.048597097971 0.997817789140 -0.044698789073 0.045437244577
0.068408164170 0.041321545603 0.996801310665 -0.050823804956
0.000000000000 0.000000000000 0.000000000000 1.000000000000
38 59 66
-0.059305740347 0.069560421509 0.995813324334 -1.251011580890
-0.978366515137 0.194012850668 -0.071819049247 -0.502080782690
-0.198196345126 -0.978529693743 0.056549511438 2.209267507230
0.000000000000 0.000000000000 0.000000000000 1.000000000000
38 60 66
0.999975257943 0.003736694021 0.005959917697 0.015858355371
-0.004044919992 0.998608952889 0.052571834972 -0.062497762702
-0.005755182309 -0.052594641627 0.998599359878 0.069747355677
0.000000000000 0.000000000000 0.000000000000 1.000000000000
39 44 66
-0.437630306739 -0.258473424473 0.861203346176 -2.852257526427
0.810461372748 -0.528186735121 0.253320224470 -0.786331063275
0.389399637786 0.808832653695 0.440633249323 1.462700139643
0.000000000000 0.000000000000 0.000000000000 1.000000000000
39 51 66
0.671213667223 -0.115454348188 0.732217526708 -1.619991665136
0.281982472731 0.953301653908 -0.108175051328 0.399113340107
-0.685534899189 0.279081081662 0.672425201678 -0.576715419748
0.000000000000 0.000000000000 0.000000000000 1.000000000000
39 56 66
0.999822660258 -0.011539619675 -0.014882379235 0.040445159520
0.011116455488 0.999540208548 -0.028209854893 0.023307671609
0.015201067441 0.028039412858 0.999491230014 -0.016722757649
0.000000000000 0.000000000000 0.000000000000 1.000000000000
39 62 66
0.997598178498 -0.048591114982 0.049363729616 -0.082165491126
0.046502494898 0.998008824804 0.042613420209 -0.147752370483
-0.051336071383 -0.040215533795 0.997871393826 0.001742756929
0.000000000000 0.000000000000 0.000000000000 1.000000000000
39 63 66
0.997998229187 0.027915574999 0.056747292560 -0.171883523748
-0.026393921496 0.999276323223 -0.027389610347 0.038031726103
-0.057470822584 0.025836999040 0.998012802539 -0.054980856947
0.000000000000 0.000000000000 0.000000000000 1.000000000000
39 64 66
0.999923825781 -0.012341426662 -0.000178390990 -0.026937106152
0.012328486380 0.999360534894 -0.033563815644 0.039853546220
0.000592502285 0.033559059655 0.999436560496 -0.036795989023
0.000000000000 0.000000000000 0.000000000000 1.000000000000
40 42 66
0.418283164239 0.868091825746 0.267312133258 -0.187002560874
-0.905970544413 0.377588427384 0.191427145834 -0.571486379912
0.065242372506 -0.322247671176 0.944404506158 -0.444076226448
0.000000000000 0.000000000000 0.000000000000 1.000000000000
40 60 66
0.998570325879 0.034776624843 0.040594219270 -0.065550841450
-0.036463466571 0.998469561118 0.041580658090 -0.002838805440
-0.039086057351 -0.043001417256 0.998310151323 0.048574870962
0.000000000000 0.000000000000 0.000000000000 1.000000000000
40 62 66
0.999805005701 -0.004987804487 0.019106867370 -0.008331264588
0.005155291649 0.999948633333 -0.008726606668 -0.001476965788
-0.019062359306 0.008823406503 0.999779362637 -0.064532438523
0.000000000000 0.000000000000 0.000000000000 1.000000000000
41 59 66
0.998479314652 0.055117410921 0.001062650600 -0.052358488312
-0.055053941693 0.995962463521 0.070907226440 -0.126136980529
0.002849862627 -0.070857901964 0.997482348722 0.067976315647
0.000000000000 0.000000000000 0.000000000000 1.000000000000
42 45 66
0.999249227780 -0.011839187856 -0.036889218099 0.068185280821
0.010594500353 0.999373951104 -0.033755924184 0.027759262045
0.037265766372 0.033339758340 0.998749079184 -0.096657202299
0.000000000000 0.000000000000 0.000000000000 1.000000000000
42 48 66
0.650042316562 0.351213626662 -0.673864953180 0.860070699597
-0.726881130216 0.545941440078 -0.416643452537 1.517070944301
0.221559944967 0.760655593849 0.610175596311 1.043489118269
0.000000000000 0.000000000000 0.000000000000 1.000000000000
46 50 66
0.854277838125 0.510804662297 -0.096374126527 0.018903952475
-0.500730099056 0.858422180605 0.111268718624 -0.003063277897
0.139566268088 -0.046796974474 0.989106313796 -0.029351956500
0.000000000000 0.000000000000 0.000000000000 1.000000000000
46 53 66
0.996147085880 0.087696941794 -0.000479262084 -0.055893058302
-0.087697744825 0.996145031232 -0.002045068061 0.033189415018
0.000298068329 0.002079218793 0.999997794000 -0.054752522322
0.000000000000 0.000000000000 0.000000000000 1.000000000000
47 49 66
0.997079078931 0.041274446664 0.064262978538 -0.193775109038
-0.041350575819 0.999144688576 -0.000145497562 0.018648603808
-0.064214019010 -0.002512238591 0.997932987940 0.008528294444
0.000000000000 0.000000000000 0.000000000000 1.000000000000
47 60 66
0.197699242220 0.782121509928 0.590932274743 -1.226169300361
-0.693156597340 -0.314723029737 0.648446872239 -1.320535349726
0.693144242701 -0.537806060080 0.479912180040 1.172422962579
0.000000000000 0.000000000000 0.000000000000 1.000000000000
49 57 66
0.804071281353 0.252761849550 -0.538127142891 1.746027233647
-0.323479500057 0.945419773665 -0.039274223181 -0.259258408043
0.498829016344 0.205652374106 0.841948165552 0.168706642221
0.000000000000 0.000000000000 0.000000000000 1.000000000000
50 52 66
0.998933029014 -0.004830581664 0.045928956293 -0.152727483914
0.005051145575 0.999976256640 -0.004687438960 0.105813624343
-0.045905222728 0.004914431443 0.998933710959 0.040677637364
0.000000000000 0.000000000000 0.000000000000 1.000000000000
50 53 66
0.997965783293 -0.027406635170 0.057560157446 -0.162953093780
0.025106402682 0.998871658351 0.040312264724 -0.093238362058
-0.058600033456 -0.038785132350 0.997527818954 0.083570314309
0.000000000000 0.000000000000 0.000000000000 1.000000000000
51 53 66
0.999629874371 -0.027014343880 0.003215507736 0.050532740818
0.026707826073 0.996975215268 0.072987068499 -0.228740210251
-0.005177479284 -0.072874174893 0.997327703587 0.092672504593
0.000000000000 0.000000000000 0.000000000000 1.000000000000
56 62 66
0.999352789938 -0.030808174899 0.018570341989 -0.042254663015
0.030196694008 0.999020185874 0.032354719712 -0.056118057452
-0.019548936369 -0.031773016477 0.999303914988 0.015149192407
0.000000000000 0.000000000000 0.000000000000 1.000000000000
56 63 66
0.999627395462 -0.010354447734 0.025255804351 -0.063556313177
0.009487352259 0.999369497530 0.034213996450 -0.031100950236
-0.025594147542 -0.033961637447 0.999095364214 -0.013026837080
0.000000000000 0.000000000000 0.000000000000 1.000000000000
56 64 66
0.998786135742 -0.046057027219 0.017464400768 -0.021200632122
0.045903070678 0.998904299671 0.009116369920 0.020061799545
-0.017865137916 -0.008303634262 0.999805924420 -0.021254630262
0.000000000000 0.000000000000 0.000000000000 1.000000000000
56 65 66
0.995614382438 -0.091099088488 -0.021282799621 0.067518368753
0.091419730005 0.995705257770 0.014610702102 -0.095389047688
0.019860373839 -0.016492292945 0.999666729378 -0.009568452902
0.000000000000 0.000000000000 0.000000000000 1.000000000000
57 62 66
0.999696638135 -0.018525631180 -0.016230609665 0.041117433743
0.019305423968 0.998598224652 0.049283732879 -0.100845042542
0.015294845738 -0.049582120875 0.998652933197 0.054344643570
0.000000000000 0.000000000000 0.000000000000 1.000000000000
57 63 66
0.999834660750 -0.005529031180 0.017322845549 -0.041163050383
0.005179005530 0.999782825486 0.020186128047 -0.017079531099
-0.017430693200 -0.020093075374 0.999646157026 0.024342377820
0.000000000000 0.000000000000 0.000000000000 1.000000000000
57 64 66
0.999574016558 -0.026463826074 -0.012306556481 0.044618666054
0.026577496737 0.999604726748 0.009166620437 0.007829412844
0.012059108180 -0.009489793073 0.999882253937 0.015986159749
0.000000000000 0.000000000000 0.000000000000 1.000000000000
58 61 66
0.999433038765 -0.018632985293 -0.028043054112 0.082260037118
0.019491332603 0.999340034059 0.030652639054 -0.043364793320
0.027453396479 -0.031181856691 0.999136628713 0.075397518149
0.000000000000 0.000000000000 0.000000000000 1.000000000000
59 61 66
0.994051896555 0.011958989908 -0.108248831472 0.220282977577
-0.008507795606 0.999442397886 0.032287934609 -0.060545489564
0.108574602779 -0.031174923702 0.993599355758 0.079790316299
0.000000000000 0.000000000000 0.000000000000 1.000000000000
59 62 66
0.997581942827 -0.055936916259 -0.041247166508 0.162976392010
0.056451955375 0.998339904425 0.011428559288 -0.082212709632
0.040539413905 -0.013729407581 0.999083609758 -0.037268028450
0.000000000000 0.000000000000 0.000000000000 1.000000000000
59 63 66
0.999726673981 0.009457140996 -0.021380828224 0.055869773048
-0.008039076847 0.997822564928 0.065463746937 -0.194040938248
0.021953372743 -0.065273971870 0.997625860742 -0.014639142755
0.000000000000 0.000000000000 0.000000000000 1.000000000000
59 64 66
0.997680453639 -0.052859929864 -0.042889861755 0.166013583575
0.050072992896 0.996715961935 -0.063639505075 0.108330851944
0.046112989591 0.061344266550 0.997050887945 -0.080920317577
0.000000000000 0.000000000000 0.000000000000 1.000000000000
61 63 66
0.999165606970 0.012716508761 0.038812114785 -0.135097926861
-0.011627281051 0.999535747021 -0.028161973687 0.001183556209
-0.039152218130 0.027687196165 0.998849599782 -0.104181333686
0.000000000000 0.000000000000 0.000000000000 1.000000000000
62 64 66
0.999764670648 0.018687137263 -0.011017904741 -0.011333752335
-0.019123729557 0.998978152840 -0.040950373812 0.110589707177
0.010241400869 0.041151440417 0.999100431718 -0.016980921449
0.000000000000 0.000000000000 0.000000000000 1.000000000000
62 65 66
0.998799556231 -0.028239372531 -0.040024796220 0.076296275336
0.026613659668 0.998821613641 -0.040584445814 0.022800245321
0.041123710830 0.039470520164 0.998374137508 -0.035291340716
0.000000000000 0.000000000000 0.000000000000 1.000000000000
