0 3 37
0.821979989936 -0.280519490843 0.495638690379 -1.639234607539
0.073687067111 0.915349277245 0.395860981644 -0.491321437738
-0.564729238029 -0.288867644267 0.773069448246 0.917157952896
0.000000000000 0.000000000000 0.000000000000 1.000000000000
0 12 37
0.996020572771 -0.089050591425 -0.003607046457 0.320211514421
0.088737357694 0.987127376787 0.133060976050 -0.189545017883
-0.008288544305 -0.132851549350 0.991101289409 -0.107539198687
0.000000000000 0.000000000000 0.000000000000 1.000000000000
0 18 37
1.000000000000 0.000000000000 0.000000000000 0.000000000000
0.000000000000 1.000000000000 0.000000000000 0.000000000000
0.000000000000 0.000000000000 1.000000000000 0.000000000000
0.000000000000 0.000000000000 0.000000000000 1.000000000000
0 23 37
0.968208445455 -0.232532282109 -0.092201648180 0.010843460898
0.249800165121 0.918138722367 0.307605533103 -0.794588646104
0.013125686859 -0.320858261959 0.947036267562 1.227219142020
0.000000000000 0.000000000000 0.000000000000 1.000000000000
0 29 37
0.881500756091 0.463526952107 0.089995453668 0.631433637946
0.043369244834 -0.269269263993 0.962087923254 -2.384522709094
0.470186692297 -0.844178196910 -0.257463873675 1.738870880560
0.000000000000 0.000000000000 0.000000000000 1.000000000000
0 32 37
0.847037199052 -0.279565478687 0.452074248933 0.288856625216
0.522284216486 0.279780548381 -0.805569389908 0.291922008450
0.098727810830 0.918458484568 0.382997169042 1.730921427006
0.000000000000 0.000000000000 0.000000000000 1.000000000000
0 33 37
0.874805514972 0.098687828351 0.474316374913 0.544000464564
-0.229781742978 0.946427647690 0.226881154534 -1.381433271079
-0.426515722535 -0.307466128580 0.850616786930 0.716512816165
0.000000000000 0.000000000000 0.000000000000 1.000000000000
0 35 37
0.970483282911 -0.225689153329 0.085009432765 0.716401015773
0.231012245757 0.971162335643 -0.058966601889 -0.368471001758
-0.069249836821 0.076864321357 0.994633769888 0.646837223390
0.000000000000 0.000000000000 0.000000000000 1.000000000000
1 4 37
0.062313357339 -0.851017563593 0.521427034161 -1.734343836413
0.987199569557 0.129405698524 0.093226471867 0.358547738751
-0.146812994535 0.508943289224 0.848187875998 0.527220380277
0.000000000000 0.000000000000 0.000000000000 1.000000000000
1 13 37
0.871939317112 0.483028335278 -0.080034083947 0.334802076047
-0.426334928518 0.829412369322 0.360989820273 -0.726963138882
0.240749571132 -0.280639891915 0.929129105704 -0.024753036816
0.000000000000 0.000000000000 0.000000000000 1.000000000000
1 25 37
0.076904107740 0.126103450288 -0.989031687075 2.053318835089
0.502805325905 -0.861499721999 -0.070746259523 0.952574462255
-0.860971870885 -0.491849721785 -0.129658353858 1.470108592347
0.000000000000 0.000000000000 0.000000000000 1.000000000000
1 30 37
0.985655404192 -0.098686115695 -0.136910462553 0.898591130641
0.103122659431 0.994337039185 0.025682087461 -0.238989927063
0.133600678514 -0.039432259299 0.990250450960 0.954180488745
0.000000000000 0.000000000000 0.000000000000 1.000000000000
2 8 37
0.539686885541 0.700059713260 0.467605029320 -0.530931662327
-0.838794862038 0.399744371518 0.369631731400 -0.490091831771
0.071841805332 -0.591710093973 0.802943285480 -0.447330821098
0.000000000000 0.000000000000 0.000000000000 1.000000000000
2 19 37
0.665166612681 0.739410184820 0.104047854180 -0.049590882393
-0.745673100446 0.650488245159 0.144349126017 -0.680420519009
0.039051307869 -0.173601905217 0.984041347637 0.547632176281
0.000000000000 0.000000000000 0.000000000000 1.000000000000
2 21 37
-0.111688603925 -0.987805991114 0.108466491009 -0.473573292224
0.938619539850 -0.140710522596 -0.314950644138 0.103663305887
0.326372509819 0.066632370131 0.942889766667 0.273997019689
0.000000000000 0.000000000000 0.000000000000 1.000000000000
2 22 37
0.711942362047 0.661565137545 0.235519939511 0.569306432914
-0.146291226615 -0.188303852110 0.971154228893 -1.853374778574
0.686831092874 -0.725860336473 -0.037280313797 1.612313700257
0.000000000000 0.000000000000 0.000000000000 1.000000000000
2 26 37
0.956322676019 0.216598068559 0.196296245581 0.341122030551
-0.174254804235 0.961587037075 -0.212098169090 -0.077707980434
-0.234695978947 0.168628724797 0.957330742554 1.663468841545
0.000000000000 0.000000000000 0.000000000000 1.000000000000
2 28 37
-0.755178069487 -0.547791994765 0.360041683472 -0.545234198069
0.624951994860 -0.435877989850 0.647646031475 -0.537451062737
-0.197841066229 0.714096848078 0.671509198804 1.357996514311
0.000000000000 0.000000000000 0.000000000000 1.000000000000
2 29 37
0.316608880729 0.926036446014 0.205463664180 0.266485728068
-0.685167083103 0.073470555287 0.724671060370 -0.988677448409
0.655976283776 -0.370214232790 0.657751120838 1.415284374935
0.000000000000 0.000000000000 0.000000000000 1.000000000000
2 32 37
0.945393764865 0.291082788168 -0.146633692537 0.589011028770
-0.060014877210 0.597667071536 0.799495019444 -0.914373964015
0.320357368993 -0.747037403370 0.582500020685 1.295057662650
0.000000000000 0.000000000000 0.000000000000 1.000000000000
3 8 37
0.696291668555 0.024210983722 0.717350500500 -1.769007678016
0.117838728329 0.982013757944 -0.147522924711 0.329341512193
-0.708019735888 0.187250654142 0.680915006529 0.984112374853
0.000000000000 0.000000000000 0.000000000000 1.000000000000
3 11 37
1.000000000000 0.000000000000 0.000000000000 0.000000000000
0.000000000000 1.000000000000 0.000000000000 0.000000000000
0.000000000000 0.000000000000 1.000000000000 0.000000000000
0.000000000000 0.000000000000 0.000000000000 1.000000000000
3 21 37
0.986975332036 -0.159012986372 0.024383685496 -0.356914358074
0.160235683303 0.958250727965 -0.236812305743 0.445651210996
0.014290547569 0.237635040598 0.971249384932 0.179111240791
0.000000000000 0.000000000000 0.000000000000 1.000000000000
3 25 37
0.590745425735 -0.389985255504 0.706350721995 -0.060057682039
0.033184940001 0.886436442521 0.461659174205 0.190311032523
-0.806175292186 -0.249282839081 0.536599910929 1.791352537766
0.000000000000 0.000000000000 0.000000000000 1.000000000000
3 26 37
-0.109082591661 -0.848477159418 0.517868224689 0.268899003525
0.268496856024 0.476462517650 0.837193470818 -0.507561932670
-0.957084336149 0.230369223682 0.175839683457 0.843070474587
0.000000000000 0.000000000000 0.000000000000 1.000000000000
3 28 37
0.348529282726 -0.423279877259 0.836278353535 -1.714350488010
0.645139969831 -0.538909369086 -0.541637435226 1.083752962033
0.679942466984 0.728293098566 0.085249071383 2.728538807900
0.000000000000 0.000000000000 0.000000000000 1.000000000000
4 9 37
0.861496931667 0.076031981533 0.502038020983 -1.095554068764
-0.073978626404 0.996970018140 -0.024040502606 -0.214008550344
-0.502344701936 -0.016429263964 0.864511353148 -0.190448983523
0.000000000000 0.000000000000 0.000000000000 1.000000000000
4 22 37
0.959261482567 -0.281600239241 -0.022775278779 0.008288731979
0.281611987574 0.946610076289 0.156920527411 0.139046494409
-0.022629549678 -0.156941609294 0.987348588267 -0.018256492988
0.000000000000 0.000000000000 0.000000000000 1.000000000000
4 23 37
0.888323390627 0.160348082956 0.430313892359 -0.281279458533
-0.245346716370 0.957827898420 0.149568398313 -0.696901050162
-0.388183645239 -0.238441207219 0.890201801991 0.595521082206
0.000000000000 0.000000000000 0.000000000000 1.000000000000
4 26 37
-0.175804755299 -0.917029663451 -0.357979446846 0.731024520549
0.385557740406 -0.398733417457 0.832079858316 0.182242562146
-0.905780280657 0.008261849243 0.423667115811 0.885535981171
0.000000000000 0.000000000000 0.000000000000 1.000000000000
4 28 37
0.881443662429 -0.407368020323 -0.238973567536 0.743186897674
0.421699105133 0.906682478454 0.009836055870 1.254497382656
0.212666251891 -0.109444868690 0.970976254099 1.314933636609
0.000000000000 0.000000000000 0.000000000000 1.000000000000
5 17 37
0.950477219285 0.142872758377 -0.276008026213 0.404447002816
-0.088213320793 0.975566819542 0.201215781297 0.105143264981
0.298012526004 -0.166903431725 0.939857318332 -0.141225403458
0.000000000000 0.000000000000 0.000000000000 1.000000000000
5 20 37
-0.112912178583 0.486125053205 0.866564061437 -1.924623641529
0.977207523440 -0.103460578027 0.185368187473 -0.697798402878
0.179767338692 0.867743246266 -0.463363100062 3.137739624073
0.000000000000 0.000000000000 0.000000000000 1.000000000000
5 26 37
0.890716580088 0.101804781827 0.443012144702 1.006564811629
-0.033984121246 0.986784207188 -0.158436132077 0.628226142476
-0.453286943844 0.126066311287 0.882404800360 0.405005120368
0.000000000000 0.000000000000 0.000000000000 1.000000000000
5 28 37
0.694304688168 -0.713493196545 0.094172493183 -0.229326634651
0.587711791342 0.637637274464 0.498009594819 -0.314567563313
-0.415374349600 -0.290424111771 0.862042913663 0.822665341591
0.000000000000 0.000000000000 0.000000000000 1.000000000000
5 36 37
0.832676707575 -0.115251679162 -0.541633225636 1.493929977154
0.074687213837 0.992538728702 -0.096377861124 -0.084551126636
0.548699663525 0.039798523540 0.835071707563 0.868022287692
0.000000000000 0.000000000000 0.000000000000 1.000000000000
6 10 37
0.969807046937 0.196290974399 0.144720921366 -0.065490189957
-0.154531248954 0.953705836939 -0.258002460618 0.756712429115
-0.188664741826 0.227848699706 0.955243730801 -0.677678507972
0.000000000000 0.000000000000 0.000000000000 1.000000000000
6 15 37
0.675293092468 -0.368156387298 0.639093196456 -0.988784332196
0.430524653571 0.900325945242 0.063731585507 0.163792216807
-0.598855376474 0.232107877539 0.766484292893 0.122630223755
0.000000000000 0.000000000000 0.000000000000 1.000000000000
6 19 37
0.889407679532 0.247111503053 -0.384564538991 0.364877912162
-0.176535071378 0.961701270097 0.209680794704 -0.666986857447
0.421650741922 -0.118602580720 0.898968341869 -0.025275463655
0.000000000000 0.000000000000 0.000000000000 1.000000000000
6 20 37
0.709072152704 0.308944081566 0.633853482064 -0.884735168075
-0.042063199171 0.915841050440 -0.399331763831 0.658887086212
-0.703880223856 0.256493128161 0.662392561606 0.787535723041
0.000000000000 0.000000000000 0.000000000000 1.000000000000
6 21 37
0.155738800577 -0.913696000968 0.375373206036 -1.215506420826
0.901732001387 0.286642871112 0.323597376557 -0.626903076235
-0.403267682401 0.288089365051 0.868550340553 -0.052778891848
0.000000000000 0.000000000000 0.000000000000 1.000000000000
6 24 37
0.967038203623 0.246797213397 -0.062675738476 -0.176532911170
-0.237648679321 0.963159732910 0.125882620397 -0.637410767240
0.091434227459 -0.106838496622 0.990063289739 0.519932951094
0.000000000000 0.000000000000 0.000000000000 1.000000000000
6 26 37
0.748374810356 -0.431130456522 -0.504045308165 0.815179385080
-0.622505857632 -0.718866824111 -0.309381554728 -0.202173029734
-0.228957638959 0.545304519192 -0.806363057755 2.151102739479
0.000000000000 0.000000000000 0.000000000000 1.000000000000
6 31 37
0.452573815313 0.436598026767 0.777533989428 -0.780549309996
0.242821866288 0.778653332893 -0.578564195598 1.216212125891
-0.858029418461 0.450645259820 0.246382561997 1.097540849465
0.000000000000 0.000000000000 0.000000000000 1.000000000000
6 32 37
0.367213204029 -0.269475744133 -0.890245632458 1.451767670262
-0.919333016845 0.040302771624 -0.391410897571 0.405934251863
0.141355109299 0.962163452810 -0.232938238921 1.921365289878
0.000000000000 0.000000000000 0.000000000000 1.000000000000
6 34 37
0.907927868778 -0.093771064280 -0.408502108440 1.132611417226
-0.282663606844 0.582645979554 -0.761987498504 1.204853792614
0.309464489825 0.807298364927 0.502494855221 0.710307304747
0.000000000000 0.000000000000 0.000000000000 1.000000000000
7 20 37
0.952297625030 -0.235695471654 0.193847563834 -0.550029375054
0.182802301916 0.949210764882 0.256090300961 -0.205169742414
-0.244361518608 -0.208438404509 0.947016831820 0.205793472550
0.000000000000 0.000000000000 0.000000000000 1.000000000000
7 25 37
0.986165480705 0.013628575145 -0.165202622879 -0.620431799693
0.003835009525 0.994471910433 0.104932893138 0.199090836112
0.165719453802 -0.104114750636 0.980661603884 1.283374817254
0.000000000000 0.000000000000 0.000000000000 1.000000000000
7 26 37
0.706719808746 -0.460457865820 0.537145851451 -0.079573787835
0.452677146943 0.877768086572 0.156864868061 0.150548615165
-0.543719148607 0.132294141972 0.828774847252 0.597109495313
0.000000000000 0.000000000000 0.000000000000 1.000000000000
7 28 37
0.723188651438 0.679647259252 0.122791601594 0.058568804463
0.394735206396 -0.552637707651 0.734013406494 -0.799589278272
0.566729469202 -0.482359997381 -0.667942019688 3.154413439684
0.000000000000 0.000000000000 0.000000000000 1.000000000000
7 30 37
-0.883673041173 -0.459571726122 -0.088970696604 -0.021726334710
-0.466856855830 0.851383823262 0.239144854958 -0.749175341239
-0.034156001953 0.252862440940 -0.966899143392 2.991331203314
0.000000000000 0.000000000000 0.000000000000 1.000000000000
7 31 37
0.973197523370 0.134912607467 0.186239546961 0.030964849122
-0.124930619547 0.990074099031 -0.064386479380 0.322375135484
-0.193077499480 0.039393740285 0.980392376766 0.283196043140
0.000000000000 0.000000000000 0.000000000000 1.000000000000
7 32 37
0.000324431180 0.732789758975 0.680455041781 -0.605340714465
-0.911332554638 0.280340179189 -0.301467011114 0.088448948603
-0.411670826756 -0.620023026245 0.667906114154 0.494636259352
0.000000000000 0.000000000000 0.000000000000 1.000000000000
8 10 37
0.769491388846 -0.507403488453 0.387846235508 0.259965103122
0.425344477131 0.860162985419 0.281427991304 -0.297441185000
-0.476408520354 -0.051588161640 0.877709281774 -0.022002207521
0.000000000000 0.000000000000 0.000000000000 1.000000000000
8 12 37
-0.244332536959 -0.906567627408 -0.344146405356 0.684255105120
0.897224777131 -0.076737044420 -0.434855292386 0.553388070656
0.367816952690 -0.415025978645 0.832144294197 0.129003875998
0.000000000000 0.000000000000 0.000000000000 1.000000000000
8 15 37
0.877585463536 -0.361889646819 0.314451328056 0.013442162646
0.313670031600 0.929448233179 0.194260374539 -0.239023029673
-0.362567049616 -0.071846122828 0.929184195500 0.793595305419
0.000000000000 0.000000000000 0.000000000000 1.000000000000
8 16 37
-0.900133579109 0.419574268050 -0.117119483228 1.272453632035
0.306951369574 0.801690314527 0.512906908035 -1.387717132945
0.309096095862 0.425734745098 -0.850417268368 4.255303771217
0.000000000000 0.000000000000 0.000000000000 1.000000000000
8 17 37
0.534537093549 -0.829282228202 0.162975708648 -0.356751792833
0.564484863281 0.493841115702 0.661421039557 -1.532225310440
-0.628988819255 -0.261556759483 0.732093659870 0.639458549735
0.000000000000 0.000000000000 0.000000000000 1.000000000000
8 18 37
-0.295598958157 0.122443613097 -0.947432750937 2.648894177983
0.430371005881 -0.868342982882 -0.246497994670 -0.211485222956
-0.852878686117 -0.480612136438 0.203985100130 1.855975886744
0.000000000000 0.000000000000 0.000000000000 1.000000000000
8 19 37
0.834515003198 0.073416546549 -0.546072083274 1.315634396123
-0.003504447571 0.991770197324 0.127982790042 -0.838460180541
0.550974072244 -0.104889877456 0.827904393829 1.053287729811
0.000000000000 0.000000000000 0.000000000000 1.000000000000
8 20 37
0.029639854608 -0.475016162930 -0.879477756384 2.082778721957
0.998529802836 -0.025878285357 0.047629268265 -0.761865700333
-0.045384048599 -0.879596475267 0.473550766899 1.948126160670
0.000000000000 0.000000000000 0.000000000000 1.000000000000
8 23 37
0.793898913655 -0.299007570529 -0.529451591427 1.798771159917
0.114230064461 0.928575463377 -0.353127599016 -0.264130254776
0.597223582313 0.219868327823 0.771350705678 1.305932492847
0.000000000000 0.000000000000 0.000000000000 1.000000000000
8 28 37
0.962574315446 0.219251381580 -0.159309506679 1.305941215805
-0.159469956784 0.933492948188 0.321185691721 -0.715704852618
0.219134707718 -0.283760017194 0.933520343922 1.503824478433
0.000000000000 0.000000000000 0.000000000000 1.000000000000
8 29 37
-0.296205320727 0.954363841972 0.038105972087 0.864738399872
-0.954793193352 -0.296917297314 0.014494015456 -1.154933654985
0.025146886520 -0.032090118278 0.999168583577 1.352093262306
0.000000000000 0.000000000000 0.000000000000 1.000000000000
8 30 37
-0.468058895161 0.882470000074 -0.046557165184 0.378547917096
0.865304570361 0.446987565755 -0.226826181409 0.024958001878
-0.179356826390 -0.146454139681 -0.972821830449 4.096447563622
0.000000000000 0.000000000000 0.000000000000 1.000000000000
8 31 37
0.714733897414 -0.422292296392 -0.557516521993 1.516515474907
0.382628969159 0.903363319806 -0.193726055007 -0.079940458477
0.585448996795 -0.074859393773 0.807245652398 1.639626983613
0.000000000000 0.000000000000 0.000000000000 1.000000000000
8 32 37
0.829389121372 0.289462922973 -0.477833550072 0.951719132108
-0.053995943527 0.892832855831 0.447139720481 -0.855315477543
0.556055863590 -0.345051746515 0.756135681471 1.343778761688
0.000000000000 0.000000000000 0.000000000000 1.000000000000
8 34 37
0.201228625112 0.979089446436 0.029847886230 0.658068312398
-0.978092028917 0.202495633756 -0.048285621859 -0.304974774192
-0.053320009416 -0.019477530302 0.998387501128 1.127016618624
0.000000000000 0.000000000000 0.000000000000 1.000000000000
9 12 37
0.968868965861 -0.181154973693 0.168747748127 0.160696570573
0.095591609133 0.902479023021 0.419992687163 -0.268454551023
-0.228375067061 -0.390787011699 0.891700813183 0.014405197550
0.000000000000 0.000000000000 0.000000000000 1.000000000000
9 15 37
0.794149800697 0.305780306048 -0.525189964190 0.637822742033
-0.405002972499 0.910610133387 -0.082230026389 0.843285076812
0.453098980709 0.278006455691 0.847002788823 0.820432536820
0.000000000000 0.000000000000 0.000000000000 1.000000000000
9 23 37
0.875069856384 -0.311264371097 -0.370630864519 0.628942759699
0.248977240116 0.946177816420 -0.206779770815 0.018447146544
0.415045877406 0.088668094601 0.905469429991 1.044236466469
0.000000000000 0.000000000000 0.000000000000 1.000000000000
9 25 37
-0.196368129437 0.022928479229 0.980262129525 -1.444246829458
0.579664061748 0.809038019773 0.097195977693 1.077888248159
-0.790840776174 0.587308919907 -0.172160097986 2.475410389161
0.000000000000 0.000000000000 0.000000000000 1.000000000000
9 26 37
0.409393330024 0.569416125595 -0.712855088531 1.763252218609
-0.902183327055 0.369021786167 -0.223356588706 0.074332312133
0.135876214681 0.734566673112 0.664792792558 2.732430927809
0.000000000000 0.000000000000 0.000000000000 1.000000000000
10 12 37
1.000000000000 0.000000000000 0.000000000000 0.000000000000
0.000000000000 1.000000000000 0.000000000000 0.000000000000
0.000000000000 0.000000000000 1.000000000000 0.000000000000
0.000000000000 0.000000000000 0.000000000000 1.000000000000
10 14 37
0.810676793786 -0.260720412876 0.524240405088 -0.500256407693
0.333469177742 0.941568608225 -0.047401091770 -0.004986535578
-0.481249876377 0.213244981922 0.850250042148 0.249625923891
0.000000000000 0.000000000000 0.000000000000 1.000000000000
10 15 37
0.485660463563 -0.515097566457 0.706263698035 -2.206483802690
0.560378826319 0.803549603945 0.200707760222 -0.319486265536
-0.670901993696 0.298299398306 0.678902042879 1.192247238375
0.000000000000 0.000000000000 0.000000000000 1.000000000000
10 17 37
0.964412312305 0.223801645300 -0.140789614087 0.310209992679
-0.235327483344 0.969306719587 -0.071172037670 0.419300949576
0.120539899853 0.101770854985 0.987478012727 0.210478747983
0.000000000000 0.000000000000 0.000000000000 1.000000000000
10 20 37
0.913067076601 -0.353399967983 0.203511612092 -1.135417638101
0.235167079569 0.863984662111 0.445226850408 -0.933331625273
-0.333174066088 -0.358662747252 0.871983988053 1.577194489832
0.000000000000 0.000000000000 0.000000000000 1.000000000000
10 26 37
-0.355906223809 0.916938257233 0.180430020441 0.746186625902
-0.726225377719 -0.392887013935 0.564124538589 -0.946050766611
0.588155983231 0.069742574541 0.805734765717 1.195336527222
0.000000000000 0.000000000000 0.000000000000 1.000000000000
10 28 37
-0.001527853276 0.639559987865 -0.768739674784 0.182244167919
0.354383926336 -0.718502909341 -0.598469382696 0.925673004566
-0.935098763992 -0.273343357687 -0.225552012603 2.276292115365
0.000000000000 0.000000000000 0.000000000000 1.000000000000
10 30 37
0.064746103327 -0.727306769898 0.683251640733 -0.302376891099
0.822886126983 0.426235994838 0.375740999525 -0.404672401673
-0.564505415495 0.537910530818 0.626087770773 0.504854157569
0.000000000000 0.000000000000 0.000000000000 1.000000000000
10 33 37
0.776885908364 0.496021316542 -0.387828749478 1.214137402486
-0.091926718176 -0.519998003769 -0.849206426355 1.364662129325
-0.622894665149 0.695388330081 -0.358381509731 1.935735123886
0.000000000000 0.000000000000 0.000000000000 1.000000000000
10 36 37
0.567916960414 0.236607748080 -0.788344531041 1.911130838879
-0.750667215344 -0.243951352966 -0.613992238708 1.291842563075
-0.337593035890 0.940480999773 0.039069568515 1.260654597614
0.000000000000 0.000000000000 0.000000000000 1.000000000000
11 19 37
0.623239682550 0.245482099762 -0.742503088742 1.254635867038
-0.443033490197 0.893230267528 -0.076557270950 -0.780841882920
0.644432792972 0.376667264131 0.665453339817 0.782109032337
0.000000000000 0.000000000000 0.000000000000 1.000000000000
11 26 37
0.968362817228 0.247668570423 -0.030557052135 1.356965286892
-0.243807567258 0.965083052405 0.095773545974 0.380593850086
0.053210190362 -0.085293500252 0.994934015127 0.418604892313
0.000000000000 0.000000000000 0.000000000000 1.000000000000
11 28 37
-0.277542210122 0.276319563115 -0.920118373168 1.226762233248
0.805249309759 -0.455441483877 -0.379666437674 0.133562722815
-0.523969341405 -0.846298147111 -0.096101901455 1.924624024354
0.000000000000 0.000000000000 0.000000000000 1.000000000000
11 31 37
0.950277801091 -0.213691667389 0.226512631087 0.516734362223
0.192842699085 0.974959407313 0.110751286679 -0.608476680810
-0.244507247669 -0.061563182018 0.967691159646 0.698246001928
0.000000000000 0.000000000000 0.000000000000 1.000000000000
11 32 37
0.786255166483 -0.431854064828 -0.441933116965 0.455686964866
0.576873598073 0.769302021080 0.274574675105 -0.458748920045
0.221403850520 -0.470825304178 0.853992896880 1.117045349923
0.000000000000 0.000000000000 0.000000000000 1.000000000000
11 35 37
0.035428426309 -0.920412669289 -0.389339626576 0.602454439480
-0.954551566887 0.084197234378 -0.285905809449 0.675831711679
0.295932649032 0.381773943500 -0.875598380139 2.978686554994
0.000000000000 0.000000000000 0.000000000000 1.000000000000
12 23 37
0.739764050631 0.292132097481 -0.606141886868 0.266519836486
-0.518160477016 0.822017648171 -0.236213264137 -0.660646979830
0.429253851996 0.488820850329 0.759470412084 0.774773665314
0.000000000000 0.000000000000 0.000000000000 1.000000000000
12 31 37
-0.281248283299 0.721637732973 -0.632564925910 0.027740810053
-0.931762311275 -0.047638107247 0.359930001564 -1.014965688086
0.229604874577 0.690629852445 0.685792977860 1.713485410871
0.000000000000 0.000000000000 0.000000000000 1.000000000000
12 36 37
0.992850777164 0.104962341483 -0.056835210529 0.633410030622
-0.104214022333 0.994426469631 0.015982304147 -0.619662362500
0.058195977822 -0.009945017194 0.998255641005 0.494386791344
0.000000000000 0.000000000000 0.000000000000 1.000000000000
13 20 37
0.917908674344 -0.246458700578 0.310969089256 -0.926069520206
0.394111020428 0.475342875186 -0.786591161016 1.990684397609
0.046045294449 0.844575194947 0.533453438399 0.967257434833
0.000000000000 0.000000000000 0.000000000000 1.000000000000
13 30 37
-0.811097554032 -0.581909212951 -0.059181295405 0.018920417443
-0.568157413282 0.759779426784 0.316120825583 -1.075498128130
-0.138988890114 0.290029120121 -0.946871267864 3.950682286350
0.000000000000 0.000000000000 0.000000000000 1.000000000000
13 31 37
-0.667249306208 -0.445436896517 0.596962590609 -0.577991403885
0.558210827839 0.231572243796 0.796727662120 -0.535006557234
-0.493131863753 0.864846961679 0.094131279745 2.020210041892
0.000000000000 0.000000000000 0.000000000000 1.000000000000
13 33 37
0.793625013282 0.240853755926 -0.558702789102 1.332717306938
-0.260377168761 0.964415595785 0.045894319847 -0.316342584034
0.549875502530 0.109050570207 0.828097159067 0.713309508200
0.000000000000 0.000000000000 0.000000000000 1.000000000000
14 30 37
-0.350574777655 -0.753569757568 0.556084477171 -0.620149833766
0.780618739503 0.092929043325 0.618060333984 -0.921968593847
-0.517427974514 0.650766327790 0.555672095579 0.937345180376
0.000000000000 0.000000000000 0.000000000000 1.000000000000
14 31 37
0.738744863864 0.580788417012 0.341966139814 -0.673418593884
-0.603882079352 0.345062474088 0.718511185169 -1.036315527363
0.299303291582 -0.737303671251 0.605640847374 1.174656699004
0.000000000000 0.000000000000 0.000000000000 1.000000000000
14 32 37
-0.160027868673 0.983127830211 0.088604462145 0.527745535366
-0.956226728588 -0.176672964981 0.233274745694 -1.023814413245
0.244992907614 -0.047395494606 0.968365706905 0.965638001084
0.000000000000 0.000000000000 0.000000000000 1.000000000000
14 33 37
0.415063475587 -0.765590260461 0.491521987628 -0.570388569856
0.467884131164 0.642962191638 0.606369573716 -1.116705593877
-0.780260694280 -0.021706524627 0.625077655775 0.943330040790
0.000000000000 0.000000000000 0.000000000000 1.000000000000
15 20 37
0.948691462630 0.022524576593 -0.315399987607 -0.187697053147
0.023592542294 0.989637080630 0.141639826991 -0.299731602005
0.315321900098 -0.141813582182 0.938328837470 0.261662146608
0.000000000000 0.000000000000 0.000000000000 1.000000000000
15 21 37
0.476318064818 0.563450798011 -0.675014295662 1.718181800306
-0.683172504908 0.720446402575 0.119299243731 -0.448321806479
0.553530875079 0.404326822308 0.728095729349 0.621048851375
0.000000000000 0.000000000000 0.000000000000 1.000000000000
15 22 37
0.972865692230 -0.013632682259 -0.230968601450 0.974482850958
0.138754565190 0.833206135322 0.535270685449 -1.668615599282
0.185147280618 -0.552794433797 0.812489260509 0.255275484857
0.000000000000 0.000000000000 0.000000000000 1.000000000000
15 25 37
-0.083618861655 0.431602692189 0.898179827246 -0.838981582108
-0.102641685385 0.892811929936 -0.438579003357 0.909590675384
-0.991197543579 -0.128864168254 -0.030355489510 2.053907953036
0.000000000000 0.000000000000 0.000000000000 1.000000000000
15 26 37
0.498226880286 -0.299198367640 -0.813787633577 1.622321556551
0.628051130804 0.771613238273 0.100820571405 -0.301628520037
0.597763960822 -0.561331762262 0.572350329622 2.218369850670
0.000000000000 0.000000000000 0.000000000000 1.000000000000
15 28 37
0.960862568267 -0.042259353362 -0.273783257263 0.940203014218
0.258107690959 0.495516739209 0.829363358867 -0.975760386143
0.100615827641 -0.867569771383 0.487030950773 1.292014052880
0.000000000000 0.000000000000 0.000000000000 1.000000000000
15 29 37
0.119928448830 0.234303601523 -0.964737782755 0.909106662875
0.812116112979 0.535788050671 0.231081335893 -0.030579235047
0.571038165276 -0.811192324342 -0.126025500307 1.803400739629
0.000000000000 0.000000000000 0.000000000000 1.000000000000
15 30 37
0.598607021220 0.518814642809 -0.610328600470 1.131820120280
-0.773257062978 0.573187183855 -0.271164095742 -0.750803537198
0.209148628255 0.634261632665 0.744290959658 0.820882394905
0.000000000000 0.000000000000 0.000000000000 1.000000000000
15 31 37
0.982235969552 0.124855562740 -0.140084219563 0.640306213787
-0.117891158486 0.991389761697 0.056991360336 -0.392143424854
0.145993749417 -0.039464273145 0.988498050720 0.624083280215
0.000000000000 0.000000000000 0.000000000000 1.000000000000
15 33 37
0.625370944991 -0.242257141450 -0.741769949902 1.690127533648
-0.012303021427 0.947408635634 -0.319789794694 -0.635067687956
0.780230617718 0.209113257694 0.589501338957 1.279761879204
0.000000000000 0.000000000000 0.000000000000 1.000000000000
16 19 37
-0.254960981789 -0.122733608495 0.959130522458 -1.085161642595
0.487020665750 0.840611519719 0.237029837885 -0.922803390967
-0.835347693418 0.527549745769 -0.154549334651 2.437500832566
0.000000000000 0.000000000000 0.000000000000 1.000000000000
16 20 37
0.919863131583 0.046227769023 -0.389505856857 0.338271962619
0.022502681664 0.985175643479 0.170066401190 -0.173876398460
0.391593473481 -0.165202738679 0.905186503799 0.419622158389
0.000000000000 0.000000000000 0.000000000000 1.000000000000
16 24 37
-0.496946048556 0.569877244581 -0.654434527614 1.852701886458
-0.087114511601 -0.783098319216 -0.615766257853 1.199380179143
-0.863397756942 -0.248991864426 0.438802193199 1.469714965630
0.000000000000 0.000000000000 0.000000000000 1.000000000000
16 25 37
-0.489625572226 -0.033364676285 0.871294208289 0.398292026843
0.867370892943 0.083446832604 0.490616306500 0.071910233732
-0.089075996195 0.995953525274 -0.011918154103 1.680675914001
0.000000000000 0.000000000000 0.000000000000 1.000000000000
16 28 37
0.957451686010 -0.027248473483 0.287304350209 0.354986897388
-0.022837558923 0.985256851839 0.169550528770 -0.392308602284
-0.287688572694 -0.168897769661 0.942713545328 0.087120000022
0.000000000000 0.000000000000 0.000000000000 1.000000000000
16 30 37
-0.066624124938 0.938237842730 0.339515797050 -0.810362681754
0.983957300366 0.118220055730 -0.133611561924 0.499915819524
-0.165497000072 0.325167293702 -0.931062282597 3.010378434775
0.000000000000 0.000000000000 0.000000000000 1.000000000000
17 19 37
0.966004964430 0.211580525060 -0.148553324137 -0.296382926551
-0.233010392147 0.961483554803 -0.145792767290 -0.842887874381
0.111984667916 0.175451005292 0.978098348273 0.839977270134
0.000000000000 0.000000000000 0.000000000000 1.000000000000
17 20 37
0.789576672210 -0.556895683174 0.257751579555 -0.281131038042
0.523766915332 0.830449592984 0.189793814219 -1.144001981365
-0.319745050164 -0.014855018492 0.947387160205 1.342821801707
0.000000000000 0.000000000000 0.000000000000 1.000000000000
17 21 37
0.966693799268 -0.098665271185 0.236153049351 -0.421183768031
0.079057063972 0.992695971166 0.091130068945 -0.232070358115
-0.243419553635 -0.069425305847 0.967433226541 0.198602912856
0.000000000000 0.000000000000 0.000000000000 1.000000000000
17 24 37
0.227634355883 -0.852171695692 -0.471153903818 0.691609888340
0.899700327176 0.369137954614 -0.232973156699 -0.417562239766
0.372453918359 -0.370864626952 0.850727633955 1.350268261494
0.000000000000 0.000000000000 0.000000000000 1.000000000000
17 26 37
0.863653833348 -0.033613805370 -0.502963386572 0.426873946664
0.485141048861 0.326392921143 0.811237217920 -0.334264231721
0.136894919019 -0.944636317911 0.298197934316 1.702936711712
0.000000000000 0.000000000000 0.000000000000 1.000000000000
18 20 37
-0.328104735558 -0.647893313478 -0.687445661020 1.132523536745
0.930234036845 -0.094988192821 -0.354459983523 -0.497398213524
0.164353032217 -0.755785351522 0.633858488328 1.214316470664
0.000000000000 0.000000000000 0.000000000000 1.000000000000
18 22 37
0.989743772847 0.117427469832 0.081351419412 0.402250480780
-0.120896896216 0.991894500255 0.039105509203 0.094660417502
-0.076099964500 -0.048539568327 0.995918021581 0.104409969576
0.000000000000 0.000000000000 0.000000000000 1.000000000000
18 26 37
0.654112853637 -0.756396484788 0.000855865899 0.818595743299
0.746050652794 0.645351718159 0.164102356276 0.191286985100
-0.124678779961 -0.106702941240 0.986442945212 1.431994607248
0.000000000000 0.000000000000 0.000000000000 1.000000000000
18 29 37
-0.322166125696 -0.706068129431 -0.630616193938 0.375511577250
-0.926663184061 0.098932131677 0.362640009690 -0.965499961679
-0.193660348962 0.701199137139 -0.686159922551 3.310480029236
0.000000000000 0.000000000000 0.000000000000 1.000000000000
18 30 37
0.991181739307 0.132322924985 0.007028740202 0.330927159692
-0.121426355942 0.928236657282 -0.351613919180 -0.221261004413
-0.053050916561 0.347659821667 0.936118715041 0.650992300358
0.000000000000 0.000000000000 0.000000000000 1.000000000000
18 32 37
0.879964170718 -0.219873409472 0.421092320115 -0.058208302494
0.211031723172 0.975100460973 0.068152056651 -0.035987228757
-0.425592140515 0.028892469915 0.904453732987 0.928193376933
0.000000000000 0.000000000000 0.000000000000 1.000000000000
18 33 37
0.983397548750 0.181013654562 0.012779592113 0.105221335028
-0.180154303493 0.982321352469 -0.050884058575 -0.248197556037
-0.021764375611 0.047736959957 0.998622798963 0.873545434446
0.000000000000 0.000000000000 0.000000000000 1.000000000000
19 22 37
-0.035698165330 -0.825992371541 -0.562549769485 0.751860305378
0.933684305303 -0.228265929897 0.275913543123 -0.067987700568
-0.356313428069 -0.515394283441 0.779364788513 -0.207477484166
0.000000000000 0.000000000000 0.000000000000 1.000000000000
19 23 37
0.990926502798 0.131167937218 0.029319588991 0.328474347839
-0.117913440126 0.953099902411 -0.278741810036 0.437168131563
-0.064506485645 0.272755473401 0.959918415825 0.083350336333
0.000000000000 0.000000000000 0.000000000000 1.000000000000
19 26 37
0.871515291953 -0.186082376144 -0.453689811634 0.427014731945
0.069541892258 0.962752158772 -0.261289506106 0.423824147416
0.485412217721 0.196167352199 0.851993749284 1.360928677218
0.000000000000 0.000000000000 0.000000000000 1.000000000000
19 29 37
0.882046601214 -0.459083313624 -0.106001436023 0.329850363619
0.466050488205 0.883160137904 0.053151794517 0.589156709653
0.069215140904 -0.096284380712 0.992944400407 0.664012665138
0.000000000000 0.000000000000 0.000000000000 1.000000000000
19 31 37
0.957307966666 -0.258670842113 0.129038181936 0.519611762226
0.230044584628 0.952029376569 0.201790870042 0.465824569490
-0.175045554187 -0.163491472527 0.970891133120 0.330312119220
0.000000000000 0.000000000000 0.000000000000 1.000000000000
19 32 37
0.283076812448 -0.953381944800 -0.104548484367 0.023735086117
0.959097197111 0.281356846891 0.031159127109 0.609612280206
-0.000291117293 -0.109092584699 0.994031550412 0.711794282280
0.000000000000 0.000000000000 0.000000000000 1.000000000000
19 33 37
0.986174008241 -0.134009537247 0.097479584508 0.118501435076
0.150865250351 0.969420141731 -0.193556878057 0.023267187431
-0.068560204970 0.205587044178 0.976234329227 0.351245242365
0.000000000000 0.000000000000 0.000000000000 1.000000000000
20 22 37
0.488368402918 -0.759258139815 -0.430143441373 1.263176101468
0.435209781220 0.639163224883 -0.634084235955 1.728254926275
0.756365486628 0.122464072615 0.642583692259 0.002453558141
0.000000000000 0.000000000000 0.000000000000 1.000000000000
20 25 37
-0.464578022045 0.885420942788 -0.014036221161 1.089711883063
0.339761205882 0.163589519799 -0.926175357041 1.169918461251
-0.817758879139 -0.435049678869 -0.376831782770 1.792594475009
0.000000000000 0.000000000000 0.000000000000 1.000000000000
20 26 37
0.312611744050 0.679915280868 0.663316748111 1.000429221466
-0.880491986180 -0.054579515166 0.470908631050 -0.498074172599
0.356381480657 -0.731256649451 0.581597758660 0.859818980731
0.000000000000 0.000000000000 0.000000000000 1.000000000000
20 28 37
0.635012618670 0.296705536848 0.713249464447 -0.278858711511
-0.409057860849 0.912379267546 -0.015353782269 -0.228051130968
-0.655309576160 -0.282010454693 0.700742080110 -0.102071146564
0.000000000000 0.000000000000 0.000000000000 1.000000000000
21 24 37
0.772458163039 -0.176872593106 0.609938088794 -0.033276026963
0.390812273396 0.889429618753 -0.237024724972 -0.583716583795
-0.500573824043 0.421462974759 0.756171149668 0.727473193148
0.000000000000 0.000000000000 0.000000000000 1.000000000000
21 26 37
-0.254781245524 0.198243008905 0.946459838741 -0.367644649554
0.449103685872 -0.842541100705 0.297372448218 -0.117069124648
0.856383323206 0.500823524850 0.125632005045 1.943962276061
0.000000000000 0.000000000000 0.000000000000 1.000000000000
21 28 37
0.595903480822 -0.434546317364 0.675328467939 0.098688892755
0.531091420431 0.844035414940 0.074472286605 -0.528746773112
-0.602362801548 0.314282860482 0.733747462632 0.527675256096
0.000000000000 0.000000000000 0.000000000000 1.000000000000
21 29 37
-0.666009571223 -0.525666547709 0.529250348756 -1.236087034012
0.172430356723 -0.798779737575 -0.576384162621 0.173059756457
0.725740327610 -0.292618542575 0.622635820863 1.598078917560
0.000000000000 0.000000000000 0.000000000000 1.000000000000
21 31 37
0.117035694685 -0.935390732549 0.333686714795 -0.352008514112
-0.155726327275 0.314554669026 0.936378487145 -1.242977541925
-0.980842473164 -0.161553513286 -0.108850839141 1.083401024098
0.000000000000 0.000000000000 0.000000000000 1.000000000000
21 32 37
0.928849166311 -0.367552014486 -0.046311368925 -0.001239768765
0.322310953005 0.863419869383 -0.388100217376 0.038217850511
0.182633172827 0.345559901902 0.920452865920 1.530716168078
0.000000000000 0.000000000000 0.000000000000 1.000000000000
21 33 37
0.983838958186 -0.078268869955 -0.161043125748 0.869102582315
0.153944435829 0.829071061893 0.537533519893 -1.242734251192
0.091444054109 -0.553638111339 0.827721466824 0.993941653066
0.000000000000 0.000000000000 0.000000000000 1.000000000000
21 36 37
0.939517162525 0.111214043670 -0.323942800215 1.069137456902
-0.264762143088 0.835829491291 -0.480926261579 0.054623025878
0.217275191654 0.537606266685 0.814721420556 0.289797417669
0.000000000000 0.000000000000 0.000000000000 1.000000000000
22 24 37
0.953516156079 -0.136673565347 0.268565218582 -0.043272008608
0.080175655949 0.974170396681 0.211101640032 -0.377971867441
-0.290480299314 -0.179756431781 0.939845104761 0.821695355794
0.000000000000 0.000000000000 0.000000000000 1.000000000000
22 26 37
0.881444190261 -0.214015277333 -0.421014964726 1.679929535897
0.186094719085 0.976701588687 -0.106877323060 -0.490597629034
0.434079364844 0.015857733891 0.900735053882 2.105237117514
0.000000000000 0.000000000000 0.000000000000 1.000000000000
22 28 37
0.865210962690 -0.252717317676 0.433063444991 0.015996838938
0.148043621964 0.953944707215 0.260907227903 -0.112176505376
-0.479054356035 -0.161627512890 0.862776605525 0.722133818708
0.000000000000 0.000000000000 0.000000000000 1.000000000000
22 29 37
0.861186467131 0.428754182852 -0.272997654786 0.227153107310
-0.365683875166 0.895663238131 0.253106039643 -0.678378636162
0.353034236689 -0.118140655776 0.928121550864 1.090882608341
0.000000000000 0.000000000000 0.000000000000 1.000000000000
22 30 37
0.917917400707 -0.357515942366 -0.172075554432 0.244143236441
0.198285787508 0.788991058410 -0.581528895431 0.118654132939
0.343671924881 0.499675355308 0.795118951696 0.625778181306
0.000000000000 0.000000000000 0.000000000000 1.000000000000
22 32 37
0.936799000080 0.213360434966 0.277281370164 -0.465357360687
-0.158555849533 0.965375655521 -0.207147016166 0.023310343495
-0.311877661957 0.150090534408 0.938192493816 0.753814190013
0.000000000000 0.000000000000 0.000000000000 1.000000000000
22 33 37
0.080476349342 0.585780845955 0.806464108134 -1.304845080325
0.774492513684 0.472560145240 -0.420533298775 -0.146945972013
-0.627443147579 0.658443398967 -0.415652964518 1.715981505949
0.000000000000 0.000000000000 0.000000000000 1.000000000000
23 26 37
0.760236512644 -0.608423485503 0.227730777743 0.231286454617
0.590801036154 0.793288168643 0.147132651611 0.189638842111
-0.270175092344 0.022687965498 0.962543856506 0.955171763482
0.000000000000 0.000000000000 0.000000000000 1.000000000000
23 28 37
0.861379308889 -0.507959484986 -0.001687551903 0.581701665187
0.452907801152 0.766511919406 0.455339434997 -0.022790136249
-0.230000456247 -0.392984273249 0.890316320812 0.357268436122
0.000000000000 0.000000000000 0.000000000000 1.000000000000
23 31 37
0.894497870322 -0.272982464219 0.354053857794 0.129574573665
0.374222806189 0.890469745481 -0.258883996630 0.830890347069
-0.244603457290 0.364066211852 0.898679554719 0.485486802735
0.000000000000 0.000000000000 0.000000000000 1.000000000000
23 32 37
0.446198142742 0.892721638184 0.062891129200 0.922784525344
-0.881477447783 0.426261444506 0.203220791206 -0.022479342159
0.154611534059 -0.146113851658 0.977111056068 0.720995078884
0.000000000000 0.000000000000 0.000000000000 1.000000000000
24 28 37
0.939365582569 -0.163241740895 0.301569952605 0.022432626857
0.095749599655 0.969307414389 0.226440169973 0.024314909022
-0.329278478572 -0.183834899953 0.926164355343 0.047456674964
0.000000000000 0.000000000000 0.000000000000 1.000000000000
25 32 37
0.875988613503 -0.455163700816 0.159593090304 -0.205270394137
0.466796281331 0.883322045081 -0.042934792523 0.451279116334
-0.121429735850 0.112107850453 0.986248776485 -0.252197671828
0.000000000000 0.000000000000 0.000000000000 1.000000000000
25 36 37
0.542647720364 -0.143469910843 0.827616962288 -1.557352870861
0.461736565219 0.874029632188 -0.151233416935 0.296112016761
-0.701664304297 0.464207482426 0.540535491282 -1.764533340546
0.000000000000 0.000000000000 0.000000000000 1.000000000000
26 28 37
0.971982687814 0.076416467128 -0.222284003341 0.151367611353
-0.188012674083 0.820320966620 -0.540115493304 0.744959255838
0.141070510646 0.566775118786 0.811705042335 0.137107954305
0.000000000000 0.000000000000 0.000000000000 1.000000000000
26 29 37
0.993375922872 0.024395018121 -0.112290511397 0.258836028774
0.004509908097 0.968175376230 0.250232095446 -0.109845285347
0.114821324621 -0.249080958632 0.961652088574 -0.467220001026
0.000000000000 0.000000000000 0.000000000000 1.000000000000
26 30 37
0.353140491319 -0.486893607832 0.798890735985 -0.833842350150
0.807421969115 -0.272749343691 -0.523142006826 0.753560131804
0.472611423033 0.829784556477 0.296809758347 -0.346094088565
0.000000000000 0.000000000000 0.000000000000 1.000000000000
26 31 37
0.579850426006 -0.321787636396 -0.748482598678 0.782822132425
0.254264090594 0.944284761365 -0.208988185525 0.119758403552
0.774030526333 -0.069130358871 0.629362961881 -0.027715509433
0.000000000000 0.000000000000 0.000000000000 1.000000000000
26 32 37
0.989101794130 -0.069207137870 -0.129953887655 -0.115345334782
0.105157301847 0.949838022767 0.294532973324 0.103893551755
0.103051359609 -0.304988692536 0.946764128338 -0.423168709433
0.000000000000 0.000000000000 0.000000000000 1.000000000000
26 33 37
-0.288941104471 0.937409200600 -0.194363136367 -1.017216811441
-0.943748732004 -0.313002050314 -0.106621045484 -0.398536995405
-0.160783609202 0.152622760853 0.975117902554 -0.964483229284
0.000000000000 0.000000000000 0.000000000000 1.000000000000
26 34 37
0.931245302161 -0.124524384396 -0.342455639308 0.044366875760
-0.024431015564 0.916346782540 -0.399639462025 0.360939520499
0.363572981231 0.380528910623 0.850301379217 -0.568866121239
0.000000000000 0.000000000000 0.000000000000 1.000000000000
26 35 37
0.830638944680 0.115648687760 0.544669004627 -0.913664112962
-0.545868882468 0.362106259965 0.755583363797 -1.095240616643
-0.109845831668 -0.924934828793 0.363908581586 -0.163244178241
0.000000000000 0.000000000000 0.000000000000 1.000000000000
26 36 37
0.795501993578 0.592697904191 -0.126038774118 -0.620140422587
-0.602102953048 0.796565952450 -0.054357311628 -0.212307750719
0.068180731472 0.119129667861 0.990534961569 -0.889473401590
0.000000000000 0.000000000000 0.000000000000 1.000000000000
27 32 37
-0.562609655894 -0.464996928120 -0.683555580720 0.174095111422
-0.701753265194 0.705714415059 0.097516763525 0.305473243839
0.437050031329 0.534551233483 -0.723354856829 2.426225507522
0.000000000000 0.000000000000 0.000000000000 1.000000000000
27 33 37
0.917420039590 -0.037513774615 0.396147936600 -0.441929326546
-0.011147177480 0.992732639411 0.119823399563 -0.565669681552
-0.397764014703 -0.114344319328 0.910334644647 -0.315913628831
0.000000000000 0.000000000000 0.000000000000 1.000000000000
28 31 37
0.587220888961 0.793516050107 0.159699423259 -0.575507232627
-0.586021774423 0.552886595438 -0.592363817672 0.607700898001
-0.558345867245 0.254261068210 0.789684241785 -0.016314879075
0.000000000000 0.000000000000 0.000000000000 1.000000000000
29 31 37
0.666997535382 -0.685061339406 0.292925330154 -0.098527082320
0.658063728315 0.726038068500 0.199551628823 0.045922627538
-0.349380047042 0.059663090273 0.935079621416 -0.446940176559
0.000000000000 0.000000000000 0.000000000000 1.000000000000
29 33 37
-0.614553334502 0.770609459829 0.168775766848 -1.032763165307
0.764091052646 0.528257164564 0.370282637121 -0.840739469873
0.196186294933 0.356518482703 -0.913457995297 2.615010658882
0.000000000000 0.000000000000 0.000000000000 1.000000000000
29 34 37
0.737790970736 0.650890167399 0.178903531222 -0.616527196057
-0.669982660317 0.673741854014 0.311761365508 -0.622304216111
0.082387610569 -0.349876984285 0.933165782427 -0.220162543955
0.000000000000 0.000000000000 0.000000000000 1.000000000000
30 32 37
0.155484140812 -0.981412835652 -0.112487901450 -0.386749294512
0.865575014327 0.080479671673 0.494270085095 0.404241066276
-0.476030016416 -0.174217876419 0.861999741884 0.115041613347
0.000000000000 0.000000000000 0.000000000000 1.000000000000
30 33 37
0.993319827418 0.060947323453 0.097985428621 -0.241976013092
-0.069487359652 0.993847672155 0.086245645686 -0.119503302494
-0.092126148876 -0.092478258608 0.991443666770 -0.074057100710
0.000000000000 0.000000000000 0.000000000000 1.000000000000
30 35 37
-0.403250303559 0.772520693248 0.490510928709 -1.028136992888
-0.722362443945 -0.597789445621 0.347620882977 0.118825429492
0.561766581649 -0.214148446660 0.799098711384 0.272215856340
0.000000000000 0.000000000000 0.000000000000 1.000000000000
31 33 37
0.931003429689 0.351930345806 -0.096838244558 -0.165009944293
-0.359332821555 0.837067289581 -0.412550937542 -0.199723372882
-0.064129067212 0.418883497424 0.905772641629 -0.219086081414
0.000000000000 0.000000000000 0.000000000000 1.000000000000
31 34 37
0.961143767463 -0.100614270774 0.257059189263 -0.829579267898
0.088838095842 0.994410812447 0.057051983454 -0.193078104092
-0.261362680953 -0.031998509426 0.964710134911 0.080887456923
0.000000000000 0.000000000000 0.000000000000 1.000000000000
31 35 37
0.831040878608 -0.228766242991 0.506988228808 -1.306281030001
-0.024370921149 0.895651098556 0.444089144044 -0.612875783556
-0.555677169123 -0.381412002594 0.738747431801 0.237013214827
0.000000000000 0.000000000000 0.000000000000 1.000000000000
32 34 37
0.865380093018 -0.493900765634 0.084730917112 -0.375149701313
0.499538110997 0.863641902469 -0.067707754067 0.081188989848
-0.039736258879 0.100919264790 0.994100765378 0.115521240443
0.000000000000 0.000000000000 0.000000000000 1.000000000000
32 35 37
0.886257362263 -0.108854465333 0.450220605051 -0.618608740855
0.236704574856 0.941926568796 -0.238212684882 0.434521279408
-0.398144235269 0.317687022671 0.860555706244 0.125233345243
0.000000000000 0.000000000000 0.000000000000 1.000000000000
33 35 37
-0.384057706743 0.849201144261 0.362432192938 -0.319014602279
-0.887353755636 -0.447952264946 0.109279827452 0.489327990021
0.255152876232 -0.279635807642 0.925581344256 0.128226040838
0.000000000000 0.000000000000 0.000000000000 1.000000000000
