0 3 38
0.988539585727 -0.097596541939 -0.115171187596 -0.037805255451
0.131418147559 0.931782372667 0.338394563311 -0.426392019730
0.074288343251 -0.349652005554 0.933929717414 0.839882816790
0.000000000000 0.000000000000 0.000000000000 1.000000000000
0 27 38
0.899465228320 0.064459912039 -0.432212011382 1.484909031144
0.026312851383 0.979277179287 0.200807967917 0.078443395230
0.436199423309 -0.191992515132 0.879129647571 0.669167628422
0.000000000000 0.000000000000 0.000000000000 1.000000000000
1 14 38
-0.030769794825 -0.979376598031 -0.199686501684 0.287801440310
0.993170538442 -0.052452010627 0.104216448572 -0.598535386727
-0.112541109369 -0.195116031657 0.974301920809 0.297419927261
0.000000000000 0.000000000000 0.000000000000 1.000000000000
1 25 38
-0.967435056222 0.047981090329 -0.248530132907 0.934256635464
-0.008748696157 0.974944168773 0.222277592418 0.002019839382
0.252968125082 0.217213449736 -0.942775394750 5.175324939694
0.000000000000 0.000000000000 0.000000000000 1.000000000000
1 27 38
0.928471881207 0.117284179323 -0.352398052051 1.584189559774
-0.082393415591 0.990231815807 0.112482336530 0.176365963176
0.362148161497 -0.075401407444 0.929065840982 0.063679008516
0.000000000000 0.000000000000 0.000000000000 1.000000000000
1 28 38
0.998697457818 -0.020524859326 -0.046713144798 0.899321286902
0.023501599694 0.997667125811 0.064093532345 0.226580090223
0.045288658173 -0.065107881445 0.996849989324 0.195487422289
0.000000000000 0.000000000000 0.000000000000 1.000000000000
1 33 38
-0.115875343440 0.320336869567 -0.940189978025 0.808247074387
-0.167400795349 0.926727755599 0.336381689036 -0.616778070191
0.979055605417 0.196366893845 -0.053760250211 2.722713486239
0.000000000000 0.000000000000 0.000000000000 1.000000000000
2 5 38
0.919191793723 0.179755124724 -0.350391982624 0.734789561430
-0.164929940947 0.983675811125 0.071972308473 -0.459722828508
0.357609509005 -0.008366226321 0.933833735376 1.482428580450
0.000000000000 0.000000000000 0.000000000000 1.000000000000
2 14 38
0.912236807858 0.081724346627 -0.401428869861 1.416577628114
-0.102478918759 0.994268586286 -0.030463905449 -0.118378228047
0.396638472163 0.068928292404 0.915383423985 0.447446346980
0.000000000000 0.000000000000 0.000000000000 1.000000000000
2 15 38
0.937194820502 -0.027393598639 -0.347729002496 1.308137944239
0.085014542675 0.984786840989 0.151550009397 -0.630122551982
0.338287445758 -0.171593905976 0.925265980935 0.641531447507
0.000000000000 0.000000000000 0.000000000000 1.000000000000
3 5 38
0.912914251352 0.318222134387 -0.255582164605 0.564908611056
-0.311682517372 0.947832802928 0.066835514949 -0.288928761151
0.263517699676 0.018645398366 0.964474349621 0.779660957367
0.000000000000 0.000000000000 0.000000000000 1.000000000000
3 6 38
0.477202505436 0.680044833304 -0.556611887676 0.779449724728
-0.466978681966 0.732785946868 0.494929961370 -0.794719038066
0.744451932226 0.023744068093 0.667253729728 0.936435282345
0.000000000000 0.000000000000 0.000000000000 1.000000000000
3 14 38
0.974997429081 0.019963475404 0.221317583882 -0.535918295988
-0.042952727158 0.994104671054 0.099553835783 -0.442215832596
-0.218025403372 -0.106570927739 0.970106984227 0.018176953546
0.000000000000 0.000000000000 0.000000000000 1.000000000000
3 15 38
0.984753216229 0.090993749011 -0.148260718896 0.443741193315
-0.078188680203 0.992865081295 0.090030331742 -0.281526370613
0.155395088130 -0.077065348805 0.984841763228 -0.106197001828
0.000000000000 0.000000000000 0.000000000000 1.000000000000
3 16 38
0.999909764647 0.001992659914 -0.013285024278 0.307471504782
-0.001555203035 0.999458821388 0.032857962387 -0.099138491369
0.013343309452 -0.032834336527 0.999371733860 -0.022385597953
0.000000000000 0.000000000000 0.000000000000 1.000000000000
3 17 38
0.695375141223 0.674747738740 -0.247323476512 0.917331517443
-0.547784366140 0.720433047180 0.425333413623 -1.516540903488
0.465172764876 -0.160286348753 0.870587494294 0.441781367042
0.000000000000 0.000000000000 0.000000000000 1.000000000000
3 18 38
0.801884295948 0.298586346469 -0.517520791480 1.547686786243
-0.137268624511 0.935071535250 0.326800472290 -0.820937866558
0.581497120059 -0.191016799436 0.790805716783 0.862840084791
0.000000000000 0.000000000000 0.000000000000 1.000000000000
3 20 38
0.990089707274 0.064439182448 -0.124779659058 0.680744216696
-0.069155524484 0.997031857198 -0.033837688547 -0.034551045762
0.122228822225 0.042131549915 0.991607305096 -0.062891750132
0.000000000000 0.000000000000 0.000000000000 1.000000000000
3 34 38
0.868408956735 -0.493270473567 -0.050498750176 -0.050365930898
-0.480531304469 -0.862324869953 0.159641736665 -1.027271449683
-0.122292883224 -0.114368083693 -0.985882544802 4.821943614665
0.000000000000 0.000000000000 0.000000000000 1.000000000000
3 35 38
0.964317808700 0.183603655198 -0.190737677510 0.565726901183
-0.181157748768 0.982986065868 0.030335859474 0.065372352256
0.193062253911 0.005300198730 0.981172193862 0.162551928711
0.000000000000 0.000000000000 0.000000000000 1.000000000000
3 36 38
0.789156452593 0.517906802421 -0.330158503354 1.021751722188
-0.482257535826 0.855378601034 0.189090237802 -0.762933810034
0.380341639147 0.009999644976 0.924792000739 0.479148098624
0.000000000000 0.000000000000 0.000000000000 1.000000000000
3 37 38
0.861379688254 -0.116650014378 -0.494386293104 1.525591401147
-0.034489850415 0.957597739162 -0.286036746190 0.648722244147
0.506789387105 0.263437552558 0.820832000485 0.713237699383
0.000000000000 0.000000000000 0.000000000000 1.000000000000
4 6 38
0.750616138490 0.260166325856 -0.607362244076 0.878952903927
-0.232144268791 0.964455745710 0.126230555072 -0.208856032158
0.618614945750 0.046244972235 0.784332169069 0.247324848977
0.000000000000 0.000000000000 0.000000000000 1.000000000000
4 16 38
0.980205554145 0.051833224625 -0.191076917625 0.964284214409
-0.050434276663 0.998653099962 0.012180709096 -0.189837084648
0.191450921548 -0.002302772582 0.981499486437 -0.528392348218
0.000000000000 0.000000000000 0.000000000000 1.000000000000
4 17 38
0.960594284994 0.050184442519 -0.273386432299 1.003341495855
-0.106383926933 0.975054012787 -0.194813069987 0.221921785571
0.256789952542 0.216220243910 0.941970130310 -0.365853919088
0.000000000000 0.000000000000 0.000000000000 1.000000000000
4 18 38
0.892629238515 0.188584073080 -0.409449740419 1.069792812876
-0.102076189616 0.969255221225 0.223885612852 -0.555382078826
0.439082559506 -0.158051774774 0.884435493650 0.209697114406
0.000000000000 0.000000000000 0.000000000000 1.000000000000
4 20 38
-0.489829719745 -0.804688534451 0.335474601390 -0.718346882176
0.645484961269 -0.593393108754 -0.480867739881 1.022745681692
0.586017073496 -0.018999500175 0.810075927654 -0.110715466115
0.000000000000 0.000000000000 0.000000000000 1.000000000000
4 21 38
0.954302782864 -0.274313063751 -0.118568721316 -0.086947264056
0.235432227487 0.934477129700 -0.267065835193 0.821891112097
0.184059405843 0.226946771563 0.956356261023 -0.591544467806
0.000000000000 0.000000000000 0.000000000000 1.000000000000
4 32 38
0.847441567026 0.230015602018 -0.478472165652 0.755219331914
-0.334808577040 0.930994851051 -0.145436598063 0.118914353515
0.412002435935 0.283445603501 0.865974931877 0.602970504659
0.000000000000 0.000000000000 0.000000000000 1.000000000000
4 33 38
0.991014478856 0.062573444706 0.118215340437 -0.501393512846
-0.057769182529 0.997375613266 -0.043641810372 0.000088475046
-0.120635916074 0.036420462383 0.992028490353 0.393195187065
0.000000000000 0.000000000000 0.000000000000 1.000000000000
4 36 38
0.879538849161 0.402807155823 -0.253293916300 0.721655850068
-0.367292070469 0.913151951918 0.176776830151 -0.694316592901
0.302502806247 -0.062449242794 0.951100491161 0.065775340447
0.000000000000 0.000000000000 0.000000000000 1.000000000000
4 37 38
0.453986930038 -0.856521348115 -0.245493477669 0.261847850604
-0.789615652921 -0.514401347542 0.334512143739 -0.551900174063
-0.412798968042 0.041981351461 -0.909854152111 4.446306749715
0.000000000000 0.000000000000 0.000000000000 1.000000000000
5 7 38
0.798856174599 -0.006191667847 -0.601490212351 0.772241942908
-0.059201672120 0.994282971691 -0.088862445521 0.067623186704
0.598601682526 0.106597539629 0.793922534145 -0.456604229318
0.000000000000 0.000000000000 0.000000000000 1.000000000000
5 12 38
0.755831995500 -0.651636808852 -0.063933277154 -0.375485820265
0.305979575732 0.437846727664 -0.845379643893 1.985814590564
0.578873469605 0.619402706180 0.530326120197 0.128754331491
0.000000000000 0.000000000000 0.000000000000 1.000000000000
5 17 38
0.949937088544 0.301330224523 -0.082581012332 0.714527912068
-0.309637611016 0.943263152708 -0.119913196050 -0.152403926161
0.041762155757 0.139480179708 0.989343823863 -0.880844577809
0.000000000000 0.000000000000 0.000000000000 1.000000000000
5 18 38
0.964560863482 0.121822774620 -0.234054592400 1.017481268835
-0.140033879853 0.988155124426 -0.062769121105 -0.063125161672
0.223635536382 0.093320210324 0.970195075855 -0.368261720162
0.000000000000 0.000000000000 0.000000000000 1.000000000000
5 20 38
0.770282629558 -0.199976121480 -0.605536308936 0.560888008064
0.094293884046 0.974838084476 -0.201988545435 0.333805510550
0.630692741383 0.098489897417 0.769757368314 -0.214867326797
0.000000000000 0.000000000000 0.000000000000 1.000000000000
5 32 38
0.815170086406 0.490695345264 -0.307759335140 0.801453099162
-0.512754603929 0.858469671233 0.010608474094 0.237482098568
0.269407584115 0.149157305251 0.951405093486 0.153521471869
0.000000000000 0.000000000000 0.000000000000 1.000000000000
5 33 38
0.855166546554 0.355928234949 -0.376835865095 1.339090522601
-0.329112385704 0.934479746036 0.135766865711 0.245828129937
0.400468744388 0.007918068894 0.916276207785 0.040044321628
0.000000000000 0.000000000000 0.000000000000 1.000000000000
5 34 38
0.964120879765 0.233514474692 -0.126261313598 0.905546480775
-0.238611235295 0.970749162686 -0.026659736200 0.420370409535
0.116342630161 0.055830576327 0.991638714025 -0.312247312451
0.000000000000 0.000000000000 0.000000000000 1.000000000000
5 36 38
0.890720128505 0.095514317264 -0.444403721715 1.387089915297
-0.047932295884 0.991959451312 0.117127887216 -0.385310384515
0.452017862134 -0.083026876072 0.888136470460 0.046489899869
0.000000000000 0.000000000000 0.000000000000 1.000000000000
6 11 38
0.874529288417 0.023611519345 0.484397584486 -1.448685532601
0.092297786012 0.972455618522 -0.214035484679 0.426093846299
-0.476108855619 0.231889124710 0.848261629123 0.172220198011
0.000000000000 0.000000000000 0.000000000000 1.000000000000
6 12 38
0.881112389081 -0.401530890038 0.249827744964 -0.955676596034
0.442041652319 0.511572472436 -0.736812583403 2.001028395335
0.168048015231 0.759648964846 0.628246221465 0.435683659772
0.000000000000 0.000000000000 0.000000000000 1.000000000000
6 19 38
0.870800038438 -0.333084606761 -0.361610201454 1.136089316341
0.383008268798 0.920759750196 0.074203426140 -0.209037176474
0.308240099743 -0.203116043573 0.929371784462 0.212296079868
0.000000000000 0.000000000000 0.000000000000 1.000000000000
6 23 38
0.979615696119 -0.016771633392 0.200179420098 -1.106362944094
0.060196416629 0.975223292671 -0.212875364606 1.022918170095
-0.191649365620 0.220586132258 0.956353636953 -0.620287831317
0.000000000000 0.000000000000 0.000000000000 1.000000000000
6 31 38
0.859169274240 0.204795232271 -0.468921177854 0.934989253642
-0.222870291544 0.974693944408 0.017336316819 -0.205972684539
0.460605027489 0.089613768880 0.883069861947 0.390836737112
0.000000000000 0.000000000000 0.000000000000 1.000000000000
6 32 38
0.198748098327 0.675002127785 -0.710542976108 1.240177925965
-0.784551979073 0.544079268081 0.297415437019 -1.087401086324
0.587347755205 0.498347145601 0.637708975103 1.277527711825
0.000000000000 0.000000000000 0.000000000000 1.000000000000
6 34 38
0.919204790670 0.302878606289 -0.251648768450 0.655935043920
-0.126164093785 0.831893128582 0.540403963770 -1.621481765164
0.373021680669 -0.464992873570 0.802892554007 0.193433031716
0.000000000000 0.000000000000 0.000000000000 1.000000000000
6 35 38
0.365347565608 -0.930802663804 0.011294129471 0.012152593878
0.890016929268 0.345732457496 -0.297218662689 0.964789272987
0.272747175825 0.118640081297 0.954742640291 -0.153508400113
0.000000000000 0.000000000000 0.000000000000 1.000000000000
7 13 38
0.994178650290 -0.066375049107 0.084871456712 -0.304009374983
0.060752630905 0.995888338920 0.067197724973 -0.347565229109
-0.088982746342 -0.061650379232 0.994123383486 -0.712381785227
0.000000000000 0.000000000000 0.000000000000 1.000000000000
7 16 38
0.085463132855 -0.993947644741 0.069022695088 -0.024601731635
-0.910695685481 -0.049828937935 0.410061514154 -1.537221533557
-0.404140348602 -0.097903812280 -0.909442368802 5.642790581708
0.000000000000 0.000000000000 0.000000000000 1.000000000000
7 19 38
0.775292222022 -0.625032898285 0.090861689032 -0.236591494566
0.562371136069 0.748615094120 0.351161139894 -0.911756489388
-0.287507696919 -0.221154509151 0.931895920849 0.089190138192
0.000000000000 0.000000000000 0.000000000000 1.000000000000
7 20 38
0.803097218097 0.590211667997 -0.081762125979 0.012860671058
-0.574691132779 0.803495430596 0.155322873128 -1.154052583127
0.157368866647 -0.077751398519 0.984474357126 0.261471493873
0.000000000000 0.000000000000 0.000000000000 1.000000000000
7 30 38
0.968826255996 0.237406183642 -0.070809530865 0.077539112108
-0.240836952393 0.969543225478 -0.044536460243 -0.351435908480
0.058079669891 0.060201643646 0.996495114914 -0.364257689293
0.000000000000 0.000000000000 0.000000000000 1.000000000000
7 35 38
-0.769085374683 0.609749812757 0.191605981880 -0.531852293585
0.623860542861 0.781336294957 0.017652683769 0.185938051715
-0.138944987351 0.133111832781 -0.981313166356 5.262388171867
0.000000000000 0.000000000000 0.000000000000 1.000000000000
7 37 38
-0.840908777921 -0.539620730105 -0.041010911433 0.404882666218
-0.539850768201 0.831134165597 0.133330967333 -0.400674820908
-0.037862584284 0.134258952841 -0.990222681165 5.232673981309
0.000000000000 0.000000000000 0.000000000000 1.000000000000
8 10 38
0.987503523821 -0.125519542091 -0.095297612737 -0.802280841560
0.142464683162 0.969536448867 0.199255836477 -0.402800798779
0.067384007685 -0.210342384868 0.975302761524 -0.130696529350
0.000000000000 0.000000000000 0.000000000000 1.000000000000
8 17 38
1.000000000000 0.000000000000 0.000000000000 0.000000000000
0.000000000000 1.000000000000 0.000000000000 0.000000000000
0.000000000000 0.000000000000 1.000000000000 0.000000000000
0.000000000000 0.000000000000 0.000000000000 1.000000000000
8 21 38
1.000000000000 0.000000000000 0.000000000000 0.000000000000
0.000000000000 1.000000000000 0.000000000000 0.000000000000
0.000000000000 0.000000000000 1.000000000000 0.000000000000
0.000000000000 0.000000000000 0.000000000000 1.000000000000
8 22 38
1.000000000000 0.000000000000 0.000000000000 0.000000000000
0.000000000000 1.000000000000 0.000000000000 0.000000000000
0.000000000000 0.000000000000 1.000000000000 0.000000000000
0.000000000000 0.000000000000 0.000000000000 1.000000000000
8 30 38
0.987154020122 -0.082198018408 0.137005205475 -0.506678514058
0.072216052285 0.994465572604 0.076309021083 -0.386073739490
-0.142519410432 -0.065434781852 0.987626704263 0.088119703190
0.000000000000 0.000000000000 0.000000000000 1.000000000000
9 11 38
0.999753342545 -0.002770951814 0.022035786694 0.016503719648
-0.001738499909 0.979377883904 0.202029547685 -0.252872208820
-0.022141176284 -0.202018024804 0.979131495749 0.417986318229
0.000000000000 0.000000000000 0.000000000000 1.000000000000
9 12 38
0.804164697562 -0.119737967923 -0.582221571425 1.403799971667
0.128878239454 0.991323032866 -0.025865883019 0.322805930711
0.580266782256 -0.054235261102 0.812618605413 0.806375903737
0.000000000000 0.000000000000 0.000000000000 1.000000000000
9 13 38
0.992716682697 -0.052525243972 -0.108419032650 0.450225292524
0.061081806552 0.995145123331 0.077169919139 -0.172539764319
0.103839302788 -0.083230296510 0.991105502426 0.017201860549
0.000000000000 0.000000000000 0.000000000000 1.000000000000
9 15 38
0.981773939298 -0.120314212737 -0.147120434774 0.534637566065
0.186832818120 0.752874818187 0.631088746702 -1.342284011638
0.034834324856 -0.647073410328 0.761631519475 1.189846155525
0.000000000000 0.000000000000 0.000000000000 1.000000000000
9 21 38
0.935022082910 0.083671789519 0.344576168806 -0.738803002745
-0.182223807996 0.947009333018 0.264514285012 -0.453406899241
-0.304184464214 -0.310116679356 0.900721631202 1.017628479505
0.000000000000 0.000000000000 0.000000000000 1.000000000000
9 23 38
0.784621689524 -0.102240135189 0.611486515866 -1.979709455502
-0.060231599352 0.969072291852 0.239313701246 -0.008971904079
-0.617042104535 -0.224601531431 0.754197052043 0.873795814829
0.000000000000 0.000000000000 0.000000000000 1.000000000000
10 12 38
0.923290988979 -0.070069106041 -0.377656020803 1.036555438081
0.123652263039 0.985100120136 0.119531883422 -0.120491140609
0.363653499248 -0.157060732481 0.918198267694 0.626715588933
0.000000000000 0.000000000000 0.000000000000 1.000000000000
10 13 38
0.987344908113 -0.075039610884 -0.139710734096 0.627018798861
0.074332217409 0.997180526504 -0.010281975340 0.093393818528
0.140088378813 -0.000233152664 0.990138975983 0.068786789008
0.000000000000 0.000000000000 0.000000000000 1.000000000000
10 26 38
0.812218576589 0.119284957780 0.571027217120 -1.425558711226
-0.209187413512 0.973325752476 0.094221046457 0.140227227995
-0.544556342239 -0.195979790832 0.815506169022 1.271597228845
0.000000000000 0.000000000000 0.000000000000 1.000000000000
10 27 38
-0.996405539724 0.084380801263 -0.007475345192 0.302001112485
0.081594433159 0.979716921548 0.183022135576 0.034104874056
0.022767276628 0.181754323227 -0.983080371640 5.769232233205
0.000000000000 0.000000000000 0.000000000000 1.000000000000
10 28 38
-0.953115166379 0.035260415447 0.300546473479 -1.017748817261
0.002007491025 0.993903035517 -0.110239402980 0.729349832622
-0.302601139453 -0.104467502565 -0.947374842029 5.548956310733
0.000000000000 0.000000000000 0.000000000000 1.000000000000
11 15 38
0.991763096043 -0.124639437165 0.029512235273 -0.036117532226
0.112631751165 0.958355421497 0.262428989856 -0.665940677673
-0.060992212265 -0.256943372731 0.964499898005 0.254019725838
0.000000000000 0.000000000000 0.000000000000 1.000000000000
11 21 38
0.989206611196 0.063859199399 0.131879805196 -0.549558002803
-0.084793016089 0.983503835835 0.159782193379 -0.452608860661
-0.119500731332 -0.169240088486 0.978303310666 0.168405429096
0.000000000000 0.000000000000 0.000000000000 1.000000000000
11 23 38
0.975882777537 0.038935022379 0.214794945330 -0.792384726300
-0.063198097224 0.992218893448 0.107273799192 0.139017067700
-0.208946895202 -0.118261284950 0.970749948992 -0.124306073220
0.000000000000 0.000000000000 0.000000000000 1.000000000000
11 28 38
0.450433840768 0.844360026724 -0.290112909677 1.042098256421
-0.875292474474 0.481684802412 0.042928257065 -0.407969074728
0.175989883858 0.234597306881 0.956029112728 0.132556629606
0.000000000000 0.000000000000 0.000000000000 1.000000000000
11 30 38
1.000000000000 0.000000000000 0.000000000000 0.000000000000
0.000000000000 1.000000000000 0.000000000000 0.000000000000
0.000000000000 0.000000000000 1.000000000000 0.000000000000
0.000000000000 0.000000000000 0.000000000000 1.000000000000
11 32 38
-0.422302992793 0.906153458927 -0.023368593320 -0.322379864981
-0.656637855354 -0.288043268269 0.697035008103 -1.443034302694
0.624889517591 0.309704673003 0.716656198135 1.866469123488
0.000000000000 0.000000000000 0.000000000000 1.000000000000
11 35 38
0.975059668937 0.077326714188 0.208036586410 0.152487387263
-0.164358329008 0.881478946382 0.442697647126 -0.921560056129
-0.149147516566 -0.465849166961 0.872203859166 0.536489244312
0.000000000000 0.000000000000 0.000000000000 1.000000000000
12 16 38
0.991476477648 -0.017116944035 0.129156511633 0.051480010680
0.018936101203 0.999737859463 -0.012869981623 0.098724464730
-0.128902359721 0.015206004822 0.991540699657 -0.263339994619
0.000000000000 0.000000000000 0.000000000000 1.000000000000
12 18 38
0.857026431316 0.116139755098 0.502013200336 -0.560105767009
-0.513631248032 0.270252007110 0.814338255087 -2.197611155312
-0.041093029474 -0.955759075258 0.291266120567 2.349156825312
0.000000000000 0.000000000000 0.000000000000 1.000000000000
12 20 38
0.935910472216 0.075407641678 0.344071614018 -1.117044515435
-0.120794867450 0.986291628702 0.112416293973 -0.266474137157
-0.330877904965 -0.146773671786 0.932189520042 0.562921510310
0.000000000000 0.000000000000 0.000000000000 1.000000000000
12 21 38
0.810018196599 0.232424110370 0.538376777078 -1.487773748355
-0.340158502709 0.934084084066 0.108531640220 -0.449528154422
-0.477663808775 -0.271046041869 0.835686142624 0.970775055885
0.000000000000 0.000000000000 0.000000000000 1.000000000000
12 25 38
0.789557477153 0.047523790527 0.611833702574 -1.866566631755
-0.076744825934 0.996816544684 0.021610366395 0.163801223640
-0.608858950796 -0.064017697376 0.790691161237 0.906621313090
0.000000000000 0.000000000000 0.000000000000 1.000000000000
12 33 38
0.995945047300 -0.072351582135 0.053466918001 0.718779979812
0.064241269235 0.988016458330 0.140344352916 -0.342225463797
-0.062980330938 -0.136340480529 0.988658055793 0.670060048643
0.000000000000 0.000000000000 0.000000000000 1.000000000000
13 19 38
0.904691192634 -0.026697160303 0.425230652238 -1.049488778685
0.031426914773 0.999497600257 -0.004110487665 0.187732038987
-0.424907278119 0.017082409455 0.905075685392 0.578768042919
0.000000000000 0.000000000000 0.000000000000 1.000000000000
13 30 38
1.000000000000 0.000000000000 0.000000000000 0.000000000000
0.000000000000 1.000000000000 0.000000000000 0.000000000000
0.000000000000 0.000000000000 1.000000000000 0.000000000000
0.000000000000 0.000000000000 0.000000000000 1.000000000000
14 16 38
0.988858082052 0.080506051893 -0.125213694013 0.464393582699
-0.072796392043 0.995227669788 0.064981309573 -0.074838855325
0.129847521598 -0.055142187995 0.989999474867 0.113815928946
0.000000000000 0.000000000000 0.000000000000 1.000000000000
14 17 38
0.792516048454 0.588152559617 -0.161229276366 0.552821670559
-0.485799974139 0.768667331647 0.416111665764 -1.191189347625
0.368668818953 -0.251449994778 0.894905694505 0.623068172119
0.000000000000 0.000000000000 0.000000000000 1.000000000000
14 18 38
0.617902255282 0.743376662843 -0.256101425334 0.953788041547
-0.576019131694 0.649697770880 0.496079395295 -1.103213261950
0.535162370538 -0.159009256505 0.829648897731 0.960175663695
0.000000000000 0.000000000000 0.000000000000 1.000000000000
14 19 38
0.744884367055 0.087140629247 0.661478488276 -1.009869195797
-0.049091838787 0.995905077923 -0.075914867661 0.226745897375
-0.665385054748 0.024074602840 0.746112017338 0.451368328917
0.000000000000 0.000000000000 0.000000000000 1.000000000000
14 20 38
0.988397481315 -0.038330324729 -0.146973484470 0.334707133756
0.051543882152 0.994858550679 0.087176214377 -0.161945125007
0.142876335142 -0.093740334683 0.985291379496 0.323213378563
0.000000000000 0.000000000000 0.000000000000 1.000000000000
14 21 38
0.362726247671 -0.928603818517 0.078259935381 -0.686835303537
0.863611297675 0.303405773605 -0.402641854595 0.631661937657
0.350150247435 0.213634933423 0.912005986517 0.062624140263
0.000000000000 0.000000000000 0.000000000000 1.000000000000
14 28 38
0.866231200263 0.232141504831 0.442440763748 -0.916848577017
-0.224177867634 0.971953905511 -0.071062572608 0.612963250636
-0.446528600825 -0.037628809408 0.893977785713 0.024632763235
0.000000000000 0.000000000000 0.000000000000 1.000000000000
14 33 38
0.887028616222 -0.054788883540 -0.458452191885 1.016414085837
-0.036720282709 -0.998160525015 0.048240928046 -0.439115694905
-0.460251947135 -0.025956589556 -0.887408812565 4.897102205865
0.000000000000 0.000000000000 0.000000000000 1.000000000000
14 34 38
0.986347757144 0.162550646004 0.026370238172 0.103326559060
-0.160262899346 0.984351547816 -0.073265499424 0.249883245734
-0.037866939022 0.068039090207 0.996963779248 0.534935340766
0.000000000000 0.000000000000 0.000000000000 1.000000000000
14 35 38
0.527179681726 -0.819886098705 0.223312266402 -0.931795268843
0.849513999788 0.502263124856 -0.161424030348 0.171482736145
0.020187801737 0.274806365575 0.961287633386 0.789046265743
0.000000000000 0.000000000000 0.000000000000 1.000000000000
14 37 38
0.988953868374 0.134782151260 -0.061676721133 0.474876511535
-0.140279372180 0.985470589321 -0.095757064093 0.095919107195
0.047874251625 0.103351290677 0.993492107038 0.529567736630
0.000000000000 0.000000000000 0.000000000000 1.000000000000
15 17 38
0.917380315765 0.261476903095 -0.300071967024 0.776791641933
-0.234399198432 0.964248240509 0.123621787928 -0.448997213871
0.321668108491 -0.043071566303 0.945872331848 0.422471670689
0.000000000000 0.000000000000 0.000000000000 1.000000000000
15 19 38
0.895577196676 0.011408669090 0.444759853251 -0.174478495356
0.000763369710 0.999630292513 -0.027178954295 0.065844954455
-0.444905497900 0.024680367896 0.895237386049 0.026173722722
0.000000000000 0.000000000000 0.000000000000 1.000000000000
15 20 38
0.985058681113 0.125103258204 -0.118357803081 -0.129702025905
-0.121551146424 0.991902850969 0.036797459740 -0.083166102160
0.122002924417 -0.021861130507 0.992288958624 0.241168623780
0.000000000000 0.000000000000 0.000000000000 1.000000000000
15 23 38
0.973069031532 0.062270107376 0.221943897415 -0.912267752942
-0.028445412028 0.987900377214 -0.152458857515 1.016337326614
-0.228752089405 0.142039707222 0.963066562168 -0.135988543909
0.000000000000 0.000000000000 0.000000000000 1.000000000000
15 31 38
0.798588153852 -0.270211230459 0.537813026489 -1.839211955058
0.339841449047 0.939925128698 -0.032381197506 0.228339115656
-0.496754214917 0.208630398975 0.842442049393 0.813266187341
0.000000000000 0.000000000000 0.000000000000 1.000000000000
15 32 38
0.511029334987 0.845435616461 0.155201923962 -0.688308420814
-0.765443800354 0.365443488065 0.529666730624 -0.974865904545
0.391081586477 -0.389473587615 0.833885793900 1.534778798310
0.000000000000 0.000000000000 0.000000000000 1.000000000000
15 33 38
0.990669213970 0.029921643304 0.132963166910 -0.356329079699
-0.050646574942 0.986561974020 0.155339614599 -0.242789577939
-0.126528387880 -0.160624302891 0.978872004085 0.954806525651
0.000000000000 0.000000000000 0.000000000000 1.000000000000
15 37 38
0.765788288121 -0.315191186607 -0.560555807803 1.599491578559
-0.307391248361 -0.945034951076 0.111443087163 -0.937801491731
-0.564870709285 0.086968138595 -0.820583709722 4.667619086479
0.000000000000 0.000000000000 0.000000000000 1.000000000000
16 20 38
-0.881140734761 0.352673076895 -0.314980485711 0.772030853032
0.220067041620 0.895444905683 0.386974053496 -1.192819802128
0.418523001444 0.271661778172 -0.866624702823 5.388497094452
0.000000000000 0.000000000000 0.000000000000 1.000000000000
16 21 38
0.992014531904 0.115670785314 -0.050273630422 -0.059553466091
-0.115831565639 0.993268828784 -0.000286649543 0.127430984007
0.049902073030 0.006107633834 0.998735440403 -0.279694094944
0.000000000000 0.000000000000 0.000000000000 1.000000000000
16 25 38
0.939486887666 0.060609865921 0.337180711277 -1.025701070632
-0.015472538986 0.990727920057 -0.134976994178 0.677471686192
-0.342235282286 0.121592074466 0.931713678651 0.179503740185
0.000000000000 0.000000000000 0.000000000000 1.000000000000
16 27 38
0.996569375056 0.027673805845 -0.077997699781 -0.039235438564
-0.012997423557 0.983076917000 0.182731612600 -0.101691609914
0.081734617403 -0.181090959831 0.980064036982 0.150109567333
0.000000000000 0.000000000000 0.000000000000 1.000000000000
16 33 38
0.978879810919 -0.025324878303 0.202861939049 -0.503742080371
0.004677178331 0.994812157127 0.101621336513 -0.102052080642
-0.204383071165 -0.098526253206 0.973919985240 0.996079989501
0.000000000000 0.000000000000 0.000000000000 1.000000000000
16 37 38
0.942580864903 0.267645075228 0.199768433002 -0.474725736865
-0.295988860144 0.946512777181 0.128468507048 -0.267992414853
-0.154699411081 -0.180221187263 0.971384792898 0.531988542249
0.000000000000 0.000000000000 0.000000000000 1.000000000000
17 20 38
0.958118840361 0.047900582464 0.282336363127 -0.975070883993
-0.054734217019 0.998366895115 0.016361791651 -0.134484386807
-0.281091538883 -0.031130000615 0.959175932679 0.338001629845
0.000000000000 0.000000000000 0.000000000000 1.000000000000
17 27 38
-0.632030264183 0.441040435968 -0.637197833485 1.025333694644
-0.772385623345 -0.425272135239 0.471766955011 -1.248401593303
-0.062914179703 0.790333439018 0.609438152040 1.187856166861
0.000000000000 0.000000000000 0.000000000000 1.000000000000
17 30 38
0.659285243938 0.051010045988 -0.750160611025 0.992040376740
-0.222587521951 0.966216969356 -0.129921373147 0.596139635943
0.718190616896 0.252631635661 0.648366790070 0.635754486800
0.000000000000 0.000000000000 0.000000000000 1.000000000000
18 20 38
0.962924816564 -0.158596539540 -0.218226797831 -0.883790507763
0.139616983924 0.985153161757 -0.099901680062 0.098500930205
0.230830880615 0.065729639624 0.970771198084 0.384056991770
0.000000000000 0.000000000000 0.000000000000 1.000000000000
18 30 38
0.808629703926 0.013388967739 -0.588165569778 0.668982705564
-0.117201266069 0.983368275847 -0.138746882091 0.415469747915
0.576525684737 0.181128599622 0.796750001718 -0.110166445091
0.000000000000 0.000000000000 0.000000000000 1.000000000000
18 32 38
0.961074099326 -0.082961465239 -0.263541212886 0.232669021425
0.045454227864 0.988333923252 -0.145361512505 0.299616539438
0.272526124937 0.127724122366 0.953633084468 0.793210960692
0.000000000000 0.000000000000 0.000000000000 1.000000000000
18 35 38
0.908412007015 0.200028269123 0.367118941301 -0.937978451621
-0.267112410725 0.953207061006 0.141588343037 -0.355144977533
-0.321618695892 -0.226682576303 0.919334772569 -0.079769290085
0.000000000000 0.000000000000 0.000000000000 1.000000000000
18 36 38
0.964326057332 0.120312500463 0.235796856178 -0.719465060715
-0.006175686360 0.900732039269 -0.434331272571 1.052431162251
-0.264645264551 0.417380756226 0.869342388408 0.156402940085
0.000000000000 0.000000000000 0.000000000000 1.000000000000
18 37 38
0.876324804046 0.361220409378 0.318707787265 -0.823012209092
-0.223216882815 0.890778348061 -0.395838550235 1.356251233106
-0.426882959417 0.275742181166 0.861241655103 0.398289627989
0.000000000000 0.000000000000 0.000000000000 1.000000000000
19 31 38
0.998002585461 -0.000925405632 0.063166312515 -0.717261731089
0.002564138202 0.999662104418 -0.025867009620 -0.041172577867
-0.063121031421 0.025977309634 0.997667737664 0.006769111358
0.000000000000 0.000000000000 0.000000000000 1.000000000000
19 32 38
-0.959639244044 -0.021342943319 0.280422895039 -0.980070025087
0.115334608274 -0.939276127261 0.323200069448 -0.817857649771
0.256496490084 0.342497935071 0.903827812720 0.911319824922
0.000000000000 0.000000000000 0.000000000000 1.000000000000
19 35 38
-0.580039945662 -0.224185868059 0.783131124397 -2.647070620834
-0.338440172423 0.940803062091 0.018650685014 0.066916257054
-0.740953379861 -0.254224890449 -0.621576860854 4.171200976520
0.000000000000 0.000000000000 0.000000000000 1.000000000000
19 36 38
-0.688334290873 -0.158748857825 0.707809793763 -2.270375390590
-0.437559722550 0.869119426942 -0.230592521372 0.321974160844
-0.578564942949 -0.468433796657 -0.667706810614 4.628566047524
0.000000000000 0.000000000000 0.000000000000 1.000000000000
19 37 38
0.357304923544 -0.831815295353 0.424754642150 -1.553983089411
-0.917214195360 -0.226701394918 0.327604330517 -1.098358568814
-0.176213823075 -0.506645627593 -0.843954321393 4.842541588129
0.000000000000 0.000000000000 0.000000000000 1.000000000000
20 25 38
0.979382583749 0.080825411965 -0.185140507264 -0.249815642947
-0.149718955089 0.905694756152 -0.396612207535 1.405472576021
0.135624441516 0.416154131854 0.899122766592 0.092066622556
0.000000000000 0.000000000000 0.000000000000 1.000000000000
20 27 38
0.956861951550 0.043093714244 0.287329318846 -0.949281268624
-0.093663290706 0.981894544394 0.164652032067 0.031698342796
-0.275031622999 -0.184461474249 0.943573829050 -0.363503110173
0.000000000000 0.000000000000 0.000000000000 1.000000000000
20 28 38
-0.557481759784 0.097972506199 0.824387939951 -2.001394360757
0.652516547375 0.665634626105 0.362150106907 -0.786051063782
-0.513260404581 0.739818851179 -0.435007844217 3.327684463008
0.000000000000 0.000000000000 0.000000000000 1.000000000000
20 30 38
0.943396543565 -0.003698482013 -0.331646321885 0.191745494586
-0.050268610316 0.986791613465 -0.153997981842 0.499390373645
0.327835367839 0.161952563504 0.930749879811 -0.447139744296
0.000000000000 0.000000000000 0.000000000000 1.000000000000
20 31 38
0.102517238740 -0.662999413983 0.741567254414 -1.730552396861
0.857765489234 -0.318585300043 -0.403412657307 0.822027375558
0.503714781637 0.677447550483 0.536037531433 1.228444854271
0.000000000000 0.000000000000 0.000000000000 1.000000000000
20 33 38
0.738622834180 0.604760270417 -0.297827675263 0.292574016497
-0.526404254515 0.793418186740 0.305591462216 -0.396155842502
0.421111469395 -0.068939076552 0.904385169089 0.877807349222
0.000000000000 0.000000000000 0.000000000000 1.000000000000
21 23 38
-0.972860647247 -0.020030580177 0.230523180823 -1.184652217248
-0.093252360939 -0.877821960005 -0.469821885092 2.426842742114
0.211769115355 -0.478568054084 0.852130541286 0.620909116807
0.000000000000 0.000000000000 0.000000000000 1.000000000000
21 25 38
0.952431020345 0.185746469504 -0.241605878552 -0.543548653389
-0.141638137245 0.971759444390 0.188738497176 -0.015154115311
0.269840303814 -0.145539792858 0.951842623091 0.215474187434
0.000000000000 0.000000000000 0.000000000000 1.000000000000
21 26 38
0.862921243002 -0.271193717209 0.426404615504 -1.628042469487
0.285414891390 0.957882445910 0.031615812344 0.302439617461
-0.417019505718 0.094420270936 0.903979836217 0.256253812427
0.000000000000 0.000000000000 0.000000000000 1.000000000000
21 27 38
0.832299688446 -0.218457887736 0.509463816084 -1.143683182429
0.178221281026 0.975729520772 0.127236304895 0.069730729286
-0.524894659529 -0.015101442984 0.851033220748 0.306919937405
0.000000000000 0.000000000000 0.000000000000 1.000000000000
21 30 38
0.868415598513 0.186563910495 0.459399886330 -1.560982565976
-0.210474428434 0.977598985901 0.000858918442 0.015083506500
-0.448948619816 -0.097437826671 0.888229140875 0.392935295784
0.000000000000 0.000000000000 0.000000000000 1.000000000000
21 33 38
0.995861551008 0.006765968522 -0.090631081278 1.033215237017
-0.006082823355 0.999950986740 0.007811746133 -0.098238420362
0.090679493181 -0.007228124762 0.995853896778 0.858524198379
0.000000000000 0.000000000000 0.000000000000 1.000000000000
22 24 38
0.982520181658 -0.016997097382 0.185378508235 -0.600672590516
-0.012557739261 0.987502898880 0.157099738663 -0.065456474679
-0.185732053829 -0.156681598740 0.970028082478 0.244721834264
0.000000000000 0.000000000000 0.000000000000 1.000000000000
22 25 38
0.994017800097 0.000271621047 0.109217852538 -0.395468722684
-0.011363134637 0.994827163891 0.100944505328 0.032061632519
-0.108625467834 -0.101581692281 0.988878995394 0.450081692825
0.000000000000 0.000000000000 0.000000000000 1.000000000000
22 26 38
0.852577250605 -0.144134882994 0.502331730289 -0.868543659890
0.153918341356 0.987834045043 0.022204586206 0.084313073251
-0.499420840520 0.058386941678 0.864389836298 0.880863302185
0.000000000000 0.000000000000 0.000000000000 1.000000000000
22 27 38
0.641374977311 0.164994156354 -0.749276362131 1.877823119256
-0.029493820277 0.981182915327 0.190814572910 -0.153979264467
0.766660454859 -0.100284670008 0.634172478050 0.557784842433
0.000000000000 0.000000000000 0.000000000000 1.000000000000
22 28 38
0.751413990562 0.051000476417 -0.657857101651 1.483117440659
0.009401952919 -0.997734756774 -0.066610497722 1.500169713848
-0.659764062426 0.043866918409 -0.750191359188 4.401967657979
0.000000000000 0.000000000000 0.000000000000 1.000000000000
23 25 38
0.996896435395 0.011792701109 0.077835912650 -0.236397485192
-0.011605031091 0.999928560679 -0.002863003863 -0.050478803903
-0.077864114654 0.001950830159 0.996962072453 0.184801050705
0.000000000000 0.000000000000 0.000000000000 1.000000000000
23 26 38
0.998640611393 0.051624079648 0.007203032566 -0.105487876052
-0.051580789382 0.998650367222 -0.006071755493 0.038791641447
-0.007506759906 0.005691963512 0.999955624069 0.034924163579
0.000000000000 0.000000000000 0.000000000000 1.000000000000
23 27 38
0.998130311083 -0.012957002266 -0.059732722946 -0.002922437061
0.013810049785 0.999808150929 0.013890423366 -0.021273284641
0.059541285031 -0.014689364473 0.998117757556 -0.013652564849
0.000000000000 0.000000000000 0.000000000000 1.000000000000
23 28 38
0.989394986378 -0.016401304484 -0.144321024602 0.604168860865
0.013166952452 0.999640930692 -0.023337545909 0.005665418326
0.144651969548 0.021189782848 0.989255680200 -0.071493671476
0.000000000000 0.000000000000 0.000000000000 1.000000000000
24 26 38
0.998003810792 0.062867021675 -0.006010925844 0.214359734900
-0.062780735394 0.997934638745 0.013602795883 -0.191232054418
0.006853678374 -0.013198271783 0.999889410242 0.534817040335
0.000000000000 0.000000000000 0.000000000000 1.000000000000
24 28 38
0.973172440662 0.207612972197 -0.099157725426 0.835951888516
-0.207747507287 0.978140329806 0.009081212639 -0.240921429677
0.098875547798 0.011762184418 0.995030289522 -0.187281345705
0.000000000000 0.000000000000 0.000000000000 1.000000000000
24 33 38
0.893322554053 0.376387634186 -0.245575168232 -0.037443629528
-0.235048612467 -0.074443723686 -0.969128619834 2.399299865978
-0.383049558409 0.923466556425 0.021967133789 2.895418839215
0.000000000000 0.000000000000 0.000000000000 1.000000000000
25 27 38
-0.952180532297 -0.227413446082 0.204047441679 0.026301493019
0.053196294398 -0.781027724658 -0.622226524328 2.364736230940
0.300869387238 -0.581617415365 0.755776947232 0.726716874518
0.000000000000 0.000000000000 0.000000000000 1.000000000000
26 28 38
0.235624489887 -0.165153878725 0.957708356499 -2.323370429525
-0.232318915253 -0.966455674692 -0.109505024866 1.496765757261
0.943667855435 -0.196691700886 -0.266088995303 2.888107795620
0.000000000000 0.000000000000 0.000000000000 1.000000000000
26 31 38
-0.093724533833 0.927567259069 0.361710784552 -0.911884510767
-0.922670423546 0.055564012195 -0.381565105928 1.655909818853
-0.374025401906 -0.369501854463 0.850631164652 1.269664031478
0.000000000000 0.000000000000 0.000000000000 1.000000000000
27 32 38
0.775771703697 -0.419314730583 -0.471543657002 1.457159388130
0.567016315736 0.135311613719 0.812516624372 -1.140965781339
-0.276894856275 -0.897700353074 0.342729214774 2.817261385149
0.000000000000 0.000000000000 0.000000000000 1.000000000000
27 34 38
0.906752454216 0.408474554138 -0.104635201514 0.190557067007
0.137158000322 -0.520375581356 -0.842850483346 2.518974290186
-0.398732579208 0.749905189307 -0.527877388537 3.907076841241
0.000000000000 0.000000000000 0.000000000000 1.000000000000
27 35 38
-0.629103676186 0.732563974588 0.259958819325 -0.682500826866
-0.288350934456 0.090636098069 -0.953225490807 2.629525686972
-0.721860307267 -0.674637028974 0.154216004131 1.975941957310
0.000000000000 0.000000000000 0.000000000000 1.000000000000
28 34 38
0.664636797852 0.746777584508 -0.024107389282 0.049757561883
-0.155577470635 0.106762920049 -0.982037336120 2.792485803048
-0.730789694490 0.656448717098 0.187140333035 2.141173261831
0.000000000000 0.000000000000 0.000000000000 1.000000000000
28 36 38
1.000000000000 0.000000000000 0.000000000000 0.000000000000
0.000000000000 1.000000000000 0.000000000000 0.000000000000
0.000000000000 0.000000000000 1.000000000000 0.000000000000
0.000000000000 0.000000000000 0.000000000000 1.000000000000
30 32 38
0.619151486488 -0.260227761445 0.740900093773 -0.433920533501
0.247808822797 0.960032842383 0.130106605866 -0.028953429411
-0.745145773740 0.103045881624 0.658892496662 0.975463165997
0.000000000000 0.000000000000 0.000000000000 1.000000000000
31 36 38
-0.302933538495 -0.444647850080 0.842923223475 -1.771410594900
0.903051873276 0.148686471455 0.402975988589 -0.820784656849
-0.304513686765 0.883278338139 0.356497955039 1.021950528532
0.000000000000 0.000000000000 0.000000000000 1.000000000000
31 37 38
0.718327405074 -0.667263462533 0.196888828246 0.130416956967
0.664101325274 0.573333845350 -0.479851780809 1.487748643582
0.207304531761 0.475444816299 0.854971963146 0.377971800510
0.000000000000 0.000000000000 0.000000000000 1.000000000000
32 34 38
0.883814338880 -0.135308904758 0.447843404197 -0.800480224066
0.222239813321 0.963786384962 -0.147394944069 0.501797682876
-0.411681527111 0.229798399592 0.881879252381 -0.439278883124
0.000000000000 0.000000000000 0.000000000000 1.000000000000
32 35 38
0.549740797522 -0.675922058149 0.490830344261 -1.610770012439
0.812828121717 0.568322734166 -0.127748637475 0.898687678854
-0.192601921295 0.469189344655 0.861838650082 0.056438880844
0.000000000000 0.000000000000 0.000000000000 1.000000000000
32 36 38
0.928976664170 0.081108012847 0.361142420215 -0.895752993526
-0.004354952263 0.978023474100 -0.208449318780 -0.059491005665
-0.370112674489 0.192071794809 0.908914205974 -0.536639104832
0.000000000000 0.000000000000 0.000000000000 1.000000000000
32 37 38
0.924623775714 0.032655531963 0.379479234764 -0.720421133532
-0.021094147369 0.999179094413 -0.034585751909 0.074610020020
-0.380297134266 0.023974017614 0.924553587494 -0.574998691070
0.000000000000 0.000000000000 0.000000000000 1.000000000000
33 35 38
0.972793157960 -0.077348066012 0.218382115820 -0.296020674303
0.129875620581 0.962646318208 -0.237580279526 0.271075365829
-0.191848364612 0.259478983205 0.946501379962 -0.188128516355
0.000000000000 0.000000000000 0.000000000000 1.000000000000
33 36 38
0.991616840211 0.038619051242 0.123306979082 -0.332382204798
-0.010377405771 0.975010940537 -0.221914342219 -0.063298911679
-0.128795775003 0.218774392273 0.967238033592 -0.283371295831
0.000000000000 0.000000000000 0.000000000000 1.000000000000
33 37 38
0.982248133310 0.026314397890 0.185731411109 -0.368036035541
-0.016701465108 0.998447739012 -0.053133544249 0.048352182947
-0.186841284710 0.049088337973 0.981162916851 -0.247023627596
0.000000000000 0.000000000000 0.000000000000 1.000000000000
34 36 38
0.992213693903 -0.033722679337 -0.119894814441 0.117554478920
0.016442058964 0.989687202089 -0.142298632176 -0.093920214823
0.123457054592 0.139219333860 0.982535664875 -0.073040947120
0.000000000000 0.000000000000 0.000000000000 1.000000000000
34 37 38
0.997675967754 0.065755829127 -0.017855931838 -0.032560991207
-0.064574993424 0.996097517142 0.060164828333 -0.082451523722
0.021742437541 -0.058871956651 0.998028736625 -0.042958392830
0.000000000000 0.000000000000 0.000000000000 1.000000000000
35 37 38
0.994449289409 0.099293743407 -0.034804645013 -0.023034958408
-0.090555749270 0.976130776277 0.197404062469 -0.218791289439
0.053574873481 -0.193156568942 0.979704176171 0.028240306613
0.000000000000 0.000000000000 0.000000000000 1.000000000000
