0 3 55
0.997455992491 0.062449920084 -0.034373689435 -0.448847132548
-0.066560663958 0.988541615800 -0.135481186316 0.056864600549
0.025519033237 0.137424456752 0.990183466651 -0.203511959290
0.000000000000 0.000000000000 0.000000000000 1.000000000000
0 5 55
0.968997610606 -0.055514001839 0.240752624575 -1.961823898935
0.077705212217 0.993458691082 -0.083676335415 -0.265803495639
-0.234532579047 0.099789902866 0.966972825188 1.523117419432
0.000000000000 0.000000000000 0.000000000000 1.000000000000
0 8 55
0.284753979783 0.348427612491 0.893036040623 -1.102991942980
-0.714846399314 -0.543508614209 0.439992058642 -0.467018605684
0.638678163386 -0.763673087868 0.094305983268 1.806198626932
0.000000000000 0.000000000000 0.000000000000 1.000000000000
0 10 55
0.915384029547 0.020950935010 0.402036238134 -0.445539541493
-0.068372146433 0.992227809073 0.103967420352 0.057797255928
-0.396733321065 -0.122658196729 0.909701950494 -0.417461012726
0.000000000000 0.000000000000 0.000000000000 1.000000000000
0 19 55
0.033902475309 0.802513386705 0.595670115356 -0.669376473154
-0.998842380888 0.047557639979 -0.007222812520 0.501075939185
-0.034125068629 -0.594735685023 0.803196703586 0.008571301341
0.000000000000 0.000000000000 0.000000000000 1.000000000000
0 27 55
0.525315345679 0.825709260273 0.205543195203 -0.150612312665
-0.825422491484 0.435815226110 0.358807468209 -0.651436551860
0.206691795062 -0.358147045487 0.910499421012 -0.135021774817
0.000000000000 0.000000000000 0.000000000000 1.000000000000
0 28 55
0.911834407474 -0.094504127717 0.399533456911 -0.278884497677
0.018454424556 0.981597881512 0.190065865493 0.075301408469
-0.410143203724 -0.165935435805 0.896798741961 0.410521245297
0.000000000000 0.000000000000 0.000000000000 1.000000000000
0 35 55
0.934101233870 -0.047750950804 0.353800412069 -1.819044328948
0.011854003717 0.994616685491 0.102942369984 0.037696614202
-0.356811389223 -0.091964643419 0.929638713093 -0.259301172663
0.000000000000 0.000000000000 0.000000000000 1.000000000000
0 37 55
0.891210619960 -0.108899414290 0.440323231771 -0.528307407596
-0.008660346404 -0.974660495478 -0.223521625253 0.690162878140
0.453507033320 0.195391494499 -0.869570891076 3.405315634289
0.000000000000 0.000000000000 0.000000000000 1.000000000000
0 38 55
0.970912365966 -0.192321668872 0.142623817424 0.487040557459
0.189040921742 0.250157787434 -0.949570751073 2.112760178799
0.146944572956 0.948911722485 0.279237954817 1.457608458839
0.000000000000 0.000000000000 0.000000000000 1.000000000000
0 40 55
0.956921445043 -0.012189843630 0.290090943893 0.447883460197
-0.046936612282 0.979482312224 0.195988148793 -0.001763486993
-0.286528013367 -0.201161148714 0.936715479644 0.673309716819
0.000000000000 0.000000000000 0.000000000000 1.000000000000
0 44 55
0.953947466231 -0.180795228227 0.239368580064 0.192312289540
0.143656058665 0.975850999885 0.164553221884 0.019217275598
-0.263338505502 -0.122588382296 0.956882918672 -0.725061110534
0.000000000000 0.000000000000 0.000000000000 1.000000000000
0 45 55
0.993005829666 0.033725561218 0.113145962233 0.026829479039
-0.052895222181 0.983855960018 0.170966503760 -0.173869956852
-0.105553388006 -0.175755615723 0.978758624903 -0.636158487751
0.000000000000 0.000000000000 0.000000000000 1.000000000000
1 3 55
0.994759102808 -0.088959281195 0.050404103701 -0.330528027627
0.101767485610 0.909091720561 -0.403974779509 0.518618843873
-0.009884647351 0.406987088120 0.913380426685 0.218774100480
0.000000000000 0.000000000000 0.000000000000 1.000000000000
1 4 55
0.994043638651 0.076247423703 -0.077868959385 0.006683166438
-0.043023140021 0.931021956045 0.362418441563 -1.055242456916
0.100131183354 -0.356909579223 0.928756856437 1.027929654723
0.000000000000 0.000000000000 0.000000000000 1.000000000000
1 5 55
0.991329339938 -0.114688650702 -0.064129970976 0.299027989176
0.125258845842 0.972272118654 0.197476957708 -0.243455870597
0.039703416926 -0.203797548286 0.978207645644 0.766536604093
0.000000000000 0.000000000000 0.000000000000 1.000000000000
1 7 55
-0.044707025007 0.988358685629 0.145424861895 0.588801407614
-0.733461173695 -0.131307383008 0.666928090463 -1.160757309867
0.678259528939 -0.076847119072 0.730793084049 1.398486519600
0.000000000000 0.000000000000 0.000000000000 1.000000000000
1 10 55
0.957529047686 -0.109508780856 0.266731981121 0.014678127023
0.025519308930 0.953626773020 0.299907890280 -0.449923346022
-0.287205305851 -0.280363700745 0.915919924227 -0.152751902411
0.000000000000 0.000000000000 0.000000000000 1.000000000000
1 20 55
0.827846406665 -0.010809339043 0.560850679915 -1.309347267116
-0.009807678694 0.999382591615 0.033737886943 -0.320984169414
-0.560869090262 -0.033430431738 0.827229272828 0.189763601487
0.000000000000 0.000000000000 0.000000000000 1.000000000000
1 28 55
-0.889410866997 -0.358776645394 0.283244820583 -0.433746777629
0.016371634671 -0.644249158633 -0.764640432608 1.829595989194
0.456815366692 -0.675442329382 0.578875962909 1.704967744368
0.000000000000 0.000000000000 0.000000000000 1.000000000000
1 33 55
0.782374470810 0.181694537979 -0.595715773077 1.306822579890
0.357843299280 -0.913997748234 0.191196991041 -0.564307252289
-0.509743426230 -0.362760542358 -0.780106677528 4.525077827222
0.000000000000 0.000000000000 0.000000000000 1.000000000000
1 36 55
0.993253086741 -0.082000086767 0.082001777108 -0.264985585539
0.066126028878 0.981369420423 0.180392375016 -0.227261769355
-0.095266226877 -0.173752831429 0.980170546174 0.215136837184
0.000000000000 0.000000000000 0.000000000000 1.000000000000
1 37 55
0.908757071380 -0.339587214975 0.242571862841 -0.057452212602
0.417279573938 0.748019213792 -0.516086245672 1.165026806289
-0.006192123276 0.570217308772 0.821470558441 0.929290147941
0.000000000000 0.000000000000 0.000000000000 1.000000000000
1 38 55
0.996084083886 0.059632977030 -0.065271784720 0.868838486269
-0.069179718969 0.066005292264 -0.995418237665 1.889891237308
-0.055051469675 0.996035747071 0.069872213669 2.135815294551
0.000000000000 0.000000000000 0.000000000000 1.000000000000
1 39 55
0.938236161562 0.345386897600 0.020513315291 0.531543764775
0.219804690784 -0.549209147234 -0.806260014204 1.480487362209
-0.267205544567 0.760971223872 -0.591205542423 2.879281243220
0.000000000000 0.000000000000 0.000000000000 1.000000000000
1 40 55
0.989256352840 0.141955309515 -0.034936491911 0.878130711472
-0.077967757542 0.714463942637 0.695314535628 -0.698138618397
0.123664453868 -0.685120401661 0.717855931282 1.274609534943
0.000000000000 0.000000000000 0.000000000000 1.000000000000
1 41 55
0.896923661796 0.377654256222 0.230011320737 0.363776980724
-0.087766365172 -0.357776306377 0.929673695304 -1.119426178048
0.433387828687 -0.854033592637 -0.287752693460 2.931853815852
0.000000000000 0.000000000000 0.000000000000 1.000000000000
1 44 55
0.989319535897 -0.082972823523 0.119843090955 0.500674220418
0.027937951337 0.914871991179 0.402776253807 -0.622921886405
-0.143060570277 -0.395126246043 0.907418824424 -0.359080900294
0.000000000000 0.000000000000 0.000000000000 1.000000000000
1 45 55
0.998682881676 -0.045947471359 -0.022832689779 0.484956269704
0.050185019117 0.967363940436 0.248371638075 -0.237068277933
0.010675472028 -0.249190362212 0.968395682393 -0.400838337658
0.000000000000 0.000000000000 0.000000000000 1.000000000000
1 48 55
0.911040522705 -0.405172563369 0.076422247302 -0.024059174533
0.383435493922 0.900693721138 0.204274429879 -0.234226229430
-0.151599432685 -0.156799281231 0.975926020462 -0.241143110323
0.000000000000 0.000000000000 0.000000000000 1.000000000000
1 49 55
0.952857692923 0.254606385955 -0.165038799283 0.846632251461
-0.154252218981 0.874885277821 0.459110012515 -0.884740042353
0.261282356804 -0.412008906315 0.872914767397 -0.242590466812
0.000000000000 0.000000000000 0.000000000000 1.000000000000
2 4 55
0.823964260220 0.557488569526 -0.101436643914 0.069253888807
-0.379447559503 0.675799363193 0.631913578185 -1.442195943776
0.420835416128 -0.482184316995 0.768372199508 0.860542523933
0.000000000000 0.000000000000 0.000000000000 1.000000000000
2 5 55
0.686276826959 0.455833827014 -0.566780062219 1.209351763569
0.004590646980 0.776519921102 0.630075978032 -1.523436896326
0.727325953572 -0.435008430127 0.530815055342 1.279473511858
0.000000000000 0.000000000000 0.000000000000 1.000000000000
2 11 55
0.929457113039 0.360773933868 -0.077146896650 0.598396387190
-0.334812532700 0.912682163168 0.234332748419 -0.464985355142
0.154951743997 -0.191972491979 0.969090563031 -0.029133936613
0.000000000000 0.000000000000 0.000000000000 1.000000000000
2 31 55
0.911081240568 -0.399917334909 -0.099985490569 0.578643454295
0.394069711511 0.773751136587 0.496002259168 -0.778886437456
-0.120996014625 -0.491299607031 0.862545454209 1.200179946842
0.000000000000 0.000000000000 0.000000000000 1.000000000000
2 35 55
0.769582326686 -0.334139094682 0.544145300318 -1.315514558485
0.476237592514 0.868015192025 -0.140525378102 -0.007405925236
-0.425371364726 0.367288295239 0.827138749093 0.517233638917
0.000000000000 0.000000000000 0.000000000000 1.000000000000
2 37 55
0.572229778747 0.783676465652 -0.241669769517 1.211382222790
-0.584116342013 0.596321153594 0.550644332368 -1.177259311033
0.575639799969 -0.173931822734 0.798990952222 0.698375955559
0.000000000000 0.000000000000 0.000000000000 1.000000000000
2 39 55
0.197193371972 -0.928100797611 -0.315822234057 1.585550747458
0.778406049956 0.344064766085 -0.525074716712 0.218910832016
0.595985566471 -0.142296683775 0.790286567231 1.387395680466
0.000000000000 0.000000000000 0.000000000000 1.000000000000
2 42 55
0.813671578055 0.160001587630 -0.558872127612 1.784328723265
0.129880888747 0.887038939429 0.443049517181 -0.722884844309
0.566629965501 -0.433083608431 0.700977225240 0.991777353156
0.000000000000 0.000000000000 0.000000000000 1.000000000000
2 45 55
0.995599336309 0.018100087176 0.091947530608 0.736285183748
-0.022058132602 0.998865043887 0.042214486695 -0.267061918303
-0.091079088306 -0.044056905759 0.994868628879 -0.290384826960
0.000000000000 0.000000000000 0.000000000000 1.000000000000
2 46 55
0.821771242663 0.394386133985 -0.411280442098 0.503687380996
-0.380081063828 0.917132472275 0.120026718767 -0.268677701909
0.424535522250 0.057685402130 0.903571792792 0.151879023051
0.000000000000 0.000000000000 0.000000000000 1.000000000000
2 54 55
0.910393504836 0.246465385025 -0.332322855575 0.706823470971
-0.256392791308 0.966465559444 0.014389543927 -0.030504589773
0.324725119013 0.072105037228 0.943055915992 0.110039623392
0.000000000000 0.000000000000 0.000000000000 1.000000000000
3 8 55
0.994706994270 -0.072208790914 0.073101888246 0.655629255944
0.067905836829 0.995902085032 0.059731351513 0.455560540629
-0.077115451597 -0.054451148232 0.995534167963 0.737017255112
0.000000000000 0.000000000000 0.000000000000 1.000000000000
3 12 55
-0.651580743586 -0.506712128615 -0.564522234551 2.246157052803
-0.747213273954 0.557059529845 0.362432067339 -0.900272896989
0.130823766246 0.657972263035 -0.741591291253 4.146389082175
0.000000000000 0.000000000000 0.000000000000 1.000000000000
3 19 55
0.907224717292 -0.022377221500 0.420050678242 -0.927026883663
-0.057769996129 0.982493820110 0.177111606038 -0.028438395182
-0.416660461145 -0.184946352773 0.890049946191 0.619839051785
0.000000000000 0.000000000000 0.000000000000 1.000000000000
3 31 55
0.120524338231 -0.866467237450 0.484467140599 0.520188934158
-0.891088538544 0.120666437921 0.437493802510 -0.080551304681
-0.437532970608 -0.484431767317 -0.757555781739 3.412957381498
0.000000000000 0.000000000000 0.000000000000 1.000000000000
3 52 55
0.995020366812 0.009220108866 0.099244441766 -0.300918012302
-0.043113619669 0.937555480946 0.345153496212 -0.928454182884
-0.089864817520 -0.347713545524 0.933284310825 -0.227865591079
0.000000000000 0.000000000000 0.000000000000 1.000000000000
4 6 55
0.795894281663 -0.593662548746 -0.118815279457 0.891942360594
0.507814594330 0.761439684655 -0.402906868169 0.697018738275
0.329661387186 0.260335139481 0.907495997209 -0.094135215265
0.000000000000 0.000000000000 0.000000000000 1.000000000000
4 9 55
0.933462143227 0.351492465170 -0.071424604239 0.626649694171
-0.291818456834 0.860035462423 0.418546283732 -0.443194142340
0.208543557592 -0.369854093263 0.905382534779 -0.214044932789
0.000000000000 0.000000000000 0.000000000000 1.000000000000
4 14 55
0.911798492833 0.081320254543 0.402505310112 -1.356383947945
-0.289103874816 0.823225327398 0.488588794281 -0.924392536583
-0.291620400579 -0.561860371028 0.774125613473 -0.400599659138
0.000000000000 0.000000000000 0.000000000000 1.000000000000
4 15 55
-0.867346035074 0.362780149822 0.340736582034 -0.691992549502
0.114592549824 -0.520659781094 0.846038970661 -2.158186685830
0.484333978744 0.772854420474 0.410020294361 0.569756330959
0.000000000000 0.000000000000 0.000000000000 1.000000000000
4 24 55
-0.257367910973 0.663598120146 -0.702423870138 1.530493593903
0.949772471679 0.039795333488 -0.310400682141 0.214521577513
-0.178028116999 -0.747030030435 -0.640509268619 3.413798765677
0.000000000000 0.000000000000 0.000000000000 1.000000000000
4 32 55
1.000000000000 0.000000000000 0.000000000000 0.000000000000
0.000000000000 1.000000000000 0.000000000000 0.000000000000
0.000000000000 0.000000000000 1.000000000000 0.000000000000
0.000000000000 0.000000000000 0.000000000000 1.000000000000
4 33 55
0.958056695372 -0.275769363248 -0.077965548463 0.107959968613
0.282586201175 0.863822064497 0.417080903176 -0.856663092262
-0.047669774059 -0.421619139962 0.905519129262 -0.033019545641
0.000000000000 0.000000000000 0.000000000000 1.000000000000
4 36 55
0.939896304276 -0.268825609876 0.210541512968 -1.045931437772
0.269181338015 0.962696144064 0.027523471223 0.335535801772
-0.210086516637 0.030804637285 0.977197385306 -0.735545500084
0.000000000000 0.000000000000 0.000000000000 1.000000000000
4 37 55
0.999054400473 0.043087528131 0.005811180214 0.371138630160
-0.043398288257 0.996354751760 0.073442475591 0.157666388368
-0.002625542286 -0.073625223695 0.997282524144 -0.378306536748
0.000000000000 0.000000000000 0.000000000000 1.000000000000
4 38 55
0.951850689483 -0.227242022561 -0.205770085565 1.073059460770
0.299831020890 0.829958788779 0.470393205563 -0.736420480334
0.063887587551 -0.509440351867 0.858131052956 0.190552294080
0.000000000000 0.000000000000 0.000000000000 1.000000000000
4 39 55
0.893055045942 -0.167589368827 -0.417572135533 1.427317069593
0.333216302627 0.869966559098 0.363490139776 -0.737960667044
0.302356710825 -0.463758546559 0.832771535244 0.456383083406
0.000000000000 0.000000000000 0.000000000000 1.000000000000
4 40 55
0.871930682240 -0.114505786711 -0.476051793589 1.849494567281
0.301200441429 0.891977905678 0.337125658866 -0.311047319834
0.386024843051 -0.437337216107 0.812232097344 0.226235680896
0.000000000000 0.000000000000 0.000000000000 1.000000000000
4 54 55
0.813228763393 -0.218392317859 0.539410580068 -1.149723408216
0.580246574410 0.375045755448 -0.722948541880 1.790533400603
-0.044417240745 0.900913689995 0.431719390235 1.056868416523
0.000000000000 0.000000000000 0.000000000000 1.000000000000
5 7 55
0.983385373952 0.140537747739 -0.114901469785 0.863314867845
-0.124594822221 0.982868410591 0.135815381081 0.180195284612
0.132020212748 -0.119242731112 0.984048695189 -0.204822391356
0.000000000000 0.000000000000 0.000000000000 1.000000000000
5 8 55
0.932748596792 0.327506787737 -0.150729423697 0.575494044358
-0.251535309662 0.890676738876 0.378714846315 -0.478346648061
0.258282874336 -0.315331969220 0.913156999652 -0.257660369352
0.000000000000 0.000000000000 0.000000000000 1.000000000000
5 9 55
0.893274925565 0.387017805797 -0.228641915124 0.163233920157
-0.296310041463 0.889462902670 0.347931177248 -0.101189545900
0.338024062286 -0.243049301108 0.909212170259 -0.245240018400
0.000000000000 0.000000000000 0.000000000000 1.000000000000
5 11 55
0.750779678133 -0.561981701558 0.347140377969 -0.720655319373
0.657549083664 0.585780518208 -0.473804165306 1.767223015093
0.062921200526 0.583984376163 0.809322661812 -0.571777673904
0.000000000000 0.000000000000 0.000000000000 1.000000000000
5 12 55
-0.736966616051 0.437834856460 0.514957129570 -1.463624884860
-0.143219151983 -0.845700565937 0.514080564969 -1.059186813272
0.660581926283 0.305108490938 0.685959421122 0.360523675817
0.000000000000 0.000000000000 0.000000000000 1.000000000000
5 14 55
-0.436627307591 0.767620629306 0.469164324868 -1.036424790674
0.719223526760 0.611118191829 -0.330533015251 0.997257106841
-0.540438815057 0.193114279842 -0.818921706942 4.072181110879
0.000000000000 0.000000000000 0.000000000000 1.000000000000
5 17 55
0.723815614118 0.670939460886 0.161031663301 -0.523331765976
-0.285113485581 0.503355223935 -0.815686103154 2.230693261979
-0.628332123243 0.544494038869 0.555630258838 0.264075045511
0.000000000000 0.000000000000 0.000000000000 1.000000000000
5 19 55
0.245970629187 -0.548332224362 0.799268553931 -1.233561646908
0.200249353354 0.835560420746 0.511604319533 -1.296303714119
-0.948366303734 0.034213374710 0.315326495766 1.076910761209
0.000000000000 0.000000000000 0.000000000000 1.000000000000
5 22 55
0.948113136506 0.146580901813 0.282126779318 -0.081368278597
-0.031634267370 0.926467611159 -0.375042715702 2.126705208385
-0.316355422765 0.346658051539 0.883033092127 -0.644158304485
0.000000000000 0.000000000000 0.000000000000 1.000000000000
5 23 55
-0.570750810211 0.329466266688 -0.752127310871 2.579171119849
0.044560557900 0.927051582651 0.372276402401 -0.222627198501
0.819913330373 0.178961845709 -0.543796642558 4.128249011115
0.000000000000 0.000000000000 0.000000000000 1.000000000000
5 26 55
0.844386453353 -0.050869773733 0.533313963360 -1.084166787556
0.212100756173 0.945884474886 -0.245592812193 1.107538800107
-0.491960147395 0.320491538563 0.809481554505 -0.318194027390
0.000000000000 0.000000000000 0.000000000000 1.000000000000
5 28 55
-0.774134722873 -0.420279379185 -0.473371602734 1.562383763418
-0.445181504882 0.893086335070 -0.064886252946 0.375415676376
0.450032063918 0.160505581031 -0.878469748998 3.163700719180
0.000000000000 0.000000000000 0.000000000000 1.000000000000
5 32 55
-0.303789700097 0.932708187228 0.194337993177 0.004981973300
-0.943488050522 -0.322871260057 0.074729163994 -0.032006410865
0.132446655816 -0.160653624007 0.978083992537 0.036487039361
0.000000000000 0.000000000000 0.000000000000 1.000000000000
5 36 55
-0.928962617760 0.289713545224 0.230422473987 0.217280197332
0.337835936403 0.917973664464 0.207825001925 -0.463387542025
-0.151312044727 0.270906650092 -0.950638865215 4.209558242893
0.000000000000 0.000000000000 0.000000000000 1.000000000000
5 37 55
0.961339553174 0.022420748867 0.274451404666 -0.318510821432
-0.069515805229 0.984157649233 0.163098970810 0.076016147056
-0.266446648179 -0.175872202113 0.947668271178 -0.389443120242
0.000000000000 0.000000000000 0.000000000000 1.000000000000
5 38 55
0.969529400645 -0.072141061759 0.234111957176 0.286843404053
0.015212258070 0.971541671972 0.236379708997 -0.086849268405
-0.244502205489 -0.225615706079 0.943035643378 0.110077510809
0.000000000000 0.000000000000 0.000000000000 1.000000000000
5 39 55
0.954755782405 -0.207151914636 -0.213376381607 0.744908582081
0.274797493109 0.888839918929 0.366674155482 -0.348793416349
0.113700192373 -0.408719564959 0.905549879065 0.250523068510
0.000000000000 0.000000000000 0.000000000000 1.000000000000
5 40 55
0.957687901304 0.119680754706 -0.261744915229 1.204589383383
0.005245293797 0.902031464945 0.431638417130 -0.276436087476
0.287760960848 -0.414747818804 0.863236859853 0.018180890326
0.000000000000 0.000000000000 0.000000000000 1.000000000000
5 41 55
0.964434896367 0.233684986936 -0.123517843041 0.790207516374
-0.179114288303 0.921444665702 0.344757595674 0.015472837600
0.194379531831 -0.310372445507 0.930529710797 0.061761993955
0.000000000000 0.000000000000 0.000000000000 1.000000000000
5 45 55
0.402229954171 -0.609451384459 0.683213051653 -1.511099376350
0.871786237885 0.027026675464 -0.489140382966 1.193852046380
0.279642306173 0.792362649798 0.542182268064 0.100899193993
0.000000000000 0.000000000000 0.000000000000 1.000000000000
5 48 55
0.983264637953 -0.177295039670 0.041918023081 -0.119353867535
0.173967859154 0.982049007404 0.072903573562 0.104171732701
-0.054090994926 -0.064391117128 0.996457700208 -1.310809706810
0.000000000000 0.000000000000 0.000000000000 1.000000000000
5 51 55
-0.416950397670 -0.765726079089 0.489710054713 -0.780832674252
0.908929236085 -0.351317534593 0.224552073420 -1.044648431465
0.000098350356 0.538738862243 0.842472805873 -1.057915264256
0.000000000000 0.000000000000 0.000000000000 1.000000000000
5 52 55
-0.054075328635 -0.351372053376 0.934672958280 -1.796021183878
0.979116117728 -0.202371115698 -0.019430891274 -0.480602137799
0.195978281546 0.914102626425 0.354977325368 -0.072007430822
0.000000000000 0.000000000000 0.000000000000 1.000000000000
6 8 55
0.957639859522 0.181158175661 -0.223847302519 0.379231018164
-0.104551593713 0.943016008825 0.315895190453 -0.226185381212
0.268318586211 -0.279110233582 0.922010094198 0.136524912433
0.000000000000 0.000000000000 0.000000000000 1.000000000000
6 9 55
0.829462689546 0.476105555216 -0.292087567255 -0.049000014498
-0.398304816738 0.870775421624 0.288276669293 -0.144799037870
0.391592798217 -0.122774856499 0.911910859129 -0.040668326416
0.000000000000 0.000000000000 0.000000000000 1.000000000000
6 10 55
0.075408870093 -0.992822181219 -0.092831130508 0.145650793478
0.991379135129 0.064643002953 0.113967945490 -0.330917479389
-0.107149021187 -0.100625039873 0.989137851166 -0.968393783932
0.000000000000 0.000000000000 0.000000000000 1.000000000000
6 12 55
0.943386499037 -0.213056324526 -0.254222178447 0.749821762742
0.259750421125 0.951169296660 0.166753374231 -0.544066966725
0.206280469653 -0.223347199830 0.952661742786 -0.166842449956
0.000000000000 0.000000000000 0.000000000000 1.000000000000
6 13 55
0.421901544540 0.446834859969 0.788883828349 -1.768545418450
0.703394743335 0.387679825960 -0.595768568818 2.215617937931
-0.572044510299 0.806252417336 -0.150738574282 2.297127855067
0.000000000000 0.000000000000 0.000000000000 1.000000000000
6 19 55
0.210904921283 -0.026693513756 0.977142042132 -2.266240335374
-0.280246859116 0.956013272270 0.086604394804 0.017021294828
-0.936472536775 -0.292106281286 0.194147130544 1.767759882292
0.000000000000 0.000000000000 0.000000000000 1.000000000000
6 26 55
0.983701475765 -0.086507805154 -0.157631869318 0.075419668218
0.116930339740 0.973744817202 0.195315966120 -0.126344097043
0.136596860234 -0.210564552146 0.967989600747 -1.171598460132
0.000000000000 0.000000000000 0.000000000000 1.000000000000
6 27 55
0.992977836721 0.042698305897 -0.110326200216 0.254392892527
-0.026178543755 0.988781097543 0.147059936719 -0.059065430006
0.115367671501 -0.143139078572 0.982955494699 -0.631368785159
0.000000000000 0.000000000000 0.000000000000 1.000000000000
6 28 55
0.973671187609 -0.151857298844 0.170011114956 -0.497166999868
0.129874412646 0.982467395160 0.133755203219 -0.306385538843
-0.187342081126 -0.108153493869 0.976322572925 0.196023512765
0.000000000000 0.000000000000 0.000000000000 1.000000000000
6 33 55
0.944898717573 -0.194303269927 0.263462811084 -0.972814991180
0.298148190915 0.843122511940 -0.447495347590 0.866488762617
-0.135181617770 0.501388740556 0.854596548706 0.241737009259
0.000000000000 0.000000000000 0.000000000000 1.000000000000
6 36 55
0.574684824349 -0.301687848216 0.760737664968 -1.424891824302
0.189480678177 0.953363043057 0.234938248760 -0.100146136041
-0.796137189974 0.009129642452 0.605047291018 -0.492313769764
0.000000000000 0.000000000000 0.000000000000 1.000000000000
6 37 55
0.965026198614 -0.076748065480 0.250667449888 -0.647699378820
0.068026827534 0.996744016240 0.043286450837 0.062559796609
-0.253173432105 -0.024720447721 0.967105016397 -0.074657703778
0.000000000000 0.000000000000 0.000000000000 1.000000000000
6 38 55
0.987291584322 -0.061153987657 0.146681687068 0.037002894072
0.048734589417 0.995031283384 0.086819841524 -0.051625794374
-0.151262246849 -0.078568027094 0.985366326701 0.330333166298
0.000000000000 0.000000000000 0.000000000000 1.000000000000
6 39 55
0.933750211482 0.303626713227 -0.189529315867 0.135181076910
-0.237467041267 0.921717188321 0.306670554613 -0.382578631703
0.267805800666 -0.241346729353 0.932754956760 0.661122891902
0.000000000000 0.000000000000 0.000000000000 1.000000000000
6 40 55
0.861432867736 0.149099259556 -0.485492353372 0.831004362681
0.130759260199 0.858596465893 0.495695596741 -0.844555707934
0.490749865263 -0.490491100384 0.720127106967 0.681843671608
0.000000000000 0.000000000000 0.000000000000 1.000000000000
6 41 55
0.917842350766 0.314676546024 -0.241958861218 0.604318868998
-0.153292928805 0.843256857663 0.515188460646 -0.572798642144
0.366151194342 -0.435771205320 0.822214545904 0.541732858738
0.000000000000 0.000000000000 0.000000000000 1.000000000000
6 48 55
0.972779551515 -0.199088342850 0.118590791781 -0.634351604506
0.205227940410 0.977816645366 -0.041905853055 -0.033180327606
-0.107617083350 0.065103300890 0.992058528306 -0.898197386384
0.000000000000 0.000000000000 0.000000000000 1.000000000000
6 51 55
-0.248256830987 -0.920236953106 0.302543378719 -0.806981772705
0.963537856195 -0.202400547576 0.175010908290 -0.866560589609
-0.099816559486 0.334959652017 0.936930459518 -0.973448139606
0.000000000000 0.000000000000 0.000000000000 1.000000000000
7 9 55
0.920914503429 -0.146393876600 0.361227504861 -1.044424828255
0.035142680786 0.954195725991 0.297111946055 -0.311083270087
-0.388177110816 -0.260920197369 0.883877356449 0.056442763498
0.000000000000 0.000000000000 0.000000000000 1.000000000000
7 10 55
0.992074838943 -0.104579423651 0.069646666008 -0.194672287606
0.124904824613 0.881048703821 -0.456236743679 1.417722530667
-0.013649129109 0.461320198608 0.887128725513 -0.788069718445
0.000000000000 0.000000000000 0.000000000000 1.000000000000
7 17 55
0.403554997825 0.892849880688 0.199906113677 -0.862350268234
-0.321338813160 0.342876275497 -0.882710160165 2.423117113036
-0.856670724892 0.291984503453 0.425276755603 0.997522220951
0.000000000000 0.000000000000 0.000000000000 1.000000000000
7 20 55
0.794423148812 0.481754425544 0.369870969530 -0.735397660646
-0.586168033510 0.767614363053 0.259181839884 -1.432010009697
-0.159056270303 -0.422706592217 0.892199663626 -0.846525324795
0.000000000000 0.000000000000 0.000000000000 1.000000000000
7 23 55
0.944780143796 -0.175073902487 0.277019148357 -1.255732658288
0.212499350239 0.970814899466 -0.111186586978 0.686425807475
-0.249468446976 0.163913268663 0.954409730839 -0.793943637195
0.000000000000 0.000000000000 0.000000000000 1.000000000000
7 26 55
0.958291855856 0.184362039552 0.218374351451 -0.988661928766
-0.034060399585 0.832333171283 -0.553228145670 1.754039241562
-0.283754485744 0.522716108756 0.803897544135 -0.083510608636
0.000000000000 0.000000000000 0.000000000000 1.000000000000
7 27 55
0.309645776687 -0.790054560308 0.529087218440 -1.206425751961
0.780501036174 0.528997565778 0.333136170257 -1.133510642672
-0.543081601154 0.309798914037 0.780440265075 0.036597587729
0.000000000000 0.000000000000 0.000000000000 1.000000000000
7 28 55
0.872141195187 -0.178676163680 0.455460826186 -1.105109749505
0.277924975365 0.947073874914 -0.160651123630 0.331272758673
-0.402650523066 0.266694401868 0.875640709587 0.414064476619
0.000000000000 0.000000000000 0.000000000000 1.000000000000
7 33 55
-0.729713217218 -0.111711630936 -0.674565884203 1.885619849447
0.043453184654 0.976992385409 -0.208800621640 0.616008006680
0.682371190307 -0.181676609302 -0.708070030627 3.228929641242
0.000000000000 0.000000000000 0.000000000000 1.000000000000
7 36 55
0.478079772220 0.055946072858 0.876532810752 -2.109751440274
-0.481115816714 -0.818248863939 0.314636882089 -1.182224034641
0.734824674533 -0.572135328043 -0.364271689956 2.943324513166
0.000000000000 0.000000000000 0.000000000000 1.000000000000
7 37 55
0.970336082958 -0.178705937103 0.162825287206 -0.849614036701
0.177021672318 0.983891551203 0.024914714535 -0.191195327636
-0.164654831813 0.004647958127 0.986340297689 -0.124623002475
0.000000000000 0.000000000000 0.000000000000 1.000000000000
7 38 55
0.969773664121 -0.170445227673 0.174606599935 -0.379353601056
0.190608018495 0.975929087230 -0.105976412392 -0.156667383115
-0.152340485961 0.136054551786 0.978918553954 0.284779451538
0.000000000000 0.000000000000 0.000000000000 1.000000000000
7 39 55
0.962575249504 -0.073980260896 -0.260721709950 -0.035198151664
0.089722026315 0.994761486369 0.048985132761 -0.323578809662
0.255731982817 -0.070544356510 0.964170444854 0.611495337893
0.000000000000 0.000000000000 0.000000000000 1.000000000000
7 40 55
0.931195274736 -0.211516877183 -0.296877030058 0.427473365073
0.291856116618 0.920567818426 0.259566752245 -0.386275970709
0.218392691046 -0.328352710274 0.918960896966 0.329719976608
0.000000000000 0.000000000000 0.000000000000 1.000000000000
7 41 55
0.910938545901 0.238201086239 -0.336825189240 0.424694285902
-0.080649556322 0.903533777790 0.420859075533 -0.645069435083
0.404582024634 -0.356211952225 0.842274557632 0.550374073570
0.000000000000 0.000000000000 0.000000000000 1.000000000000
7 47 55
0.697043611984 -0.712657800164 0.079051014277 -0.071028630457
0.717028538105 0.692875466635 -0.076116117064 0.379411053856
-0.000527763861 0.109738086372 0.993960398539 -1.309977185602
0.000000000000 0.000000000000 0.000000000000 1.000000000000
7 48 55
0.511277494908 -0.360074315242 0.780347237263 -2.576933044944
0.449907412915 -0.661493726214 -0.600007808269 1.327193436142
0.732242202420 0.657854495829 -0.176206751608 2.115229580957
0.000000000000 0.000000000000 0.000000000000 1.000000000000
7 49 55
0.092917899477 -0.952887386693 0.288741912854 -1.246685062312
0.975474263360 0.145238298937 0.165395882794 -0.600362189161
-0.199540034780 0.266292066731 0.943012359260 -1.003331828377
0.000000000000 0.000000000000 0.000000000000 1.000000000000
7 50 55
0.675220370242 0.495331019334 -0.546557071948 1.442213699221
0.162373469682 0.622986576997 0.765194472814 -1.366574350909
0.719522277594 -0.605421263392 0.340224610925 1.446837694378
0.000000000000 0.000000000000 0.000000000000 1.000000000000
7 51 55
0.106475494280 -0.954491765705 0.278582911031 -0.968105821723
0.952451777318 0.178349337197 0.247036689187 -1.344132673743
-0.285479563193 0.239033435156 0.928097212514 -0.931448045780
0.000000000000 0.000000000000 0.000000000000 1.000000000000
7 52 55
0.787547324726 0.078010650819 0.611296613500 -1.917456317612
0.598487165198 0.139652755037 -0.788866415246 2.072212122584
-0.146909238682 0.987122812202 0.063294780356 1.043555981739
0.000000000000 0.000000000000 0.000000000000 1.000000000000
7 54 55
0.281981060314 -0.127315611155 0.950935022376 -2.376393443401
0.934594767267 -0.187561241992 -0.302247252260 0.114409740737
0.216839347491 0.973966896593 0.066099786086 1.719002617503
0.000000000000 0.000000000000 0.000000000000 1.000000000000
8 27 55
-0.026550455868 0.913701830122 -0.405517002017 0.797678495201
-0.986099800789 0.042620574573 0.160594736857 -0.699438704494
0.164019072600 0.404144098379 0.899869596980 -0.430128502153
0.000000000000 0.000000000000 0.000000000000 1.000000000000
8 28 55
0.989969591392 -0.002935442345 0.141250101936 -0.265088148414
0.024680962352 0.988003399363 -0.152447148037 0.304011254279
-0.139108081060 0.154404229299 0.978165771103 0.262511864073
0.000000000000 0.000000000000 0.000000000000 1.000000000000
8 33 55
0.874850159974 -0.049395016840 0.481868581570 -1.307495986944
0.264801375450 0.881754593605 -0.390370424361 0.687089501317
-0.405607481628 0.469115091387 0.784483015673 0.786706076860
0.000000000000 0.000000000000 0.000000000000 1.000000000000
8 37 55
0.913644353280 -0.247155939396 0.322750580697 -0.816030826928
0.288034521691 0.953846103734 -0.084933648843 0.021163934146
-0.286862528110 0.170562457806 0.942665549362 0.070132809319
0.000000000000 0.000000000000 0.000000000000 1.000000000000
8 38 55
0.886589261373 -0.357524096877 0.293489355465 -0.100393365626
0.401457897251 0.909919600779 -0.104297060617 -0.051877649573
-0.229763004754 0.210292273446 0.950255818912 0.366433451005
0.000000000000 0.000000000000 0.000000000000 1.000000000000
8 39 55
0.999425744755 -0.029404599429 -0.016838950484 0.098217615817
0.026268128850 0.986251430387 -0.163150548474 -0.064149575491
0.021404815526 0.162614530694 0.986457474136 0.525050752378
0.000000000000 0.000000000000 0.000000000000 1.000000000000
8 40 55
0.996019894968 0.068814586518 -0.056647343360 0.423426850871
-0.066348922055 0.996811898902 0.044315445939 -0.122061008485
0.059516294991 -0.040380575640 0.997410256485 0.305393989382
0.000000000000 0.000000000000 0.000000000000 1.000000000000
8 41 55
0.993492660681 0.054759001648 -0.099868838537 0.412921176453
-0.025279894776 0.960987398302 0.275434469927 -0.449295790631
0.111055211910 -0.271117450642 0.956118229020 0.349128755099
0.000000000000 0.000000000000 0.000000000000 1.000000000000
8 42 55
0.627676656155 0.681115813753 -0.376965865263 0.224784323750
-0.610291838963 0.731152978211 0.304892101814 -0.381408497863
0.483286547105 0.038685536183 0.874607079023 0.321759101653
0.000000000000 0.000000000000 0.000000000000 1.000000000000
8 43 55
0.997954597138 -0.063105674683 -0.010212535147 -0.162149797928
0.063553093633 0.996626595896 0.051927185960 -0.057646464856
0.006901184035 -0.052470012148 0.998598653857 -0.002999577430
0.000000000000 0.000000000000 0.000000000000 1.000000000000
9 12 55
0.996670133540 -0.081512893588 -0.002071976878 -0.366627349298
0.081520587558 0.996663835601 0.003948747713 0.020613061285
0.001743190570 -0.004104507683 0.999990057102 -0.117598561562
0.000000000000 0.000000000000 0.000000000000 1.000000000000
9 19 55
0.728155655389 -0.218532721372 0.649640509217 -3.244959832791
0.331315128153 0.941945014398 -0.054496566023 -0.094109325743
-0.600016355929 0.254917711314 0.758285785886 1.128270631508
0.000000000000 0.000000000000 0.000000000000 1.000000000000
9 24 55
0.967104834828 0.144080454952 -0.209640313283 0.248788014616
-0.132587082839 0.988838898507 0.067958062544 -0.621820087885
0.217091925038 -0.037926973268 0.975414086828 -0.116476510854
0.000000000000 0.000000000000 0.000000000000 1.000000000000
9 27 55
0.995383205737 -0.076245590421 0.058299945773 -1.026166191621
0.094461386278 0.885846542428 -0.454260882941 0.912186244584
-0.017009416162 0.457670747601 0.888959035362 0.456317392592
0.000000000000 0.000000000000 0.000000000000 1.000000000000
9 29 55
0.185946211962 -0.444672154390 0.876179594243 -2.295159746693
0.932134337244 0.361834698858 -0.014185486694 -0.584684782183
-0.310724288699 0.819354822902 0.481775975532 1.492353968774
0.000000000000 0.000000000000 0.000000000000 1.000000000000
9 36 55
0.717675704564 0.611439164482 0.333292260960 -1.433502951423
-0.322522513821 0.716027796545 -0.619098879545 1.399866950095
-0.617187824862 0.336817966730 0.711078649750 0.404684399701
0.000000000000 0.000000000000 0.000000000000 1.000000000000
9 37 55
0.978905189817 -0.161513541536 -0.125131951356 0.079298519430
0.125806191649 0.959060544818 -0.253723616394 0.214147329229
0.160988917297 0.232628990614 0.959148748231 -0.011288337182
0.000000000000 0.000000000000 0.000000000000 1.000000000000
9 38 55
0.996289857371 -0.081254980438 0.028357507897 0.172693997406
0.086019171536 0.929903041205 -0.357604580627 0.239952158473
0.002687420369 0.358717105964 0.933442454392 0.584640927455
0.000000000000 0.000000000000 0.000000000000 1.000000000000
9 39 55
0.840711202389 0.540804183609 -0.027120272268 0.432062953415
-0.491628653410 0.783339743852 0.380368390968 -0.859570145860
0.226949204280 -0.306446864387 0.924437330480 0.534789822989
0.000000000000 0.000000000000 0.000000000000 1.000000000000
9 41 55
-0.524533972441 -0.731631915658 0.435406536177 -1.086778740169
-0.015570053142 -0.503078172632 -0.864100645565 1.394061219848
0.851247135208 -0.460029447114 0.252490044532 1.930400262301
0.000000000000 0.000000000000 0.000000000000 1.000000000000
9 42 55
0.899426465064 0.179658182633 -0.398440674825 0.663504176138
-0.123364830199 0.978898279267 0.162908801229 0.001610331729
0.419300790140 -0.097370921024 0.902610520173 0.210175501416
0.000000000000 0.000000000000 0.000000000000 1.000000000000
9 44 55
0.779683092903 0.204084435040 -0.591982954160 0.773717163054
-0.245763273724 0.969273367225 0.010466750988 -0.150670964742
0.575929412280 0.137326920020 0.805882515698 0.379854861304
0.000000000000 0.000000000000 0.000000000000 1.000000000000
10 19 55
0.602653411169 -0.436029504164 0.668346569905 -2.117891094505
0.289423840102 0.899926989573 0.326136864243 -0.790521953738
-0.743668411852 -0.003112062963 0.668541403563 1.458735430842
0.000000000000 0.000000000000 0.000000000000 1.000000000000
10 27 55
0.996547577210 0.078319568570 0.027549438016 0.045365250432
-0.066436637619 0.951268932828 -0.301120558277 0.883506358310
-0.049790556713 0.298250670769 0.953188039081 0.446869198788
0.000000000000 0.000000000000 0.000000000000 1.000000000000
10 28 55
0.822842800972 0.421671163769 0.380950330797 -0.646775327316
-0.480086589297 0.874503793674 0.068992620093 -0.114161471810
-0.304050311077 -0.239659225768 0.922017821866 1.069784955189
0.000000000000 0.000000000000 0.000000000000 1.000000000000
10 31 55
0.434137677203 -0.892944739473 0.119055321088 -0.733695416754
0.899027455428 0.421066182934 -0.120220231143 0.063533391700
0.057219853369 0.159226134274 0.985582531574 1.396273244759
0.000000000000 0.000000000000 0.000000000000 1.000000000000
10 32 55
0.248784886657 0.692699598105 -0.676958896062 0.820799223367
-0.193952639508 0.720407148887 0.665879804064 -1.140117463964
0.948940700886 -0.034362866851 0.313577326321 1.912221743790
0.000000000000 0.000000000000 0.000000000000 1.000000000000
10 36 55
0.687307875630 -0.513865194658 0.513371644928 -1.283603049341
0.476168744428 0.852466809310 0.215786157700 -0.413265267099
-0.548517284073 0.096140005951 0.830593696298 0.143811257414
0.000000000000 0.000000000000 0.000000000000 1.000000000000
10 37 55
0.634990397629 0.465547586931 0.616484094865 -1.724576265329
-0.530743581803 -0.316959574477 0.786033000911 -1.384078596287
0.561336303203 -0.826318384432 0.045820107558 2.591022176216
0.000000000000 0.000000000000 0.000000000000 1.000000000000
10 38 55
0.170932478663 -0.863475501116 -0.474544146219 0.737225367454
-0.418306223121 0.372472626576 -0.828422625324 1.522624218227
0.892077346106 0.340109102237 -0.297529506335 2.748405879321
0.000000000000 0.000000000000 0.000000000000 1.000000000000
10 39 55
0.936969517160 0.232699589278 0.260651155884 -0.558797176904
-0.344030992422 0.483988646160 0.804610257604 -1.461259714987
0.061080276417 -0.843567360404 0.533538478738 2.097387399214
0.000000000000 0.000000000000 0.000000000000 1.000000000000
10 40 55
0.941568261955 0.333687448867 -0.045846423495 0.332173335482
-0.244377699448 0.770458128065 0.588790126370 -1.014979924232
0.231794624810 -0.543182252441 0.806984691640 1.335117244969
0.000000000000 0.000000000000 0.000000000000 1.000000000000
10 41 55
0.708926177162 0.569842205906 0.415576149101 -0.422810986843
-0.675038108702 0.377521516227 0.633877793100 -1.197318075332
0.204321381979 -0.729902298362 0.652300090229 1.531569413095
0.000000000000 0.000000000000 0.000000000000 1.000000000000
10 44 55
0.947734098554 -0.077845846194 -0.309418975935 0.898382398304
0.133332017496 0.977672012612 0.162419237980 -0.229021406476
0.289866609924 -0.195185706408 0.936952447281 0.114600800376
0.000000000000 0.000000000000 0.000000000000 1.000000000000
10 45 55
0.911212503601 0.074593478940 -0.405126629810 0.821842977993
-0.084560280668 0.996395616166 -0.006733128464 0.096264611992
0.403164150458 0.040392932367 0.914235789498 0.108980393783
0.000000000000 0.000000000000 0.000000000000 1.000000000000
10 49 55
0.971530045537 -0.023123005811 0.235785277787 -0.952277093381
0.005350898593 0.997113461020 0.075737135788 -0.136845885770
-0.236855944623 -0.072319239870 0.968849415049 -0.060450372288
0.000000000000 0.000000000000 0.000000000000 1.000000000000
10 51 55
0.693418358322 0.646779122022 -0.317565343920 0.398071162605
-0.568918232362 0.761920687806 0.309530144541 -0.756216719769
0.442157240388 -0.033965170556 0.896294227339 -0.204373067369
0.000000000000 0.000000000000 0.000000000000 1.000000000000
11 26 55
0.982854985636 0.070480100834 -0.170377911118 0.174787093727
-0.078211877257 0.996169941091 -0.039094126457 -0.078448437761
0.166969995706 0.051749433369 0.984602974137 -0.401014220688
0.000000000000 0.000000000000 0.000000000000 1.000000000000
11 37 55
0.956405273720 0.217588690954 -0.194792489511 -0.088155148432
-0.093181083500 0.859496994369 0.502575568794 -1.618644278531
0.276778319380 -0.462514949207 0.842302608141 1.158613630489
0.000000000000 0.000000000000 0.000000000000 1.000000000000
11 38 55
0.882264689250 0.433164457298 -0.184330060045 0.577293314048
-0.042270684911 -0.317085981642 -0.947454309950 0.876156167225
-0.468852010019 0.843697240235 -0.261443606770 3.279565251901
0.000000000000 0.000000000000 0.000000000000 1.000000000000
11 46 55
0.991042565255 -0.053614249718 -0.122311675978 0.142170754277
0.042416990411 0.994819710315 -0.092382589768 0.298747602546
0.126631089302 0.086366985562 0.988182832793 -0.502159828669
0.000000000000 0.000000000000 0.000000000000 1.000000000000
11 50 55
0.823460123067 -0.486666719790 0.291665784020 -1.387556715235
0.143911562136 0.676407115559 0.722331555661 -2.367640859128
-0.548819540470 -0.552837153120 0.627031254507 0.828742348648
0.000000000000 0.000000000000 0.000000000000 1.000000000000
11 54 55
0.955175729782 -0.224510439886 -0.192962140372 -0.062211278080
0.185805057132 0.962091500255 -0.199640742038 0.298997273935
0.230468665937 0.154838649954 0.960681625983 0.073817822396
0.000000000000 0.000000000000 0.000000000000 1.000000000000
12 19 55
0.970776213423 -0.174762534336 0.164473706241 -1.218852127829
0.214967675549 0.937915297985 -0.272220117323 0.784539457671
-0.106688527599 0.299621345032 0.948074157268 -0.232980984110
0.000000000000 0.000000000000 0.000000000000 1.000000000000
12 24 55
-0.758904243373 0.359030911957 -0.543287358264 0.971741498296
0.650202943167 0.463969644963 -0.601638015130 0.825612489139
0.036062197487 -0.809832681986 -0.585551488001 3.987561006774
0.000000000000 0.000000000000 0.000000000000 1.000000000000
12 25 55
0.997512532443 0.016390171372 0.068557347546 -0.470498954402
-0.028017469585 0.984654437437 0.172251735066 -0.089108776638
-0.064682061023 -0.173744067863 0.982664352597 0.495337558368
0.000000000000 0.000000000000 0.000000000000 1.000000000000
12 26 55
0.947179927147 0.271293152643 -0.171026930449 -0.239900407882
-0.241176337520 0.954069696488 0.177721660088 0.136863512956
0.211386281083 -0.127086740351 0.969105154561 -0.732586126784
0.000000000000 0.000000000000 0.000000000000 1.000000000000
12 27 55
0.851028505461 -0.389675408482 0.351999373461 -1.615171376731
0.442790687097 0.892857337108 -0.082110797058 0.093170269934
-0.282288664868 0.225740673335 0.932391687055 0.312386182192
0.000000000000 0.000000000000 0.000000000000 1.000000000000
12 28 55
0.965508857871 0.257344601330 -0.039577790980 -0.713160572869
-0.231726348084 0.918618173697 0.320068040512 -0.286980427271
0.118724660353 -0.299857311267 0.946567508371 0.685321309943
0.000000000000 0.000000000000 0.000000000000 1.000000000000
12 32 55
0.870918317660 -0.305253931340 0.385125072367 -1.220346377872
0.191248438173 0.932436709624 0.306571064262 -0.368867073621
-0.452686777872 -0.193343786939 0.870455548085 1.091951471404
0.000000000000 0.000000000000 0.000000000000 1.000000000000
12 33 55
0.512607168600 -0.364581156284 0.777376659788 -2.110488566481
0.469571923413 0.877020279209 0.101674178622 -0.042558760875
-0.718843584824 0.312915340529 0.620763956927 1.196336503156
0.000000000000 0.000000000000 0.000000000000 1.000000000000
12 34 55
0.983901620960 0.083736025355 -0.157879315713 0.003592192181
-0.073757567639 0.994952005897 0.068046507460 -0.112798801278
0.162780285932 -0.055306274683 0.985111056934 0.128558790676
0.000000000000 0.000000000000 0.000000000000 1.000000000000
12 35 55
0.895174419178 -0.150863344461 0.419407928569 -1.726621112576
0.290369368594 0.911286676149 -0.291962709359 1.314760901289
-0.338154386384 0.383140764174 0.859566615102 -0.134335377986
0.000000000000 0.000000000000 0.000000000000 1.000000000000
12 36 55
0.820736368013 0.530436868515 0.212199299578 -0.276880921567
-0.552512834435 0.831439840767 0.058628994272 -0.040770447296
-0.145331971726 -0.165361784294 0.975466092844 -0.571141792892
0.000000000000 0.000000000000 0.000000000000 1.000000000000
12 38 55
0.881773218717 0.154228984706 0.445745904109 -1.218638797935
-0.471394476931 0.320660841820 0.821561848945 -1.221855480040
-0.016224607013 -0.934553393231 0.355452834181 1.759156141283
0.000000000000 0.000000000000 0.000000000000 1.000000000000
12 39 55
0.652439644016 0.565494233545 -0.504518367102 0.424765337439
-0.750146601457 0.576525515313 -0.323880234832 0.635087400780
0.107715306422 0.589775043572 0.800351679415 1.043997892206
0.000000000000 0.000000000000 0.000000000000 1.000000000000
12 40 55
0.902522630908 -0.006966733617 -0.430586071909 0.937039746999
0.120356085654 0.964106347617 0.236671424406 -0.228911098972
0.413481938355 -0.265424970767 0.870966286114 0.872641446251
0.000000000000 0.000000000000 0.000000000000 1.000000000000
12 41 55
0.734835918373 0.678238900284 -0.002857833284 -0.010254567574
-0.673827622105 0.730523682186 0.110866971877 0.004418436430
0.077282007978 -0.079543346090 0.993831146290 0.716919080971
0.000000000000 0.000000000000 0.000000000000 1.000000000000
12 47 55
0.653706076853 -0.715419032081 0.246665712292 -1.021390626996
0.748077216440 0.660125679812 -0.067930590287 0.095732513535
-0.114231533862 0.228931639117 0.966716846487 -0.654527742030
0.000000000000 0.000000000000 0.000000000000 1.000000000000
12 48 55
0.999762422103 0.018276077466 0.011877893073 -1.120853321623
-0.018583297329 0.999481593037 0.026290801439 0.147345814981
-0.011391242767 -0.026505285744 0.999583768083 -0.473359825876
0.000000000000 0.000000000000 0.000000000000 1.000000000000
12 52 55
0.987447158392 -0.128586100885 0.091726354140 -1.192031936125
0.144951434061 0.968423198053 -0.202843760656 0.303767185736
-0.062747040950 0.213593361631 0.974905474761 -0.647883777192
0.000000000000 0.000000000000 0.000000000000 1.000000000000
13 15 55
0.531642276082 0.488439372068 -0.691941811207 1.447591118357
-0.612017370637 0.786284533173 0.084801951223 -0.932315716971
0.585483755813 0.378396105564 0.716955479073 1.074662367859
0.000000000000 0.000000000000 0.000000000000 1.000000000000
13 16 55
0.999967238607 -0.004911115298 -0.006434489806 -0.067331975378
0.003604616425 0.981919495349 -0.189264659652 0.095823374614
0.007247651548 0.189235265211 0.981905028986 0.076170301226
0.000000000000 0.000000000000 0.000000000000 1.000000000000
13 24 55
0.860276233815 -0.041330328361 0.508150180056 -1.064877027951
0.200512964971 0.943814618425 -0.262694721924 -0.067741499367
-0.468742309176 0.327880725273 0.820228552040 0.583190031260
0.000000000000 0.000000000000 0.000000000000 1.000000000000
13 25 55
0.898622867128 0.305436995514 -0.314936794368 -0.195146948879
-0.199405935156 0.923770793048 0.326932401173 -0.390732901673
0.390786662644 -0.230988665703 0.891027508339 0.701416547860
0.000000000000 0.000000000000 0.000000000000 1.000000000000
13 26 55
0.997112014672 -0.075752064302 -0.005408784516 -0.329939252575
0.074145907032 0.986429811421 -0.146487581759 -0.232553008236
0.016432123003 0.145663488538 0.989197722116 0.936025227581
0.000000000000 0.000000000000 0.000000000000 1.000000000000
13 28 55
-0.802501431613 0.399497334279 -0.443162873177 0.935519632975
-0.312173704282 0.351839444838 0.882471859841 -1.454504396229
0.508467334854 0.846528726600 -0.157639095488 2.369885633258
0.000000000000 0.000000000000 0.000000000000 1.000000000000
13 29 55
0.892280123550 0.200053665439 -0.404740302000 -0.178396568002
-0.189698188560 0.979621640799 0.066000288896 -0.384621359489
0.409695958456 0.017887756196 0.912046736633 0.717352507162
0.000000000000 0.000000000000 0.000000000000 1.000000000000
13 31 55
0.981375178032 0.119361483949 -0.150517760057 -0.391820568242
-0.075923997926 0.960742612031 0.266850482419 -0.387414810163
0.176460495529 -0.250452529589 0.951911352984 1.157957577108
0.000000000000 0.000000000000 0.000000000000 1.000000000000
13 32 55
0.107293088719 0.678538721430 -0.726686587624 0.726599872534
-0.606813204964 0.623673425014 0.492756728226 -0.644485766595
0.787569633362 0.388093625883 0.478662104365 1.436473336932
0.000000000000 0.000000000000 0.000000000000 1.000000000000
13 33 55
0.666916676833 0.487212760141 -0.563778212170 0.402283831765
-0.422507390645 0.870487239236 0.252466772424 -0.474806523598
0.613766772490 0.069826160451 0.786393448792 0.914608621860
0.000000000000 0.000000000000 0.000000000000 1.000000000000
13 38 55
0.436000404328 -0.180583314586 -0.881642395713 0.704525453905
0.828476586992 0.463140577976 0.314844961590 -0.836743587198
0.351468621974 -0.867692613502 0.351538527394 2.283043706996
0.000000000000 0.000000000000 0.000000000000 1.000000000000
13 41 55
-0.449768122975 0.817456357387 -0.359824595218 0.076816324102
-0.429529249504 0.155254666269 0.889606998861 -1.831790484713
0.783079344241 0.554672058400 0.281292815859 2.089036832889
0.000000000000 0.000000000000 0.000000000000 1.000000000000
14 16 55
0.824199836232 0.302986300944 -0.478428606373 0.320597615912
-0.309085560979 0.948581211813 0.068262732069 0.155574239272
0.474511059881 0.091613241597 0.875469170225 -0.263433690867
0.000000000000 0.000000000000 0.000000000000 1.000000000000
14 17 55
0.983610614275 0.171563809454 -0.055461867730 0.114454821423
-0.179893863306 0.913004113420 -0.366144352439 1.074281666409
-0.012180206538 0.370120721068 0.928903813323 0.013459442221
0.000000000000 0.000000000000 0.000000000000 1.000000000000
14 24 55
0.980155521320 0.072144636876 -0.184635601646 -0.062469534305
-0.078682527530 0.996497339185 -0.028321597027 -0.124039291704
0.181945634426 0.042287165508 0.982398891361 0.515457387681
0.000000000000 0.000000000000 0.000000000000 1.000000000000
14 25 55
0.958884461538 0.155585901100 -0.237347038743 0.427605194544
-0.052641498421 0.919324229747 0.389963887102 -0.123236152022
0.278871766347 -0.361436008138 0.889715993987 0.630821340399
0.000000000000 0.000000000000 0.000000000000 1.000000000000
14 30 55
-0.474172207053 0.422018820269 -0.772697116209 2.191431925936
-0.548420270886 0.544999032177 0.634201278308 -1.262998314134
0.688764055784 0.724483381635 -0.026979718198 3.169394452557
0.000000000000 0.000000000000 0.000000000000 1.000000000000
14 31 55
0.857717775189 -0.511493209629 -0.051912567156 0.482198565615
0.373372505901 0.689134901436 -0.621036278699 0.102782906350
0.353430601338 0.513291129991 0.782060755895 1.716799371646
0.000000000000 0.000000000000 0.000000000000 1.000000000000
14 39 55
0.442102708700 -0.816410360058 0.371509513943 -0.116692970050
0.890387972756 0.449511691700 -0.071753027790 0.324338150859
-0.108417954842 0.362509810923 0.925652301922 0.947219280197
0.000000000000 0.000000000000 0.000000000000 1.000000000000
14 47 55
1.000000000000 0.000000000000 0.000000000000 0.000000000000
0.000000000000 1.000000000000 0.000000000000 0.000000000000
0.000000000000 0.000000000000 1.000000000000 0.000000000000
0.000000000000 0.000000000000 0.000000000000 1.000000000000
15 22 55
0.283337856712 -0.463517903178 0.839565847559 -2.408827795587
0.573183253300 0.783722577380 0.239248573333 -0.530158533451
-0.768882706978 0.413436905874 0.487738975038 1.687963419154
0.000000000000 0.000000000000 0.000000000000 1.000000000000
15 23 55
0.993427355805 -0.025458802869 -0.111597213655 -0.241118087270
0.031026044154 0.998344233652 0.048437338058 -0.099589334873
0.110179278103 -0.051581396748 0.992572358161 0.170313339802
0.000000000000 0.000000000000 0.000000000000 1.000000000000
15 24 55
0.979572409059 -0.103054475787 0.172677938462 -0.177273963427
0.111354157934 0.993012818170 -0.039061419074 -0.144095640676
-0.167445952242 0.057491894814 0.984203502894 0.568088464998
0.000000000000 0.000000000000 0.000000000000 1.000000000000
15 25 55
0.914069338461 -0.316940651218 0.253033333953 0.109191947372
0.210862949281 0.904360106286 0.371038562388 -0.063850140899
-0.346430456378 -0.285799618202 0.893478884546 0.418753335470
0.000000000000 0.000000000000 0.000000000000 1.000000000000
15 27 55
0.610165088616 -0.299104090222 0.733645219331 -1.775402809799
0.236839552835 0.952516835315 0.191360143849 -0.194811997203
-0.756046024292 0.056994926557 0.652032198208 1.168284205291
0.000000000000 0.000000000000 0.000000000000 1.000000000000
15 28 55
0.759713954993 -0.585530278471 0.282823265632 -0.844204393835
0.284604253862 0.690481214388 0.665008354279 -0.974930077893
-0.584666678777 -0.424723422443 0.691212622249 1.758358811783
0.000000000000 0.000000000000 0.000000000000 1.000000000000
15 31 55
0.313030096908 0.760875276931 -0.568402121199 1.262498397698
-0.463977183798 0.644715574213 0.607508848727 -0.569625224315
0.828696163467 0.073557061669 0.554844146886 1.618668427955
0.000000000000 0.000000000000 0.000000000000 1.000000000000
15 39 55
0.493784079698 -0.752717587091 0.435423376406 0.211321223787
0.863759078764 0.482421410683 -0.145567291541 0.262481732823
-0.100486499042 0.447979705565 0.888378661896 0.858064437614
0.000000000000 0.000000000000 0.000000000000 1.000000000000
15 41 55
0.579885404959 0.807254862191 -0.109874949759 0.218029574377
-0.764539489978 0.585802786463 0.268913487273 -0.326091336889
0.281446771841 -0.071935268416 0.956876706675 1.360940489798
0.000000000000 0.000000000000 0.000000000000 1.000000000000
15 46 55
0.705277939592 -0.372516192615 0.603170551473 -1.868063238317
0.439338806083 0.897406958695 0.040523622188 0.382023204182
-0.556385155620 0.236415813187 0.796582150114 0.741410476327
0.000000000000 0.000000000000 0.000000000000 1.000000000000
15 47 55
1.000000000000 0.000000000000 0.000000000000 0.000000000000
0.000000000000 1.000000000000 0.000000000000 0.000000000000
0.000000000000 0.000000000000 1.000000000000 0.000000000000
0.000000000000 0.000000000000 0.000000000000 1.000000000000
15 48 55
0.980549527718 -0.116553493745 0.157917404958 -0.688247127269
0.162312671678 0.933903119263 -0.318558566739 0.969636302296
-0.110350443161 0.337994448070 0.934656371491 0.251912782027
0.000000000000 0.000000000000 0.000000000000 1.000000000000
16 22 55
0.947894914240 0.129780940203 -0.290950406629 0.021059046734
-0.077525612288 0.979776704441 0.184465142710 0.164354609357
0.309006490218 -0.152297462210 0.938786702083 -0.083401283021
0.000000000000 0.000000000000 0.000000000000 1.000000000000
16 23 55
0.992512786247 -0.063302274639 0.104456647286 -0.148483734639
0.067117831431 0.997185098815 -0.033422678020 -0.172446878149
-0.102046880603 0.040183338930 0.993967672227 0.538944221120
0.000000000000 0.000000000000 0.000000000000 1.000000000000
16 24 55
0.910875861750 -0.248518025913 0.329460096640 0.091277475163
0.267457295773 0.963486315413 -0.012677340021 -0.419951656147
-0.314279747071 0.099663989529 0.944084386997 0.946938832504
0.000000000000 0.000000000000 0.000000000000 1.000000000000
16 31 55
0.813292783223 0.410347426370 -0.412516470494 -0.000708582758
-0.302301971812 0.903767403279 0.303014848825 -0.094813512703
0.497160302715 -0.121735247323 0.859076342919 1.010706593304
0.000000000000 0.000000000000 0.000000000000 1.000000000000
16 32 55
0.909497971161 0.270391339228 -0.315756178283 -0.168945119914
-0.152464573191 0.923595739902 0.351746305108 0.102093716415
0.386740215617 -0.271770919905 0.881233551744 0.497707297800
0.000000000000 0.000000000000 0.000000000000 1.000000000000
16 33 55
0.928453404273 0.090419275307 -0.360275770412 0.189058404908
-0.041746542439 0.989175679267 0.140672320452 0.113165850524
0.369095519192 -0.115567427071 0.922178218954 0.279761814797
0.000000000000 0.000000000000 0.000000000000 1.000000000000
16 44 55
1.000000000000 0.000000000000 0.000000000000 0.000000000000
0.000000000000 1.000000000000 0.000000000000 0.000000000000
0.000000000000 0.000000000000 1.000000000000 0.000000000000
0.000000000000 0.000000000000 0.000000000000 1.000000000000
17 21 55
0.765397499540 0.319893997968 -0.558421433831 0.501737087685
-0.271224311500 0.947227770799 0.170871071507 -0.081920615831
0.583612920136 0.020673178043 0.811768796616 0.091882308557
0.000000000000 0.000000000000 0.000000000000 1.000000000000
17 22 55
0.994198691421 -0.026598845425 0.104218344828 0.033284599203
0.008092297027 0.984691515921 0.174118158735 0.000948102950
-0.107254261945 -0.172264679765 0.979194262340 0.155540265656
0.000000000000 0.000000000000 0.000000000000 1.000000000000
17 31 55
-0.528744330725 -0.764430858645 -0.368883308213 0.593591177461
-0.551292336563 -0.021155827553 0.834043878107 -0.533488565079
-0.645372909544 0.644358513029 -0.410238850323 2.733498377555
0.000000000000 0.000000000000 0.000000000000 1.000000000000
17 39 55
-0.712678699505 -0.434521765530 -0.550708549554 1.658993144663
0.467077218422 -0.879662687813 0.089623812134 0.164528721524
-0.523381259984 -0.193350435611 0.829872077941 1.442586920365
0.000000000000 0.000000000000 0.000000000000 1.000000000000
18 20 55
0.989411200537 0.041656392327 -0.139033165934 -0.098255483311
-0.059971413569 0.989664393795 -0.130260574272 -0.196953307622
0.132169988295 0.137219286668 0.981683228725 0.079668070143
0.000000000000 0.000000000000 0.000000000000 1.000000000000
18 21 55
0.951639154571 -0.158803445029 0.262991226726 0.119515347314
0.129874082019 0.983738195819 0.124064035505 -0.014306437392
-0.278416311138 -0.083908449710 0.956788236633 0.044573273199
0.000000000000 0.000000000000 0.000000000000 1.000000000000
18 33 55
0.722742294788 0.275460013609 -0.633849632189 0.714559792459
-0.121200506947 0.953441644697 0.276151167429 -0.545389625005
0.680407240144 -0.122763231706 0.722478495529 0.210751535608
0.000000000000 0.000000000000 0.000000000000 1.000000000000
18 34 55
0.452197190642 -0.830538228763 0.325152197191 -1.351074092311
0.658052219422 0.556752191753 0.506946026212 -1.050587899074
-0.602067253128 -0.015272443849 0.798299301747 0.393238993834
0.000000000000 0.000000000000 0.000000000000 1.000000000000
18 35 55
1.000000000000 0.000000000000 0.000000000000 0.000000000000
0.000000000000 1.000000000000 0.000000000000 0.000000000000
0.000000000000 0.000000000000 1.000000000000 0.000000000000
0.000000000000 0.000000000000 0.000000000000 1.000000000000
18 38 55
0.968616979258 -0.070611175039 -0.238317455198 0.277377312235
0.088856145771 0.993809313997 0.066690574832 -0.729678303582
0.232133006811 -0.085773593677 0.968894812545 1.531526429472
0.000000000000 0.000000000000 0.000000000000 1.000000000000
18 39 55
0.801047779475 0.188868094237 -0.568024029401 0.479584831231
-0.337457435341 0.926242850832 -0.167918613074 -0.090141250544
0.494413727895 0.326194764309 0.805699721612 1.763933087440
0.000000000000 0.000000000000 0.000000000000 1.000000000000
18 49 55
1.000000000000 0.000000000000 0.000000000000 0.000000000000
0.000000000000 1.000000000000 0.000000000000 0.000000000000
0.000000000000 0.000000000000 1.000000000000 0.000000000000
0.000000000000 0.000000000000 0.000000000000 1.000000000000
19 27 55
0.900206807759 -0.389657562883 0.194408556789 0.061295755031
0.391185106118 0.919751978688 0.032101564631 -0.176153615035
-0.191316272220 0.047151684897 0.980395227750 -0.219500718157
0.000000000000 0.000000000000 0.000000000000 1.000000000000
19 28 55
-0.383101837496 -0.094729977235 0.918835792468 -1.238263301582
0.108384779840 0.983245992104 0.146560767294 -0.423603726033
-0.917325308496 0.155735514331 -0.366416058559 3.169486770928
0.000000000000 0.000000000000 0.000000000000 1.000000000000
19 31 55
0.607750631854 0.778720911734 -0.155669236233 0.241704060338
-0.554476918798 0.556442638473 0.618810905374 -0.871077598904
0.568501992962 -0.289767720281 0.769961136864 1.102057321950
0.000000000000 0.000000000000 0.000000000000 1.000000000000
19 37 55
0.727588152713 0.033808245036 -0.685180620420 1.547720086238
-0.146942363780 0.983284015645 -0.107519701932 0.394417429745
0.670092099460 0.178912121289 0.720393663976 0.879265532902
0.000000000000 0.000000000000 0.000000000000 1.000000000000
19 38 55
0.365585184244 0.416807476266 -0.832237346428 1.716030507484
-0.335697421018 0.892997039314 0.299772462540 -0.252039043647
0.868132889933 0.169787559922 0.466387681991 1.655776311617
0.000000000000 0.000000000000 0.000000000000 1.000000000000
19 39 55
0.025227271962 0.066190043646 -0.997488076556 2.133769014666
0.947781817696 0.315739882757 0.044921625981 -0.369490383571
0.317920132728 -0.946534312404 -0.054768463989 2.669444078822
0.000000000000 0.000000000000 0.000000000000 1.000000000000
19 41 55
0.449253780407 -0.341325267635 -0.825631941281 2.011651386194
0.443479291580 0.887445137251 -0.125567696119 0.548975374791
0.775562478933 -0.309738906247 0.550058770703 1.752745483686
0.000000000000 0.000000000000 0.000000000000 1.000000000000
19 42 55
0.295598876534 0.893749808793 -0.337390846756 1.319013200631
0.534661971266 0.137902336356 0.833738281543 -1.851251194637
0.791680415745 -0.426842154561 -0.437090258889 3.113845671320
0.000000000000 0.000000000000 0.000000000000 1.000000000000
19 47 55
0.259045888914 -0.659947138571 -0.705241094753 2.512602065091
-0.261769980531 0.654867294921 -0.708960720588 1.589200717458
0.929715926899 0.368264307713 -0.003113669082 2.358435866374
0.000000000000 0.000000000000 0.000000000000 1.000000000000
20 31 55
0.613036554937 0.696362504819 0.373182856241 -1.071283015808
-0.734062277568 0.676697391453 -0.056861349369 0.314256630642
-0.292127977027 -0.239081371675 0.926013683892 1.580531582579
0.000000000000 0.000000000000 0.000000000000 1.000000000000
20 36 55
0.707012353868 0.421027573363 -0.568215904341 1.171395291421
-0.262510988790 0.902309096786 0.341944841490 -0.130471919947
0.656674586262 -0.092596308380 0.748468043027 0.838897350690
0.000000000000 0.000000000000 0.000000000000 1.000000000000
20 37 55
0.966307331138 0.252157187172 0.051641986266 0.018761577631
-0.256676112016 0.929085295861 0.266304124143 0.046459346085
0.019170688787 -0.270586891723 0.962504659064 0.815536535081
0.000000000000 0.000000000000 0.000000000000 1.000000000000
20 38 55
0.893442172796 -0.449123845430 -0.006989659183 0.233965828920
0.429240055160 0.858265291332 -0.281307064860 0.544518145577
0.132340692591 0.248331353558 0.959592350910 1.515542595636
0.000000000000 0.000000000000 0.000000000000 1.000000000000
21 32 55
0.916160930046 -0.246579684732 0.315986723352 0.486410561341
0.141492787269 0.936580407979 0.320619604112 -0.223019665050
-0.375005255174 -0.249029312467 0.892947624513 0.997634801645
0.000000000000 0.000000000000 0.000000000000 1.000000000000
21 38 55
0.784312353745 0.508060058482 0.355990321129 0.274241505702
-0.495494728858 0.167749337631 0.852258841783 -1.579185783415
0.373281536426 -0.844828465843 0.383308958758 2.500461334952
0.000000000000 0.000000000000 0.000000000000 1.000000000000
22 25 55
0.989488947284 0.103867285531 -0.100614164998 0.207987085897
-0.075490706215 0.964456792736 0.253227660851 -0.406740993488
0.123340084632 -0.242970537188 0.962160351283 0.512505133742
0.000000000000 0.000000000000 0.000000000000 1.000000000000
22 28 55
0.278956145260 -0.939414604961 0.199207602786 -0.580706482135
0.855753002510 0.337305647824 0.392315814925 -1.102791414373
-0.435741055807 0.061033596751 0.898000352089 1.222150514357
0.000000000000 0.000000000000 0.000000000000 1.000000000000
22 31 55
-0.368375994103 -0.904635507779 0.214321545894 0.649092745154
-0.769766255642 0.167528351235 -0.615949805754 0.619179798682
0.521305130077 -0.391878615898 -0.758071310470 3.713821081134
0.000000000000 0.000000000000 0.000000000000 1.000000000000
22 32 55
0.987043912314 0.160236026206 -0.008290420291 -0.042314120176
-0.159090798758 0.984085120503 0.079161817534 -0.120294199487
0.020843054320 -0.076817260499 0.996827304791 0.650415341023
0.000000000000 0.000000000000 0.000000000000 1.000000000000
22 33 55
0.928320143596 -0.217902749281 0.301230979234 -0.561206552491
0.160463767982 0.965716824951 0.204064678891 -0.400177479290
-0.335370079404 -0.141100694050 0.931459877815 0.386782797001
0.000000000000 0.000000000000 0.000000000000 1.000000000000
22 35 55
1.000000000000 0.000000000000 0.000000000000 0.000000000000
0.000000000000 1.000000000000 0.000000000000 0.000000000000
0.000000000000 0.000000000000 1.000000000000 0.000000000000
0.000000000000 0.000000000000 0.000000000000 1.000000000000
22 39 55
0.961929860455 0.121673677883 -0.244717101314 0.926511967571
-0.033768604136 -0.835649945540 -0.548223357669 0.168506590784
-0.271202184615 0.535616172860 -0.799727885240 4.220586811520
0.000000000000 0.000000000000 0.000000000000 1.000000000000
23 31 55
0.927387554661 0.144117190596 0.345228270618 -0.603841459699
0.355452138631 -0.051716507929 -0.933262653250 1.504662124043
-0.116645191080 0.988208296961 -0.099188009435 2.575440841624
0.000000000000 0.000000000000 0.000000000000 1.000000000000
23 37 55
0.052788962486 -0.568560634673 -0.820945875281 1.219407354267
0.944073317424 -0.239535915742 0.226601227706 -0.933592384280
-0.325482559852 -0.786995139610 0.524118072062 1.903253373293
0.000000000000 0.000000000000 0.000000000000 1.000000000000
23 38 55
0.370622234161 -0.854238109460 0.364577031493 0.233672098367
0.927886959641 0.357791316613 -0.104934093050 -0.207365204580
-0.040803794840 0.377177181313 0.925241819323 1.261250001578
0.000000000000 0.000000000000 0.000000000000 1.000000000000
23 39 55
0.254442347944 -0.838454789322 -0.481925987923 0.808570984706
0.948998727085 0.312405024473 -0.042479603043 -0.624356322065
0.186173326671 -0.446538539150 0.875181595722 1.763848107896
0.000000000000 0.000000000000 0.000000000000 1.000000000000
23 40 55
-0.127223264866 -0.804410620847 -0.580291128612 0.824178270979
0.834845228555 0.229062980093 -0.500563278227 0.592713532221
0.535581632654 -0.548136574422 0.642416228426 2.057196091352
0.000000000000 0.000000000000 0.000000000000 1.000000000000
23 48 55
0.960783653949 -0.014167428503 -0.276936913887 0.720999006770
-0.015130808721 0.994527741602 -0.103371320067 0.302315030922
0.276885949321 0.103507754080 0.955311632879 -0.123117723461
0.000000000000 0.000000000000 0.000000000000 1.000000000000
24 31 55
-0.231543568958 0.431707040265 -0.871789313458 1.521016238274
0.039727080329 0.899590901947 0.434922945156 0.036883344454
0.972013032198 0.066069966857 -0.225444948307 2.253414682461
0.000000000000 0.000000000000 0.000000000000 1.000000000000
24 32 55
-0.092861244181 0.930668068326 0.353883788732 0.239319220535
0.888553048704 0.237834333718 -0.392311495299 0.802041554376
-0.449277496619 0.278013985804 -0.849033541581 3.396214079119
0.000000000000 0.000000000000 0.000000000000 1.000000000000
24 41 55
0.898497429731 0.437410689498 -0.037070978949 -0.111629243293
-0.272171177713 0.621344896579 0.734747146655 -1.336513660934
0.344420119606 -0.650078770772 0.677327375057 1.586783910155
0.000000000000 0.000000000000 0.000000000000 1.000000000000
24 48 55
0.983741341045 -0.116101527080 0.137016091494 0.001002012778
0.095614559160 0.984406372223 0.147654835354 -0.028371726212
-0.152022465429 -0.132153432557 0.979502241074 -0.459592113755
0.000000000000 0.000000000000 0.000000000000 1.000000000000
25 30 55
0.913763281085 -0.355741556591 0.196174950121 0.892417432694
0.356704749891 0.933681464458 0.031632962738 0.231479701258
-0.194418074123 0.041071496696 0.980058541422 -0.493366861330
0.000000000000 0.000000000000 0.000000000000 1.000000000000
25 31 55
0.756474010883 0.563064324192 -0.332724567294 0.040020203172
-0.566645162460 0.818294325068 0.096476201325 -0.282423876600
0.326588932327 0.115555027518 0.938076065624 0.595994196513
0.000000000000 0.000000000000 0.000000000000 1.000000000000
25 32 55
0.999697526995 0.015237609506 -0.019304656855 -0.254968979743
-0.014346983887 0.998863010935 0.045462615848 -0.295858791196
0.019975449259 -0.045171901033 0.998779495576 0.421985684720
0.000000000000 0.000000000000 0.000000000000 1.000000000000
25 38 55
-0.420923519714 0.874246850136 0.241900466265 -0.412404543201
-0.846742341091 -0.474336602186 0.240898724843 -0.492549758093
0.325347196631 -0.103427427960 0.939921256696 0.268693327345
0.000000000000 0.000000000000 0.000000000000 1.000000000000
25 39 55
0.746711165550 -0.599828232712 -0.287451781149 0.729321386867
0.639347583220 0.766458240055 0.061452697935 -0.341265036126
0.183458723082 -0.229669017271 0.955821656707 0.649559341894
0.000000000000 0.000000000000 0.000000000000 1.000000000000
25 49 55
0.884323994758 0.466617840136 0.015455211511 -0.171078328935
0.463418385274 -0.873277970514 -0.150429340241 -0.474216926791
-0.056696318094 0.140190504253 -0.988499949434 5.329879045209
0.000000000000 0.000000000000 0.000000000000 1.000000000000
26 28 55
0.995792891398 0.090569832526 -0.013914843767 0.113918309905
-0.087989179909 0.987505009711 0.130735458142 -0.687070760155
0.025581666478 -0.128961084179 0.991319634178 1.107443580142
0.000000000000 0.000000000000 0.000000000000 1.000000000000
26 29 55
0.940243329534 0.300550600904 -0.160036925626 -0.186446598658
-0.289450545094 0.953025780184 0.089220200903 -0.159132205401
0.179334500897 -0.037565923402 0.983070667952 0.374714119901
0.000000000000 0.000000000000 0.000000000000 1.000000000000
26 31 55
0.944958660665 0.302878880333 0.123763942575 -0.562618004033
0.324202088142 -0.917760070991 -0.229367517619 0.791978106892
0.044115027803 0.256867350869 -0.965439292954 3.144772535416
0.000000000000 0.000000000000 0.000000000000 1.000000000000
26 32 55
0.983755303057 0.151170651382 0.096813934262 -0.004093399541
-0.175847793183 0.919953675000 0.350375212431 -0.440567385562
-0.036097885524 -0.361707989978 0.931592331788 0.789600254155
0.000000000000 0.000000000000 0.000000000000 1.000000000000
26 33 55
0.684369483991 0.502558812600 -0.528273649978 0.755498312981
-0.327544586653 0.859201220113 0.393049369814 -0.443100618361
0.651423789201 -0.095957820081 0.752621514195 0.159897919165
0.000000000000 0.000000000000 0.000000000000 1.000000000000
26 35 55
1.000000000000 0.000000000000 0.000000000000 0.000000000000
0.000000000000 1.000000000000 0.000000000000 0.000000000000
0.000000000000 0.000000000000 1.000000000000 0.000000000000
0.000000000000 0.000000000000 0.000000000000 1.000000000000
26 37 55
0.988172344053 0.084768247405 0.127787959845 -0.244497709525
-0.029598483852 0.923087761420 -0.383448711655 0.270089940554
-0.150463777047 0.375131082354 0.914678808571 1.094223757044
0.000000000000 0.000000000000 0.000000000000 1.000000000000
26 38 55
0.990826351688 -0.070478066041 0.115308208765 0.373446601629
0.051546565586 0.985831414280 0.159622599263 -1.208498963048
-0.124924346618 -0.152214535529 0.980420645843 1.452250276937
0.000000000000 0.000000000000 0.000000000000 1.000000000000
26 48 55
0.488767141162 0.404211353252 -0.773123446561 2.256656345137
-0.364700516641 0.899708192034 0.239830570086 -1.068816263470
0.792527737611 0.164737218284 0.587163890264 1.219863851679
0.000000000000 0.000000000000 0.000000000000 1.000000000000
26 49 55
0.992608992664 -0.120057371755 0.017709183199 -0.086859052311
0.083233676081 0.779700143555 0.620596359405 -1.859792598626
-0.088315020514 -0.614535526742 0.783930190466 0.012232324487
0.000000000000 0.000000000000 0.000000000000 1.000000000000
26 50 55
1.000000000000 0.000000000000 0.000000000000 0.000000000000
0.000000000000 1.000000000000 0.000000000000 0.000000000000
0.000000000000 0.000000000000 1.000000000000 0.000000000000
0.000000000000 0.000000000000 0.000000000000 1.000000000000
27 31 55
0.363069138177 0.849960534206 -0.381769421504 1.046064505608
-0.506014352650 0.523905684567 0.685180493440 -0.900323251777
0.782387548351 -0.055587084565 0.620306214876 1.516411865821
0.000000000000 0.000000000000 0.000000000000 1.000000000000
27 32 55
0.936797065711 -0.341082090572 0.077937572231 0.240190925314
0.349116999916 0.925922635561 -0.144168628088 0.019767516549
-0.022990825226 0.162266079159 0.986479164255 0.657779856986
0.000000000000 0.000000000000 0.000000000000 1.000000000000
27 37 55
0.837118662362 0.335612825491 -0.431968027163 0.779157704306
-0.148551152691 0.899471470311 0.410954534141 -1.104336538322
0.526464528872 -0.279848361551 0.802820026144 0.671860779524
0.000000000000 0.000000000000 0.000000000000 1.000000000000
27 38 55
0.966828806385 -0.253805855938 -0.028716661300 0.178856767938
0.250769997719 0.921823210342 0.295561122476 -0.881745335558
-0.048543458762 -0.292958284346 0.954892128067 1.048439050490
0.000000000000 0.000000000000 0.000000000000 1.000000000000
27 39 55
0.935337812498 0.229486814863 -0.269219201239 0.185575263499
0.091629043380 0.577895433023 0.810950668598 -1.806864904149
0.341683032826 -0.783181122279 0.519499792862 1.810870876182
0.000000000000 0.000000000000 0.000000000000 1.000000000000
27 40 55
-0.155012349134 0.881827017100 0.445367582484 -0.985148829619
-0.716692816778 -0.410659941839 0.563657536584 -1.559763964860
0.679943069672 -0.231817868339 0.695656451076 1.609579484721
0.000000000000 0.000000000000 0.000000000000 1.000000000000
27 41 55
0.917710957207 0.094313312351 -0.385890655673 0.812758451721
0.216748800007 0.695188180489 0.685370958973 -1.072778350498
0.332906228114 -0.712613775352 0.617539513279 1.460482146118
0.000000000000 0.000000000000 0.000000000000 1.000000000000
28 31 55
0.521756006032 -0.239077244984 -0.818909482850 1.156586290353
0.800104300785 0.470182868120 0.372506615232 -0.827894843506
0.295979354069 -0.849570562965 0.436607467306 1.372259134948
0.000000000000 0.000000000000 0.000000000000 1.000000000000
28 33 55
0.952815726283 0.167683021213 -0.253030820542 0.156237072564
-0.284736852774 0.782612505246 -0.553572570947 1.181439929590
0.105200363212 0.599499850733 0.793431038308 -0.001562497362
0.000000000000 0.000000000000 0.000000000000 1.000000000000
28 35 55
0.939414073676 -0.338817464877 -0.051999266090 0.970506985979
0.327331893415 0.931716983571 -0.157344507621 1.194975389696
0.101759666534 0.130790626650 0.986173809350 -1.113999509649
0.000000000000 0.000000000000 0.000000000000 1.000000000000
28 36 55
-0.669089366228 -0.742586325367 -0.029748434890 0.208093056481
-0.736228407303 0.656834953572 0.162897440266 -0.332032170512
-0.101425599729 0.130894587907 -0.986194430412 4.370615074738
0.000000000000 0.000000000000 0.000000000000 1.000000000000
28 37 55
0.982119131497 -0.150742405056 0.112777386321 -0.200375210256
0.149927838169 0.988571982266 0.015718753786 0.009699706167
-0.113858047100 0.001470780909 0.993495939556 -0.184681042701
0.000000000000 0.000000000000 0.000000000000 1.000000000000
28 38 55
0.916132282575 0.385443237746 -0.110159662760 0.546980901711
-0.265324889908 0.789005362247 0.554141896215 -0.736777198724
0.300506811269 -0.478439179855 0.825100968100 0.289829880849
0.000000000000 0.000000000000 0.000000000000 1.000000000000
28 39 55
0.992931276193 0.079896285693 -0.087772799261 0.376874839900
-0.066967969571 0.987675186160 0.141467373257 -0.461162227834
0.097993733519 -0.134589413318 0.986044075087 0.356961443504
0.000000000000 0.000000000000 0.000000000000 1.000000000000
28 40 55
0.829273964391 0.280778013759 -0.483185677533 1.195674839874
-0.048585225546 0.897568481796 0.438189794890 -0.798936759182
0.556726295267 -0.339903703240 0.757971836338 0.717672086325
0.000000000000 0.000000000000 0.000000000000 1.000000000000
28 41 55
0.862084563069 0.480847146729 -0.159988210815 0.531110045867
-0.302007971226 0.741004353325 0.599753060575 -1.085224558021
0.406941508614 -0.468720140207 0.784028085423 0.530640534050
0.000000000000 0.000000000000 0.000000000000 1.000000000000
28 49 55
0.982764342718 0.053861441795 0.176842279363 -0.378835915853
-0.037104515039 0.994618452683 -0.096733595749 0.917149732066
-0.181100805206 0.088504681630 0.979474052583 -1.274104722751
0.000000000000 0.000000000000 0.000000000000 1.000000000000
29 31 55
0.848221571104 -0.405823952403 -0.340333786112 0.525995652102
0.382396305296 0.913840236884 -0.136634867980 0.153384625355
0.366460409880 -0.014245739991 0.930324581468 0.471486341966
0.000000000000 0.000000000000 0.000000000000 1.000000000000
29 46 55
0.877009179719 -0.248100399032 -0.411462137613 1.335392708381
0.227819371904 0.968706539414 -0.098518903175 0.294714254362
0.423028642617 -0.007337063293 0.906086604596 -0.135184512796
0.000000000000 0.000000000000 0.000000000000 1.000000000000
30 35 55
-0.354263791738 -0.366811978173 0.860201219792 -2.196180731400
0.528120399757 0.680648606652 0.507746312270 -1.432277223013
-0.771742190905 0.634165945894 -0.047408267685 2.447039407976
0.000000000000 0.000000000000 0.000000000000 1.000000000000
30 42 55
0.799165247873 -0.473472897153 0.370348919607 -0.402449862997
0.353265034407 0.868417688289 0.347928921091 -0.431188979354
-0.486352466898 -0.147221378638 0.861270656422 -0.223702008737
0.000000000000 0.000000000000 0.000000000000 1.000000000000
31 33 55
0.967545930438 0.145317978616 -0.206730640166 0.977133619350
-0.122044467191 0.985089736469 0.121257408559 -0.048359162378
0.221269113345 -0.092091781356 0.970854820911 -0.667662727254
0.000000000000 0.000000000000 0.000000000000 1.000000000000
31 38 55
0.918377437144 0.390470885613 -0.064151153021 0.059510563882
-0.358700327181 0.753027399105 -0.551619263149 1.007061156778
-0.167083686294 0.529605724748 0.831625407313 0.015807660779
0.000000000000 0.000000000000 0.000000000000 1.000000000000
31 39 55
0.587259001342 0.779300077211 -0.218673855321 0.134832091815
-0.808227808236 0.550073374882 -0.210207260200 0.335018660424
-0.043527868509 0.300184396504 0.952887534160 -0.123368915744
0.000000000000 0.000000000000 0.000000000000 1.000000000000
31 40 55
0.739582604523 0.591596464503 0.320984725919 -0.404045849454
-0.466836390472 0.794421848846 -0.388532766452 0.746038306111
-0.484851890393 0.137504724510 0.863719338165 -0.101049169153
0.000000000000 0.000000000000 0.000000000000 1.000000000000
31 41 55
0.220925964450 0.894527320337 -0.388603385732 0.833505666254
-0.935009429597 0.080933409094 -0.345263884380 0.402609345504
-0.277396980512 0.439625586679 0.854271771008 -0.065243553800
0.000000000000 0.000000000000 0.000000000000 1.000000000000
31 43 55
-0.374193295765 0.479642903711 -0.793676295680 1.911256041124
-0.668429656645 -0.732735860508 -0.127671268667 -0.155999821745
-0.642791701503 0.482743041012 0.594792388008 -0.394013694924
0.000000000000 0.000000000000 0.000000000000 1.000000000000
31 45 55
0.993330023141 0.091112345301 0.070668279020 0.213571823786
-0.077638502631 0.075371895473 0.994128432488 -1.753751233618
0.085250970875 -0.992984198216 0.081942992735 1.638131070290
0.000000000000 0.000000000000 0.000000000000 1.000000000000
31 51 55
0.368966076109 0.913439699285 -0.171732205632 0.663392902391
-0.865611414572 0.405001839238 0.294432316801 -1.291799536076
0.338498026056 0.040017820835 0.940115769665 -0.658297923707
0.000000000000 0.000000000000 0.000000000000 1.000000000000
31 53 55
0.365328755154 -0.658413658908 0.658047380073 -0.999171381494
-0.123830499532 -0.735000982730 -0.666663005402 1.840308150099
0.922605499682 0.162064830081 -0.350048686339 2.178918711184
0.000000000000 0.000000000000 0.000000000000 1.000000000000
31 54 55
-0.012738297186 0.654235816416 -0.756183332468 1.730379634141
0.535268573366 0.643226977852 0.547491195664 -0.864826766352
0.844585869022 -0.397787068017 -0.358385488500 2.653547987917
0.000000000000 0.000000000000 0.000000000000 1.000000000000
32 38 55
0.115867022709 0.758762437798 0.640979247741 -1.047041381949
-0.874273306259 -0.228363298652 0.428364785891 -0.647059787778
0.471403244591 -0.610024398541 0.636905969648 0.580662849619
0.000000000000 0.000000000000 0.000000000000 1.000000000000
32 41 55
0.674435029839 0.651447633108 -0.347495858744 0.909579524437
-0.638549256769 0.750924163068 0.168427278078 -0.231431652057
0.370664588551 0.108299966015 0.922430962271 0.468941354581
0.000000000000 0.000000000000 0.000000000000 1.000000000000
32 43 55
0.966635250129 0.254957849128 -0.024754562752 0.291091698957
-0.256059473678 0.959082164013 -0.120809555131 0.430385152423
-0.007059684717 0.123117414851 0.992367000163 0.125289902328
0.000000000000 0.000000000000 0.000000000000 1.000000000000
32 46 55
-0.938736098939 0.004831475027 -0.344602950362 0.650703584187
0.312932058198 -0.406967997719 -0.858166985956 1.875257772729
-0.144388585079 -0.913429639152 0.380523627147 1.127248128007
0.000000000000 0.000000000000 0.000000000000 1.000000000000
33 38 55
0.849484324702 -0.075587880181 0.522171288425 0.180541660688
0.277287601290 0.905946142998 -0.319958078750 0.317033982286
-0.448874111813 0.416590996490 0.790546629483 0.811690012392
0.000000000000 0.000000000000 0.000000000000 1.000000000000
33 39 55
-0.998220591310 0.020104007936 0.056138043686 0.745433192847
-0.017265251469 -0.998569628894 0.050602444027 -0.280371649433
0.057075057387 0.049543164157 0.997139866172 1.193380276466
0.000000000000 0.000000000000 0.000000000000 1.000000000000
33 40 55
0.885047045248 0.461089066109 -0.063942167718 0.905775459447
-0.450884354636 0.814977613185 -0.364025807810 0.519348435866
-0.115736884534 0.351010488622 0.929191374495 0.473600916823
0.000000000000 0.000000000000 0.000000000000 1.000000000000
34 38 55
0.999237373061 0.038917274881 -0.003180879445 0.155902535005
-0.038741199450 0.998291516013 0.043739781915 0.083030522483
0.004877678079 -0.043583193694 0.999037893918 0.459298772863
0.000000000000 0.000000000000 0.000000000000 1.000000000000
34 40 55
0.791162986295 0.563875423759 -0.236866282103 0.476214026702
-0.598867533208 0.792858326867 -0.112842151645 0.427844303209
0.124172488042 0.231128059739 0.964966845656 0.697338053294
0.000000000000 0.000000000000 0.000000000000 1.000000000000
34 46 55
0.889057945289 0.276692655607 -0.364715154951 1.000001908228
-0.254808788041 0.960953821795 0.107889915723 -0.628032869127
0.380326769311 -0.002987760177 0.924847350558 0.169080601788
0.000000000000 0.000000000000 0.000000000000 1.000000000000
35 53 55
1.000000000000 0.000000000000 0.000000000000 0.000000000000
0.000000000000 1.000000000000 0.000000000000 0.000000000000
0.000000000000 0.000000000000 1.000000000000 0.000000000000
0.000000000000 0.000000000000 0.000000000000 1.000000000000
36 38 55
0.882189925435 -0.452176711878 0.131442598481 -0.638879962772
-0.089379211922 -0.434850700214 -0.896055927384 0.946323264092
0.462333528891 0.778743275899 -0.424036104954 3.369571382220
0.000000000000 0.000000000000 0.000000000000 1.000000000000
37 39 55
0.900017677428 0.234194874881 -0.367588004288 0.675542030632
-0.252077062118 0.967706940157 -0.000657818550 -0.237615040969
0.355563405135 0.093252552514 0.929988508735 0.861307148460
0.000000000000 0.000000000000 0.000000000000 1.000000000000
37 40 55
0.791315659303 0.561722879875 -0.241426870019 0.721748611791
-0.265467948895 0.671369222950 0.691946626977 -1.169549588184
0.550768822150 -0.483457105337 0.680384400062 1.090717735591
0.000000000000 0.000000000000 0.000000000000 1.000000000000
37 41 55
0.814003277743 0.225157023956 -0.535446522434 1.250155770583
-0.004257602590 0.924104396561 0.382116392055 -0.570944269280
0.580844675145 -0.308764277111 0.753182636906 0.765326552646
0.000000000000 0.000000000000 0.000000000000 1.000000000000
38 40 55
0.831463439994 0.385636332561 -0.399941454419 0.652900798769
-0.334816461365 0.922263420008 0.193204868764 -0.161174935433
0.443358190578 -0.026735802284 0.895945708022 0.263526259711
0.000000000000 0.000000000000 0.000000000000 1.000000000000
38 41 55
0.916073154879 0.342551074614 -0.208491573427 0.310709898184
-0.238754800875 0.883623714691 0.402747161250 -0.478664936156
0.322189571477 -0.319167498527 0.891249677652 0.149431056494
0.000000000000 0.000000000000 0.000000000000 1.000000000000
38 42 55
0.721374259436 -0.489970769051 0.489436230063 -1.175123999437
0.561278231912 0.827626205854 0.001268765260 -0.016757045998
-0.405691907985 0.273794647243 0.872038168280 0.364502151684
0.000000000000 0.000000000000 0.000000000000 1.000000000000
38 43 55
0.895722244878 -0.318351414896 0.310377248949 -1.006010788646
0.156265653493 0.878957964477 0.450570685044 -0.765286596165
-0.416248370050 -0.355084881847 0.837049592984 0.398873186978
0.000000000000 0.000000000000 0.000000000000 1.000000000000
38 47 55
-0.996346272740 -0.032865107457 0.078828862151 -0.483606730927
0.036433305721 0.671239278469 0.740344815119 -1.873674501041
-0.077244540457 0.740511793121 -0.667589368712 4.177891439456
0.000000000000 0.000000000000 0.000000000000 1.000000000000
38 49 55
0.145169277792 -0.939125052623 0.311400090431 -1.154681001961
0.983870305489 0.170269938443 0.054839493424 -0.029911217049
-0.104523216377 0.298416292447 0.948695216411 -1.299095109951
0.000000000000 0.000000000000 0.000000000000 1.000000000000
38 50 55
-0.383048115652 -0.759710677912 -0.525465343255 1.455641679174
-0.595865372148 0.637893308823 -0.487889931065 0.607610630442
0.705846016756 0.126221283570 -0.697029115750 2.999380763184
0.000000000000 0.000000000000 0.000000000000 1.000000000000
38 51 55
-0.423939045990 -0.791977289197 0.439371891091 -1.017134404969
0.888567069566 -0.457591340569 0.032538099493 -0.841405267113
0.175283336821 0.404205564574 0.897715775399 -1.142212039359
0.000000000000 0.000000000000 0.000000000000 1.000000000000
38 54 55
0.602886463342 -0.174988716438 0.778400193627 -2.143133742890
0.783867890233 -0.051790150586 -0.618764018802 1.120528039568
0.148590184672 0.983207368474 0.105944455246 1.574959429326
0.000000000000 0.000000000000 0.000000000000 1.000000000000
39 41 55
0.994966136679 0.099693900142 -0.010174140552 0.228926219707
-0.091289306114 0.943573509665 0.318332050615 -0.253979619269
0.041335813174 -0.315800820350 0.947924676552 -0.196332158594
0.000000000000 0.000000000000 0.000000000000 1.000000000000
39 42 55
0.492269840506 0.800040200484 -0.342937431228 0.172930600637
-0.489839927454 0.580293372881 0.650627732933 -0.480052409298
0.719532660551 -0.152299963886 0.677552559880 0.011924407213
0.000000000000 0.000000000000 0.000000000000 1.000000000000
39 43 55
0.902443638789 0.410347891500 -0.131187220225 -0.659475443792
-0.299248090344 0.816145594940 0.494324739707 -0.511316849099
0.309912986554 -0.406842691715 0.859321223387 -0.019721611744
0.000000000000 0.000000000000 0.000000000000 1.000000000000
39 45 55
0.658538011114 -0.744892233120 -0.107066563201 0.289344966492
-0.555369085659 -0.577055389967 0.598809030997 -1.431839449251
-0.507831533693 -0.334877049000 -0.793703027234 3.809642838564
0.000000000000 0.000000000000 0.000000000000 1.000000000000
39 47 55
-0.137216752306 -0.080008406801 0.987304521274 -2.662728134233
0.459236376088 -0.888276642646 -0.008158247770 0.306596258827
0.877652273833 0.452286702182 0.158629206849 0.997402812702
0.000000000000 0.000000000000 0.000000000000 1.000000000000
39 49 55
-0.977395799584 -0.023913639035 0.210060916936 -1.154103251314
0.086174720706 -0.952360742443 0.292545609716 -0.135538022940
0.193057940699 0.304034790971 0.932894140518 -1.164750126643
0.000000000000 0.000000000000 0.000000000000 1.000000000000
40 42 55
0.784466016770 0.480686049544 -0.391859656390 -0.237274399578
-0.448811728714 0.876084042559 0.176195296596 -0.104021142285
0.427996612955 0.037651987303 0.902995696087 0.057221565716
0.000000000000 0.000000000000 0.000000000000 1.000000000000
41 43 55
0.979015527208 -0.129899945693 -0.157017838460 -0.136474341346
0.098952498087 0.976597712408 -0.190958925536 0.458973117833
0.178148815904 0.171414445798 0.968958248411 -0.255847774400
0.000000000000 0.000000000000 0.000000000000 1.000000000000
41 45 55
-0.074097593882 -0.713298780368 0.696932131923 -2.123138978518
0.953156855395 -0.256166829883 -0.160843291068 0.094832253491
0.293260218227 0.652367538427 0.698866968179 -0.384710953102
0.000000000000 0.000000000000 0.000000000000 1.000000000000
41 49 55
-0.603544681583 -0.570601306685 0.556909297949 -1.895889021167
0.685357577076 -0.728198975788 -0.003353089079 -0.390961565051
0.407454057383 0.379658268013 0.830566547997 -0.923917619411
0.000000000000 0.000000000000 0.000000000000 1.000000000000
41 52 55
0.542402435621 -0.560780357598 -0.625559740045 1.689171069917
0.799088753304 0.114516416601 0.590206027309 -2.297448540183
-0.259339087251 -0.820006939520 0.510227260113 1.003281069341
0.000000000000 0.000000000000 0.000000000000 1.000000000000
43 45 55
0.997656440427 0.017813663530 -0.066062850879 -0.038051180235
-0.045275003096 0.895782464517 -0.442180902299 0.247248402998
0.051301081560 0.444135620790 0.894489658619 0.200381444691
0.000000000000 0.000000000000 0.000000000000 1.000000000000
43 50 55
0.500974860163 -0.615534105417 0.608392927764 -1.410086809427
0.180038444818 0.761710824255 0.622400818283 -2.113593201714
-0.846528409371 -0.202273046352 0.492417776738 1.377083081546
0.000000000000 0.000000000000 0.000000000000 1.000000000000
45 47 55
0.935760536293 -0.150049558913 -0.319119646193 1.216546965494
0.247652460351 0.923862944166 0.291797051526 -0.794769724133
0.251038797000 -0.352082930951 0.901674626533 0.222084888343
0.000000000000 0.000000000000 0.000000000000 1.000000000000
45 49 55
1.000000000000 0.000000000000 0.000000000000 0.000000000000
0.000000000000 1.000000000000 0.000000000000 0.000000000000
0.000000000000 0.000000000000 1.000000000000 0.000000000000
0.000000000000 0.000000000000 0.000000000000 1.000000000000
45 54 55
0.873239220180 0.356190948919 -0.332537625312 -0.301053624311
-0.342901804775 0.934031885696 0.100013942951 -0.010241498141
0.346224806480 0.026691654325 0.937771794717 0.415090314530
0.000000000000 0.000000000000 0.000000000000 1.000000000000
46 48 55
0.972303095547 -0.179518992492 0.149665031737 -0.236274772101
0.114821112996 0.924634690572 0.363134687136 -1.380442013445
-0.203575053484 -0.335892274882 0.919637742415 0.308278758548
0.000000000000 0.000000000000 0.000000000000 1.000000000000
46 53 55
0.998718408947 -0.004011559679 -0.050452423320 -0.316303922924
0.000053923184 0.996937625616 -0.078200816637 -0.012729868935
0.050611626354 0.078097874615 0.995660175591 0.035430985340
0.000000000000 0.000000000000 0.000000000000 1.000000000000
46 54 55
0.996182191917 -0.069202966992 0.053216443584 0.163682248088
0.067972259864 0.997383863855 0.024600813211 0.029949174371
-0.054779671387 -0.020889650095 0.998279925733 -0.017366246683
0.000000000000 0.000000000000 0.000000000000 1.000000000000
47 52 55
0.923734487984 0.058539628919 -0.378533628038 0.033143856237
-0.115290114191 0.984916438582 -0.129026348395 0.033619344718
0.365270838255 0.162827273073 0.916550322603 -0.117146703599
0.000000000000 0.000000000000 0.000000000000 1.000000000000
48 52 55
0.993517480338 0.091435071868 0.067547345585 -0.170106329623
-0.077847503792 0.980235619487 -0.181873297769 0.134682748356
-0.082841912197 0.175435908299 0.980999214915 -0.289085444429
0.000000000000 0.000000000000 0.000000000000 1.000000000000
49 51 55
0.992768398115 0.080608593772 -0.088955957163 -0.119698709049
-0.087630629994 0.993088510018 -0.078077422838 0.002636235433
0.082047427696 0.085308064568 0.992970671132 -0.142670692026
0.000000000000 0.000000000000 0.000000000000 1.000000000000
