19 54 7
0.763852697311 0.068960532007 0.641695801635 -1.372891017065
-0.091559845878 0.995797616516 0.001975237846 0.028479821866
-0.638862936343 -0.060262359455 0.766956711034 0.888483193481
0.000000000000 0.000000000000 0.000000000000 1.000000000000
17 36 7
0.991974350771 -0.101193124729 0.075807908030 -0.777571567238
0.089044315510 0.984766746593 0.149350475997 -0.349122421071
-0.089766348303 -0.141401578184 0.985874026638 0.248650678206
0.000000000000 0.000000000000 0.000000000000 1.000000000000
6 16 7
0.765768062682 -0.365620266770 0.529075698462 -0.900177610718
0.311162269247 0.930608138523 0.192734363080 -0.353794093912
-0.562829740129 0.017038575109 0.826397223244 0.746383686744
0.000000000000 0.000000000000 0.000000000000 1.000000000000
12 14 7
0.988338714210 -0.147391770905 0.038239401975 -0.476288160818
0.143995448465 0.986334702124 0.080057268295 -0.154615841792
-0.049516631704 -0.073617397773 0.996056515430 0.341094084317
0.000000000000 0.000000000000 0.000000000000 1.000000000000
9 17 7
0.547680667761 -0.534004194901 0.644115987994 -1.411977085248
0.479432629720 0.831216526329 0.281466587569 -0.400274587774
-0.685704192580 0.154656413336 0.711260257636 0.502679062183
0.000000000000 0.000000000000 0.000000000000 1.000000000000
47 52 7
0.938531707108 0.290845514910 0.185922352633 -0.445417294528
-0.290598687348 0.956399459799 -0.029197195219 0.233957232542
-0.186307910901 -0.026626298152 0.982130542536 0.359740823736
0.000000000000 0.000000000000 0.000000000000 1.000000000000
18 20 7
0.963029994405 0.135039689697 -0.233104079937 0.869112209346
-0.121891763447 0.990072995170 0.069984728619 0.106788628950
0.240240770646 -0.038983925440 0.969930216911 -0.565631677087
0.000000000000 0.000000000000 0.000000000000 1.000000000000
6 19 7
0.951324983711 -0.262557158611 0.161383127460 -0.208163671795
0.257352305027 0.964877829588 0.052731063581 -0.171225480631
-0.169559919980 -0.008632058358 0.985482075486 -0.101979555404
0.000000000000 0.000000000000 0.000000000000 1.000000000000
16 54 7
0.859365148086 -0.029063069207 0.510535875589 -0.606499421228
0.135617622697 0.975585817996 -0.172743081304 -0.275689020325
-0.493051115676 0.217687045395 0.842325915307 0.586341808692
0.000000000000 0.000000000000 0.000000000000 1.000000000000
1 27 7
0.276210527486 0.725432981984 -0.630440110681 1.574882146116
-0.638163420359 0.628916300946 0.444085279332 -1.475322557264
0.718648170819 0.279662788110 0.636658096254 0.458540780063
0.000000000000 0.000000000000 0.000000000000 1.000000000000
49 52 7
0.981568576007 0.063559690704 -0.180231230129 -0.038971882435
-0.044880710878 0.993364636749 0.105888716333 0.105238667171
0.185765584508 -0.095848130776 0.977908116051 0.140342182100
0.000000000000 0.000000000000 0.000000000000 1.000000000000
