34 36 7
0.994643338418 -0.030501194127 -0.098763892677 0.050431813689
0.014351875863 0.986969117101 -0.160268479583 0.015825641899
0.102365291965 0.157992528448 0.982120006901 -0.057610876936
0.000000000000 0.000000000000 0.000000000000 1.000000000000
9 11 7
0.958461871227 -0.050616375398 -0.280693469725 0.764621471416
0.020269973121 0.993727012175 -0.109980695863 0.466914155950
0.284499507195 0.099722654469 0.953475444147 0.318381590352
0.000000000000 0.000000000000 0.000000000000 1.000000000000
14 17 7
0.953420009334 0.189766913646 -0.234475594224 0.698309863627
-0.130989089038 0.960667527665 0.244866820625 -0.714077146761
0.271720710206 -0.202747181917 0.940777038341 0.449681660487
0.000000000000 0.000000000000 0.000000000000 1.000000000000
31 36 7
0.238947332134 -0.286453444603 0.927819269330 -1.794699143137
0.970834091366 0.089790792569 -0.222303352679 0.987757505713
-0.019630066432 0.953877370339 0.299554039944 1.110713887335
0.000000000000 0.000000000000 0.000000000000 1.000000000000
32 34 7
0.875622166584 -0.133514965967 0.464176232964 -0.864700184193
0.191966659611 0.978069994063 -0.080795348333 0.293162899608
-0.443209457236 0.159852558870 0.882050189297 -0.416264304940
0.000000000000 0.000000000000 0.000000000000 1.000000000000
1 27 7
0.965677323997 -0.008565334053 -0.259603430197 1.125177561209
0.045445817059 0.989611031146 0.136398991004 0.106728211153
0.255738115324 -0.143515302625 0.956034190959 -0.028145085521
0.000000000000 0.000000000000 0.000000000000 1.000000000000
32 35 7
0.398607880819 -0.712766541099 0.577127035616 -1.363930796510
0.905373467832 0.406220689954 -0.123626998665 0.730725437190
-0.146323754374 0.571794201565 0.807242683437 -0.161204672928
0.000000000000 0.000000000000 0.000000000000 1.000000000000
5 7 7
0.866359581290 -0.143431328320 -0.478381155527 0.473083354291
0.082836257940 0.985873612652 -0.145572573813 0.228191624173
0.492503025653 0.086490889303 0.866002364772 -0.565521082203
0.000000000000 0.000000000000 0.000000000000 1.000000000000
34 37 7
0.995638323318 0.084878544875 -0.038729339780 0.016912530812
-0.083214693181 0.995615400823 0.042723395032 -0.027266792190
0.042185826751 -0.039314199269 0.998335990415 -0.047760890566
0.000000000000 0.000000000000 0.000000000000 1.000000000000
22 24 7
0.998336145822 -0.029348018330 0.049635005437 -0.408859992122
0.025773173948 0.997129779247 0.071189513579 0.189693301928
-0.051581813163 -0.069791812980 0.996227092280 0.075493738196
0.000000000000 0.000000000000 0.000000000000 1.000000000000
32 36 7
0.930160175707 -0.063209718988 0.361671921711 -0.687243892220
0.186534660548 0.929822427429 -0.317230316749 0.391637524506
-0.316238625002 0.362539356313 0.876674595948 -0.505911667848
0.000000000000 0.000000000000 0.000000000000 1.000000000000
15 17 7
0.974618034640 0.102496081320 -0.199033263219 0.809112059667
-0.109762914631 0.993622976287 -0.025796968166 -0.076634416640
0.195119935233 0.046988661493 0.979653140946 0.350111035797
0.000000000000 0.000000000000 0.000000000000 1.000000000000
