39 46 7
0.999704730797 0.024207053921 -0.002114181357 -0.014075542525
-0.024293256414 0.997594546671 -0.064922709008 -0.072658822732
0.000537508275 0.064954899681 0.997888055892 -0.229611428916
0.000000000000 0.000000000000 0.000000000000 1.000000000000
56 58 7
0.933094521878 0.008001247362 0.359542199585 -0.766643062116
-0.031162936247 0.997790902643 0.058670145798 -0.092307169912
-0.358278501513 -0.065949182285 0.931282567597 -0.410139751155
0.000000000000 0.000000000000 0.000000000000 1.000000000000
39 41 7
0.994316753782 -0.048067991547 0.094992954143 0.060791004076
0.029634643034 0.981970062795 0.186699179714 -0.247709827543
-0.102254491738 -0.182823040020 0.977813762921 0.464830662908
0.000000000000 0.000000000000 0.000000000000 1.000000000000
29 42 7
0.933259818881 0.342644152414 -0.107801184029 0.265030381839
-0.290306629414 0.896230271698 0.335400299657 -0.315364796295
0.211537635847 -0.281720224528 0.935887570017 0.853856404000
0.000000000000 0.000000000000 0.000000000000 1.000000000000
8 37 7
0.822084924187 -0.387653626981 0.417014439693 -1.458685653503
0.242961103213 0.901232935246 0.358816246501 -0.721099542057
-0.514923566900 -0.193659138478 0.835074762123 1.010708073011
0.000000000000 0.000000000000 0.000000000000 1.000000000000
17 56 7
0.917333559896 -0.127581677418 0.377123395557 -0.171301295377
-0.067405651815 0.883814024192 0.462957070088 -0.914167114925
-0.392371785419 -0.450106305475 0.802152538972 -0.268902411727
0.000000000000 0.000000000000 0.000000000000 1.000000000000
21 57 7
-0.046463437126 -0.997473301833 -0.053741614615 0.061980085553
0.964976431797 -0.058725114771 0.255679187599 0.376758754939
-0.258189145950 -0.039979657653 0.965266798293 -1.313583499426
0.000000000000 0.000000000000 0.000000000000 1.000000000000
8 35 7
0.996786901009 -0.071547582887 -0.036011350440 -1.162949362501
0.076990115888 0.979850441049 0.184297681026 -0.419545137110
0.022099684003 -0.186478032377 0.982210541283 -0.119947971081
0.000000000000 0.000000000000 0.000000000000 1.000000000000
4 7 7
0.959836643380 -0.071284919537 -0.271352313925 -0.136245722114
0.008947961923 0.974468858707 -0.224344327738 0.043781655288
0.280416747009 0.212905856325 0.935968773165 0.271130596563
0.000000000000 0.000000000000 0.000000000000 1.000000000000
23 57 7
-0.821397034096 -0.557283493946 -0.121416719414 -0.477089871275
0.324357438045 -0.281311641855 -0.903136762922 2.056540587045
0.469147274066 -0.781216274492 0.411827594638 -0.133580214975
0.000000000000 0.000000000000 0.000000000000 1.000000000000
54 58 7
0.976706511433 0.060560964972 0.205856163486 -0.553293819852
0.050414202970 0.867729444696 -0.494473476485 0.167595861194
-0.208573245318 0.493333538623 0.844463866017 -0.656642727562
0.000000000000 0.000000000000 0.000000000000 1.000000000000
20 54 7
0.955436301494 -0.287068423551 -0.068798212093 0.024163045969
0.295025398247 0.936538537629 0.189355702121 -0.287318022313
0.010074134046 -0.201214531623 0.979495392581 -0.181200371000
0.000000000000 0.000000000000 0.000000000000 1.000000000000
39 47 7
0.994526322222 -0.011925854825 0.103803508586 0.029609814387
-0.007183505642 0.983310140824 0.181795391031 -0.182063300642
-0.104239108087 -0.181545974728 0.977842148511 0.427208664230
0.000000000000 0.000000000000 0.000000000000 1.000000000000
9 36 7
-0.792637773549 -0.390738344713 -0.468026608126 0.082087085026
0.485497264400 -0.868857169576 -0.096848464808 0.154842568598
-0.368805865195 -0.303991389429 0.878391409880 0.454329973757
0.000000000000 0.000000000000 0.000000000000 1.000000000000
