11 53 7
0.984802418340 0.004409297902 0.173622449365 -0.449841179899
-0.037119564642 0.981922361179 0.185608767404 -0.553032883939
-0.169665361086 -0.189232752737 0.967163187130 -0.026807807885
0.000000000000 0.000000000000 0.000000000000 1.000000000000
14 57 7
0.982910692472 -0.127224450147 0.133043263298 -0.346040536573
0.075654601718 0.938062198908 0.338106036945 0.083930303850
-0.167818210761 -0.322262703807 0.931656480615 -0.062401290702
0.000000000000 0.000000000000 0.000000000000 1.000000000000
12 55 7
0.988649978215 -0.048369318206 -0.142237933169 0.683887939351
0.052132917413 0.998378675745 0.022851230578 0.378793138624
0.140902020915 -0.030007147036 0.989568689697 -0.145423244012
0.000000000000 0.000000000000 0.000000000000 1.000000000000
9 51 7
0.997211377032 -0.006053018055 -0.074382998667 0.357173471770
0.015477772397 0.991808552696 0.126792087140 0.069971701612
0.073006219460 -0.127589794937 0.989136459821 -0.039769320035
0.000000000000 0.000000000000 0.000000000000 1.000000000000
4 46 7
0.939975138877 -0.078017252209 0.332204826352 -0.678030681591
0.043372753283 0.992933303923 0.110463832242 -0.458060895372
-0.338475320469 -0.089424618080 0.936716443282 1.351851927672
0.000000000000 0.000000000000 0.000000000000 1.000000000000
13 56 7
0.993757381758 0.061914800699 0.092805299724 -0.259593349663
-0.061483740771 0.998079909855 -0.007499544241 0.606326541698
-0.093091437969 0.001746710459 0.995656031559 0.138530299898
0.000000000000 0.000000000000 0.000000000000 1.000000000000
59 61 7
0.601126390523 0.342042869933 -0.722256005683 1.326793491156
-0.112927736622 0.931063702107 0.346940497665 -0.645802536290
0.791134874038 -0.126992353104 0.598313089724 0.882356061251
0.000000000000 0.000000000000 0.000000000000 1.000000000000
1 6 7
0.907096368283 0.034871136364 0.419476080958 -0.205173460585
0.021457780675 0.991435855998 -0.128819668881 0.147772706089
-0.420375715636 0.125852879549 0.898579607165 -0.039250437800
0.000000000000 0.000000000000 0.000000000000 1.000000000000
6 36 7
0.923406089164 -0.116603497224 0.365684042486 -1.132755560853
-0.067567628231 0.888476235116 0.453921353595 -0.666766238034
-0.377830398604 -0.443862145344 0.812545743833 0.766164730458
0.000000000000 0.000000000000 0.000000000000 1.000000000000
6 47 7
0.838081068387 -0.312682721646 0.447045454507 -0.852509829092
0.121949496767 0.906086802899 0.405135811611 -0.304359976861
-0.531740954836 -0.285019685628 0.797505696377 0.555614367072
0.000000000000 0.000000000000 0.000000000000 1.000000000000
59 62 7
0.771380670058 0.265115750294 -0.578520095422 1.381366550047
-0.181418366223 0.962977822054 0.199401832063 -0.492927531475
0.609966587821 -0.048860548289 0.790919343905 0.415498721414
0.000000000000 0.000000000000 0.000000000000 1.000000000000
