11 13 7
0.696359455372 -0.292526546636 0.655371443097 -0.858701088996
0.298565810700 0.948471564086 0.106113848299 -0.978838971830
-0.652642295285 0.121778124609 0.747815567351 0.131349795584
0.000000000000 0.000000000000 0.000000000000 1.000000000000
10 15 7
0.856678769903 -0.301150895398 0.418819320708 -1.484797059509
0.298915277884 0.951502136196 0.072755353489 -0.159903932366
-0.420417818183 0.062863526902 0.905150283180 0.926795203081
0.000000000000 0.000000000000 0.000000000000 1.000000000000
24 28 7
0.972415986694 -0.135597665256 0.189790468671 0.153054956903
0.103198174414 0.979802609536 0.171280422537 0.038569495543
-0.209182421869 -0.146969791194 0.966769152827 0.093277433824
0.000000000000 0.000000000000 0.000000000000 1.000000000000
23 29 7
0.775229585619 0.531664362927 0.341104228607 -0.114758378237
-0.613113169201 0.763266700162 0.203755211409 0.080779862311
-0.152024114313 -0.367092562738 0.917677350189 0.481317400457
0.000000000000 0.000000000000 0.000000000000 1.000000000000
25 27 7
-0.298078355000 -0.861857079867 0.410306797607 -0.841572779346
-0.902453116854 0.394502710144 0.173049078499 -1.528774857854
-0.311010717116 -0.318700463714 -0.895378326892 3.847382089695
0.000000000000 0.000000000000 0.000000000000 1.000000000000
17 19 7
0.949131595060 0.101525897105 -0.298063260862 -0.006456785028
-0.143908601172 0.981813014267 -0.123828589288 -1.078122070654
0.280070579974 0.160423493396 0.946480202117 0.746380512203
0.000000000000 0.000000000000 0.000000000000 1.000000000000
22 29 7
0.954265319633 0.119876099041 -0.273874826563 -0.004625653991
-0.088758768954 0.988385034428 0.123356818427 -0.371625789905
0.285481314065 -0.093406341312 0.953821615777 0.933595423509
0.000000000000 0.000000000000 0.000000000000 1.000000000000
8 15 7
0.930763312283 -0.220368664915 0.291748706993 0.054808037309
0.207145461284 0.975363465592 0.075874026240 -0.018769734666
-0.301281287799 -0.010186339491 0.953480898660 0.729312795260
0.000000000000 0.000000000000 0.000000000000 1.000000000000
31 34 7
0.938267275471 -0.193348103341 0.286829271023 -0.971596388486
0.168585460595 0.979652829133 0.108900306926 -0.154516195345
-0.302048774633 -0.053822349510 0.951771869954 0.202494155460
0.000000000000 0.000000000000 0.000000000000 1.000000000000
31 33 7
0.936503186235 0.330843933538 0.116207029960 -0.528385796426
-0.198796714272 0.773917964013 -0.601274356158 0.178896233803
-0.288862681157 0.539993774612 0.790547326107 -0.196033793039
0.000000000000 0.000000000000 0.000000000000 1.000000000000
33 35 7
-0.487876904461 -0.642257050044 0.591170032869 -1.525307229684
0.242347951217 -0.750273940653 -0.615106888693 1.430514968623
0.838596205951 -0.156827598481 0.521691007896 0.754780907228
0.000000000000 0.000000000000 0.000000000000 1.000000000000
10 14 7
0.771084796672 -0.342133429909 0.537003680136 -0.391941708183
0.406560459031 0.913622301496 -0.001698046528 -0.015580749733
-0.490037579675 0.219633800559 0.843578190898 0.263162730684
0.000000000000 0.000000000000 0.000000000000 1.000000000000
