5 18 7
0.869041763741 -0.268537286757 0.415516712655 0.027456032338
0.315985024382 0.947522941230 -0.048515360543 0.270268920921
-0.380683434419 0.173458933074 0.908290769135 -0.249391202054
0.000000000000 0.000000000000 0.000000000000 1.000000000000
1 15 7
0.870046328692 -0.372713234905 0.322651871924 0.055189719997
0.389221078443 0.921032084899 0.014382304488 -0.302400640034
-0.302533201526 0.113069638334 0.946408431314 0.477552266358
0.000000000000 0.000000000000 0.000000000000 1.000000000000
27 32 7
0.979976075286 -0.049977611921 -0.192741096223 0.192517003879
0.076204419597 0.988428504030 0.131156314583 0.498767585273
0.183955914014 -0.143217773784 0.972444800990 -0.566833958278
0.000000000000 0.000000000000 0.000000000000 1.000000000000
12 16 7
0.753502190968 0.635814527024 -0.167255300162 0.994065745145
-0.656536579999 0.714331691499 -0.242260095030 0.696160086167
-0.034556726262 0.292352735144 0.955685989708 0.269751262060
0.000000000000 0.000000000000 0.000000000000 1.000000000000
18 22 7
0.959347642022 0.163058639339 -0.230356206522 0.401122878360
-0.152159696874 0.986253273380 0.064435296178 0.116522844504
0.237696294446 -0.026764918894 0.970970705389 -0.214483832493
0.000000000000 0.000000000000 0.000000000000 1.000000000000
39 56 7
0.061025929421 0.395369267412 0.916492759559 -2.430697525172
0.295626966243 0.869847075838 -0.394931337685 0.137107754461
-0.953352260588 0.295041026032 -0.063798590813 2.404316237808
0.000000000000 0.000000000000 0.000000000000 1.000000000000
20 30 7
0.644540258636 -0.646304259268 0.408483364960 -0.493685292100
0.538507441050 0.763007957157 0.357531247932 -0.880389973888
-0.542750026191 -0.010471951437 0.839828998846 0.019344030424
0.000000000000 0.000000000000 0.000000000000 1.000000000000
1 16 7
0.999944489735 0.008179362429 0.006641948493 0.037904254498
-0.007494816005 0.995231346370 -0.097254279784 -0.083623665317
-0.007405753344 0.097199100991 0.995237403630 -0.089844434913
0.000000000000 0.000000000000 0.000000000000 1.000000000000
20 31 7
0.209061672786 -0.964278449346 0.162666189172 0.228824644054
-0.463625248638 -0.244194720441 -0.851716248133 1.114095391560
0.861013847622 0.102645071174 -0.498115592576 1.775257438944
0.000000000000 0.000000000000 0.000000000000 1.000000000000
2 15 7
0.674746393978 -0.728400666882 -0.118952815429 0.373019560792
0.693938340427 0.681008704569 -0.233830545451 0.531648644767
0.251330227984 0.075230398017 0.964973317619 0.588656800795
0.000000000000 0.000000000000 0.000000000000 1.000000000000
45 47 7
0.648332736255 -0.405654679102 0.644289488059 -0.146777417498
0.537741836972 0.843046372814 -0.010321339791 0.022992674244
-0.538979016169 0.353153075319 0.764712053993 0.061026823020
0.000000000000 0.000000000000 0.000000000000 1.000000000000
50 54 7
0.965869753109 0.198940980479 0.165885823131 -0.173833977706
-0.195634266891 0.980008231713 -0.036209106478 -0.220253439676
-0.169772947338 0.002520329338 0.985479981680 -0.030612172561
0.000000000000 0.000000000000 0.000000000000 1.000000000000
13 18 7
0.958353106732 0.150631704809 -0.242630196645 0.302748773227
-0.133305076459 0.987300966246 0.086409250899 0.289150707805
0.252565000362 -0.050466737134 0.966262919207 -0.486070867196
0.000000000000 0.000000000000 0.000000000000 1.000000000000
