0 36 7
1.000000000000 0.000000000000 0.000000000000 0.000000000000
0.000000000000 1.000000000000 0.000000000000 0.000000000000
0.000000000000 0.000000000000 1.000000000000 0.000000000000
0.000000000000 0.000000000000 0.000000000000 1.000000000000
8 36 7
-0.775890245223 -0.594117334641 -0.212176624647 0.531705918241
-0.507117513706 0.387298888008 0.769955452374 -1.952223305835
-0.375268110370 0.704999407111 -0.601788734784 3.815187825671
0.000000000000 0.000000000000 0.000000000000 1.000000000000
19 35 7
0.410629032483 -0.911224254778 -0.032467756095 0.145202553880
0.837346255636 0.390951979619 -0.382109667249 1.269944148251
0.360880930301 0.129718568970 0.923546450921 -0.213516113220
0.000000000000 0.000000000000 0.000000000000 1.000000000000
37 41 7
0.614525368987 0.651431558802 -0.444966847155 0.972501150538
-0.480198861524 0.756387944276 0.444169259568 -0.750759110794
0.625913431923 -0.059280704709 0.777636273451 0.909608559999
0.000000000000 0.000000000000 0.000000000000 1.000000000000
35 54 7
0.140733070713 0.569141769441 -0.810106072737 2.111421098855
-0.528581426232 0.735064938362 0.424595351168 -0.915161691521
0.837135519883 0.368452415746 0.404285714168 1.722845273903
0.000000000000 0.000000000000 0.000000000000 1.000000000000
5 7 7
0.973465097071 0.202143947072 -0.107254507819 0.828645834620
-0.174939815608 0.959534789930 0.220655948998 -0.074254266619
0.147518696104 -0.196037780990 0.969436652249 -0.248805414210
0.000000000000 0.000000000000 0.000000000000 1.000000000000
10 44 7
0.969103177331 -0.093074548663 -0.228421014965 0.638727455137
0.114642656753 0.989931834916 0.083018211692 -0.037739291169
0.218394351893 -0.106640004741 0.970016400093 -0.078348281942
0.000000000000 0.000000000000 0.000000000000 1.000000000000
8 39 7
0.989825357373 0.137072580250 -0.038168961802 0.095259471117
-0.142257505890 0.958862418116 -0.245653546977 -0.006249714756
0.002926417478 0.248583931234 0.968605939076 0.531889500759
0.000000000000 0.000000000000 0.000000000000 1.000000000000
49 51 7
0.993052552342 0.074989138187 -0.090682178192 -0.105342001519
-0.082489156322 0.993212773688 -0.081999544339 0.010199413700
0.083917622565 0.088910153170 0.992498270672 -0.140083198829
0.000000000000 0.000000000000 0.000000000000 1.000000000000
26 28 7
0.988315400822 0.084678184790 0.126737025054 -0.150539847498
-0.082956784189 0.996375626426 -0.018809120676 -0.476416738869
-0.127870404926 0.008075647604 0.991758006502 1.150109296433
0.000000000000 0.000000000000 0.000000000000 1.000000000000
5 39 7
0.925432146530 0.158261556921 -0.344279859664 0.726414128819
-0.055861006639 0.955653359796 0.289147373925 -0.565661025690
0.374773118175 -0.248354455389 0.893232989976 0.343919143870
0.000000000000 0.000000000000 0.000000000000 1.000000000000
13 26 7
0.995255406101 -0.092481606942 -0.030229604775 -0.357629079770
0.091644610142 0.995398225326 -0.027993543006 -0.508235425583
0.032679382786 0.025090344668 0.999150905792 0.840894188409
0.000000000000 0.000000000000 0.000000000000 1.000000000000
