13 17 7
0.768451281023 0.448225415112 -0.456701878628 0.556167438913
-0.308077638582 0.884683885445 0.349889398866 -0.771707789341
0.560866113525 -0.128173320472 0.817924692511 0.333153406321
0.000000000000 0.000000000000 0.000000000000 1.000000000000
2 36 7
0.714517060151 -0.396562476147 0.576371037844 -2.068115318752
0.536885151959 0.839022602454 -0.088291597431 -0.048309678368
-0.448575193651 0.372530904871 0.812404468573 0.642254569224
0.000000000000 0.000000000000 0.000000000000 1.000000000000
0 2 7
0.974508243171 -0.092456430071 0.204415000747 0.331994640473
0.078754622707 0.994129160262 0.074195162367 -0.176691165828
-0.210074732878 -0.056205171071 0.976068432719 -0.117648798630
0.000000000000 0.000000000000 0.000000000000 1.000000000000
12 21 7
-0.437625337564 0.727853225371 -0.527933467625 0.418498748014
-0.435640852714 0.341993361963 0.832620914835 -1.527081306314
0.786575559860 0.594365394930 0.167417639278 2.132783992583
0.000000000000 0.000000000000 0.000000000000 1.000000000000
14 20 7
0.984311937573 -0.002129172100 -0.176424137175 0.441280421312
-0.012380935057 0.996628747326 -0.081103960754 -0.450047282627
0.176002051121 0.082015892540 0.980967212180 0.920962577222
0.000000000000 0.000000000000 0.000000000000 1.000000000000
4 6 7
0.994879039448 0.014406930621 -0.100040677808 0.288575970330
-0.018980867142 0.998810229942 -0.044920499161 -0.011650567882
0.099274485890 0.046589321871 0.993968818192 -0.042736193413
0.000000000000 0.000000000000 0.000000000000 1.000000000000
53 55 7
0.961952080117 -0.195826004786 0.190526563522 0.449045218438
0.211221843481 0.975342642165 -0.063969236439 0.300571906851
-0.173301841867 0.101778712036 0.979595613190 -0.393596021510
0.000000000000 0.000000000000 0.000000000000 1.000000000000
12 18 7
-0.239550417076 -0.937265968080 -0.253274757444 0.344682651551
0.719201724505 -0.346549179695 0.602206397775 -0.933192714343
-0.652199721824 -0.037896848575 0.757099301096 0.753687747130
0.000000000000 0.000000000000 0.000000000000 1.000000000000
42 46 7
0.976621984313 -0.002356706530 0.214951030912 -0.017142267961
0.066591495777 0.954067977410 -0.292095647300 0.385751093994
-0.204389511585 0.299580941342 0.931920697881 -0.139820606571
0.000000000000 0.000000000000 0.000000000000 1.000000000000
43 47 7
0.884728876809 0.028464316371 -0.465236066137 0.506121289322
-0.093734116989 0.988607585337 -0.117766538226 0.668602012576
0.456583759954 0.147799948941 0.877317756141 0.102081441513
0.000000000000 0.000000000000 0.000000000000 1.000000000000
25 28 7
0.946895257291 -0.130568364742 -0.293838856939 0.249752286330
0.181751602603 0.971188030877 0.154143321727 -0.440305679386
0.265246539412 -0.199363263442 0.943344349917 0.079057894340
0.000000000000 0.000000000000 0.000000000000 1.000000000000
13 16 7
0.902357677139 0.061631907618 -0.426558472513 1.375777312101
0.155430771733 0.876583625891 0.455458474526 -0.859149494285
0.401984947115 -0.477286763678 0.781412469513 0.441283861204
0.000000000000 0.000000000000 0.000000000000 1.000000000000
