17 19 7
0.810278448787 -0.452153623201 -0.372834998971 0.417584911789
-0.570154459786 -0.755349734936 -0.323064498079 0.316825127239
-0.135546034314 0.474345737789 -0.869841016291 4.053749925740
0.000000000000 0.000000000000 0.000000000000 1.000000000000
23 28 7
-0.278227622622 -0.949055016620 0.147932300184 -0.392261720820
-0.959874572852 0.280348622951 -0.006741958346 -0.056729499279
-0.035074127257 -0.143872252493 -0.988974509560 3.196152393617
0.000000000000 0.000000000000 0.000000000000 1.000000000000
0 12 7
0.989812321790 -0.135808917176 0.042749335061 -0.520778523629
0.124778327765 0.972037284947 0.198931861683 -0.287245258555
-0.068570668313 -0.191571017348 0.979080491461 0.283016103453
0.000000000000 0.000000000000 0.000000000000 1.000000000000
32 34 7
0.893570049674 0.380873971645 -0.237629089231 0.022166639703
-0.282719358771 0.888615238815 0.361154705800 -0.201086564465
0.348715257053 -0.255534684669 0.901720408125 0.037659460540
0.000000000000 0.000000000000 0.000000000000 1.000000000000
24 28 7
0.825484322707 -0.550660120999 0.123891339918 0.318375663946
0.473492463446 0.795078128962 0.379019334476 -0.080429151281
-0.307214127320 -0.254212902875 0.917057947998 0.010713126871
0.000000000000 0.000000000000 0.000000000000 1.000000000000
