33 37 7
0.972915563495 0.035784048261 0.228374272193 -0.360724832993
-0.045336436782 0.998296750787 0.036717909371 -0.023761899588
-0.226671378453 -0.046077101240 0.972880767068 -0.342238965451
0.000000000000 0.000000000000 0.000000000000 1.000000000000
14 16 7
1.000000000000 0.000000000000 0.000000000000 0.000000000000
0.000000000000 1.000000000000 0.000000000000 0.000000000000
0.000000000000 0.000000000000 1.000000000000 0.000000000000
0.000000000000 0.000000000000 0.000000000000 1.000000000000
32 36 7
0.670488663857 0.727979571361 0.143145713593 -0.764752191502
-0.671625138718 0.677532275512 -0.299782735796 -0.065857570730
-0.315221548567 0.104860666223 0.943207090727 -0.762994600823
0.000000000000 0.000000000000 0.000000000000 1.000000000000
34 36 7
0.851056876895 0.524271980542 -0.029001425960 -0.005966466046
-0.522108182578 0.839097020328 -0.152706372368 -0.255833068489
-0.055724662174 0.145103690150 0.987845980470 -0.046871180898
0.000000000000 0.000000000000 0.000000000000 1.000000000000
35 37 7
1.000000000000 0.000000000000 0.000000000000 0.000000000000
0.000000000000 1.000000000000 0.000000000000 0.000000000000
0.000000000000 0.000000000000 1.000000000000 0.000000000000
0.000000000000 0.000000000000 0.000000000000 1.000000000000
0 8 7
1.000000000000 0.000000000000 0.000000000000 0.000000000000
0.000000000000 1.000000000000 0.000000000000 0.000000000000
0.000000000000 0.000000000000 1.000000000000 0.000000000000
0.000000000000 0.000000000000 0.000000000000 1.000000000000
34 37 7
0.995909295511 -0.087610210326 -0.022116196793 -0.194213358792
0.086272762636 0.994722967627 -0.055526823265 0.359858506973
0.026864205571 0.053391654044 0.998212224799 -0.090279574927
0.000000000000 0.000000000000 0.000000000000 1.000000000000
