16 19 7
0.040930051502 -0.977791577689 -0.205544062148 0.167891593467
0.911456294267 -0.047743185840 0.408617194752 -0.455399669146
-0.409355779885 -0.204069152020 0.889260156911 0.970702480173
0.000000000000 0.000000000000 0.000000000000 1.000000000000
13 18 7
0.967701102580 -0.088192189941 -0.236170941689 0.270279946412
0.064740422083 0.992331899211 -0.105290453305 0.000009416761
0.243645754762 0.086599881306 0.965990272593 0.450546538021
0.000000000000 0.000000000000 0.000000000000 1.000000000000
34 36 7
0.994391743046 -0.102558046745 -0.025824569904 0.369805774129
0.105704392439 0.971667015031 0.211399605768 -0.286420832307
0.003412152103 -0.212943792931 0.977058492758 0.335005799538
0.000000000000 0.000000000000 0.000000000000 1.000000000000
12 14 7
1.000000000000 0.000000000000 0.000000000000 0.000000000000
0.000000000000 1.000000000000 0.000000000000 0.000000000000
0.000000000000 0.000000000000 1.000000000000 0.000000000000
0.000000000000 0.000000000000 0.000000000000 1.000000000000
12 15 7
1.000000000000 0.000000000000 0.000000000000 0.000000000000
0.000000000000 1.000000000000 0.000000000000 0.000000000000
0.000000000000 0.000000000000 1.000000000000 0.000000000000
0.000000000000 0.000000000000 0.000000000000 1.000000000000
17 22 7
0.961217328074 0.225294594192 -0.159071034567 0.208862093751
-0.197301393020 0.964749463937 0.174156918169 0.116312469340
0.192700307531 -0.136017710839 0.971784839260 0.435229603554
0.000000000000 0.000000000000 0.000000000000 1.000000000000
