52 59 7
-0.622180232537 -0.782681236876 0.017373533965 -1.016414775054
0.744270110336 -0.584471809936 0.323194533139 -0.046119711075
-0.242803956108 0.214015851824 0.946173057145 0.303676847160
0.000000000000 0.000000000000 0.000000000000 1.000000000000
20 22 7
0.970917354158 -0.075901037199 0.227065021409 -0.004182069209
0.037771266340 0.985100314263 0.167781710204 0.004192476293
-0.236416629775 -0.154325640747 0.959317868995 0.013125083175
0.000000000000 0.000000000000 0.000000000000 1.000000000000
18 23 7
0.622007386691 -0.278185646504 0.731928655664 -0.768024632514
-0.416804759654 0.673689299946 0.610259387038 -0.605389968853
-0.662857905763 -0.684657193942 0.303090619371 1.021405220645
0.000000000000 0.000000000000 0.000000000000 1.000000000000
22 54 7
0.521290293936 -0.329687503887 -0.787122975925 0.707694258493
0.810415808133 0.480225746331 0.335573316116 -0.062558574579
0.267362389607 -0.812828015229 0.517520985354 -0.000415516769
0.000000000000 0.000000000000 0.000000000000 1.000000000000
10 35 7
-0.190291082225 -0.783403045857 0.591666267222 -1.360426011882
0.860738240208 -0.422981753852 -0.283224500621 -0.545146832414
0.472142971852 0.455374684903 0.754794614766 -0.020403532379
0.000000000000 0.000000000000 0.000000000000 1.000000000000
23 56 7
-0.276829340435 0.960246375713 0.035950162797 -0.341176131855
0.946451255241 0.278938092984 -0.162553258151 0.713874137983
-0.166119046853 -0.010974434534 -0.986044635937 2.242070297513
0.000000000000 0.000000000000 0.000000000000 1.000000000000
