19 54 7
0.776902911563 0.017597594485 0.629374443930 -1.378103299914
-0.033699545453 0.999338695894 0.013656922266 -0.084413030021
-0.628717907046 -0.031819735352 0.776982173413 0.853836485244
0.000000000000 0.000000000000 0.000000000000 1.000000000000
17 36 7
0.981040738913 -0.173566452691 0.086219226933 -0.812358931656
0.160451284983 0.976927961523 0.140950853641 -0.375761900380
-0.108694313283 -0.124444543855 0.986255089601 0.262262277920
0.000000000000 0.000000000000 0.000000000000 1.000000000000
6 16 7
0.802913811381 -0.386500453427 0.453813630243 -0.787000110268
0.311532668404 0.921143049707 0.233329977701 -0.412670929360
-0.508209413540 -0.045966090518 0.860005994463 0.619272698952
0.000000000000 0.000000000000 0.000000000000 1.000000000000
12 14 7
0.996195471888 -0.085266907876 0.018003783225 -0.445896612114
0.083875885504 0.994189531790 0.067468590544 -0.146465585662
-0.023652010909 -0.065701821134 0.997558947171 0.321586802302
0.000000000000 0.000000000000 0.000000000000 1.000000000000
9 17 7
0.520787468141 -0.564420401543 0.640476403429 -1.451512056033
0.476065759558 0.814772714460 0.330918141461 -0.484639972956
-0.708619648052 0.132570864423 0.693024646244 0.510838579469
0.000000000000 0.000000000000 0.000000000000 1.000000000000
47 52 7
0.935964467954 0.296562128671 0.189793094089 -0.426759201647
-0.289811350001 0.955005175248 -0.063043609203 0.294786617692
-0.199949734027 0.004002385327 0.979797981614 0.358197346985
0.000000000000 0.000000000000 0.000000000000 1.000000000000
18 20 7
0.948017566149 0.183499751438 -0.259981798395 0.966907486907
-0.157830611464 0.980561316796 0.116571875203 -0.052237772026
0.276319004702 -0.069479099201 0.958551230981 -0.557039309373
0.000000000000 0.000000000000 0.000000000000 1.000000000000
6 19 7
0.943145932461 -0.255879046065 0.212135956092 -0.329361782920
0.252754878787 0.966609944467 0.042192256484 -0.143031992468
-0.215848839078 0.013824942784 0.976328914672 -0.079669590128
0.000000000000 0.000000000000 0.000000000000 1.000000000000
16 54 7
0.859311089400 -0.060120636458 0.507907433207 -0.634774446320
0.168625133315 0.970844289223 -0.170372915971 -0.315931960019
-0.482856102839 0.232049294664 0.844395114148 0.569932741455
0.000000000000 0.000000000000 0.000000000000 1.000000000000
1 27 7
0.320614905829 0.614843131701 -0.720537303378 1.884342169705
-0.636160137575 0.703371635668 0.317125561093 -1.064302463595
0.701787974762 0.356701928138 0.616650121983 0.547755398323
0.000000000000 0.000000000000 0.000000000000 1.000000000000
49 52 7
0.976522762580 0.097621234620 -0.192024448223 -0.022110286708
-0.071397625679 0.987708955393 0.139044591707 0.094846885779
0.203237971875 -0.122070119141 0.971490202112 0.119095008797
0.000000000000 0.000000000000 0.000000000000 1.000000000000
