13 17 7
0.745294923123 0.408193355832 -0.527175171856 0.679164166966
-0.306869773957 0.911966660277 0.272300849014 -0.687181271903
0.591917578214 -0.041170314510 0.804946324798 0.361310058633
0.000000000000 0.000000000000 0.000000000000 1.000000000000
2 36 7
0.653823046572 -0.405743293281 0.638660945830 -2.236660086074
0.535273391081 0.844601902074 -0.011402798456 -0.226100591023
-0.534787640631 0.349313622653 0.769403777257 0.766013080595
0.000000000000 0.000000000000 0.000000000000 1.000000000000
0 2 7
0.970147075832 -0.118237740824 0.211741559216 0.296682503834
0.106114098864 0.992041604502 0.067773541738 -0.158831648486
-0.218069826606 -0.043281538588 0.974972953030 -0.121400950091
0.000000000000 0.000000000000 0.000000000000 1.000000000000
12 21 7
-0.434314061299 0.740707455232 -0.512565861057 0.375572569681
-0.432844493385 0.327413796530 0.839908239267 -1.533565425017
0.789947429077 0.586645268970 0.178410727510 2.117261159459
0.000000000000 0.000000000000 0.000000000000 1.000000000000
14 20 7
0.987547954504 0.070383926415 -0.140695204101 0.389777833451
-0.050783685282 0.989081584355 0.138342462021 -0.788574907962
0.148896121050 -0.129474794423 0.980339850636 0.941781321926
0.000000000000 0.000000000000 0.000000000000 1.000000000000
4 6 7
0.996363622468 0.007409879383 -0.084880065443 0.238291468441
-0.011249336052 0.998930602922 -0.044845322861 -0.020804033042
0.084456996515 0.045637092716 0.995381470345 -0.042894680869
0.000000000000 0.000000000000 0.000000000000 1.000000000000
53 55 7
0.973495855873 -0.149978615927 0.172662194365 0.480773779785
0.158779514052 0.986572383913 -0.038262216582 0.215998655032
-0.164605238421 0.064663328596 0.984237659013 -0.388972819680
0.000000000000 0.000000000000 0.000000000000 1.000000000000
12 18 7
-0.262395435220 -0.942486411459 -0.207045888127 0.287114858783
0.613788503448 -0.328579613253 0.717843374831 -1.137119657053
-0.744588684181 0.061276438940 0.664705114634 0.903581373483
0.000000000000 0.000000000000 0.000000000000 1.000000000000
42 46 7
0.979975276742 0.016777767632 0.198411097189 0.012630013005
0.038497266756 0.961678749610 -0.271462599638 0.305848068620
-0.195362272271 0.273664921141 0.941775500590 -0.155246579387
0.000000000000 0.000000000000 0.000000000000 1.000000000000
43 47 7
0.908551061737 0.051120114654 -0.414634419814 0.366693740583
-0.065817391902 0.997605913331 -0.021225282332 0.412536001149
0.412556710212 0.046574408903 0.909740504372 -0.018647017889
0.000000000000 0.000000000000 0.000000000000 1.000000000000
25 28 7
0.936806262484 -0.143343279659 -0.319134345920 0.301839094670
0.191194389526 0.973701827105 0.123892926781 -0.392067072186
0.292982477263 -0.177080366131 0.939576400272 0.091806421819
0.000000000000 0.000000000000 0.000000000000 1.000000000000
13 16 7
0.888586077291 0.055358117491 -0.455357290568 1.402263889311
0.162042142393 0.890807051556 0.424505760839 -0.803305962905
0.429135325199 -0.450996979729 0.782588395609 0.474684569298
0.000000000000 0.000000000000 0.000000000000 1.000000000000
