11 13 7
0.716664427847 -0.232512729532 0.657518006189 -0.887151892857
0.260708870169 0.963754302719 0.056643878796 -0.845941331996
-0.646856230451 0.130826123521 0.751306556961 0.102277238366
0.000000000000 0.000000000000 0.000000000000 1.000000000000
10 15 7
0.873751089994 -0.320483501478 0.365854285221 -1.387735295821
0.299554325071 0.947204443868 0.114328246063 -0.237246934429
-0.383179121387 0.009698803869 0.923623134259 0.864815068785
0.000000000000 0.000000000000 0.000000000000 1.000000000000
24 28 7
0.958983711443 -0.154995833025 0.237332115253 0.074344742686
0.113114487683 0.976962035424 0.180970423043 0.048202238292
-0.259914127861 -0.146701987324 0.954422952916 0.049915419144
0.000000000000 0.000000000000 0.000000000000 1.000000000000
23 29 7
0.768197007314 0.566191194254 0.298832544248 -0.040396106318
-0.638762389036 0.709246829217 0.298247456987 -0.046310394893
-0.043080950620 -0.419995793783 0.906502931545 0.544395816784
0.000000000000 0.000000000000 0.000000000000 1.000000000000
25 27 7
-0.449967472306 -0.812338910171 0.370991602179 -0.856735489229
-0.830071585936 0.533674295428 0.161780433371 -1.535202471088
-0.329409222835 -0.235153654918 -0.914435521232 3.835350780689
0.000000000000 0.000000000000 0.000000000000 1.000000000000
17 19 7
0.942244585028 0.169568061652 -0.288828347731 -0.064201361859
-0.238161949036 0.945552514542 -0.221831756688 -0.809209869330
0.235486789473 0.277807693759 0.931326396744 0.803058835997
0.000000000000 0.000000000000 0.000000000000 1.000000000000
22 29 7
0.960573477389 0.151405947551 -0.233184119491 0.018373193158
-0.123569633018 0.983815562861 0.129759331336 -0.362504616384
0.249056500283 -0.095828896054 0.963736313703 0.946471161920
0.000000000000 0.000000000000 0.000000000000 1.000000000000
8 15 7
0.919868464713 -0.265930689067 0.288310381774 0.095627521417
0.226398074623 0.960237203384 0.163365923755 -0.178073824408
-0.320290367376 -0.085002246144 0.943498118025 0.756490963670
0.000000000000 0.000000000000 0.000000000000 1.000000000000
31 34 7
0.927253719927 -0.210400819586 0.309728968616 -0.992039464713
0.181521929098 0.976083603930 0.119626867367 -0.197473924590
-0.327490958866 -0.054701857888 0.943269515358 0.165837445386
0.000000000000 0.000000000000 0.000000000000 1.000000000000
31 33 7
0.934936629857 0.345811045833 0.079424295591 -0.444375137916
-0.246267006410 0.793595603677 -0.556379887648 0.017443913550
-0.255433082634 0.500620353567 0.827123450212 -0.196351847201
0.000000000000 0.000000000000 0.000000000000 1.000000000000
33 35 7
-0.701932233134 -0.527863254424 0.478175202951 -1.260443468288
0.244492874351 -0.809146956418 -0.534326152561 1.265971933552
0.668965151917 -0.258150319675 0.697025134390 0.450886005542
0.000000000000 0.000000000000 0.000000000000 1.000000000000
10 14 7
0.766831337491 -0.298903407994 0.568002158914 -0.463317511806
0.339070032707 0.940036402063 0.036919855324 -0.161502127460
-0.544978176409 0.164281208562 0.822198559809 0.304307964629
0.000000000000 0.000000000000 0.000000000000 1.000000000000
