11 53 7
0.984492220835 0.019373394743 0.174355208384 -0.451152860765
-0.037301585879 0.994273465440 0.100144234042 -0.245462448605
-0.171416623480 -0.105094945155 0.979577150457 -0.067342433988
0.000000000000 0.000000000000 0.000000000000 1.000000000000
14 57 7
0.983795182857 -0.108571676049 0.142685771354 -0.420787623412
0.057214937760 0.944308192739 0.324050131959 0.086637078644
-0.169922008828 -0.310635201299 0.935217772837 -0.069695674365
0.000000000000 0.000000000000 0.000000000000 1.000000000000
12 55 7
0.991635553338 -0.026158055681 -0.126391002368 0.545686369371
0.037831076275 0.995145070105 0.090857575976 0.181576664310
0.123400725381 -0.094879110279 0.987810819645 -0.107380610463
0.000000000000 0.000000000000 0.000000000000 1.000000000000
9 51 7
0.997782321873 -0.007205422695 -0.066170386443 0.305811423842
0.015553370142 0.991841414179 0.126525498602 0.067776836671
0.064718859967 -0.127274078283 0.989753897775 -0.051396184723
0.000000000000 0.000000000000 0.000000000000 1.000000000000
4 46 7
0.933977756301 -0.127267528977 0.333898976942 -0.666076435601
0.117612004786 0.991846763281 0.049065410419 -0.320399194903
-0.337421053085 -0.006555473861 0.941331003791 1.245039553011
0.000000000000 0.000000000000 0.000000000000 1.000000000000
13 56 7
0.991816424060 -0.061706026324 0.111770064331 -0.323678652971
0.040266635329 0.981950787823 0.184800563775 0.091555466651
-0.121156011178 -0.178787629907 0.976399613042 0.126502165126
0.000000000000 0.000000000000 0.000000000000 1.000000000000
59 61 7
0.701740850439 0.327157115575 -0.632872815465 1.166617529994
-0.193416688549 0.942449328514 0.272725590613 -0.532976307452
0.685674677539 -0.068974523653 0.724632839216 0.640286761877
0.000000000000 0.000000000000 0.000000000000 1.000000000000
1 6 7
0.893450631106 -0.090775034728 0.439893012955 -0.183800837137
0.159997389766 0.979443081805 -0.122849846453 0.184047324639
-0.419698469196 0.180142006694 0.889607808183 -0.049865831808
0.000000000000 0.000000000000 0.000000000000 1.000000000000
6 36 7
0.935963356844 -0.132821239850 0.326084518015 -1.030956124839
0.018958245742 0.943787428812 0.330008900084 -0.389001972713
-0.351586660104 -0.302694247485 0.885868507723 0.552975255701
0.000000000000 0.000000000000 0.000000000000 1.000000000000
6 47 7
0.847338551436 -0.306283138916 0.433829480403 -0.836773508570
0.163369739156 0.927646686369 0.335830245207 -0.091155289948
-0.505299621590 -0.213687304451 0.836068195984 0.511550683590
0.000000000000 0.000000000000 0.000000000000 1.000000000000
59 62 7
0.788013978529 0.231183413634 -0.570603363909 1.401506644952
-0.198021145256 0.972745074206 0.120642640227 -0.332804878640
0.582942188964 0.017923444702 0.812315920351 0.351507599376
0.000000000000 0.000000000000 0.000000000000 1.000000000000
