5 18 7
0.877900418628 -0.237407378470 0.415846836734 0.032748841523
0.272976023556 0.961633799089 -0.027286022309 0.177684531807
-0.393414470422 0.137470626308 0.909025236924 -0.258037593260
0.000000000000 0.000000000000 0.000000000000 1.000000000000
1 15 7
0.884051816644 -0.336279612680 0.324605002402 0.079715908064
0.345459685224 0.937927628556 0.030811839867 -0.337914229612
-0.314817393697 0.084898678944 0.945347673049 0.491388025174
0.000000000000 0.000000000000 0.000000000000 1.000000000000
27 32 7
0.993297281982 -0.004797969025 -0.115488047438 0.009415205900
0.020991294648 0.990011790390 0.139413128639 0.445675460504
0.113665628740 -0.140902925382 0.983476736107 -0.551671322918
0.000000000000 0.000000000000 0.000000000000 1.000000000000
12 16 7
0.755235835592 0.642450459718 -0.129908581110 0.904802163369
-0.655371190673 0.737026914638 -0.165166369263 0.524750868730
-0.010365089143 0.209877902382 0.977672660464 0.159519251910
0.000000000000 0.000000000000 0.000000000000 1.000000000000
18 22 7
0.954850874586 0.175388932933 -0.239788509955 0.451978110486
-0.160839225562 0.983804602912 0.079115401846 0.073040767600
0.249781005727 -0.036976012406 0.967596105658 -0.230509724750
0.000000000000 0.000000000000 0.000000000000 1.000000000000
39 56 7
0.100883169286 0.343642921864 0.933665961898 -2.569774241532
0.312970179379 0.879849296313 -0.357651901429 0.036882706030
-0.944389883986 0.328290660893 -0.018788001391 2.255282276782
0.000000000000 0.000000000000 0.000000000000 1.000000000000
20 30 7
0.659769583868 -0.664751820563 0.350441312148 -0.375499721703
0.521884611151 0.740862673774 0.422798948971 -0.951098896445
-0.540685258580 -0.096059958702 0.835722403366 0.109538550870
0.000000000000 0.000000000000 0.000000000000 1.000000000000
1 16 7
0.998452338847 -0.040458265970 0.038158298781 -0.033896263024
0.043660928115 0.995232247760 -0.087215230181 -0.115246385034
-0.034447792488 0.088746277297 0.995458410914 -0.080194762596
0.000000000000 0.000000000000 0.000000000000 1.000000000000
20 31 7
0.188103485540 -0.952618116540 0.239030966130 0.159981627010
-0.418090653406 -0.297888975350 -0.858173854122 1.139014149665
0.888716650155 0.061488880346 -0.454314685358 1.757480694077
0.000000000000 0.000000000000 0.000000000000 1.000000000000
2 15 7
0.655261754756 -0.734377030291 -0.176981383583 0.448994604299
0.707415957775 0.678729860657 -0.197201518595 0.455892744958
0.264942815413 0.004019158139 0.964255749752 0.586909438122
0.000000000000 0.000000000000 0.000000000000 1.000000000000
45 47 7
0.663534128443 -0.391467401395 0.637554494955 -0.082041203581
0.499455553998 0.866255217203 0.012085042403 0.000955507728
-0.557015807650 0.310411295403 0.770310468392 0.089278264902
0.000000000000 0.000000000000 0.000000000000 1.000000000000
50 54 7
0.967377518619 0.250508147268 0.037767772278 -0.046245446949
-0.249045035772 0.967685343925 -0.039517658198 -0.195950894796
-0.046446815046 0.028822617931 0.998504857308 -0.066908579544
0.000000000000 0.000000000000 0.000000000000 1.000000000000
13 18 7
0.957655063460 0.116747999713 -0.263185645491 0.375400945312
-0.092477538014 0.990390334455 0.102834286028 0.248903713166
0.272662216657 -0.074141014176 0.959248886173 -0.472178560572
0.000000000000 0.000000000000 0.000000000000 1.000000000000
