39 46 7
0.999376071267 0.034869788786 0.005618363480 -0.044592049813
-0.034444501526 0.997396128360 -0.063360393366 -0.071588929823
-0.007813097516 0.063127339267 0.997974896750 -0.247355877351
0.000000000000 0.000000000000 0.000000000000 1.000000000000
56 58 7
0.933996179237 -0.028104870985 0.356175874252 -0.793378154045
0.004915672045 0.997817769735 0.065844776337 -0.093477040747
-0.357249175423 -0.059747925733 0.932096138835 -0.427708410330
0.000000000000 0.000000000000 0.000000000000 1.000000000000
39 41 7
0.987219364828 -0.044130507970 0.153135312629 -0.090510645993
0.014275658728 0.981520580732 0.190823361164 -0.231275236591
-0.158726592844 -0.186198409940 0.969606116349 0.477419163514
0.000000000000 0.000000000000 0.000000000000 1.000000000000
29 42 7
0.960074827703 0.239816665297 -0.144028789679 0.392506557237
-0.191086490579 0.938231406265 0.288457590326 -0.248797425750
0.204309271275 -0.249418915370 0.946598080670 0.787543211384
0.000000000000 0.000000000000 0.000000000000 1.000000000000
8 37 7
0.799569261062 -0.422891654069 0.426440670766 -1.458465040639
0.306648058816 0.897992080784 0.315558537950 -0.636411266763
-0.516387417341 -0.121543703119 0.847685769282 1.017977019329
0.000000000000 0.000000000000 0.000000000000 1.000000000000
17 56 7
0.937550278764 0.014674673819 0.347540110979 -0.177124861561
-0.150267615399 0.918161687221 0.366604364243 -0.847178716683
-0.313718215208 -0.395934047624 0.863027874045 -0.308992892046
0.000000000000 0.000000000000 0.000000000000 1.000000000000
21 57 7
-0.150207718821 -0.986261304557 0.068747947907 -0.261049672772
0.955201087261 -0.126837928973 0.267400491152 0.284083892571
-0.255006909908 0.105833732376 0.961129906407 -1.260645572175
0.000000000000 0.000000000000 0.000000000000 1.000000000000
8 35 7
0.997288726013 -0.069565846228 -0.023995624730 -1.178728290402
0.072135199372 0.988640516118 0.131857661521 -0.293302772479
0.014550257013 -0.133231088447 0.990978186991 -0.114245683238
0.000000000000 0.000000000000 0.000000000000 1.000000000000
4 7 7
0.952528573339 -0.008498650075 -0.304330560282 -0.067049345912
-0.035449712769 0.989714747565 -0.138593060137 -0.139683505051
0.302378297566 0.142802280796 0.942430301805 0.327634866213
0.000000000000 0.000000000000 0.000000000000 1.000000000000
23 57 7
-0.792603586017 -0.535594335502 -0.291407383590 -0.131459794019
0.433249291747 -0.158414318415 -0.887242895109 2.107409833267
0.429039166783 -0.829483942882 0.357605623373 -0.044997108327
0.000000000000 0.000000000000 0.000000000000 1.000000000000
54 58 7
0.974522658509 0.043174289635 0.220094454192 -0.561593528001
0.073207133101 0.866326807746 -0.494083573744 0.177588145454
-0.212005433219 0.497608121815 0.841094437855 -0.645117009053
0.000000000000 0.000000000000 0.000000000000 1.000000000000
20 54 7
0.943356138389 -0.329145720615 0.041740756633 -0.037281647632
0.327109591718 0.943720748475 0.048892370622 -0.113646396525
-0.055484332653 -0.032469116086 0.997931483285 -0.198017935898
0.000000000000 0.000000000000 0.000000000000 1.000000000000
39 47 7
0.990401657685 -0.010715409345 0.137803252714 -0.046435912378
-0.012109723641 0.986429701515 0.163736979827 -0.146290364425
-0.137687730206 -0.163834135552 0.976831850923 0.423353021333
0.000000000000 0.000000000000 0.000000000000 1.000000000000
9 36 7
-0.789945786835 -0.420070617114 -0.446683702970 0.031100472976
0.479336479574 -0.877339584583 -0.022622835206 0.013568726901
-0.382390106057 -0.231982607022 0.894405879246 0.401568231492
0.000000000000 0.000000000000 0.000000000000 1.000000000000
