34 36 7
0.994268135729 -0.023730394557 -0.104248465920 0.050769606844
0.005957162553 0.985838270271 -0.167593010244 0.010815712037
0.106749175579 0.166011364799 0.980328944931 -0.056270279959
0.000000000000 0.000000000000 0.000000000000 1.000000000000
9 11 7
0.966888409830 -0.023796615073 -0.254087630649 0.697144396424
0.048930473836 0.994457391484 0.093060761075 -0.027754826751
0.250464791273 -0.102411999457 0.962693705547 0.409719736135
0.000000000000 0.000000000000 0.000000000000 1.000000000000
14 17 7
0.936929339209 0.182429094467 -0.298132585976 0.881459278293
-0.135693322458 0.975928159658 0.170738248285 -0.510446930864
0.322103609992 -0.119515073019 0.939130135685 0.517613163497
0.000000000000 0.000000000000 0.000000000000 1.000000000000
31 36 7
0.305968450657 -0.287664549969 0.907541962607 -1.688495231765
0.951886742273 0.109630670569 -0.286169086305 1.115784258513
-0.017173732503 0.951435874225 0.307367597756 1.119150257050
0.000000000000 0.000000000000 0.000000000000 1.000000000000
32 34 7
0.861641372410 -0.116508094932 0.493963570687 -0.940076879960
0.181931024440 0.979515363205 -0.086317759424 0.288318140542
-0.473788188642 0.164242251145 0.865187398915 -0.382589900949
0.000000000000 0.000000000000 0.000000000000 1.000000000000
1 27 7
0.957218894099 0.011633426428 -0.289130856481 1.256979271871
0.032300656415 0.988651104311 0.146716262018 0.093071551280
0.287556353391 -0.149778694529 0.945979749408 -0.020871402782
0.000000000000 0.000000000000 0.000000000000 1.000000000000
32 35 7
0.478057488672 -0.671836570908 0.565770854247 -1.300587442584
0.872456416417 0.437583393466 -0.217578894233 0.933442644769
-0.101394472122 0.597625631775 0.795338145237 -0.072287505452
0.000000000000 0.000000000000 0.000000000000 1.000000000000
5 7 7
0.839308270891 -0.108656882410 -0.532686876428 0.610719237786
0.058538580500 0.992189430663 -0.110151569547 0.111999614010
0.540495014785 0.061268389775 0.839113415104 -0.517403719699
0.000000000000 0.000000000000 0.000000000000 1.000000000000
34 37 7
0.996332279401 0.078677539291 -0.033642738210 -0.005564572110
-0.076903739963 0.995727333068 0.051116464670 -0.048722945132
0.037520711653 -0.048341731368 0.998125880441 -0.057995348624
0.000000000000 0.000000000000 0.000000000000 1.000000000000
22 24 7
0.997720757217 -0.007757956458 0.067030625308 -0.472597669239
0.001574270936 0.995774731319 0.091816154011 0.123818594442
-0.067459708631 -0.091501358339 0.993517332075 0.068171995420
0.000000000000 0.000000000000 0.000000000000 1.000000000000
32 36 7
0.924668744549 -0.015049979112 0.380474980758 -0.795983583978
0.128984270211 0.952523694049 -0.275792803232 0.248844405948
-0.358260758236 0.304092272847 0.882710098901 -0.521686652176
0.000000000000 0.000000000000 0.000000000000 1.000000000000
15 17 7
0.980380449549 0.099933473476 -0.169904311367 0.718413908779
-0.101527176622 0.994832522847 -0.000695624038 -0.127783874037
0.168956818594 0.017931881236 0.985460319387 0.310355217766
0.000000000000 0.000000000000 0.000000000000 1.000000000000
