0 36 7
0.999981043583 -0.005399130191 0.002960045207 -0.039321099808
0.005422103957 0.999954809186 -0.007808993141 0.070132736300
-0.002917749670 0.007824894783 0.999965128271 -0.060444654981
0.000000000000 0.000000000000 0.000000000000 1.000000000000
8 36 7
-0.803566939525 -0.563964249063 -0.190327348220 0.508456466258
-0.482771028689 0.430507035291 0.762624302278 -1.916209124656
-0.348155579535 0.704704206277 -0.618206821456 3.849223422076
0.000000000000 0.000000000000 0.000000000000 1.000000000000
19 35 7
0.389703706799 -0.920926966442 0.004954128326 0.071129291901
0.893611361798 0.376832997280 -0.243835244022 0.807329782779
0.222687572562 0.099450563803 0.969804016482 -0.373269734911
0.000000000000 0.000000000000 0.000000000000 1.000000000000
37 41 7
0.688627733017 0.605366054127 -0.399153837297 0.908527790037
-0.415172944496 0.780477164266 0.467425739790 -0.768472694915
0.594494130734 -0.156164453608 0.788789827490 0.865749095987
0.000000000000 0.000000000000 0.000000000000 1.000000000000
35 54 7
0.143027070274 0.525904053859 -0.838431978937 2.166132854709
-0.461443726021 0.784866073043 0.413587880748 -0.863455937290
0.875564357934 0.327734913491 0.354932221126 1.800839775429
0.000000000000 0.000000000000 0.000000000000 1.000000000000
5 7 7
0.977189570725 0.195393861991 -0.083197244926 0.834343046028
-0.166522536797 0.948115899027 0.270825565172 -0.164237187377
0.131798283774 -0.250793701493 0.959026449940 -0.223060817044
0.000000000000 0.000000000000 0.000000000000 1.000000000000
10 44 7
0.957309308528 -0.053354005291 -0.284098993179 0.836061336825
0.084846676568 0.991391623299 0.099718056176 -0.082340528844
0.276333004328 -0.119565878793 0.953595339411 0.020005350788
0.000000000000 0.000000000000 0.000000000000 1.000000000000
8 39 7
0.994515809733 0.095504089915 -0.042629485103 0.084582484405
-0.101653025438 0.978538830045 -0.179244025040 -0.096391908101
0.024596068993 0.182594432835 0.982880616600 0.514129562868
0.000000000000 0.000000000000 0.000000000000 1.000000000000
49 51 7
0.993187554265 0.076734056940 -0.087694735072 -0.109437989562
-0.084305048611 0.992707501888 -0.086165390232 0.017629982926
0.080443401422 0.092971502091 0.992413804301 -0.140267649881
0.000000000000 0.000000000000 0.000000000000 1.000000000000
26 28 7
0.994489057332 0.089811451483 0.054087133687 -0.052440689777
-0.092615755871 0.994354335664 0.051785875579 -0.559655848393
-0.049130811234 -0.056509807357 0.997192461394 1.130264234450
0.000000000000 0.000000000000 0.000000000000 1.000000000000
5 39 7
0.920947876434 0.160611707432 -0.355047726832 0.758567887500
-0.025321290720 0.933851666333 0.356763083184 -0.663211584241
0.388862239269 -0.319569937138 0.864095604750 0.385484524929
0.000000000000 0.000000000000 0.000000000000 1.000000000000
13 26 7
0.991781957374 -0.115125517374 -0.055809177365 -0.287982676824
0.111654505120 0.991825297084 -0.061772579283 -0.418846818802
0.062464554069 0.055033583513 0.996528717183 0.864618127665
0.000000000000 0.000000000000 0.000000000000 1.000000000000
