0 3 38
0.987575101955 -0.067733495347 -0.141801239794 0.018777142238
0.115397700389 0.925082966704 0.361807788000 -0.494782743675
0.106671405466 -0.373675900107 0.921405194762 0.856895688427
0.000000000000 0.000000000000 0.000000000000 1.000000000000
0 27 38
0.906072539178 0.085482437059 -0.414397522558 1.446373337314
0.018345302252 0.970522277949 0.240312209197 -0.010994730031
0.422724500867 -0.225342541386 0.877795383565 0.638804402854
0.000000000000 0.000000000000 0.000000000000 1.000000000000
1 14 38
-0.096237166964 -0.960871373597 -0.259739506229 0.469347722963
0.986511073857 -0.126792469472 0.103535360354 -0.550547797216
-0.132417177333 -0.246271949452 0.960112398660 0.370974572781
0.000000000000 0.000000000000 0.000000000000 1.000000000000
1 25 38
-0.951105206366 0.131067711401 -0.279678639605 0.967113642713
0.062808511996 0.968651539670 0.240352419408 -0.109603715036
0.302413586408 0.211034238270 -0.929521690459 5.158166322367
0.000000000000 0.000000000000 0.000000000000 1.000000000000
1 27 38
0.917377274234 0.095741532679 -0.386332105370 1.640208682289
-0.021687017111 0.981219776909 0.191670088152 -0.044868374107
0.397427490252 -0.167455392041 0.902225072622 0.147633849271
0.000000000000 0.000000000000 0.000000000000 1.000000000000
1 28 38
0.998301583610 0.008152888083 -0.057684300965 0.921615254261
-0.000544336281 0.991421362831 0.130703423910 0.014447660306
0.058255058664 -0.130450035414 0.989741954451 0.230494244050
0.000000000000 0.000000000000 0.000000000000 1.000000000000
1 33 38
-0.156190342427 0.210965733422 -0.964934213433 0.843910799498
-0.213778749210 0.946547686293 0.241549423428 -0.418547317227
0.964314898422 0.244010116377 -0.102741616629 2.793746738217
0.000000000000 0.000000000000 0.000000000000 1.000000000000
2 5 38
0.865572947198 0.168509923135 -0.471580193480 0.921626407338
-0.152012588908 0.985664738907 0.073192863645 -0.448681912463
0.477153692107 0.008332363390 0.878780362678 1.653197534804
0.000000000000 0.000000000000 0.000000000000 1.000000000000
2 14 38
0.932879946653 0.048583583932 -0.356895839854 1.303981813435
-0.055929338789 0.998381762621 -0.010284217455 -0.149243956055
0.355818653524 0.029554888571 0.934087573178 0.432924340017
0.000000000000 0.000000000000 0.000000000000 1.000000000000
2 15 38
0.926885641043 -0.025224030507 -0.374495336036 1.438179261360
0.064775282073 0.993519086123 0.093402293020 -0.395096255965
0.369712281728 -0.110831285267 0.922512468721 0.620684966307
0.000000000000 0.000000000000 0.000000000000 1.000000000000
3 5 38
0.917610102690 0.300328911704 -0.260373278650 0.540044633694
-0.281558334964 0.953498097797 0.107546648062 -0.341679077681
0.280564793680 -0.025375623967 0.959499595756 0.790160309762
0.000000000000 0.000000000000 0.000000000000 1.000000000000
3 6 38
0.508278745172 0.623650608012 -0.593896149450 0.873389206681
-0.394099482492 0.781615751260 0.483489829554 -0.850448921760
0.765727311192 -0.011693438716 0.643059055131 0.945210879760
0.000000000000 0.000000000000 0.000000000000 1.000000000000
3 14 38
0.997767156936 0.035332218215 0.056677463735 -0.065407350520
-0.033797782435 0.999041774142 -0.027807254864 -0.076528132229
-0.057605645921 0.025829593040 0.998005221270 -0.155067659115
0.000000000000 0.000000000000 0.000000000000 1.000000000000
3 15 38
0.995782436997 0.066685007346 -0.063011490729 0.225246891002
-0.064553045392 0.997290178970 0.035287437713 -0.178765700248
0.065193883910 -0.031071027101 0.997388765114 -0.063908665784
0.000000000000 0.000000000000 0.000000000000 1.000000000000
3 16 38
0.996650236970 -0.019307532372 -0.079470273314 0.456404190988
0.021563616868 0.999385625456 0.027629369508 -0.134614717292
0.078887993856 -0.029250484193 0.996454260667 -0.063956694976
0.000000000000 0.000000000000 0.000000000000 1.000000000000
3 17 38
0.688830181853 0.674007407889 -0.266883859905 0.983618316960
-0.565288656792 0.729896788715 0.384316812443 -1.405105620729
0.453830050868 -0.113862601120 0.883783679978 0.360728876903
0.000000000000 0.000000000000 0.000000000000 1.000000000000
3 18 38
0.796252636761 0.249400476319 -0.551163442966 1.635622195122
-0.154049612093 0.964623727947 0.213938730702 -0.585984620841
0.585021756403 -0.085442763839 0.806504233493 0.801035009895
0.000000000000 0.000000000000 0.000000000000 1.000000000000
3 20 38
0.990640369322 0.070179065020 -0.117075008013 0.654347429668
-0.068483326929 0.997481652939 0.018449552410 -0.204334355751
0.118074944848 -0.010259185364 0.992951688913 -0.048109756864
0.000000000000 0.000000000000 0.000000000000 1.000000000000
3 34 38
0.851585958298 -0.506544667994 -0.134958715751 0.174641638981
-0.489492048790 -0.860514267077 0.141112474032 -0.942733021252
-0.187613671678 -0.054108183151 -0.980751454098 4.897780674455
0.000000000000 0.000000000000 0.000000000000 1.000000000000
3 35 38
0.957937562357 0.203529274451 -0.202315251693 0.635524127749
-0.192224151644 0.978537923332 0.074252327405 -0.030162552823
0.213085668573 -0.032239215892 0.976501475067 0.175568752953
0.000000000000 0.000000000000 0.000000000000 1.000000000000
3 36 38
0.786585027916 0.523343598310 -0.327712483690 1.032275682349
-0.489783017817 0.851989925533 0.185002060117 -0.756904147582
0.376027378411 0.014988158617 0.926487326295 0.462726056246
0.000000000000 0.000000000000 0.000000000000 1.000000000000
3 37 38
0.866283093052 -0.106755740600 -0.488013129476 1.486925539217
-0.032662601950 0.962704199773 -0.268577322522 0.602946106106
0.498484460265 0.248603772272 0.830487451613 0.661260621072
0.000000000000 0.000000000000 0.000000000000 1.000000000000
4 6 38
0.768216667108 0.264713536199 -0.582897843649 0.776228206959
-0.212681861876 0.964322805036 0.157632335880 -0.283048829173
0.603829096687 0.002876010973 0.797108619044 0.233173093794
0.000000000000 0.000000000000 0.000000000000 1.000000000000
4 16 38
0.999165314624 0.026694367273 -0.030920621095 0.474200372189
-0.027433858039 0.999341594951 -0.023743631438 -0.072481062492
0.030266441584 0.024572084906 0.999239788618 -0.695587951099
0.000000000000 0.000000000000 0.000000000000 1.000000000000
4 17 38
0.947350591500 0.030120380167 -0.318778323420 1.194790509863
-0.078901301315 0.986826437204 -0.141237981741 0.110729477880
0.310324735455 0.158953910093 0.937247146184 -0.331661193613
0.000000000000 0.000000000000 0.000000000000 1.000000000000
4 18 38
0.864964263331 0.166327966092 -0.473467877323 1.287007586528
-0.115679254358 0.984152037192 0.134398950152 -0.392332459722
0.488318680036 -0.061479877900 0.870497036951 0.153869056552
0.000000000000 0.000000000000 0.000000000000 1.000000000000
4 20 38
-0.515452765500 -0.780001828726 0.354831782289 -0.750791489159
0.694883785058 -0.622774736000 -0.359566618950 0.666118803979
0.501442889869 0.061227243817 0.863021583053 -0.164375087746
0.000000000000 0.000000000000 0.000000000000 1.000000000000
4 21 38
0.947009369736 -0.321205188035 0.000693406593 -0.447738583469
0.313371077354 0.923433861627 -0.221514042622 0.626317715985
0.070511144585 0.209993167462 0.975156935118 -0.644321173537
0.000000000000 0.000000000000 0.000000000000 1.000000000000
4 32 38
0.834774211648 0.191434038251 -0.516241246479 0.906301266281
-0.304761520403 0.941531034078 -0.143665331757 0.098352074868
0.458554720017 0.277258581230 0.844307555269 0.656978268747
0.000000000000 0.000000000000 0.000000000000 1.000000000000
4 33 38
0.977842322321 0.010350559945 0.209086725035 -0.644526518907
-0.012904048591 0.999857848303 0.010852129636 -0.138845610973
-0.208944677384 -0.013309736905 0.977836884504 0.486947716831
0.000000000000 0.000000000000 0.000000000000 1.000000000000
4 36 38
0.872852595955 0.422772154300 -0.243704844602 0.714772157467
-0.394075114718 0.905229485655 0.158947734365 -0.644256176736
0.287807487209 -0.042699927968 0.956735891695 -0.008704751086
0.000000000000 0.000000000000 0.000000000000 1.000000000000
4 37 38
0.455924949600 -0.852496816252 -0.255698296070 0.303658090684
-0.821210388381 -0.513707320810 0.248431653702 -0.368163857523
-0.343141280447 0.096715907831 -0.934291225918 4.526572694676
0.000000000000 0.000000000000 0.000000000000 1.000000000000
5 7 38
0.777611546964 0.060506399509 -0.625826859160 0.775983086173
-0.102815448743 0.994197414623 -0.031630432441 -0.063911408646
0.620281601797 0.088940858861 0.779320382191 -0.401852508543
0.000000000000 0.000000000000 0.000000000000 1.000000000000
5 12 38
0.712688466493 -0.691461499202 -0.118136128466 -0.198345597763
0.206290096288 0.367555388022 -0.906833740500 2.240068994737
0.670462188271 0.621919634565 0.404594145090 0.458645173204
0.000000000000 0.000000000000 0.000000000000 1.000000000000
5 17 38
0.971805576741 0.223670669722 -0.074601290351 0.699792902994
-0.232395588305 0.962078109497 -0.142821573171 0.019435863408
0.039827271465 0.156131812046 0.986932948946 -0.906583406899
0.000000000000 0.000000000000 0.000000000000 1.000000000000
5 18 38
0.980491338292 0.128607879353 -0.148649752449 0.756166468579
-0.142926453643 0.985633121731 -0.089996545464 0.043373917053
0.134939854690 0.109486815256 0.984786206698 -0.534247327826
0.000000000000 0.000000000000 0.000000000000 1.000000000000
5 20 38
0.699547720423 -0.139156539339 -0.700905446127 0.870456187582
0.080078568863 0.989943245884 -0.116618149264 0.124637400515
0.710084790472 0.025452455443 0.703655997524 -0.034748889452
0.000000000000 0.000000000000 0.000000000000 1.000000000000
5 32 38
0.808197221592 0.476562100641 -0.345985281831 0.891886860561
-0.478983428227 0.873736084417 0.084617552974 0.073717800462
0.342625344210 0.097333545196 0.934416424558 0.216301049016
0.000000000000 0.000000000000 0.000000000000 1.000000000000
5 33 38
0.869346750031 0.386008695008 -0.308599279958 1.175828314727
-0.358674612112 0.922389891244 0.143350658028 0.168587008580
0.339983456712 -0.013934701634 0.940328173167 -0.079630251977
0.000000000000 0.000000000000 0.000000000000 1.000000000000
5 34 38
0.966879176778 0.250003346213 -0.051409963980 0.708069889804
-0.249928431958 0.968231389796 0.007984654727 0.282992756908
0.051772931274 0.005128615295 0.998645713400 -0.424128726373
0.000000000000 0.000000000000 0.000000000000 1.000000000000
5 36 38
0.931105532688 0.155134435723 -0.330114819195 1.086900597227
-0.120396977240 0.985036053800 0.123322911843 -0.425758858612
0.344306629142 -0.075081819152 0.935850236716 -0.178765324312
0.000000000000 0.000000000000 0.000000000000 1.000000000000
6 11 38
0.895652888056 -0.048376184580 0.442114972472 -1.346103725840
0.123473697466 0.982036527421 -0.142683232525 0.261661675243
-0.427270581894 0.182384219644 0.885537038340 -0.008225813816
0.000000000000 0.000000000000 0.000000000000 1.000000000000
6 12 38
0.874632945201 -0.476408089447 0.089735965355 -0.466554425253
0.341070728674 0.473169854948 -0.812269072666 2.248610978460
0.344511203316 0.741043602414 0.576338798027 0.495433686406
0.000000000000 0.000000000000 0.000000000000 1.000000000000
6 19 38
0.915813439701 -0.339130917537 -0.215118489291 0.709641502435
0.363210717545 0.927971617059 0.083346581169 -0.257825533272
0.171358449821 -0.154463260040 0.973024862464 0.043928556783
0.000000000000 0.000000000000 0.000000000000 1.000000000000
6 23 38
0.975895683182 -0.003219166270 0.218213777098 -1.204165280108
0.048514207831 0.978072280562 -0.202536381011 1.022736091976
-0.212776848331 0.208240848450 0.954652691743 -0.594253731665
0.000000000000 0.000000000000 0.000000000000 1.000000000000
6 31 38
0.893967321102 0.184337536691 -0.408463096702 0.802634094455
-0.187336363942 0.981739738900 0.033048022774 -0.252765445772
0.407096445018 0.046976138954 0.912176368266 0.273231852934
0.000000000000 0.000000000000 0.000000000000 1.000000000000
6 32 38
0.222040356012 0.668139447061 -0.710132212748 1.213971682266
-0.756252556290 0.577727829032 0.307103609009 -1.099470366936
0.615451177110 0.468849906518 0.633561057635 1.310801433281
0.000000000000 0.000000000000 0.000000000000 1.000000000000
6 34 38
0.906263391721 0.292984818524 -0.304707336539 0.783915435058
-0.109802136834 0.859255176592 0.499623890790 -1.484962807194
0.408203571240 -0.419333325191 0.810881869826 0.170908565323
0.000000000000 0.000000000000 0.000000000000 1.000000000000
6 35 38
0.372529955207 -0.926417576723 0.054515190664 -0.074597048841
0.888294636333 0.338964079360 -0.309896744039 0.985487467868
0.268615099231 0.163871371641 0.949206037708 -0.172998167645
0.000000000000 0.000000000000 0.000000000000 1.000000000000
7 13 38
0.996593349284 -0.062294656180 0.054046942336 -0.207186716492
0.058935994852 0.996355786175 0.061657893787 -0.338852153130
-0.057690941016 -0.058262536564 0.996632947558 -0.677102759714
0.000000000000 0.000000000000 0.000000000000 1.000000000000
7 16 38
0.045581825701 -0.998035436352 -0.042983310163 0.266869613879
-0.906695210907 -0.059394633469 0.417583610828 -1.536552750562
-0.419316219198 0.019938538109 -0.907621266286 5.629770589321
0.000000000000 0.000000000000 0.000000000000 1.000000000000
7 19 38
0.796925415020 -0.602214300239 0.047411174663 -0.095728522389
0.573421961763 0.778834388955 0.254173657857 -0.649137274838
-0.189992464753 -0.175370838991 0.965995824095 0.129976816271
0.000000000000 0.000000000000 0.000000000000 1.000000000000
7 20 38
0.811845913224 0.573163352224 -0.111310308819 0.110839688796
-0.569728642787 0.819357949052 0.063732447888 -0.892723391168
0.127732089819 0.011675743814 0.991739981163 0.189484855136
0.000000000000 0.000000000000 0.000000000000 1.000000000000
7 30 38
0.972681100687 0.228466108900 -0.041166897497 -0.023967172520
-0.227600526010 0.973441927230 0.024674174143 -0.555267080402
0.045710796595 -0.014630495340 0.998847571795 -0.359521448148
0.000000000000 0.000000000000 0.000000000000 1.000000000000
7 35 38
-0.789706007691 0.595818856313 0.146165357998 -0.438540858350
0.600401027318 0.799551243626 -0.015375799536 0.259176621498
-0.126027885057 0.075615469833 -0.989140673974 5.245876039022
0.000000000000 0.000000000000 0.000000000000 1.000000000000
7 37 38
-0.831558462903 -0.555428844824 0.003053049630 0.279061271045
-0.549377529001 0.823283624164 0.142787971524 -0.431059706658
-0.081822083843 0.117059269261 -0.989748591348 5.239253184849
0.000000000000 0.000000000000 0.000000000000 1.000000000000
8 10 38
0.966368396912 -0.114486072304 -0.230271710587 -0.381942916726
0.126737629566 0.991165882491 0.039086655504 0.085154528040
0.223762585569 -0.066956199376 0.972341078359 -0.322337690939
0.000000000000 0.000000000000 0.000000000000 1.000000000000
8 17 38
0.999456897106 -0.019151865436 -0.026816354651 0.090203626028
0.021607547283 0.995290341671 0.094499998286 -0.284550236855
0.024880207532 -0.095028110714 0.995163621445 0.127961004644
0.000000000000 0.000000000000 0.000000000000 1.000000000000
8 21 38
0.988191681306 -0.004325700640 -0.153161644385 0.478072906963
0.010129270500 0.999259039669 0.037131785838 -0.101981522590
0.152887536693 -0.038244737604 0.987503286663 0.030296013138
0.000000000000 0.000000000000 0.000000000000 1.000000000000
8 22 38
0.997844590888 0.023736512411 0.061178022319 -0.198456184921
-0.023920111756 0.999711295243 0.002270334289 0.021194106573
-0.061106470115 -0.003728825920 0.998124288437 -0.022836526405
0.000000000000 0.000000000000 0.000000000000 1.000000000000
8 30 38
0.988228783992 -0.079025638137 0.130991675337 -0.496601345302
0.065640983821 0.992458149456 0.103528174051 -0.460014414020
-0.138185135718 -0.093711099110 0.985963030833 0.037509959409
0.000000000000 0.000000000000 0.000000000000 1.000000000000
9 11 38
0.989950856682 -0.051568999211 -0.131673610395 0.493057707397
0.073016111071 0.983812996321 0.163647901891 -0.216731525041
0.121103050656 -0.171617675633 0.977691886298 0.413801834638
0.000000000000 0.000000000000 0.000000000000 1.000000000000
9 12 38
0.844399758739 -0.014387393297 -0.535520354754 1.246390245657
0.081645840097 0.991417720124 0.102102208690 -0.046382875719
0.529455384557 -0.129938089637 0.838327554495 0.807803061510
0.000000000000 0.000000000000 0.000000000000 1.000000000000
9 13 38
0.998076466699 -0.025127494738 -0.056674294254 0.273629658097
0.028357489320 0.997975514670 0.056927365290 -0.088715688879
0.055129115905 -0.058425004301 0.996768428198 -0.000904615754
0.000000000000 0.000000000000 0.000000000000 1.000000000000
9 15 38
0.983318000615 -0.105645956800 -0.148069718303 0.521602738256
0.171441097165 0.810287068409 0.560395232825 -1.205544607904
0.060775487407 -0.576431954858 0.814881918776 0.949268249839
0.000000000000 0.000000000000 0.000000000000 1.000000000000
9 21 38
0.977134036564 0.039489206583 0.208925051518 -0.359682516400
-0.063178066604 0.992146355917 0.107954343773 -0.089110181319
-0.203021197140 -0.118685344515 0.971954825343 0.691016772482
0.000000000000 0.000000000000 0.000000000000 1.000000000000
9 23 38
0.790453562573 -0.103496536926 0.603714860063 -1.954583360775
0.006408938189 0.986965082680 0.160806875105 0.218770570282
-0.612488441464 -0.123241196092 0.780813368648 0.747588268592
0.000000000000 0.000000000000 0.000000000000 1.000000000000
10 12 38
0.924882130712 -0.034019635733 -0.378729070280 1.056674730399
0.095113367024 0.985026474440 0.143792531334 -0.195040454265
0.368166391328 -0.169013339824 0.914269106586 0.679396076090
0.000000000000 0.000000000000 0.000000000000 1.000000000000
10 13 38
0.994648364294 -0.055062750366 -0.087422679715 0.451292380877
0.055272134912 0.998471326803 -0.000025609309 0.067291640403
0.087290449127 -0.004806565890 0.996171307765 0.034039562828
0.000000000000 0.000000000000 0.000000000000 1.000000000000
10 26 38
0.830742435259 0.144085016807 0.537686260000 -1.359069738983
-0.181455456743 0.983254461626 0.016869526100 0.292074856711
-0.526251768149 -0.111580337087 0.842976218464 1.146430601709
0.000000000000 0.000000000000 0.000000000000 1.000000000000
10 27 38
-0.993373379956 0.112228889091 0.024779113165 0.186934680332
0.114905157491 0.965140643044 0.235160251588 -0.088469149528
0.002476444580 0.236449181852 -0.971640700889 5.698286112765
0.000000000000 0.000000000000 0.000000000000 1.000000000000
10 28 38
-0.945338054902 0.037204109152 0.323962677196 -1.110766885574
0.094938470241 0.981834344042 0.164280271876 0.037548190518
-0.311965781493 0.186056913662 -0.931697470242 5.334754816690
0.000000000000 0.000000000000 0.000000000000 1.000000000000
11 15 38
0.990831889848 -0.125028436336 0.051186484226 -0.092659606298
0.105121849381 0.951476689009 0.289208414567 -0.775698446857
-0.084862022381 -0.281176102079 0.955896666369 0.283865025838
0.000000000000 0.000000000000 0.000000000000 1.000000000000
11 21 38
0.988581101530 0.034168814780 0.146764770278 -0.528186278592
-0.053085939270 0.990483780900 0.126979379534 -0.347015724955
-0.141029389667 -0.133320560573 0.980987430795 0.196696704071
0.000000000000 0.000000000000 0.000000000000 1.000000000000
11 23 38
0.967984954846 0.050439229233 0.245888209042 -0.939962848655
-0.057052578461 0.998173982200 0.019841989583 0.393114817450
-0.244438398135 -0.033235303729 0.969095085172 -0.140670009868
0.000000000000 0.000000000000 0.000000000000 1.000000000000
11 28 38
0.354165422344 0.905153990410 -0.235081065297 0.808947724299
-0.923397885797 0.378254606604 0.065267121045 -0.423265944357
0.147997290930 0.193958001196 0.969781983566 0.139422194704
0.000000000000 0.000000000000 0.000000000000 1.000000000000
11 30 38
0.991612019124 -0.030111872023 0.125693590495 -0.386233651259
0.019838687739 0.996418554048 0.082197880853 -0.308310429558
-0.127718557763 -0.079014810708 0.988657994299 0.068914320576
0.000000000000 0.000000000000 0.000000000000 1.000000000000
11 32 38
-0.365424093150 0.924911050911 -0.104903670335 -0.126278761092
-0.715900783884 -0.207223991469 0.666741542874 -1.444151428244
0.594938063819 0.318744043495 0.737869185531 1.757040470376
0.000000000000 0.000000000000 0.000000000000 1.000000000000
11 35 38
0.972069348457 0.048427986304 0.229643009763 0.090043255984
-0.150363426725 0.879793601516 0.450947955572 -0.906599801789
-0.180199949206 -0.472882595233 0.862502190973 0.537541887925
0.000000000000 0.000000000000 0.000000000000 1.000000000000
12 16 38
0.988671981942 -0.064628392771 0.135465430905 0.063056631388
0.049884713550 0.992729800102 0.109540217924 -0.264625404926
-0.141559978372 -0.101541690141 0.984708107861 -0.133322594035
0.000000000000 0.000000000000 0.000000000000 1.000000000000
12 18 38
0.864661158788 0.230684936806 0.446257258108 -0.458779968607
-0.499185365702 0.294911322152 0.814764556627 -2.234986832360
0.056347592249 -0.927260358258 0.370152910093 2.149771002285
0.000000000000 0.000000000000 0.000000000000 1.000000000000
12 20 38
0.946537554114 -0.017583659884 0.322114069170 -0.972452311734
-0.035986432347 0.986525710981 0.159599493298 -0.428305801348
-0.320580154312 -0.162658650183 0.933150860355 0.579578166617
0.000000000000 0.000000000000 0.000000000000 1.000000000000
12 21 38
0.764388747814 0.166417977512 0.622908419413 -1.695045954203
-0.334429934453 0.928327147188 0.162374033441 -0.578178916813
-0.551240837708 -0.332436105973 0.765257978912 1.161107648407
0.000000000000 0.000000000000 0.000000000000 1.000000000000
12 25 38
0.789490632326 0.106916461978 0.604378533394 -1.846416154353
-0.138117349350 0.990402139370 0.005215375171 0.281266820592
-0.598020183003 -0.087592650878 0.796680229599 0.862574463850
0.000000000000 0.000000000000 0.000000000000 1.000000000000
12 33 38
0.984501935439 -0.051108874149 0.167761205585 0.453664602277
0.029746343809 0.991396786358 0.127465944582 -0.259182967181
-0.172832561012 -0.120500186645 0.977552357101 0.629132293031
0.000000000000 0.000000000000 0.000000000000 1.000000000000
13 19 38
0.926491426804 -0.049239139836 0.373080612156 -0.905114366275
0.014501711385 0.995338008349 0.095351714738 -0.063811947608
-0.376036349872 -0.082932238875 0.922886183302 0.630945697666
0.000000000000 0.000000000000 0.000000000000 1.000000000000
13 30 38
0.996181044162 -0.013754452462 0.086221472319 -0.302804444316
0.009331667585 0.998629891395 0.051490387373 -0.121477993267
-0.086811561624 -0.050489157740 0.994944519920 0.105915969199
0.000000000000 0.000000000000 0.000000000000 1.000000000000
14 16 38
0.990370741467 0.038517661499 -0.132974374217 0.458587695505
-0.029216625119 0.997033889312 0.071202614975 -0.092604536350
0.135322515725 -0.066631924145 0.988558548302 0.119586418954
0.000000000000 0.000000000000 0.000000000000 1.000000000000
14 17 38
0.776718141673 0.601820680484 -0.185797731246 0.617886349948
-0.515317658843 0.776817309950 0.361942782006 -1.055908080501
0.362155545144 -0.185382673148 0.913496921515 0.552723512700
0.000000000000 0.000000000000 0.000000000000 1.000000000000
14 18 38
0.636192511910 0.738840724662 -0.222201420722 0.884130504229
-0.542138279041 0.633012822004 0.552612751913 -1.275371034879
0.548949154465 -0.231104198922 0.803271856256 1.012268882886
0.000000000000 0.000000000000 0.000000000000 1.000000000000
14 19 38
0.857799809388 0.035662666090 0.512745220612 -0.547064545765
-0.035912816107 0.999310491982 -0.009423919308 0.059127744235
-0.512727760759 -0.010330288632 0.858489096310 0.273334624036
0.000000000000 0.000000000000 0.000000000000 1.000000000000
14 20 38
0.998425828614 -0.003964510955 0.055947720337 -0.196163750444
0.002259964677 0.999532296856 0.030497214628 -0.031482197845
-0.056042459954 -0.030322766912 0.997967821369 0.261350983973
0.000000000000 0.000000000000 0.000000000000 1.000000000000
14 21 38
0.342640790376 -0.939434447682 -0.007759334981 -0.421562595180
0.849731351612 0.313424829183 -0.423935733973 0.732769577091
0.400691800339 0.138664324757 0.905659034174 0.040062296578
0.000000000000 0.000000000000 0.000000000000 1.000000000000
14 28 38
0.876356984743 0.222289844881 0.427300433132 -0.881343348181
-0.197174303672 0.974963121488 -0.102806642352 0.738633198713
-0.439455036681 0.005842653741 0.898245586760 0.055226792070
0.000000000000 0.000000000000 0.000000000000 1.000000000000
14 33 38
0.858268878693 -0.028726735121 -0.512395654311 1.124772229415
-0.045006721333 -0.998798478394 -0.019390579995 -0.233960986648
-0.511222971807 0.039703579775 -0.858530546254 4.778629713322
0.000000000000 0.000000000000 0.000000000000 1.000000000000
14 34 38
0.987609449890 0.151033530880 0.042619796320 0.093482833040
-0.150166460561 0.988395956493 -0.022879408025 0.129171635785
-0.045580792127 0.016195855610 0.998829357623 0.641785520221
0.000000000000 0.000000000000 0.000000000000 1.000000000000
14 35 38
0.515113445928 -0.827446683147 0.223584714085 -0.889528536128
0.856964174776 0.492181790492 -0.152870822128 0.146562926087
0.016448129814 0.270349905967 0.962621622118 0.847413491114
0.000000000000 0.000000000000 0.000000000000 1.000000000000
14 37 38
0.989794312619 0.142492576081 0.001756265626 0.313942248640
-0.142388063108 0.989413854372 -0.028033270617 -0.044653346569
-0.005732206489 0.027497100559 0.999605447799 0.560345029679
0.000000000000 0.000000000000 0.000000000000 1.000000000000
15 17 38
0.942866663645 0.216277956146 -0.253429083317 0.670767743084
-0.197481096588 0.975424281604 0.097717385091 -0.390963180350
0.268334997859 -0.042087011581 0.962405845982 0.352054105807
0.000000000000 0.000000000000 0.000000000000 1.000000000000
15 19 38
0.832179956615 -0.010044927006 0.554414663631 -0.537215476549
0.025655900339 0.999462635865 -0.020401330538 0.072802256464
-0.553911811200 0.031201585719 0.831990484599 0.158082652339
0.000000000000 0.000000000000 0.000000000000 1.000000000000
15 20 38
0.995706659466 0.092380024929 0.005846305633 -0.439775651281
-0.092409749233 0.995708328846 0.005036081315 0.001415330015
-0.005355981895 -0.005554715341 0.999970228855 0.223536000783
0.000000000000 0.000000000000 0.000000000000 1.000000000000
15 23 38
0.960119846060 0.063256333173 0.272338975386 -1.067652640151
-0.039283462065 0.994928134038 -0.092600311592 0.813656769056
-0.276815264769 0.078208979103 0.957735174659 -0.128320746430
0.000000000000 0.000000000000 0.000000000000 1.000000000000
15 31 38
0.703339940747 -0.294423633838 0.647014413740 -2.141398503697
0.339789000072 0.938724113128 0.057796841287 -0.016618575771
-0.624384787756 0.179197553752 0.760284074243 0.996919740848
0.000000000000 0.000000000000 0.000000000000 1.000000000000
15 32 38
0.458128389661 0.883062177089 0.101585284279 -0.557859507208
-0.776348642590 0.341847843860 0.529549654703 -1.000947524031
0.432898560560 -0.321467328112 0.842174324722 1.524102580728
0.000000000000 0.000000000000 0.000000000000 1.000000000000
15 33 38
0.997033431665 0.054703416181 0.054146767226 -0.194978993980
-0.058948604888 0.995035169486 0.080187738880 -0.089392949347
-0.049491394451 -0.083141732861 0.995308019727 0.878154979940
0.000000000000 0.000000000000 0.000000000000 1.000000000000
15 37 38
0.762996154090 -0.356619699855 -0.539128239400 1.534339522734
-0.279232947118 -0.934049178749 0.222668122825 -1.136393615914
-0.582980128382 -0.019352554192 -0.812255900907 4.621650173000
0.000000000000 0.000000000000 0.000000000000 1.000000000000
16 20 38
-0.917789845430 0.285308053256 -0.276154149657 0.637435820942
0.208180981938 0.937988383512 0.277197530936 -0.864029921182
0.338116072355 0.196919037029 -0.920271924200 5.477342039945
0.000000000000 0.000000000000 0.000000000000 1.000000000000
16 21 38
0.995815006578 0.081621157089 -0.041115196572 -0.105920409375
-0.081538842192 0.996663378796 0.003677850175 0.063232896746
0.041278201122 -0.000309972872 0.999147643759 -0.307023920333
0.000000000000 0.000000000000 0.000000000000 1.000000000000
16 25 38
0.921952156350 0.036893472494 0.385542595688 -1.168604529177
-0.015480568509 0.998167481313 -0.058498130299 0.536440535533
-0.386994280838 0.047964058806 0.920833793723 0.242730873078
0.000000000000 0.000000000000 0.000000000000 1.000000000000
16 27 38
0.992946078030 0.085776430438 -0.081856521468 -0.042022882107
-0.076893064216 0.991376520827 0.106113385719 0.092995367611
0.090252660909 -0.099070671414 0.990979040780 0.071198689993
0.000000000000 0.000000000000 0.000000000000 1.000000000000
16 33 38
0.994791319141 0.040630919439 0.093484542831 -0.302109034282
-0.044903686558 0.998019018952 0.044064688167 -0.046287603403
-0.091508962929 -0.048032969879 0.994645134461 0.887926852814
0.000000000000 0.000000000000 0.000000000000 1.000000000000
16 37 38
0.933152337588 0.306181174365 0.188360832760 -0.434058642626
-0.313204675008 0.949652168438 0.007974367256 0.004089824155
-0.176435672149 -0.066436792855 0.982067516085 0.540966918137
0.000000000000 0.000000000000 0.000000000000 1.000000000000
17 20 38
0.957437655027 0.031335587285 0.286934169637 -0.985812865680
-0.032079643809 0.999483090788 -0.002108953039 -0.045823030401
-0.286851936004 -0.007185554906 0.957947981162 0.317540309250
0.000000000000 0.000000000000 0.000000000000 1.000000000000
17 27 38
-0.614950444345 0.400429484295 -0.679332156685 1.130778924886
-0.786119355929 -0.379105603142 0.488154995776 -1.289047689447
-0.062066973779 0.834227289037 0.547916527395 1.351793272822
0.000000000000 0.000000000000 0.000000000000 1.000000000000
17 30 38
0.670155477362 0.043706381855 -0.740932782611 0.912193651263
-0.169853736457 0.980804431505 -0.095772518768 0.417435562697
0.722524286356 0.190032679623 0.664715154259 0.616913862561
0.000000000000 0.000000000000 0.000000000000 1.000000000000
18 20 38
0.882495030423 -0.144725843453 -0.447500783816 -0.183163307864
0.104815102750 0.988068218838 -0.112849409200 0.169418892413
0.458493528323 0.052684202170 0.887134746996 0.409911413457
0.000000000000 0.000000000000 0.000000000000 1.000000000000
18 30 38
0.798293063557 0.012148158114 -0.602146665632 0.720366063553
-0.088945544923 0.991211396615 -0.097921689417 0.279759547955
0.595665069242 0.131728468732 0.792357706980 -0.048131217513
0.000000000000 0.000000000000 0.000000000000 1.000000000000
18 32 38
0.982047131970 -0.058277059551 -0.179407956677 0.036257891469
0.023106296878 0.981082697873 -0.192205200186 0.391474473928
0.187215196054 0.184609112084 0.964816016711 0.753501821823
0.000000000000 0.000000000000 0.000000000000 1.000000000000
18 35 38
0.898928225109 0.194656516810 0.392475332429 -1.031998504191
-0.259133487975 0.958595709973 0.118085139754 -0.262673562305
-0.353239127946 -0.207853566929 0.912150762322 -0.074432063193
0.000000000000 0.000000000000 0.000000000000 1.000000000000
18 36 38
0.952778798002 0.096177404335 0.288032062405 -0.880427843354
0.018309203215 0.928598103499 -0.370635043213 0.891964127261
-0.303112743308 0.358406848533 0.882987653237 0.121678143538
0.000000000000 0.000000000000 0.000000000000 1.000000000000
18 37 38
0.890034504974 0.336908319480 0.307134114391 -0.789161849990
-0.223037159392 0.909355960338 -0.351178249510 1.259112109544
-0.397609111424 0.244058439033 0.884501256556 0.295797367364
0.000000000000 0.000000000000 0.000000000000 1.000000000000
19 31 38
0.998095181960 -0.005277025901 0.061466745030 -0.706783827937
0.008303374100 0.998760106036 -0.049084667373 0.033841098162
-0.061131511723 0.049501551392 0.996901466888 0.034476143467
0.000000000000 0.000000000000 0.000000000000 1.000000000000
19 32 38
-0.940390392813 0.040853700316 0.337634246304 -1.150990166436
0.061225345625 -0.956203595710 0.286227428111 -0.718528882104
0.334540529921 0.289837296981 0.896703393056 0.902316017079
0.000000000000 0.000000000000 0.000000000000 1.000000000000
19 35 38
-0.681453205068 -0.255781423811 0.685709408230 -2.417969828454
-0.304616890718 0.951052642189 0.052032890337 -0.011206521752
-0.665454791246 -0.173420687982 -0.726013213232 4.415400293986
0.000000000000 0.000000000000 0.000000000000 1.000000000000
19 36 38
-0.676281958931 -0.173718454021 0.715866335817 -2.287386372701
-0.385398868145 0.911623389220 -0.142865351501 0.076722628290
-0.627782147291 -0.372511335344 -0.683465347025 4.578412768943
0.000000000000 0.000000000000 0.000000000000 1.000000000000
19 37 38
0.305635593818 -0.876595343176 0.371708875483 -1.429170562306
-0.930332334746 -0.191846131745 0.312532892127 -1.058096031901
-0.202653967931 -0.441333962047 -0.874159998641 4.865764533405
0.000000000000 0.000000000000 0.000000000000 1.000000000000
20 25 38
0.987436240123 0.067477741371 -0.142886059891 -0.348987524459
-0.117608746391 0.917749150658 -0.379347702298 1.361390758204
0.105536033961 0.391386319236 0.914154743274 0.032420907798
0.000000000000 0.000000000000 0.000000000000 1.000000000000
20 27 38
0.977168151510 -0.029981488201 0.210341422550 -0.693454761425
0.007961003825 0.994465197333 0.104764467797 0.234371995267
-0.212318218937 -0.100697972470 0.971998401361 -0.512779191047
0.000000000000 0.000000000000 0.000000000000 1.000000000000
20 28 38
-0.552745975900 0.131479669891 0.822912499924 -2.015094517115
0.677304192478 0.646195373288 0.351696702278 -0.722661114926
-0.485521283755 0.751761023163 -0.446233623874 3.368632980606
0.000000000000 0.000000000000 0.000000000000 1.000000000000
20 30 38
0.995620473153 0.010068593936 -0.092943514325 -0.585871482443
-0.013999134083 0.999030640286 -0.041734925583 0.152121245234
0.092433206609 0.042853275076 0.994796310373 -0.541139386556
0.000000000000 0.000000000000 0.000000000000 1.000000000000
20 31 38
0.135571559126 -0.658036593390 0.740680898981 -1.713878099580
0.832334798566 -0.329879345587 -0.445419353477 0.966794078557
0.537437564236 0.676880683071 0.502984498203 1.300262742307
0.000000000000 0.000000000000 0.000000000000 1.000000000000
20 33 38
0.727807286404 0.615578433276 -0.302257748193 0.311044433069
-0.533976411353 0.785244172330 0.313465758802 -0.434576884262
0.430308895999 -0.066744155610 0.900210792935 0.870463085683
0.000000000000 0.000000000000 0.000000000000 1.000000000000
21 23 38
-0.974714893641 -0.066400697881 0.213358438866 -1.093588374441
-0.007635680423 -0.944372980452 -0.328787728140 2.115823737627
0.223321679420 -0.322103432319 0.919987394691 0.381851262714
0.000000000000 0.000000000000 0.000000000000 1.000000000000
21 25 38
0.959790055056 0.090672426622 -0.265671905299 -0.463133621437
-0.059259626463 0.990514774881 0.123970873247 0.125719757683
0.274392687378 -0.103242393390 0.956059444449 0.133815578177
0.000000000000 0.000000000000 0.000000000000 1.000000000000
21 26 38
0.903605732707 -0.101420132033 0.416185819843 -1.658176709295
0.061531416168 0.992223094973 0.108199882747 0.120144023857
-0.423922828642 -0.072161531444 0.902819001093 0.350146032454
0.000000000000 0.000000000000 0.000000000000 1.000000000000
21 27 38
0.853825485881 -0.123553885609 0.505684167253 -1.206347971441
0.088915962830 0.991763827364 0.092187104777 0.120892129631
-0.512909340150 -0.033748304908 0.857779144478 0.253525513858
0.000000000000 0.000000000000 0.000000000000 1.000000000000
21 30 38
0.890338430518 0.181231836243 0.417675113783 -1.425721617522
-0.184131565961 0.982322638228 -0.033731303584 0.094271691769
-0.416404905781 -0.046874896872 0.907970097792 0.336925551889
0.000000000000 0.000000000000 0.000000000000 1.000000000000
21 33 38
0.994254580583 0.039795857761 -0.099368600146 1.035548022507
-0.041482412183 0.999027173410 -0.014963831959 -0.036101940598
0.098676433201 0.018999907698 0.994938171465 0.866255553848
0.000000000000 0.000000000000 0.000000000000 1.000000000000
22 24 38
0.981416510933 -0.020329640627 0.190809689954 -0.654887403911
0.003650781070 0.996170249533 0.087358489816 0.118414392814
-0.191854903158 -0.085038459871 0.977732149659 0.158708942376
0.000000000000 0.000000000000 0.000000000000 1.000000000000
22 25 38
0.991144598834 0.003027709608 0.132752465808 -0.512381232043
-0.014966297937 0.995916856399 0.089025979724 0.061843312213
-0.131940873612 -0.090224431915 0.987142926711 0.393505514016
0.000000000000 0.000000000000 0.000000000000 1.000000000000
22 26 38
0.852982204820 -0.089528282306 0.514204283265 -0.910140736967
0.054277328059 0.995052662635 0.083211599209 0.003859178986
-0.519110132747 -0.043068378788 0.853621570034 0.937548495909
0.000000000000 0.000000000000 0.000000000000 1.000000000000
22 27 38
0.630377116539 0.184478803055 -0.754050570033 1.890191701253
-0.065078956751 0.980492043380 0.185472591656 -0.148888510332
0.773556345932 -0.067844853090 0.630085435141 0.570859275819
0.000000000000 0.000000000000 0.000000000000 1.000000000000
22 28 38
0.748891604079 0.034804842622 -0.661777899502 1.506150019367
-0.001901390322 -0.998502892471 -0.054665880056 1.491314204663
-0.662689784178 0.042197116696 -0.747704255230 4.416195088531
0.000000000000 0.000000000000 0.000000000000 1.000000000000
23 25 38
0.997806517178 -0.013080146441 0.064892711817 -0.179125769591
0.013837215022 0.999841188197 -0.011230755331 -0.004126312604
-0.064735506164 0.012104055268 0.997829046524 0.170915532433
0.000000000000 0.000000000000 0.000000000000 1.000000000000
23 26 38
0.999971509022 -0.007444223635 -0.001250871697 -0.047948906357
0.007465715891 0.999807239447 0.018158938177 -0.050103870472
0.001115451382 -0.018167759464 0.999834330419 0.043865528525
0.000000000000 0.000000000000 0.000000000000 1.000000000000
23 27 38
0.998125511567 -0.015051339658 -0.059320488313 -0.011761667103
0.015790241658 0.999803229956 0.012007066156 -0.053783961702
0.059128093387 -0.012921243895 0.998166774657 -0.021450015504
0.000000000000 0.000000000000 0.000000000000 1.000000000000
23 28 38
0.989900156456 0.002992200639 -0.141734706350 0.556979689040
-0.004175297501 0.999958876484 -0.008050604470 -0.079943829138
0.141704788697 0.008561079189 0.989871941608 -0.083726678901
0.000000000000 0.000000000000 0.000000000000 1.000000000000
24 26 38
0.999528913401 0.030658926834 -0.001407650266 0.209083247265
-0.030668914004 0.999499728688 -0.007727228928 -0.140643223275
0.001170037512 0.007766759840 0.999969153751 0.488310690865
0.000000000000 0.000000000000 0.000000000000 1.000000000000
24 28 38
0.984172625718 0.079028421488 -0.158615104529 1.021579479915
-0.089431851569 0.994211147950 -0.059549451865 0.001929934648
0.152990805974 0.072792182887 0.985543054056 -0.181356746870
0.000000000000 0.000000000000 0.000000000000 1.000000000000
24 33 38
0.905623054585 0.354180231041 -0.233245036266 -0.054011814077
-0.225204486233 -0.064391269436 -0.972181415067 2.383602794268
-0.359346382177 0.932957731282 0.021448758851 2.851413106332
0.000000000000 0.000000000000 0.000000000000 1.000000000000
25 27 38
-0.963345700386 -0.142084116476 0.227545963254 -0.067684532080
-0.009625321695 -0.829366223091 -0.558622431681 2.244761388680
0.268090310773 -0.540336720796 0.797598779732 0.630050153739
0.000000000000 0.000000000000 0.000000000000 1.000000000000
26 28 38
0.263194216591 -0.220043623680 0.939313370517 -2.260103091978
-0.277923841775 -0.949658434295 -0.144593209886 1.490318836299
0.923843678620 -0.223001483963 -0.311099976894 3.027967168438
0.000000000000 0.000000000000 0.000000000000 1.000000000000
26 31 38
-0.169969924162 0.923402301122 0.344148827055 -0.844857006269
-0.934523649475 -0.040223819957 -0.353620690683 1.621775828023
-0.312691179043 -0.381720099799 0.869778128006 1.150967881864
0.000000000000 0.000000000000 0.000000000000 1.000000000000
27 32 38
0.734910436549 -0.416751201480 -0.535000080670 1.543590300172
0.610467666740 0.062957860978 0.789535012273 -1.049450018021
-0.295357204273 -0.906837771493 0.300681522674 2.857019252297
0.000000000000 0.000000000000 0.000000000000 1.000000000000
27 34 38
0.924268591721 0.359012964167 -0.129758475328 0.262244419924
0.022655561750 -0.390898730045 -0.920154828478 2.648893750976
-0.381069935683 0.847530456331 -0.369429059103 3.464120631697
0.000000000000 0.000000000000 0.000000000000 1.000000000000
27 35 38
-0.618777418434 0.738749931217 0.267138626115 -0.727439049946
-0.324616833086 0.069210141519 -0.943310059306 2.598313721138
-0.715358943547 -0.670416658086 0.196984990415 1.858363464287
0.000000000000 0.000000000000 0.000000000000 1.000000000000
28 34 38
0.625168547216 0.778721575038 -0.052507105631 0.139695069341
-0.006031892559 -0.062451979185 -0.998029742326 2.826257754250
-0.780466465548 0.624253521309 -0.034345848225 2.676087185495
0.000000000000 0.000000000000 0.000000000000 1.000000000000
28 36 38
0.999891145847 -0.008906724608 -0.011762938093 0.067968794687
0.010021735032 0.995095383232 0.098411092347 -0.285360180511
0.010828724892 -0.098518264940 0.995076323802 0.047599833000
0.000000000000 0.000000000000 0.000000000000 1.000000000000
30 32 38
0.665510216489 -0.156987149554 0.729692528825 -0.354552249731
0.166446962884 0.984226820563 0.059941423330 0.023289240610
-0.727592990823 0.081563475645 0.681143038683 1.015303934282
0.000000000000 0.000000000000 0.000000000000 1.000000000000
31 36 38
-0.300859986441 -0.482528585145 0.822587036779 -1.731670310253
0.912044125224 0.106465211169 0.396031150864 -0.778864386371
-0.278673253474 0.869385601059 0.408056239346 0.921200421952
0.000000000000 0.000000000000 0.000000000000 1.000000000000
31 37 38
0.731866991795 -0.659946765871 0.169826301080 0.195109748955
0.653912611267 0.610009990935 -0.447533359410 1.391625092402
0.191752452780 0.438586453481 0.877993689998 0.333228596658
0.000000000000 0.000000000000 0.000000000000 1.000000000000
32 34 38
0.863262178936 -0.140866155685 0.484701079636 -0.899952649949
0.214540547261 0.971610472606 -0.099726842439 0.352056463852
-0.456892508144 0.190078446185 0.868976075791 -0.395932113263
0.000000000000 0.000000000000 0.000000000000 1.000000000000
32 35 38
0.567352508578 -0.638301126432 0.520271854905 -1.635743853681
0.804113221857 0.565631765118 -0.182927944081 1.017051682748
-0.177519174869 0.522142105452 0.834178976160 0.121383708246
0.000000000000 0.000000000000 0.000000000000 1.000000000000
32 36 38
0.925352906059 0.059394571420 0.374425271761 -0.848743198566
0.031228941048 0.972352113175 -0.231421954977 0.039967824841
-0.377818412056 0.225839883303 0.897914024070 -0.537008585531
0.000000000000 0.000000000000 0.000000000000 1.000000000000
32 37 38
0.897412780178 0.023345743135 0.440573805679 -0.875056185602
-0.010699107616 0.999456913069 -0.031167419120 0.086268285249
-0.441062162363 0.023256293684 0.897175185644 -0.509143189876
0.000000000000 0.000000000000 0.000000000000 1.000000000000
33 35 38
0.969315492973 -0.070069179699 0.235622123617 -0.338563031397
0.129592818166 0.960157474136 -0.247595085454 0.270887387522
-0.208885558527 0.270532687336 0.939775977838 -0.191783867550
0.000000000000 0.000000000000 0.000000000000 1.000000000000
33 36 38
0.991827671859 0.033494616056 0.123109626060 -0.336785769320
-0.000099845420 0.965127752287 -0.261779318884 0.040803780829
-0.127584714462 0.259627680458 0.957243755882 -0.256332467556
0.000000000000 0.000000000000 0.000000000000 1.000000000000
33 37 38
0.980625862589 0.036751817353 0.192411594096 -0.381587201500
-0.024335704040 0.997489622971 -0.066499816342 0.081534904867
-0.194372557554 0.060528968155 0.979058503300 -0.238951717091
0.000000000000 0.000000000000 0.000000000000 1.000000000000
34 36 38
0.993509150934 -0.024944002242 -0.110983619341 0.073222290036
0.006814077671 0.986959516326 -0.160824380865 -0.034268470806
0.113547942982 0.159024243081 0.980723281440 -0.061701494571
0.000000000000 0.000000000000 0.000000000000 1.000000000000
34 37 38
0.997018641535 0.070702734094 -0.030902294797 -0.011251756600
-0.068925888148 0.996092936763 0.055209449148 -0.063257582714
0.034685016579 -0.052914881875 0.997996475395 -0.057013663002
0.000000000000 0.000000000000 0.000000000000 1.000000000000
35 37 38
0.994221091964 0.102543429540 -0.031768936895 -0.040624261603
-0.094441284083 0.976180263725 0.195327767032 -0.181645140768
0.051041788312 -0.191198686636 0.980223340915 0.004872029183
0.000000000000 0.000000000000 0.000000000000 1.000000000000
