0 3 37
0.879038578539 -0.205718211743 0.430082776679 -1.450020670948
0.040409085605 0.931016043650 0.362734382526 -0.407150265473
-0.475035033697 -0.301478264263 0.826711904437 0.798800653026
0.000000000000 0.000000000000 0.000000000000 1.000000000000
0 12 37
0.998711736804 -0.050533553016 -0.004607254125 0.310492669075
0.050741215273 0.995340631079 0.081989982292 -0.040338098143
0.000442542112 -0.082118135289 0.996622504268 -0.119907526629
0.000000000000 0.000000000000 0.000000000000 1.000000000000
0 18 37
0.999641343525 -0.021470576392 -0.016006207084 0.063660757848
0.021819312392 0.999521141026 0.021940971933 -0.118244677539
0.015527457054 -0.022282347093 0.999631129510 0.072621321378
0.000000000000 0.000000000000 0.000000000000 1.000000000000
0 23 37
0.980286795654 -0.195984236802 0.025059473108 -0.213753827396
0.179267981545 0.935575713285 0.304238517456 -0.804926453947
-0.083070988076 -0.293748640229 0.952266216614 1.171764736234
0.000000000000 0.000000000000 0.000000000000 1.000000000000
0 29 37
0.891610482452 0.408684961803 0.194954737255 0.465329863902
-0.040351541114 -0.357123517290 0.933185161974 -2.421078273667
0.451001663757 -0.839904396580 -0.301924003507 1.789793505750
0.000000000000 0.000000000000 0.000000000000 1.000000000000
0 32 37
0.923918468811 -0.213679838397 0.317357195684 0.485674465299
0.368813313647 0.276848679990 -0.887317050475 0.246298877798
0.101741843242 0.936854169576 0.334593577767 1.784210935878
0.000000000000 0.000000000000 0.000000000000 1.000000000000
0 33 37
0.833354543163 0.188596841527 0.519568510167 0.347564751951
-0.269868420836 0.959165908634 0.084686451988 -1.148122874713
-0.482380804787 -0.210788972863 0.850221599404 0.644097599809
0.000000000000 0.000000000000 0.000000000000 1.000000000000
0 35 37
0.980726811980 -0.187329746599 -0.055520143200 0.877919012611
0.183912991215 0.981025339753 -0.061361994952 -0.348659753055
0.065961594310 0.049968478077 0.996570227969 0.555827277392
0.000000000000 0.000000000000 0.000000000000 1.000000000000
1 4 37
0.035853904042 -0.951091844879 0.306820468955 -1.222495419213
0.980474747943 0.092877307342 0.173329381318 0.148016813790
-0.193348820043 0.294615186957 0.935851550943 0.324212100866
0.000000000000 0.000000000000 0.000000000000 1.000000000000
1 13 37
0.882695990789 0.466506725475 -0.056738548911 0.314884491118
-0.409527374615 0.822808775256 0.394047013442 -0.772951306876
0.230510557863 -0.324587729973 0.917337281628 0.041342219557
0.000000000000 0.000000000000 0.000000000000 1.000000000000
1 25 37
0.054817701557 0.153955479222 -0.986555994363 2.100452735339
0.447200379273 -0.887190358415 -0.113600566521 1.001481206808
-0.892752395894 -0.434960892900 -0.117482684990 1.482022989758
0.000000000000 0.000000000000 0.000000000000 1.000000000000
1 30 37
0.996722356806 -0.074501000482 -0.031530055034 0.723146874844
0.075587393070 0.996531995544 0.034792640975 -0.233593882726
0.028828622100 -0.037061877775 0.998897055638 0.916649135022
0.000000000000 0.000000000000 0.000000000000 1.000000000000
2 8 37
0.518289750645 0.705949771682 0.482711771390 -0.555048334182
-0.849350017256 0.358970300393 0.386968825129 -0.549666737105
0.099901364169 -0.610553227243 0.785649078241 -0.405840244932
0.000000000000 0.000000000000 0.000000000000 1.000000000000
2 19 37
0.689642096075 0.708207422783 0.151115934428 -0.140442441773
-0.723869548144 0.680008517759 0.116624581655 -0.632866821771
-0.020165728173 -0.189817444117 0.981612286657 0.561328154824
0.000000000000 0.000000000000 0.000000000000 1.000000000000
2 21 37
-0.134083782017 -0.974872504291 0.177890808580 -0.628099636490
0.926935160413 -0.186864702172 -0.325380994332 0.112597529295
0.350446497758 0.121264930871 0.928699127140 0.328732116775
0.000000000000 0.000000000000 0.000000000000 1.000000000000
2 22 37
0.701989978798 0.662138515414 0.262264477335 0.503579649883
-0.222904503843 -0.145477635170 0.963924187803 -1.872888436192
0.676404946636 -0.735125053354 0.045469815225 1.459479608718
0.000000000000 0.000000000000 0.000000000000 1.000000000000
2 26 37
0.995398344620 0.095772877225 0.003113119989 0.417017518008
-0.092095161406 0.965138517527 -0.245002292300 -0.026656082476
-0.026469166471 0.243588172895 0.969517501261 1.729208961662
0.000000000000 0.000000000000 0.000000000000 1.000000000000
2 28 37
-0.827542671439 -0.500157293614 0.254981976993 -0.385091786031
0.516768288541 -0.501170596891 0.694102707653 -0.683083141612
-0.219371062144 0.706166208803 0.673205483221 1.301068095586
0.000000000000 0.000000000000 0.000000000000 1.000000000000
2 29 37
0.271569640681 0.952156576407 0.140170554208 0.376489400925
-0.678518169795 0.086128845473 0.729516905380 -1.054305238324
0.682541591055 -0.293222911765 0.669445517199 1.376727379693
0.000000000000 0.000000000000 0.000000000000 1.000000000000
2 32 37
0.965853102705 0.247203082747 -0.077578475600 0.517644061278
-0.101529182697 0.636600379482 0.764481381006 -0.868919811595
0.238368641094 -0.730500234582 0.639960778657 1.180772258444
0.000000000000 0.000000000000 0.000000000000 1.000000000000
3 8 37
0.741671288075 0.023801100818 0.670341113199 -1.696165354621
0.130405522576 0.975185515743 -0.178906706325 0.423912183835
-0.657965120753 0.220106150496 0.720163302582 0.796260719382
0.000000000000 0.000000000000 0.000000000000 1.000000000000
3 11 37
0.998692542949 0.048625201974 -0.015773217518 0.061483616371
-0.049174133571 0.998122589173 -0.036513032873 0.097399389618
0.013968151110 0.037240927956 0.999208688933 0.009855313116
0.000000000000 0.000000000000 0.000000000000 1.000000000000
3 21 37
0.980663675098 -0.194714106695 -0.019625824789 -0.274201917775
0.184462975851 0.953185254198 -0.239606514353 0.442785921904
0.065361815191 0.231353166899 0.970671697991 0.170123433924
0.000000000000 0.000000000000 0.000000000000 1.000000000000
3 25 37
0.735026758967 -0.469271996227 0.489407250826 0.121014124913
0.240738445755 0.855391153971 0.458640354138 0.098138889317
-0.633861707583 -0.219293792129 0.741707198559 1.622753169556
0.000000000000 0.000000000000 0.000000000000 1.000000000000
3 26 37
-0.006396203426 -0.890864864056 0.454223384000 0.405209995580
0.314513573723 0.429388531079 0.846585318395 -0.480376868949
-0.949231426221 0.148274351684 0.277442635705 0.716603518429
0.000000000000 0.000000000000 0.000000000000 1.000000000000
3 28 37
0.379645027762 -0.411116765618 0.828765743696 -1.695783332120
0.580871293405 -0.591308900863 -0.559412481321 1.091596904099
0.720040410944 0.693784396472 0.014318443300 2.861058557967
0.000000000000 0.000000000000 0.000000000000 1.000000000000
4 9 37
0.774698816021 0.103314315061 0.623833228323 -1.399932438045
-0.029194095583 0.991353958103 -0.127925894707 0.066467520405
-0.631656116284 0.080891792272 0.771016905589 0.050205045517
0.000000000000 0.000000000000 0.000000000000 1.000000000000
4 22 37
0.957217606108 -0.288968319294 -0.015223830088 0.007539466096
0.285499375780 0.934533820742 0.212453863978 0.057292231909
-0.047165251902 -0.207710973073 0.977052501495 0.041292008125
0.000000000000 0.000000000000 0.000000000000 1.000000000000
4 23 37
0.865057296975 0.194655262322 0.462369118563 -0.379905348576
-0.250218903275 0.966243176159 0.061356539740 -0.528258607039
-0.434817632340 -0.168770416175 0.884562136443 0.574046002012
0.000000000000 0.000000000000 0.000000000000 1.000000000000
4 26 37
-0.122801285711 -0.926476682711 -0.355753848354 0.735663074727
0.414813273777 -0.373569038856 0.829684350284 0.156838564476
-0.901581827748 -0.045685113545 0.430189584107 0.836119883456
0.000000000000 0.000000000000 0.000000000000 1.000000000000
4 28 37
0.905581473114 -0.345900210555 -0.245510162499 0.756420908924
0.379685609144 0.919066417337 0.105620825276 1.091228599420
0.189105879766 -0.188864938144 0.963622852250 1.235149890369
0.000000000000 0.000000000000 0.000000000000 1.000000000000
5 17 37
0.932279146137 0.122253054001 -0.340455260592 0.585023889626
-0.047572406220 0.974421932377 0.219633248549 0.079529543699
0.358597908309 -0.188563221463 0.914249119041 -0.069732533881
0.000000000000 0.000000000000 0.000000000000 1.000000000000
5 20 37
-0.079039185304 0.571595706628 0.816719753252 -1.842175827537
0.986869460298 -0.070900647255 0.145126725833 -0.686232110144
0.140859772535 0.817466480281 -0.558486417111 3.252185432728
0.000000000000 0.000000000000 0.000000000000 1.000000000000
5 26 37
0.879765520491 0.084718236469 0.467798513641 1.014939540883
-0.092967451444 0.995654103403 -0.005473513469 0.472859878299
-0.466229216080 -0.038674627177 0.883818189044 0.385586766278
0.000000000000 0.000000000000 0.000000000000 1.000000000000
5 28 37
0.715900661953 -0.687506194451 0.121743479524 -0.218585825123
0.581163963758 0.683404265642 0.441822426921 -0.277318351103
-0.386955668577 -0.245548044776 0.888803391231 0.786319534703
0.000000000000 0.000000000000 0.000000000000 1.000000000000
5 36 37
0.840528727125 -0.083870829382 -0.535235595655 1.518073153588
0.000719538299 0.988116243252 -0.153706773063 -0.001719436934
0.541766500573 0.128809835804 0.830600436466 0.793134983032
0.000000000000 0.000000000000 0.000000000000 1.000000000000
6 10 37
0.972383512705 0.174361811235 0.155139495301 -0.099430760043
-0.142042689334 0.969567676560 -0.199405102685 0.649868927325
-0.185186874875 0.171861803066 0.967558443724 -0.699096903696
0.000000000000 0.000000000000 0.000000000000 1.000000000000
6 15 37
0.686923104680 -0.378707017132 0.620256111160 -0.962388431515
0.448908642848 0.892306141703 0.047652700388 0.219843599841
-0.571504749439 0.245704588182 0.782950558282 0.105136247451
0.000000000000 0.000000000000 0.000000000000 1.000000000000
6 19 37
0.897428484480 0.244951362755 -0.366907270479 0.327870317595
-0.212675525996 0.968880670811 0.126646620058 -0.490491082747
0.386511624518 -0.035624087562 0.921596271964 -0.093217545394
0.000000000000 0.000000000000 0.000000000000 1.000000000000
6 20 37
0.723874507696 0.309119875713 0.616806776509 -0.863068294589
0.011253194758 0.888602503309 -0.458540027392 0.744153745260
-0.689839881941 0.338866483370 0.639758113455 0.808957121601
0.000000000000 0.000000000000 0.000000000000 1.000000000000
6 21 37
0.166087267479 -0.927441659910 0.335062661369 -1.134613285841
0.926493170892 0.263114327595 0.269037645886 -0.585317459566
-0.337676507728 0.265749540125 0.902968304013 -0.176333174013
0.000000000000 0.000000000000 0.000000000000 1.000000000000
6 24 37
0.954171299346 0.242676542712 -0.175114896916 -0.028118665085
-0.247056489601 0.968995383948 -0.003322173177 -0.405560903239
0.168879313270 0.046433194006 0.984542399312 0.534894695667
0.000000000000 0.000000000000 0.000000000000 1.000000000000
6 26 37
0.769680576085 -0.282534678979 -0.572508485501 0.914638985742
-0.585734734472 -0.669251238597 -0.457184427195 -0.049938157874
-0.253981557656 0.687224079038 -0.680600054041 2.137272285364
0.000000000000 0.000000000000 0.000000000000 1.000000000000
6 31 37
0.451959128425 0.455457577946 0.767001526025 -0.772595931046
0.203620644857 0.784455080640 -0.585806162008 1.229888586858
-0.868488099642 0.420937787742 0.261801068809 1.028001237900
0.000000000000 0.000000000000 0.000000000000 1.000000000000
6 32 37
0.299716678756 -0.319377664677 -0.898981545851 1.460409149125
-0.950098132867 -0.014478532421 -0.311615002883 0.296330986921
0.086506938442 0.947516901909 -0.307779580539 2.031651562720
0.000000000000 0.000000000000 0.000000000000 1.000000000000
6 34 37
0.869064989600 -0.093238151288 -0.485831957570 1.242175756226
-0.360343935624 0.553548578983 -0.750823693530 1.199345868537
0.338937002866 0.827581185051 0.447471887651 0.805988413818
0.000000000000 0.000000000000 0.000000000000 1.000000000000
7 20 37
0.956112694778 -0.205465344500 0.208883956048 -0.557999671179
0.176793844741 0.973069779131 0.147915994412 -0.064402878021
-0.233650275724 -0.104494962324 0.966689376948 0.170604869539
0.000000000000 0.000000000000 0.000000000000 1.000000000000
7 25 37
0.985903337611 -0.009702121386 -0.167034360925 -0.597787393245
0.019796456759 0.998069103490 0.058874145077 0.261803621047
0.166140630758 -0.061350904634 0.984191727923 1.277444470195
0.000000000000 0.000000000000 0.000000000000 1.000000000000
7 26 37
0.662753217050 -0.384479432613 0.642599205718 -0.169319902158
0.457688767162 0.887168249312 0.058766400500 0.289508346215
-0.592688084666 0.255162817258 0.763945528807 0.605005407504
0.000000000000 0.000000000000 0.000000000000 1.000000000000
7 28 37
0.691923637867 0.700567341275 0.174490915810 -0.035650093580
0.418402030340 -0.586064733620 0.693878857592 -0.735846063285
0.588371838524 -0.407103829933 -0.698630840492 3.222230006570
0.000000000000 0.000000000000 0.000000000000 1.000000000000
7 30 37
-0.888863633573 -0.433533380947 -0.148223643580 0.076811265864
-0.458112889773 0.835766529097 0.302699337735 -0.855010901071
-0.007349907174 0.336961594914 -0.941489703830 2.901031584329
0.000000000000 0.000000000000 0.000000000000 1.000000000000
7 31 37
0.972824374831 0.123680813204 0.195744200885 -0.003431504795
-0.121686233141 0.992319630357 -0.022230876528 0.230827187193
-0.196990345954 -0.002192635904 0.980402976306 0.255303228954
0.000000000000 0.000000000000 0.000000000000 1.000000000000
7 32 37
0.021783140295 0.698416586176 0.715359886317 -0.659669940254
-0.932359280290 0.272470321632 -0.237625958783 0.005500683616
-0.360876249228 -0.661796189158 0.657110444872 0.501434798386
0.000000000000 0.000000000000 0.000000000000 1.000000000000
8 10 37
0.694523482930 -0.397620860755 0.599612193631 -0.321759464798
0.368658306955 0.912362891368 0.178002829099 -0.079999755696
-0.617841552804 0.097424871296 0.780243686345 0.156288728463
0.000000000000 0.000000000000 0.000000000000 1.000000000000
8 12 37
-0.258357872944 -0.886918300825 -0.382919230582 0.799490584211
0.889291651747 -0.063509563038 -0.452909365697 0.634414644054
0.377374572040 -0.457539575409 0.805137236323 0.163870515261
0.000000000000 0.000000000000 0.000000000000 1.000000000000
8 15 37
0.896466032529 -0.327910643510 0.298032317704 0.066551464776
0.270730582191 0.937775288777 0.217445302606 -0.272879365130
-0.350789971906 -0.114245864835 0.929459131957 0.782685360096
0.000000000000 0.000000000000 0.000000000000 1.000000000000
8 16 37
-0.888360605083 0.458329028917 -0.027384970127 1.032998192463
0.371138127219 0.751917404521 0.544863934669 -1.460478120139
0.270318193728 0.473872048163 -0.838077177895 4.215322666356
0.000000000000 0.000000000000 0.000000000000 1.000000000000
8 17 37
0.507879978637 -0.840436895761 0.189007279076 -0.423076958839
0.583773257571 0.497139395396 0.641919936822 -1.450446406010
-0.633456163476 -0.215680888789 0.743111729934 0.613255222332
0.000000000000 0.000000000000 0.000000000000 1.000000000000
8 18 37
-0.354910774020 0.057127954100 -0.933153116774 2.573840085552
0.434685934976 -0.873596662823 -0.218808154871 -0.249369798302
-0.827699510944 -0.483285906648 0.285216149642 1.727728085843
0.000000000000 0.000000000000 0.000000000000 1.000000000000
8 19 37
0.822288462322 0.143546802456 -0.550668684635 1.260358500119
-0.112379432898 0.989567799479 0.090146732035 -0.714712280322
0.557864273632 -0.012242783176 0.829841892450 1.014142425674
0.000000000000 0.000000000000 0.000000000000 1.000000000000
8 20 37
0.055835226139 -0.546726829723 -0.835447306048 1.979532313351
0.997450263708 -0.006703958882 0.071049478278 -0.784369592212
-0.044445460399 -0.837284199419 0.544958503424 1.817214563495
0.000000000000 0.000000000000 0.000000000000 1.000000000000
8 23 37
0.866026256316 -0.319769129780 -0.384377713988 1.530465260910
0.155119490477 0.902654910568 -0.401437487165 -0.141635140689
0.475327746975 0.288030929010 0.831325277427 1.119532509645
0.000000000000 0.000000000000 0.000000000000 1.000000000000
8 28 37
0.983639224084 0.144288523721 -0.107864260836 1.241678731061
-0.100774450865 0.937012485686 0.334442987249 -0.735327628123
0.149326444062 -0.318101278824 0.936222831122 1.435505335157
0.000000000000 0.000000000000 0.000000000000 1.000000000000
8 29 37
-0.255009308856 0.964412537875 0.069847757201 0.819779952357
-0.961321597214 -0.245090812084 -0.125663362052 -0.939693423682
-0.104072278379 -0.099191484620 0.989611039880 1.296195664534
0.000000000000 0.000000000000 0.000000000000 1.000000000000
8 30 37
-0.433960419443 0.900817419287 0.014364242593 0.281945569448
0.881702535266 0.427920548097 -0.198707432731 -0.013404630308
-0.185145871309 -0.073566171743 -0.979953582938 4.075155940935
0.000000000000 0.000000000000 0.000000000000 1.000000000000
8 31 37
0.748189375031 -0.454964835513 -0.482928211578 1.442397171613
0.429451665221 0.886904618354 -0.170210061925 -0.098916002485
0.505750854009 -0.080044964788 0.858958018346 1.529236288208
0.000000000000 0.000000000000 0.000000000000 1.000000000000
8 32 37
0.861258257255 0.189651528609 -0.471451494861 0.882945311554
-0.017721897027 0.938393372035 0.345114203833 -0.717287149476
0.507858394315 -0.288877442902 0.811560025079 1.313309601892
0.000000000000 0.000000000000 0.000000000000 1.000000000000
8 34 37
0.104480902959 0.989843823157 0.096399930881 0.532641636206
-0.990933399515 0.095380660844 0.094623079962 -0.583734978232
0.084467382115 -0.105412216056 0.990834762240 1.157678273472
0.000000000000 0.000000000000 0.000000000000 1.000000000000
9 12 37
0.971885457279 -0.118675722189 0.203358626305 0.109454602587
0.039022024058 0.932927491985 0.357943537917 -0.098450777032
-0.232198061078 -0.339944653819 0.911329629042 -0.009136750301
0.000000000000 0.000000000000 0.000000000000 1.000000000000
9 15 37
0.808997199617 0.360169853911 -0.464544085470 0.536660335466
-0.442572687198 0.893323043314 -0.078123983707 0.824388542118
0.386850032387 0.268796608269 0.882097180488 0.744545498301
0.000000000000 0.000000000000 0.000000000000 1.000000000000
9 23 37
0.807857535439 -0.231150330297 -0.542158396817 0.907538117167
0.148879913635 0.970084902966 -0.191755188596 0.022652006307
0.570263950947 0.074194378773 0.818104040088 1.152223626419
0.000000000000 0.000000000000 0.000000000000 1.000000000000
9 25 37
-0.230479014636 0.056693667664 0.971424341809 -1.432012486857
0.544223708570 0.835080075788 0.080385459209 1.129165542829
-0.806659766471 0.547199319325 -0.223322471079 2.584105111748
0.000000000000 0.000000000000 0.000000000000 1.000000000000
9 26 37
0.385381326044 0.708033409402 -0.591751573473 1.646272086153
-0.922757380580 0.295548182460 -0.247325874971 0.102367401438
-0.000223880481 0.641357905553 0.767241804688 2.582475896857
0.000000000000 0.000000000000 0.000000000000 1.000000000000
10 12 37
0.999870991135 0.008217323704 0.013801328822 -0.080093063282
-0.008261781317 0.999960854711 0.003167335594 -0.023279560086
-0.013774761543 -0.003280950541 0.999899740628 -0.005211840707
0.000000000000 0.000000000000 0.000000000000 1.000000000000
10 14 37
0.795082268519 -0.279691810290 0.538160457061 -0.491903031866
0.316398949503 0.948286335460 0.025391548432 -0.142091123906
-0.517432015863 0.150085033350 0.842459845764 0.285253621756
0.000000000000 0.000000000000 0.000000000000 1.000000000000
10 15 37
0.478890403845 -0.533154188335 0.697431424992 -2.171820448314
0.518300536400 0.812924480285 0.265552901171 -0.445841454414
-0.708539720180 0.234308345591 0.665635834458 1.251821251710
0.000000000000 0.000000000000 0.000000000000 1.000000000000
10 17 37
0.963455047075 0.151869047510 -0.220658479723 0.475524253431
-0.127813175436 0.984565057548 0.119563538089 0.005624941766
0.235410629434 -0.086991033238 0.967995039081 0.199182358007
0.000000000000 0.000000000000 0.000000000000 1.000000000000
10 20 37
0.919873367052 -0.311024148021 0.238949718424 -1.183257872835
0.255832440007 0.937590264421 0.235529740591 -0.648072311966
-0.297292366581 -0.155526446015 0.942034380139 1.408996721488
0.000000000000 0.000000000000 0.000000000000 1.000000000000
10 26 37
-0.347206407945 0.914019770970 0.209798876443 0.730431037974
-0.676853179996 -0.399091421840 0.618543296579 -1.009535941618
0.649089734174 0.072759159484 0.757224287579 1.258684421467
0.000000000000 0.000000000000 0.000000000000 1.000000000000
10 28 37
0.012991810366 0.610554546301 -0.791867639732 0.206728488963
0.395710598947 -0.730421024058 -0.556685054134 0.943697811464
-0.918283362990 -0.306118071348 -0.251092396638 2.346490483813
0.000000000000 0.000000000000 0.000000000000 1.000000000000
10 30 37
0.071236408664 -0.694918969726 0.715550836485 -0.377839920756
0.781127124789 0.484982204239 0.393233615669 -0.436576929879
-0.620294920985 0.530923616998 0.577368447279 0.611575880781
0.000000000000 0.000000000000 0.000000000000 1.000000000000
10 33 37
0.852116215195 0.491831112513 -0.178885752832 0.916999206297
0.022340917487 -0.375680071319 -0.926480095534 1.469841802451
-0.522875548489 0.785472240616 -0.331111038799 1.834018848694
0.000000000000 0.000000000000 0.000000000000 1.000000000000
10 36 37
0.569525217058 0.216154257130 -0.793043734140 1.922914706006
-0.736663516735 -0.293786674631 -0.609111034968 1.278702214718
-0.364647624763 0.931110480519 -0.008085964423 1.363641534878
0.000000000000 0.000000000000 0.000000000000 1.000000000000
11 19 37
0.673411983607 0.262888483262 -0.690945689402 1.093344463615
-0.360665651422 0.932689147586 0.003352888159 -1.015457377520
0.645318981758 0.246942502099 0.722898895032 0.722896850461
0.000000000000 0.000000000000 0.000000000000 1.000000000000
11 26 37
0.962256782452 0.267454078021 0.050301101137 1.236196708109
-0.272049163893 0.950207267329 0.151971712961 0.362830329346
-0.007151017481 -0.159920184045 0.987104046028 0.419390004692
0.000000000000 0.000000000000 0.000000000000 1.000000000000
11 28 37
-0.288287726831 0.234228531468 -0.928454189288 1.245191720416
0.770743571571 -0.518598165547 -0.370149009958 0.160048988184
-0.568194098385 -0.822309514561 -0.031024648624 1.788076731826
0.000000000000 0.000000000000 0.000000000000 1.000000000000
11 31 37
0.942103633647 -0.258234890089 0.213905317863 0.561718698025
0.220196898324 0.957528421904 0.186152215175 -0.713187029786
-0.252891418275 -0.128273390800 0.958953527433 0.730105397255
0.000000000000 0.000000000000 0.000000000000 1.000000000000
11 32 37
0.735122798864 -0.440052971127 -0.515701321690 0.532336757436
0.602047446650 0.773470443704 0.198197741407 -0.365857315060
0.311662225129 -0.456176342349 0.833528525072 1.207776636401
0.000000000000 0.000000000000 0.000000000000 1.000000000000
11 35 37
0.107547557222 -0.903725689530 -0.414383157260 0.656692668106
-0.902835541975 0.085757757956 -0.421347352071 0.848540564875
0.416318996783 0.419434720826 -0.806692635322 2.838363971379
0.000000000000 0.000000000000 0.000000000000 1.000000000000
12 23 37
0.779472746157 0.193588037993 -0.595773370959 0.262065243877
-0.441847671258 0.844077654850 -0.303814989734 -0.518591683763
0.444064042006 0.500056580927 0.743471951367 0.834498025810
0.000000000000 0.000000000000 0.000000000000 1.000000000000
12 31 37
-0.278953564707 0.784421134397 -0.553957031410 -0.046480971761
-0.940114844191 -0.105406251082 0.324150585324 -0.951569915117
0.195880035914 0.611206189550 0.766849402024 1.560484919841
0.000000000000 0.000000000000 0.000000000000 1.000000000000
12 36 37
0.991535597371 0.066484468950 -0.111521184241 0.743534091656
-0.057969807269 0.995271924702 0.077931363038 -0.724912422248
0.116175128970 -0.070806859047 0.990701634258 0.470268877881
0.000000000000 0.000000000000 0.000000000000 1.000000000000
13 20 37
0.945508007692 -0.234730238866 0.225646454329 -0.774847717481
0.311445749373 0.449901724664 -0.837012534759 2.082369172444
0.094953423250 0.861678683215 0.498491418488 1.020170858029
0.000000000000 0.000000000000 0.000000000000 1.000000000000
13 30 37
-0.817392703630 -0.560175182684 -0.134435608218 0.145224468096
-0.571841663907 0.760717191414 0.307093578744 -1.077385174136
-0.069758723266 0.327891932489 -0.942136190334 3.971436112760
0.000000000000 0.000000000000 0.000000000000 1.000000000000
13 31 37
-0.682480756654 -0.406581208107 0.607381048446 -0.614949556985
0.542448471293 0.275196050054 0.793735969972 -0.520233794437
-0.489866994998 0.871182446592 0.032733346325 2.105015048999
0.000000000000 0.000000000000 0.000000000000 1.000000000000
13 33 37
0.796900704470 0.266135406747 -0.542329431703 1.267001589147
-0.245785963516 0.962905602720 0.111364538292 -0.384515693201
0.551850095003 0.044550482896 0.832752500518 0.797462461319
0.000000000000 0.000000000000 0.000000000000 1.000000000000
14 30 37
-0.357015646021 -0.812964734379 0.460030617625 -0.444065426874
0.746382043918 0.047844964373 0.663795679333 -1.003187145231
-0.561652626642 0.580344035930 0.589700879215 0.869015301197
0.000000000000 0.000000000000 0.000000000000 1.000000000000
14 31 37
0.737357571277 0.569344472578 0.363525354860 -0.719728976272
-0.628696220050 0.381579300188 0.677597447281 -0.954992223933
0.247072610736 -0.728178624523 0.639305103853 1.120658015442
0.000000000000 0.000000000000 0.000000000000 1.000000000000
14 32 37
-0.352150151002 0.889783735308 0.290301869664 0.207955650876
-0.793473279612 -0.448320246230 0.411593381096 -1.287913737151
0.496377301748 -0.085404105295 0.863895661007 1.164913940136
0.000000000000 0.000000000000 0.000000000000 1.000000000000
14 33 37
0.427239365185 -0.731170136850 0.531842792389 -0.633116764139
0.480289807564 0.681909191230 0.551653474262 -0.987309555222
-0.766021034689 0.019750592265 0.642512014299 0.927603273982
0.000000000000 0.000000000000 0.000000000000 1.000000000000
15 20 37
0.921415188626 0.189937852275 -0.338995077313 -0.113521659329
-0.125679187256 0.971175584440 0.202540677589 -0.285234578440
0.367693883631 -0.144019430844 0.918727169229 0.268647529241
0.000000000000 0.000000000000 0.000000000000 1.000000000000
15 21 37
0.438130826801 0.574148810969 -0.691660698225 1.769473536163
-0.647200241915 0.735468010792 0.200545884943 -0.544990371036
0.623837499252 0.359777636833 0.693820457008 0.685565906529
0.000000000000 0.000000000000 0.000000000000 1.000000000000
15 22 37
0.955270586865 -0.009270538099 -0.295587826193 1.128593815355
0.150829574705 0.875013088750 0.460002754243 -1.464091069332
0.254378743736 -0.484010487118 0.837272538123 0.212350938805
0.000000000000 0.000000000000 0.000000000000 1.000000000000
15 25 37
-0.089406004840 0.489668719421 0.867312580054 -0.816694038461
-0.146553662672 0.854853736000 -0.497742015511 0.977859811269
-0.985154094676 -0.171608960336 -0.004666312931 1.991673292224
0.000000000000 0.000000000000 0.000000000000 1.000000000000
15 26 37
0.523919317203 -0.374539900586 -0.765002230018 1.551732795246
0.678824063943 0.726105255514 0.109403144962 -0.353519562432
0.514496296658 -0.576620343714 0.634667267110 2.044217955589
0.000000000000 0.000000000000 0.000000000000 1.000000000000
15 28 37
0.919239242277 -0.021965325933 -0.393086173650 1.089605304899
0.354011443568 0.482988504329 0.800873274937 -0.854310559028
0.172264660568 -0.875351146194 0.451757963490 1.432005961331
0.000000000000 0.000000000000 0.000000000000 1.000000000000
15 29 37
0.221132025910 -0.035503848974 -0.974597406022 0.767351886149
0.812312907213 0.559712267372 0.163920464028 0.069262704578
0.539674316502 -0.827926116547 0.152610542389 1.446310346791
0.000000000000 0.000000000000 0.000000000000 1.000000000000
15 30 37
0.587603519158 0.514563594227 -0.624456893442 1.114940798672
-0.764325125233 0.606272462929 -0.219637892067 -0.817397852533
0.265573355610 0.606348091602 0.749541716385 0.819220011301
0.000000000000 0.000000000000 0.000000000000 1.000000000000
15 31 37
0.996148908320 0.046627384670 -0.074251191578 0.567678631724
-0.043384101320 0.998057521559 0.044710215976 -0.290581590477
0.076191680679 -0.041316711616 0.996236797723 0.586569247654
0.000000000000 0.000000000000 0.000000000000 1.000000000000
15 33 37
0.588656910409 -0.172116696142 -0.789847380661 1.787623204665
-0.046398866752 0.968266197424 -0.245576293831 -0.708483089429
0.807050300162 0.181208205766 0.561990568579 1.307082416177
0.000000000000 0.000000000000 0.000000000000 1.000000000000
16 19 37
-0.344350122616 -0.096663213177 0.933851817085 -1.093681464187
0.490658538777 0.829504730196 0.266788494704 -1.027522688292
-0.800423132712 0.550071018869 -0.238211424622 2.606707932494
0.000000000000 0.000000000000 0.000000000000 1.000000000000
16 20 37
0.923369816442 0.105634118146 -0.369092962773 0.298366978835
-0.015477873255 0.970862083563 0.239138558453 -0.241489980629
0.383599553603 -0.215100552726 0.898099735381 0.439170082266
0.000000000000 0.000000000000 0.000000000000 1.000000000000
16 24 37
-0.456061211917 0.588082277973 -0.667957637368 1.866427932324
-0.023080581682 -0.758121135775 -0.651705171255 1.279088694264
-0.889649064369 -0.281800599406 0.359322925014 1.592899045048
0.000000000000 0.000000000000 0.000000000000 1.000000000000
16 25 37
-0.538690482769 -0.127510561561 0.832798667425 0.430715144409
0.808472397951 0.199867353830 0.553557063566 0.061341150248
-0.237033637964 0.971490657477 -0.004577871856 1.696842452126
0.000000000000 0.000000000000 0.000000000000 1.000000000000
16 28 37
0.957050645552 -0.030024918582 0.288361866604 0.317820239552
-0.013499922370 0.988928894681 0.147774806242 -0.295953831527
-0.289606308535 -0.145320836524 0.946049702991 0.142333858029
0.000000000000 0.000000000000 0.000000000000 1.000000000000
16 30 37
-0.035638279853 0.934946646095 0.352993883750 -0.868196772183
0.985199805067 0.092128168992 -0.144546686485 0.497125605405
-0.167664119909 0.342618110196 -0.924392542950 3.019805603026
0.000000000000 0.000000000000 0.000000000000 1.000000000000
17 19 37
0.945764203904 0.202517531070 -0.254001417757 -0.106338671635
-0.253636776532 0.948883233278 -0.187853653658 -0.803063655181
0.202974028398 0.242089362037 0.948785689492 0.837998843303
0.000000000000 0.000000000000 0.000000000000 1.000000000000
17 20 37
0.857279397142 -0.476354340746 0.195342205599 -0.192753810781
0.443747565524 0.876032063430 0.188827757316 -1.135990355704
-0.261074957296 -0.075195517777 0.962385318248 1.302287596022
0.000000000000 0.000000000000 0.000000000000 1.000000000000
17 21 37
0.973582915798 -0.135912895638 0.183477494163 -0.342448278017
0.124921672680 0.989676875318 0.070244274887 -0.184107634361
-0.191130535916 -0.045468310493 0.980510964233 0.238404986692
0.000000000000 0.000000000000 0.000000000000 1.000000000000
17 24 37
0.227752121034 -0.855021747303 -0.465904263774 0.673291448316
0.910138585808 0.356995511838 -0.210242619730 -0.463907525708
0.346087743193 -0.376154245178 0.859494768946 1.398223732842
0.000000000000 0.000000000000 0.000000000000 1.000000000000
17 26 37
0.884346348628 -0.086407509331 -0.458764948529 0.332376567389
0.457736335893 0.353535420748 0.815775798293 -0.334175183947
0.091700504200 -0.931421735095 0.352199615164 1.625260754770
0.000000000000 0.000000000000 0.000000000000 1.000000000000
18 20 37
-0.280951796259 -0.698788424598 -0.657845594214 1.069350445947
0.929889241666 -0.028630194172 -0.366723751909 -0.430916249043
0.237428065762 -0.714755237567 0.657839542714 1.101891440175
0.000000000000 0.000000000000 0.000000000000 1.000000000000
18 22 37
0.969120987397 0.020424343065 0.245738393415 -0.027719131312
-0.038727510054 0.996803261723 0.069881595455 0.088513197661
-0.243525546407 -0.077240556890 0.966813945192 0.039771684837
0.000000000000 0.000000000000 0.000000000000 1.000000000000
18 26 37
0.615464844091 -0.749793634616 0.242924949680 0.531108573654
0.759139806086 0.646812622220 0.073076580059 0.289830478136
-0.211919278273 0.139437933240 0.967288624078 1.399349444170
0.000000000000 0.000000000000 0.000000000000 1.000000000000
18 29 37
-0.300578822815 -0.762730921924 -0.572620216214 0.299955478227
-0.925751313898 0.088895227455 0.367535227363 -1.004687725016
-0.229427278440 0.640577223508 -0.732819175943 3.423432738024
0.000000000000 0.000000000000 0.000000000000 1.000000000000
18 30 37
0.992675773265 0.120094145888 -0.013122701576 0.365470861613
-0.118139471922 0.942288074950 -0.313267056970 -0.271965739746
-0.025256174435 0.312522927049 0.949574402415 0.672859423901
0.000000000000 0.000000000000 0.000000000000 1.000000000000
18 32 37
0.904442704651 -0.214175008961 0.368934221158 0.043936834414
0.159277396751 0.971832311323 0.173702819646 -0.199201672924
-0.395744999828 -0.098341365688 0.913079881996 0.931875925686
0.000000000000 0.000000000000 0.000000000000 1.000000000000
18 33 37
0.985344768321 0.152372521479 0.076670087000 0.036422203329
-0.145110841325 0.985058008606 -0.092755395589 -0.178150651987
-0.089657856727 0.080270382948 0.992732660060 0.826753106037
0.000000000000 0.000000000000 0.000000000000 1.000000000000
19 22 37
-0.041147449463 -0.873580477419 -0.484937147344 0.555167078379
0.978471190575 -0.133471412019 0.157415092630 0.234257080159
-0.202239997569 -0.468019798347 0.860265337985 -0.349476353576
0.000000000000 0.000000000000 0.000000000000 1.000000000000
19 23 37
0.983961259583 0.145197845580 0.103623478414 0.119449398568
-0.100249551368 0.930600932200 -0.352039674524 0.559798870974
-0.147547507909 0.336005194345 0.930231284296 0.010036822446
0.000000000000 0.000000000000 0.000000000000 1.000000000000
19 26 37
0.860912671923 -0.117721272956 -0.494945525504 0.488380308688
0.005037891305 0.974785565925 -0.223086799509 0.395299434089
0.508727816198 0.189564770876 0.839798313090 1.313158879357
0.000000000000 0.000000000000 0.000000000000 1.000000000000
19 29 37
0.888906144453 -0.454847196607 -0.054404908723 0.281226515021
0.457365279835 0.887894709193 0.049598247836 0.609126470601
0.025746206624 -0.068971103559 0.997286377986 0.653356261239
0.000000000000 0.000000000000 0.000000000000 1.000000000000
19 31 37
0.969710544262 -0.202843166356 0.136073914502 0.518461488735
0.171401748821 0.961996882566 0.212563963160 0.422389515545
-0.174019828890 -0.182802209492 0.967626194022 0.334851030683
0.000000000000 0.000000000000 0.000000000000 1.000000000000
19 32 37
0.215801557162 -0.972111565173 -0.091808457031 0.009471165598
0.976413427195 0.214183623048 0.027243252605 0.616593020014
-0.006819612977 -0.095522146509 0.995403944339 0.691434166414
0.000000000000 0.000000000000 0.000000000000 1.000000000000
19 33 37
0.978209899869 -0.140405749847 0.152943182935 0.050665506954
0.168311039448 0.967596838778 -0.188222611787 0.044502808324
-0.121559803374 0.209863248327 0.970144644476 0.339771156025
0.000000000000 0.000000000000 0.000000000000 1.000000000000
20 22 37
0.504600428409 -0.798876162677 -0.327376364994 0.998901978361
0.563797426321 0.592084511047 -0.575819758128 1.516965131072
0.653843153764 0.105984944615 0.749170422395 -0.197609061879
0.000000000000 0.000000000000 0.000000000000 1.000000000000
20 25 37
-0.430479102288 0.900759540639 0.057619375559 1.002708289463
0.301250715836 0.203559624296 -0.931563999715 1.143862560306
-0.850844138901 -0.383660956189 -0.358982620742 1.771065543483
0.000000000000 0.000000000000 0.000000000000 1.000000000000
20 26 37
0.339441670811 0.799204588286 0.496035662206 1.154943948818
-0.878226013368 0.080399728315 0.471439235884 -0.438464583559
0.336895267941 -0.595657544021 0.729173277548 0.801615415363
0.000000000000 0.000000000000 0.000000000000 1.000000000000
20 28 37
0.589667240538 0.286422029301 0.755152280383 -0.376098485916
-0.269227708095 0.951234225827 -0.150565231075 0.078187489125
-0.761451893838 -0.114524533381 0.638024407546 -0.083814021771
0.000000000000 0.000000000000 0.000000000000 1.000000000000
21 24 37
0.796758189459 -0.156359375571 0.583719224628 -0.042031058776
0.362295390748 0.896693950666 -0.254326578796 -0.541948293411
-0.483651152560 0.414115569026 0.771096529701 0.639939376094
0.000000000000 0.000000000000 0.000000000000 1.000000000000
21 26 37
-0.439824434131 0.359041206888 0.823191277224 -0.279757449037
0.245512031840 -0.833624414790 0.494766790810 -0.359194811055
0.863874012437 0.419713886859 0.278499450295 1.807009002984
0.000000000000 0.000000000000 0.000000000000 1.000000000000
21 28 37
0.588096083007 -0.428935436772 0.685680237598 0.044466778220
0.542032454016 0.838249567575 0.059485134740 -0.510155493574
-0.600286444913 0.336677967117 0.725468214681 0.574799579979
0.000000000000 0.000000000000 0.000000000000 1.000000000000
21 29 37
-0.758518272454 -0.413295797113 0.503822006707 -1.211346508774
0.175685067640 -0.874215647723 -0.452638661942 -0.048182438248
0.627522738521 -0.254820692575 0.735718442935 1.447641744133
0.000000000000 0.000000000000 0.000000000000 1.000000000000
21 31 37
0.169007896294 -0.963411988944 0.208023245214 -0.144804935844
-0.304414054730 0.149716980651 0.940700222700 -1.404813597401
-0.937426484730 -0.222310965235 -0.267972797990 1.331481943886
0.000000000000 0.000000000000 0.000000000000 1.000000000000
21 32 37
0.902354740288 -0.423119372603 0.082011701659 -0.183881184431
0.429901384928 0.870080325447 -0.241132798487 -0.093673113440
0.030671190340 0.252844267878 0.967020710370 1.355662351708
0.000000000000 0.000000000000 0.000000000000 1.000000000000
21 33 37
0.991403399729 -0.073953885918 -0.107935729778 0.773740400401
0.127278750816 0.736283573083 0.664595079427 -1.421053864419
0.030321916098 -0.672619746042 0.739366795737 1.162812750737
0.000000000000 0.000000000000 0.000000000000 1.000000000000
21 36 37
0.949417520580 0.068453745042 -0.306464445580 1.073921908898
-0.189953780976 0.902336217045 -0.386919775280 -0.126586371733
0.250047860835 0.425562493882 0.869696861609 0.241172084581
0.000000000000 0.000000000000 0.000000000000 1.000000000000
22 24 37
0.951005542504 -0.102939823536 0.291533618744 -0.104927677494
0.084716872224 0.993616727598 0.074490604773 -0.177091859510
-0.297340729951 -0.046143161676 0.953655754946 0.734079180620
0.000000000000 0.000000000000 0.000000000000 1.000000000000
22 26 37
0.942059239466 -0.177393736480 -0.284703093755 1.591365691965
0.184993752049 0.982739676575 -0.000199470444 -0.583052321052
0.279824411083 -0.052480380559 0.958615725209 1.897373172344
0.000000000000 0.000000000000 0.000000000000 1.000000000000
22 28 37
0.857148105543 -0.288585233950 0.426632966272 0.029888957508
0.177824560878 0.943173078036 0.280718667737 -0.133152340926
-0.483399990393 -0.164751654358 0.859756559542 0.725422732732
0.000000000000 0.000000000000 0.000000000000 1.000000000000
22 29 37
0.947501898947 0.269997331155 -0.171293878065 0.080023005974
-0.248080131534 0.958726189567 0.138925669969 -0.424502477259
0.201733487133 -0.089137728307 0.975375858611 0.957143992318
0.000000000000 0.000000000000 0.000000000000 1.000000000000
22 30 37
0.871361995309 -0.369983486501 -0.322242909692 0.455753390260
0.157836956072 0.833246840975 -0.529893571675 -0.032656339894
0.464559757651 0.410867279934 0.784456697244 0.828541831909
0.000000000000 0.000000000000 0.000000000000 1.000000000000
22 32 37
0.942861784120 0.246555735920 0.224102488007 -0.406833142933
-0.230803484806 0.968411795201 -0.094384036345 -0.208214820090
-0.240294418260 0.037267465715 0.969984396035 0.824067295438
0.000000000000 0.000000000000 0.000000000000 1.000000000000
22 33 37
0.064346446781 0.565763077294 0.822053328658 -1.363557714667
0.780730719713 0.484527514879 -0.394579054972 -0.168424861710
-0.621545716809 0.667192047087 -0.410530990572 1.744493412701
0.000000000000 0.000000000000 0.000000000000 1.000000000000
23 26 37
0.876187078697 -0.422586964473 0.231768118133 0.286045004980
0.423835299179 0.904521910487 0.046944143588 0.291088588380
-0.229477324142 0.057099657657 0.971637682883 1.028942431621
0.000000000000 0.000000000000 0.000000000000 1.000000000000
23 28 37
0.875491297889 -0.478017735350 -0.070809829920 0.689110276204
0.438822687543 0.725085653487 0.530740467653 -0.129293465297
-0.202360164605 -0.495731620737 0.844571207170 0.480718796701
0.000000000000 0.000000000000 0.000000000000 1.000000000000
23 31 37
0.869000444794 -0.314021877193 0.382398336283 0.073920885287
0.429705723463 0.862110194189 -0.268549817165 0.887510941190
-0.245338986245 0.397688664310 0.884111140134 0.479081097999
0.000000000000 0.000000000000 0.000000000000 1.000000000000
23 32 37
0.428643828180 0.890607123071 0.151932290508 0.752853687087
-0.901476382714 0.410430119289 0.137431614232 0.091662180927
0.060039986453 -0.195872584902 0.978789625257 0.781688967000
0.000000000000 0.000000000000 0.000000000000 1.000000000000
24 28 37
0.946392959626 -0.161091895368 0.279981726576 0.033363114429
0.108326071934 0.974855698202 0.194735281401 0.048784326018
-0.304312057122 -0.153966778655 0.940047021675 0.034250393792
0.000000000000 0.000000000000 0.000000000000 1.000000000000
25 32 37
0.896786490503 -0.408800059758 0.169282313292 -0.176032587677
0.420464215102 0.906498802398 -0.038337515163 0.437547832778
-0.137781835777 0.105557720666 0.984821675908 -0.257759162394
0.000000000000 0.000000000000 0.000000000000 1.000000000000
25 36 37
0.594610640868 -0.122602574741 0.794611096345 -1.390824257674
0.466319254500 0.857685671400 -0.216614039153 0.505148798949
-0.654969112745 0.499343466706 0.567160967987 -1.840264950850
0.000000000000 0.000000000000 0.000000000000 1.000000000000
26 28 37
0.989006576916 -0.003684638900 -0.147825621095 0.052673281958
-0.100386424915 0.717294869869 -0.689500279443 0.857667806435
0.108575119198 0.696759996768 0.709039456163 0.269032852728
0.000000000000 0.000000000000 0.000000000000 1.000000000000
26 29 37
0.985242357201 0.085147906445 -0.148483438829 0.293952227807
-0.038785095122 0.955980892810 0.290854343236 -0.181517619191
0.166712968825 -0.280803074432 0.945175337921 -0.405183874028
0.000000000000 0.000000000000 0.000000000000 1.000000000000
26 30 37
0.225846106997 -0.638074216329 0.736107893185 -0.611090803540
0.832132541835 -0.266522107614 -0.486334657383 0.720562154424
0.506506632506 0.722376121289 0.470769339080 -0.466071973865
0.000000000000 0.000000000000 0.000000000000 1.000000000000
26 31 37
0.620318358234 -0.360777619268 -0.696451465555 0.706292925482
0.211276765894 0.931972073858 -0.294601734113 0.260589552997
0.755359028960 0.035602850793 0.654343315381 -0.044269372378
0.000000000000 0.000000000000 0.000000000000 1.000000000000
26 32 37
0.998036313102 -0.050322175836 -0.037298744614 -0.159434345262
0.058816779286 0.957688031592 0.281734308562 0.066618469710
0.021543077896 -0.283374862621 0.958767220460 -0.422111279634
0.000000000000 0.000000000000 0.000000000000 1.000000000000
26 33 37
-0.240622324598 0.961240108414 -0.134604423707 -1.074383033975
-0.952728611285 -0.260408258723 -0.156511124295 -0.317259087424
-0.185496873679 0.090581415118 0.978460994159 -0.932549945957
0.000000000000 0.000000000000 0.000000000000 1.000000000000
26 34 37
0.920661462358 -0.210023454818 -0.329048051439 0.019725919123
0.077226033518 0.924264209475 -0.373860683720 0.309729878397
0.382646849557 0.318788047942 0.867153717061 -0.652665361112
0.000000000000 0.000000000000 0.000000000000 1.000000000000
26 35 37
0.737036599074 0.349717174809 0.578338092529 -0.816145627187
-0.674425832051 0.436149010272 0.595754847148 -0.821803164283
-0.043895884635 -0.829139275685 0.557316079824 -0.368449220641
0.000000000000 0.000000000000 0.000000000000 1.000000000000
26 36 37
0.684287166601 0.663438090454 -0.302656527701 -0.307085791402
-0.636495744043 0.745942879279 0.196067306470 -0.584446726302
0.355843001111 0.058473250182 0.932714660318 -0.850207263374
0.000000000000 0.000000000000 0.000000000000 1.000000000000
27 32 37
-0.446689531391 -0.420766382155 -0.789572108292 0.365196867352
-0.619673990322 0.782063080757 -0.066192774803 0.549245559699
0.645346889870 0.459709679434 -0.610077374085 2.360374201872
0.000000000000 0.000000000000 0.000000000000 1.000000000000
27 33 37
0.939924548196 -0.058632571885 0.336309478326 -0.372187076090
-0.037741988772 0.961254030098 0.273068181786 -0.740520518401
-0.339289531199 -0.269356475947 0.901293350072 -0.217653663694
0.000000000000 0.000000000000 0.000000000000 1.000000000000
28 31 37
0.628292165109 0.766628533295 0.132399574015 -0.486076066015
-0.547409263189 0.556564038838 -0.624963654340 0.683937254738
-0.552803811345 0.320183014242 0.769344385535 -0.009255305349
0.000000000000 0.000000000000 0.000000000000 1.000000000000
29 31 37
0.546286148179 -0.748415382315 0.376092887226 -0.353745596180
0.662150306961 0.660859616686 0.353300917103 -0.191912964577
-0.512960442237 0.056026623571 0.856581929620 -0.428265701934
0.000000000000 0.000000000000 0.000000000000 1.000000000000
29 33 37
-0.621617509418 0.766722620049 0.160399800161 -1.013122527542
0.741690199535 0.510241922327 0.435372057686 -0.987521601977
0.251966902390 0.389601853956 -0.885845966009 2.588526283790
0.000000000000 0.000000000000 0.000000000000 1.000000000000
29 34 37
0.716709110057 0.685578321462 0.127712241788 -0.500267432942
-0.685204034312 0.658232743122 0.311809376453 -0.590685598223
0.129705369682 -0.310985564010 0.941522435236 -0.237135776378
0.000000000000 0.000000000000 0.000000000000 1.000000000000
30 32 37
0.145285916875 -0.985690769036 -0.085473447300 -0.425069244245
0.880140356620 0.089298751507 0.466238871854 0.464210680953
-0.451934680023 -0.142966572368 0.880520075966 0.187361699165
0.000000000000 0.000000000000 0.000000000000 1.000000000000
30 33 37
0.982044914867 0.024969801076 0.186987417273 -0.358432606108
-0.063279815666 0.977375203463 0.201825113859 -0.291271838433
-0.177717332057 -0.210033856055 0.961406432888 0.083303286089
0.000000000000 0.000000000000 0.000000000000 1.000000000000
30 35 37
-0.354404779892 0.690204598775 0.630884192082 -1.248359793480
-0.664192012142 -0.660713744195 0.349723203747 0.126651394737
0.658214420228 -0.295084665920 0.692588490333 0.403991452509
0.000000000000 0.000000000000 0.000000000000 1.000000000000
31 33 37
0.940232256746 0.340219716369 -0.014623541610 -0.286134264174
-0.309469234198 0.835753594186 -0.453590920202 -0.162896745401
-0.142098896759 0.431006350764 0.891090023028 -0.229318899891
0.000000000000 0.000000000000 0.000000000000 1.000000000000
31 34 37
0.949599415442 -0.116975895981 0.290822265229 -0.904489128005
0.104029392880 0.992784252271 0.059643221414 -0.202460910866
-0.295700584393 -0.026383104502 0.954916277056 0.060830208592
0.000000000000 0.000000000000 0.000000000000 1.000000000000
31 35 37
0.819047452870 -0.278540212826 0.501574141863 -1.309973329358
0.021856427550 0.888754014063 0.457863078946 -0.626078626848
-0.573309311386 -0.364048969681 0.734019605428 0.302748262781
0.000000000000 0.000000000000 0.000000000000 1.000000000000
32 34 37
0.825316147949 -0.541535610760 0.159976367670 -0.480656502007
0.553775672273 0.831614812449 -0.041824735675 0.076552305438
-0.110389133217 0.123109650291 0.986234380497 0.118649660974
0.000000000000 0.000000000000 0.000000000000 1.000000000000
32 35 37
0.885443468055 -0.060808591454 0.460751755380 -0.618721801169
0.191718219934 0.950908635941 -0.242933921549 0.436045481029
-0.423360353630 0.303438760377 0.853633955320 0.111987859642
0.000000000000 0.000000000000 0.000000000000 1.000000000000
33 35 37
-0.386339466408 0.807007360317 0.446632888501 -0.481627311435
-0.847922070086 -0.501318322954 0.172360384458 0.401599754558
0.363001349523 -0.312120264425 0.877958404925 0.195407259149
0.000000000000 0.000000000000 0.000000000000 1.000000000000
