0 3 55
0.998085790228 0.060949195939 -0.010485745527 -0.504879751572
-0.061792853275 0.989746863803 -0.128774177836 0.037456400807
0.002529551153 0.129175621181 0.991618505406 -0.167001472329
0.000000000000 0.000000000000 0.000000000000 1.000000000000
0 5 55
0.992120339048 -0.093094873365 0.083848538447 -1.676132391005
0.100883076197 0.990446682151 -0.094010503425 -0.285583379732
-0.074295610797 0.101728631026 0.992033995308 1.363395052453
0.000000000000 0.000000000000 0.000000000000 1.000000000000
0 8 55
0.343952955914 0.404478499218 0.847403981456 -1.015929313546
-0.721945355304 -0.463142449937 0.514095297606 -0.579278930359
0.600409250490 -0.788603965711 0.132712159166 1.742845735716
0.000000000000 0.000000000000 0.000000000000 1.000000000000
0 10 55
0.908723967771 -0.033466721671 0.416053757272 -0.457110511838
-0.050640451527 0.980577345922 0.189482488201 -0.212157909313
-0.414314246761 -0.193256428629 0.889379366595 -0.374199998639
0.000000000000 0.000000000000 0.000000000000 1.000000000000
0 19 55
0.120154495338 0.813402551403 0.569156557216 -0.698997937773
-0.987113580604 0.036854329785 0.155719418706 0.060886303063
0.105686689020 -0.580532555287 0.807348918384 -0.115920982769
0.000000000000 0.000000000000 0.000000000000 1.000000000000
0 27 55
0.560959134806 0.811733557015 0.162522249228 -0.017248277049
-0.790828192602 0.467400900074 0.395129305918 -0.773458764163
0.244776671402 -0.350178570199 0.904134586282 -0.120021340178
0.000000000000 0.000000000000 0.000000000000 1.000000000000
0 28 55
0.890476830440 -0.114511269709 0.440384131821 -0.370768691125
0.015192843510 0.974759047374 0.222741951750 0.015279761822
-0.454774880524 -0.191655860002 0.869740098748 0.557743027580
0.000000000000 0.000000000000 0.000000000000 1.000000000000
0 35 55
0.924535887591 -0.046437277902 0.378255167550 -1.866442512131
0.019069470905 0.996942059967 0.075781820691 0.084583863252
-0.380617587399 -0.062849886942 0.922594246608 -0.186243842768
0.000000000000 0.000000000000 0.000000000000 1.000000000000
0 37 55
0.907809118791 -0.166619830265 0.384864178643 -0.449849822589
-0.084087922956 -0.971370132490 -0.222192004626 0.736184550776
0.410867162296 0.169345498519 -0.895829379445 3.474631610717
0.000000000000 0.000000000000 0.000000000000 1.000000000000
0 38 55
0.975336608087 -0.150175368443 0.161758646258 0.405812083289
0.191280771163 0.209398266214 -0.958939014062 2.138452215307
0.110137039679 0.966229643936 0.232959454994 1.555586280992
0.000000000000 0.000000000000 0.000000000000 1.000000000000
0 40 55
0.946333614957 0.019781294108 0.322585476433 0.316969325261
-0.072352871970 0.985758608902 0.151805885570 0.030149292676
-0.314988493631 -0.166998998139 0.934287741277 0.642252897975
0.000000000000 0.000000000000 0.000000000000 1.000000000000
0 44 55
0.964332595063 -0.203128622295 0.169709778456 0.342029791346
0.166915574987 0.964274753828 0.205702187535 -0.064623663492
-0.205430856800 -0.170038119064 0.963786906500 -0.760637452639
0.000000000000 0.000000000000 0.000000000000 1.000000000000
0 45 55
0.998250673937 0.047244658659 0.035546226406 0.235705105158
-0.051765678134 0.988879351631 0.139420021826 -0.048824775724
-0.028564077980 -0.141016205263 0.989595131002 -0.662024452481
0.000000000000 0.000000000000 0.000000000000 1.000000000000
1 3 55
0.993730626421 -0.108321807752 -0.027673598928 -0.158441949780
0.093437659738 0.940585151637 -0.326449040834 0.354566900393
0.061390926486 0.321816653523 0.944809608155 0.066320201170
0.000000000000 0.000000000000 0.000000000000 1.000000000000
1 4 55
0.998346620056 0.046379754617 -0.033955037673 -0.100248142495
-0.034914602092 0.958557846342 0.282750465564 -0.902272764919
0.045661764995 -0.281097444986 0.958592316702 0.947967473766
0.000000000000 0.000000000000 0.000000000000 1.000000000000
1 5 55
0.988766207154 -0.138699197370 -0.055712837285 0.272602116964
0.149394657687 0.928910077883 0.338832264494 -0.496436488655
0.004756452894 -0.343349093280 0.939195813608 0.935043216384
0.000000000000 0.000000000000 0.000000000000 1.000000000000
1 7 55
-0.027931434477 0.976004762269 0.215950316037 0.466081596523
-0.729038281422 -0.167694319704 0.663612687762 -1.202798070895
0.683902784896 -0.138900392971 0.716228777448 1.362647633087
0.000000000000 0.000000000000 0.000000000000 1.000000000000
1 10 55
0.949312046867 -0.121720089541 0.289811762140 -0.050544099214
0.038028285112 0.959683586038 0.278498230194 -0.384013795026
-0.312026420682 -0.253360680634 0.915667995676 -0.190861533438
0.000000000000 0.000000000000 0.000000000000 1.000000000000
1 20 55
0.839309764726 -0.056344481056 0.540725825432 -1.242806324267
0.026464029225 0.997670067916 0.062881561228 -0.380504966799
-0.543008999919 -0.038467324313 0.838845331970 0.149272130460
0.000000000000 0.000000000000 0.000000000000 1.000000000000
1 28 55
-0.889730948752 -0.335236746014 0.309830861849 -0.513041131116
-0.025598448544 -0.641022000600 -0.767095505253 1.866478786520
0.455766999974 -0.690439801047 0.561755572172 1.704871138312
0.000000000000 0.000000000000 0.000000000000 1.000000000000
1 33 55
0.780644814563 0.127265459487 -0.611880034252 1.323989726950
0.357603214892 -0.893896517939 0.270312700249 -0.769908919816
-0.512555962012 -0.429828475137 -0.743326218942 4.425047931913
0.000000000000 0.000000000000 0.000000000000 1.000000000000
1 36 55
0.995324460938 -0.060530305541 0.075268184307 -0.241501975500
0.049498634940 0.988821282879 0.140649762405 -0.125874250940
-0.082940355659 -0.136266476570 0.987194177843 0.191392469629
0.000000000000 0.000000000000 0.000000000000 1.000000000000
1 37 55
0.880557841409 -0.388239070732 0.271824045829 -0.145922101046
0.468872684121 0.797256354479 -0.380185101402 0.874277780882
-0.069110737364 0.462225842203 0.884065029724 0.841232257634
0.000000000000 0.000000000000 0.000000000000 1.000000000000
1 38 55
0.998428931157 0.012715692961 -0.054570876684 0.831862208290
-0.055267143925 0.063035174884 -0.996479859069 1.904238502119
-0.009231047175 0.997930297105 0.063638902318 2.200702122165
0.000000000000 0.000000000000 0.000000000000 1.000000000000
1 39 55
0.954076196896 0.296000958486 -0.046065638954 0.577783427658
0.145840022337 -0.593280201041 -0.791674990724 1.449986462439
-0.261666387603 0.748600050514 -0.609203304300 2.942885056791
0.000000000000 0.000000000000 0.000000000000 1.000000000000
1 40 55
0.979567839138 0.174717647467 -0.099602169610 1.003133821416
-0.062032561923 0.733590973446 0.676754198318 -0.652649028104
0.191308154005 -0.656748069919 0.729440307954 1.252880595692
0.000000000000 0.000000000000 0.000000000000 1.000000000000
1 41 55
0.906376623897 0.350951890175 0.235189681821 0.330928525813
-0.098976190754 -0.364809174195 0.925806664530 -1.165636006622
0.410712952457 -0.862407697789 -0.295918626447 2.934788820855
0.000000000000 0.000000000000 0.000000000000 1.000000000000
1 44 55
0.984539731495 -0.174968391033 0.008220659753 0.774027447021
0.158877469488 0.911788634200 0.378681180193 -0.509483643246
-0.073752740941 -0.371520589850 0.925490672303 -0.411507961212
0.000000000000 0.000000000000 0.000000000000 1.000000000000
1 45 55
0.993458129565 -0.060927722680 -0.096585492754 0.653939038459
0.080664223216 0.973087705995 0.215855506148 -0.182458404494
0.080834571159 -0.222234401140 0.971636579723 -0.431357625510
0.000000000000 0.000000000000 0.000000000000 1.000000000000
1 48 55
0.896698211974 -0.438808977760 0.058129146566 -0.002893166314
0.423431245253 0.888620378943 0.176237914961 -0.169019230742
-0.128989523556 -0.133418526311 0.982629736803 -0.265056862934
0.000000000000 0.000000000000 0.000000000000 1.000000000000
1 49 55
0.960391154597 0.252747037576 -0.117336120479 0.716525175489
-0.166324267793 0.857786610379 0.486352103931 -0.977143891504
0.223573406548 -0.447572414310 0.865848639101 -0.196845665860
0.000000000000 0.000000000000 0.000000000000 1.000000000000
2 4 55
0.800929091090 0.578600042496 -0.154060318935 0.182793719502
-0.346181227419 0.657413661281 0.669302499430 -1.492384265644
0.488539812942 -0.482731052227 0.726842199096 0.929502507138
0.000000000000 0.000000000000 0.000000000000 1.000000000000
2 5 55
0.741646998788 0.539813690222 -0.398197073117 0.881942008382
-0.051059720033 0.637331799913 0.768896014953 -1.684568381119
0.668844252558 -0.549917590798 0.500237952529 1.389159757682
0.000000000000 0.000000000000 0.000000000000 1.000000000000
2 11 55
0.939066268397 0.324563125115 -0.113195942392 0.657723311635
-0.307226699572 0.940201971381 0.147078237958 -0.307095228375
0.154163220737 -0.103339396296 0.982626414537 -0.037601742278
0.000000000000 0.000000000000 0.000000000000 1.000000000000
2 31 55
0.912156982123 -0.389783846771 -0.126641986565 0.568458683193
0.395626409088 0.756754010233 0.520387463749 -0.820168922434
-0.107001796234 -0.524777972852 0.844487237803 1.247026286124
0.000000000000 0.000000000000 0.000000000000 1.000000000000
2 35 55
0.793863494324 -0.271023236200 0.544359401334 -1.339257947583
0.404746252350 0.903588738177 -0.140384698060 0.008173774391
-0.453829509384 0.331773714572 0.827021752272 0.447736319554
0.000000000000 0.000000000000 0.000000000000 1.000000000000
2 37 55
0.622754321292 0.768038332112 -0.149312342822 0.999538143419
-0.578724781798 0.580590164735 0.572706458446 -1.250800329436
0.526549790851 -0.270244668810 0.806047850152 0.661945900550
0.000000000000 0.000000000000 0.000000000000 1.000000000000
2 39 55
0.255775170256 -0.947202358602 -0.193356546670 1.409090651781
0.819983159019 0.318505315823 -0.475585936206 0.141736300438
0.512061208456 -0.036906038151 0.858155733619 1.326625120704
0.000000000000 0.000000000000 0.000000000000 1.000000000000
2 42 55
0.833891768204 0.171548567644 -0.524590895710 1.711129172381
0.110684068000 0.879183644695 0.463449194617 -0.754674382790
0.540715781176 -0.444530322744 0.714156310725 0.965036297879
0.000000000000 0.000000000000 0.000000000000 1.000000000000
2 45 55
0.997034145515 0.037486726045 0.067213525771 0.781543772377
-0.037393086067 0.999297117217 -0.002651157690 -0.166546124367
-0.067265665762 0.000129973588 0.997735091753 -0.318646674356
0.000000000000 0.000000000000 0.000000000000 1.000000000000
2 46 55
0.829532059045 0.315308285135 -0.460930849848 0.609529892245
-0.317564040850 0.945257829489 0.075104698575 -0.184041945187
0.459379628386 0.084073307977 0.884252246765 0.167563593410
0.000000000000 0.000000000000 0.000000000000 1.000000000000
2 54 55
0.914495601860 0.227222059840 -0.334765484632 0.683639181142
-0.236568519845 0.971525453548 0.013176817824 -0.013746876429
0.328227252976 0.067144833248 0.942209340736 0.105954216879
0.000000000000 0.000000000000 0.000000000000 1.000000000000
3 8 55
0.995756158000 -0.019793340132 0.089877124408 0.589381907102
0.014329322515 0.998032603132 0.061037640866 0.414264906986
-0.090908439222 -0.059490728460 0.994080735608 0.694304082860
0.000000000000 0.000000000000 0.000000000000 1.000000000000
3 12 55
-0.652063216499 -0.457835522588 -0.604317959312 2.344379174942
-0.738427569411 0.564201757828 0.369325197079 -0.893523898276
0.171867060320 0.687068417788 -0.705973585098 4.120753031054
0.000000000000 0.000000000000 0.000000000000 1.000000000000
3 19 55
0.942405745176 -0.052351500092 0.330349408804 -0.757626251916
-0.026572492603 0.972834202047 0.229972863538 -0.218084376233
-0.333414627898 -0.225505955055 0.915413431264 0.454257784463
0.000000000000 0.000000000000 0.000000000000 1.000000000000
3 31 55
0.007035794511 -0.879757237906 0.475371118126 0.503576238172
-0.918814978848 0.181915446371 0.350265335162 0.034041994218
-0.394625812942 -0.439242498769 -0.807054208239 3.461705417778
0.000000000000 0.000000000000 0.000000000000 1.000000000000
3 52 55
0.995679277498 0.015784676214 0.091507487987 -0.261758899346
-0.050582247327 0.918606942020 0.391921831911 -1.099208505148
-0.077873054493 -0.394857100823 0.915436320732 -0.116108691072
0.000000000000 0.000000000000 0.000000000000 1.000000000000
4 6 55
0.827006468432 -0.545939077775 -0.134204413230 0.911050695428
0.476170352130 0.807118170310 -0.349030163320 0.617298747670
0.298868025932 0.224746040039 0.927451950541 -0.110114916080
0.000000000000 0.000000000000 0.000000000000 1.000000000000
4 9 55
0.951375621160 0.301272231982 -0.064183095124 0.608478249160
-0.237066152484 0.849162807984 0.471934492153 -0.542497141977
0.196682655081 -0.433771331203 0.879294242797 -0.203098903564
0.000000000000 0.000000000000 0.000000000000 1.000000000000
4 14 55
0.912194482667 0.122162130194 0.391123560704 -1.335483059761
-0.289920902238 0.866954207384 0.405384105196 -0.715177719738
-0.289563630723 -0.483184039727 0.826248199706 -0.530448911798
0.000000000000 0.000000000000 0.000000000000 1.000000000000
4 15 55
-0.854847867517 0.383652696073 0.349350443247 -0.749528776461
0.111986101953 -0.520997847421 0.846179860286 -2.119863302829
0.506650013689 0.762477443455 0.402410128912 0.599639014411
0.000000000000 0.000000000000 0.000000000000 1.000000000000
4 24 55
-0.225860336821 0.724532024560 -0.651183886193 1.342073482111
0.929328933197 -0.040197018028 -0.367058488072 0.360258276585
-0.292121279908 -0.688067980020 -0.664249661420 3.518934268104
0.000000000000 0.000000000000 0.000000000000 1.000000000000
4 32 55
0.999835761603 0.011339458267 0.014137415141 -0.026065429916
-0.011996006758 0.998810825578 0.047254952432 -0.088278174920
-0.013584757727 -0.047416783882 0.998782810707 0.014625303623
0.000000000000 0.000000000000 0.000000000000 1.000000000000
4 33 55
0.969424790956 -0.234482351783 -0.072343634020 0.123179092157
0.244248949523 0.893656186219 0.376458591998 -0.762168984790
-0.023622559925 -0.382618148465 0.923604529617 -0.069433038772
0.000000000000 0.000000000000 0.000000000000 1.000000000000
4 36 55
0.957273446951 -0.253523470202 0.139116490105 -0.816879716349
0.249762015155 0.967299985558 0.044155109837 0.266814682646
-0.145761735543 -0.007522499284 0.989291124218 -0.780253551877
0.000000000000 0.000000000000 0.000000000000 1.000000000000
4 37 55
0.999962416456 -0.000870070680 -0.008626045083 0.412326159848
0.001939306650 0.992188342379 0.124733845991 0.029908447956
0.008450134111 -0.124745886598 0.992152739758 -0.381114398950
0.000000000000 0.000000000000 0.000000000000 1.000000000000
4 38 55
0.964418148386 -0.155899116571 -0.213525409533 1.134955756919
0.240504443021 0.852741708744 0.463669269043 -0.698719748156
0.109796393160 -0.498524867605 0.859894009997 0.228215575137
0.000000000000 0.000000000000 0.000000000000 1.000000000000
4 39 55
0.926241180352 -0.138252747068 -0.350661451756 1.333596517085
0.274359405594 0.885200930010 0.375694330635 -0.731403326086
0.258465069945 -0.444190827727 0.857840495769 0.387559281257
0.000000000000 0.000000000000 0.000000000000 1.000000000000
4 40 55
0.860472621390 -0.054913834076 -0.506528714553 1.916812924854
0.291936629317 0.867928382377 0.401837439183 -0.450651653436
0.417564213389 -0.493644400244 0.762859969985 0.288660280250
0.000000000000 0.000000000000 0.000000000000 1.000000000000
4 54 55
0.797338519406 -0.233725273443 0.556438480000 -1.186623358800
0.603262121724 0.281054748230 -0.746379957522 1.808195778902
0.018058182762 0.930795748299 0.365093381184 1.181935271730
0.000000000000 0.000000000000 0.000000000000 1.000000000000
5 7 55
0.983318898498 0.159007874492 -0.088320097980 0.842794342799
-0.138915219747 0.969967179964 0.199665298726 0.077096740706
0.117415951132 -0.184065655793 0.975875672807 -0.221056536335
0.000000000000 0.000000000000 0.000000000000 1.000000000000
5 8 55
0.938093301502 0.287819333773 -0.192719975051 0.678630128723
-0.153081144395 0.843584990765 0.514714024082 -0.776603427347
0.310720325869 -0.453347983852 0.835421142077 -0.132768209752
0.000000000000 0.000000000000 0.000000000000 1.000000000000
5 9 55
0.844961604888 0.397870530569 -0.357405829792 0.432212328371
-0.234873657793 0.876424437591 0.420374321371 -0.262101752730
0.480493757649 -0.271254946680 0.833994306193 -0.176090573322
0.000000000000 0.000000000000 0.000000000000 1.000000000000
5 11 55
0.778918200190 -0.494077493877 0.386230329540 -0.821496258456
0.626688097000 0.590239295577 -0.508802125621 1.904821038328
0.023419361468 0.638361186164 0.769380614201 -0.373092408524
0.000000000000 0.000000000000 0.000000000000 1.000000000000
5 12 55
-0.784946964457 0.472836184116 0.400355099855 -1.181218810563
-0.103896451252 -0.737496145966 0.667311742818 -1.422650254564
0.610789481251 0.482208852756 0.628021362628 0.406133935070
0.000000000000 0.000000000000 0.000000000000 1.000000000000
5 14 55
-0.452718101372 0.801429399045 0.390841705855 -0.804796025723
0.756255117566 0.577329762715 -0.307844997100 0.905742454506
-0.472360580325 0.156209037606 -0.867452718438 4.234742906131
0.000000000000 0.000000000000 0.000000000000 1.000000000000
5 17 55
0.771176883990 0.625779524107 0.116988037031 -0.393778426144
-0.328619819389 0.548686396446 -0.768734188560 2.119857386579
-0.545247859147 0.554385448551 0.628777819687 0.048679597022
0.000000000000 0.000000000000 0.000000000000 1.000000000000
5 19 55
0.240922727840 -0.499227359701 0.832302999235 -1.358771413276
0.255203037315 0.859971410758 0.441950882367 -1.117402888913
-0.936390756551 0.105930241219 0.334590996650 1.014425350602
0.000000000000 0.000000000000 0.000000000000 1.000000000000
5 22 55
0.965761968479 0.129246275031 0.224942705218 0.114795491406
-0.028614045017 0.914843034925 -0.402794560385 2.173108789596
-0.257846963659 0.382567146837 0.887218868991 -0.662082971448
0.000000000000 0.000000000000 0.000000000000 1.000000000000
5 23 55
-0.568266096024 0.322781886140 -0.756891998960 2.591203970913
-0.006363082824 0.918096444087 0.396305980944 -0.350478013700
0.822820244821 0.230023419100 -0.519669194179 4.135161239526
0.000000000000 0.000000000000 0.000000000000 1.000000000000
5 26 55
0.840543148051 -0.078877894795 0.535971542134 -1.114373711322
0.254775734109 0.930663961531 -0.262590776718 1.120433158641
-0.478096791010 0.357271421220 0.802359389553 -0.326820780080
0.000000000000 0.000000000000 0.000000000000 1.000000000000
5 28 55
-0.786099980797 -0.446547801596 -0.427366214249 1.502365043958
-0.419769330723 0.893206497827 -0.161170286417 0.557529571847
0.453696516601 0.052699270672 -0.889596682602 3.186311863980
0.000000000000 0.000000000000 0.000000000000 1.000000000000
5 32 55
-0.283667751014 0.958920818205 0.001863181928 0.351631815182
-0.940067714892 -0.278472988712 0.196787921314 -0.251028613093
0.189222880359 0.054070869888 0.980444308759 0.014366554708
0.000000000000 0.000000000000 0.000000000000 1.000000000000
5 36 55
-0.946504581724 0.251030421398 0.202762926365 0.286495500080
0.272393225899 0.958427649964 0.084960992635 -0.102695787042
-0.173005801233 0.135647216402 -0.975535148225 4.283754725461
0.000000000000 0.000000000000 0.000000000000 1.000000000000
5 37 55
0.967012781246 -0.016057916964 0.254221211170 -0.267764972547
-0.031513551372 0.982802513462 0.181950860432 0.038403186580
-0.252770997121 -0.183960220794 0.949876549968 -0.381816720583
0.000000000000 0.000000000000 0.000000000000 1.000000000000
5 38 55
0.971509741502 -0.069454784172 0.226594031525 0.295049892053
0.016792767641 0.973864674246 0.226507393278 -0.057475629266
-0.236403944811 -0.216248998172 0.947285355987 0.076627673445
0.000000000000 0.000000000000 0.000000000000 1.000000000000
5 39 55
0.951282678957 -0.184187729094 -0.247257244927 0.811691680218
0.256017747837 0.918749775957 0.300589025032 -0.258951100483
0.171802728469 -0.349247375981 0.921146075746 0.264261022363
0.000000000000 0.000000000000 0.000000000000 1.000000000000
5 40 55
0.972366120498 0.068515192924 -0.223181083530 1.103388002584
0.047101385801 0.878735253481 0.474979803514 -0.378363195966
0.228660418880 -0.472366407177 0.851225228837 0.088738218078
0.000000000000 0.000000000000 0.000000000000 1.000000000000
5 41 55
0.934729603059 0.286659973686 -0.210015781909 0.942454070323
-0.159850735654 0.867007208189 0.471960001758 -0.210907863076
0.317377238433 -0.407583807866 0.856240111237 0.142573505265
0.000000000000 0.000000000000 0.000000000000 1.000000000000
5 45 55
0.322571741495 -0.601517985945 0.730837590833 -1.616490043371
0.931669950780 0.065423628980 -0.357366550737 0.830629880060
0.167148360456 0.796175772903 0.581520046292 0.039032549774
0.000000000000 0.000000000000 0.000000000000 1.000000000000
5 48 55
0.973488620030 -0.222264220217 0.054023356831 -0.122746473136
0.215053561695 0.969824402690 0.114859015965 -0.045324279722
-0.077922219388 -0.100196029648 0.991911731642 -1.305177692616
0.000000000000 0.000000000000 0.000000000000 1.000000000000
5 51 55
-0.348263461986 -0.842581621359 0.410814766525 -0.550087033048
0.932996845514 -0.353979868280 0.064924102711 -0.549876019018
0.090716301215 0.405899574034 0.909404249216 -1.308090967521
0.000000000000 0.000000000000 0.000000000000 1.000000000000
5 52 55
-0.033098630093 -0.274311350109 0.961071154436 -1.957631488539
0.987790455768 -0.155444281277 -0.010348473901 -0.537624042050
0.152231718705 0.948994393355 0.276107126313 0.140934529082
0.000000000000 0.000000000000 0.000000000000 1.000000000000
6 8 55
0.951597202334 0.214351511531 -0.220263919002 0.376648947215
-0.132525085048 0.932780011605 0.335199271751 -0.239653233474
0.277308251487 -0.289784194623 0.916037801733 0.112545723970
0.000000000000 0.000000000000 0.000000000000 1.000000000000
6 9 55
0.815677957452 0.456014230618 -0.355978217314 0.038964570016
-0.328965613594 0.871789166329 0.362994868482 -0.329165591907
0.475868778972 -0.178982320205 0.861112207703 0.092612558302
0.000000000000 0.000000000000 0.000000000000 1.000000000000
6 10 55
0.034767003684 -0.998138669688 -0.050104406291 -0.013518228577
0.994640951652 0.029673594416 0.099039664228 -0.298543375622
-0.097368540869 -0.053279206727 0.993821258265 -1.013078001133
0.000000000000 0.000000000000 0.000000000000 1.000000000000
6 12 55
0.956159914723 -0.194213285098 -0.219178961965 0.652482139790
0.233546973301 0.957259356093 0.170617515033 -0.525447258212
0.176674923911 -0.214326211803 0.960650949198 -0.188091519078
0.000000000000 0.000000000000 0.000000000000 1.000000000000
6 13 55
0.443511604860 0.397827851509 0.803137881635 -1.829557665691
0.658271250679 0.463549229972 -0.593128208671 2.203295117394
-0.608256867519 0.791741821527 -0.056289174452 1.971883785761
0.000000000000 0.000000000000 0.000000000000 1.000000000000
6 19 55
0.375016741159 -0.036894579506 0.926283560177 -2.188459665153
-0.199633571222 0.972548980658 0.119561354382 -0.119944218424
-0.905267298145 -0.229754804571 0.357356752678 1.294164136265
0.000000000000 0.000000000000 0.000000000000 1.000000000000
6 26 55
0.982369133828 -0.086260807505 -0.165861261269 0.106487042359
0.114559680964 0.978860610678 0.169434306918 -0.053706746509
0.147739515360 -0.185448046504 0.971484460838 -1.176926768249
0.000000000000 0.000000000000 0.000000000000 1.000000000000
6 27 55
0.994277642359 0.062172638136 -0.086870783188 0.183183207827
-0.047638247987 0.985907878300 0.160362878606 -0.146111069272
0.095616772761 -0.155306852950 0.983227956374 -0.628300150619
0.000000000000 0.000000000000 0.000000000000 1.000000000000
6 28 55
0.984025831473 -0.098103351289 0.148556034751 -0.446002386844
0.093001343820 0.994824489257 0.040926588214 -0.101651481944
-0.151802216858 -0.026456909132 0.988056738713 0.105331366275
0.000000000000 0.000000000000 0.000000000000 1.000000000000
6 33 55
0.960906356426 -0.143604335497 0.236720867282 -0.905680862205
0.252709900953 0.804210543861 -0.537943405112 1.089075501849
-0.113122412194 0.576734944294 0.809061260900 0.297228686676
0.000000000000 0.000000000000 0.000000000000 1.000000000000
6 36 55
0.635421747690 -0.242175289819 0.733205517957 -1.283638998471
0.150912460207 0.970182355154 0.189661875721 -0.001260393737
-0.757274475944 -0.009865431988 0.653022236478 -0.546753304694
0.000000000000 0.000000000000 0.000000000000 1.000000000000
6 37 55
0.969628685253 -0.049751895090 0.239468080690 -0.609022336379
0.038848575727 0.997991316715 0.050041182309 0.072394686653
-0.241476708811 -0.039218371944 0.969613798583 -0.090000145828
0.000000000000 0.000000000000 0.000000000000 1.000000000000
6 38 55
0.977684557476 -0.078040308586 0.195045164791 -0.041667493440
0.055086141575 0.991188242655 0.120463208615 -0.102809737982
-0.202727460101 -0.107030733245 0.973368377882 0.353499084744
0.000000000000 0.000000000000 0.000000000000 1.000000000000
6 39 55
0.919565427156 0.294744305443 -0.259856151724 0.246485898530
-0.232818071079 0.941429128687 0.243940446503 -0.261782143078
0.316536207976 -0.163819992887 0.934327479512 0.648206740505
0.000000000000 0.000000000000 0.000000000000 1.000000000000
6 40 55
0.870800474287 0.145987341469 -0.469461638593 0.811347099803
0.145831649702 0.835219349074 0.530228034790 -0.943323183999
0.469510025373 -0.530185189403 0.706019830466 0.712144800386
0.000000000000 0.000000000000 0.000000000000 1.000000000000
6 41 55
0.907089352139 0.335820461596 -0.253798197017 0.615488435160
-0.173625403622 0.847748309895 0.501175640157 -0.498881267810
0.383462027394 -0.410545272342 0.827290428389 0.531210009692
0.000000000000 0.000000000000 0.000000000000 1.000000000000
6 48 55
0.951324782838 -0.235654930380 0.198614982683 -0.867983557801
0.241456715291 0.970397875258 -0.005159296099 -0.136305846713
-0.191519743626 0.052865087567 0.980064013378 -0.836225708752
0.000000000000 0.000000000000 0.000000000000 1.000000000000
6 51 55
-0.179347691823 -0.942039966475 0.283540309306 -0.728330300564
0.983785079596 -0.171400246044 0.052809779587 -0.510331875871
-0.001150044212 0.288414037834 0.957505101907 -1.074124820507
0.000000000000 0.000000000000 0.000000000000 1.000000000000
7 9 55
0.934614383227 -0.173574245937 0.310431853735 -0.939306825332
0.042512274561 0.921088897205 0.387024482375 -0.544621586585
-0.353112816502 -0.348521483689 0.868241967558 0.060221535762
0.000000000000 0.000000000000 0.000000000000 1.000000000000
7 10 55
0.995672751038 -0.078392728436 0.049903436454 -0.125585821346
0.091321752663 0.924840668968 -0.369229027181 1.156842539661
-0.017207856694 0.372188550538 0.927997614499 -0.874586374542
0.000000000000 0.000000000000 0.000000000000 1.000000000000
7 17 55
0.400816962757 0.897184891356 0.185485937709 -0.832313279512
-0.393024500315 0.351270652811 -0.849788603493 2.375859954092
-0.827573262327 0.267709169054 0.493410879781 0.791731776683
0.000000000000 0.000000000000 0.000000000000 1.000000000000
7 20 55
0.766778480946 0.523215955913 0.371881465842 -0.763544430919
-0.618734611581 0.756696995842 0.211132983959 -1.300579467459
-0.170933441985 -0.391988163040 0.903950794263 -0.868126536126
0.000000000000 0.000000000000 0.000000000000 1.000000000000
7 23 55
0.943338046350 -0.134124023208 0.303519483240 -1.326541250577
0.193698442795 0.965239911048 -0.175478851662 0.882749659817
-0.269433189431 0.224327128364 0.936527146384 -0.801098591606
0.000000000000 0.000000000000 0.000000000000 1.000000000000
7 26 55
0.964387969544 0.167284407586 0.204870132466 -0.960523095725
-0.027648784366 0.834098456960 -0.550922234820 1.763117526996
-0.263042561046 0.525638365299 0.809019727821 -0.076980857699
0.000000000000 0.000000000000 0.000000000000 1.000000000000
7 27 55
0.340414744892 -0.771046959715 0.538149038255 -1.253525640005
0.742720116976 0.571474437925 0.348975349615 -1.180015115700
-0.576614801493 0.280897762030 0.767210413112 0.081764218393
0.000000000000 0.000000000000 0.000000000000 1.000000000000
7 28 55
0.895440120239 -0.133843805772 0.424585476344 -1.059761362931
0.242552975520 0.946423082632 -0.213193345881 0.427844609262
-0.373302886584 0.293886345920 0.879929412254 0.412521176041
0.000000000000 0.000000000000 0.000000000000 1.000000000000
7 33 55
-0.632472540919 -0.068776386864 -0.771523359071 2.046424304788
-0.075190411811 0.996797630270 -0.027219225947 0.231543962297
0.770924696034 0.040795746094 -0.635618454850 3.056094324305
0.000000000000 0.000000000000 0.000000000000 1.000000000000
7 36 55
0.450722188880 -0.060425365800 0.890616799537 -2.212113435572
-0.572689480558 -0.784894740307 0.236573467442 -0.957346257090
0.684745403278 -0.616675783380 -0.388374446744 2.969253461424
0.000000000000 0.000000000000 0.000000000000 1.000000000000
7 37 55
0.966976867140 -0.170199299374 0.189704867910 -0.892522923296
0.178748239036 0.983473967028 -0.028775392587 -0.082786483858
-0.181672247351 0.061734550050 0.981419400599 -0.112408761586
0.000000000000 0.000000000000 0.000000000000 1.000000000000
7 38 55
0.965384569230 -0.185814848417 0.183045009766 -0.387205213185
0.200808034869 0.977341067545 -0.066937066125 -0.187905607042
-0.166459504458 0.101376919451 0.980823100043 0.309265309559
0.000000000000 0.000000000000 0.000000000000 1.000000000000
7 39 55
0.966563200282 -0.037980029603 -0.253600270528 -0.037770840390
0.043784150983 0.998891560175 0.017280021275 -0.293619898296
0.252662874169 -0.027805905198 0.967154746488 0.581777985494
0.000000000000 0.000000000000 0.000000000000 1.000000000000
7 40 55
0.958099915645 -0.124028617528 -0.258188794635 0.364886512244
0.163846108270 0.976667096004 0.138837445910 -0.179226404499
0.234944683800 -0.175323374414 0.956066268591 0.337551318195
0.000000000000 0.000000000000 0.000000000000 1.000000000000
7 41 55
0.931362280629 0.231635352889 -0.280908108667 0.302480381327
-0.106289473973 0.910895589946 0.398712643317 -0.620162401464
0.348233901200 -0.341488341691 0.872994193877 0.485331951154
0.000000000000 0.000000000000 0.000000000000 1.000000000000
7 47 55
0.774764111494 -0.621021410294 0.118629589472 -0.179578435588
0.623529005023 0.781563931146 0.019219818576 0.038351568276
-0.104652527135 0.059078164229 0.992752546748 -1.311723428985
0.000000000000 0.000000000000 0.000000000000 1.000000000000
7 48 55
0.560871418840 -0.375828496565 0.737682989297 -2.479675506766
0.479856598981 -0.578522361097 -0.659582839471 1.483516590659
0.674656131628 0.723923213387 -0.144132873337 2.083707341134
0.000000000000 0.000000000000 0.000000000000 1.000000000000
7 49 55
0.054174739242 -0.914921500677 0.399979681018 -1.564346748491
0.987550210820 0.108335907946 0.114052234352 -0.459357206111
-0.147681003312 0.388821268257 0.909399990440 -0.805172775417
0.000000000000 0.000000000000 0.000000000000 1.000000000000
7 50 55
0.666120526961 0.471131445491 -0.578202909567 1.544671931035
0.212272410756 0.623417982850 0.752522718787 -1.340814833438
0.714999207827 -0.624007355508 0.315263307536 1.545131640933
0.000000000000 0.000000000000 0.000000000000 1.000000000000
7 51 55
0.128983458702 -0.897073390073 0.422637670119 -1.446592246971
0.981766551632 0.175532838795 0.072956566531 -0.800405301086
-0.139634184484 0.405521337697 0.903357481397 -0.926499295263
0.000000000000 0.000000000000 0.000000000000 1.000000000000
7 52 55
0.752845084924 0.061393182952 0.655328280478 -2.078975674400
0.638169146629 0.175660251965 -0.749588964813 1.917808305868
-0.161134783323 0.982534657387 0.093065722135 0.950106984363
0.000000000000 0.000000000000 0.000000000000 1.000000000000
7 54 55
0.251906257579 -0.106970280022 0.961821499336 -2.411664768333
0.957406755404 -0.117384701904 -0.263805110764 0.010353953050
0.141122436553 0.987308559140 0.072844127767 1.776511118789
0.000000000000 0.000000000000 0.000000000000 1.000000000000
8 27 55
-0.041402018274 0.914592754830 -0.402251122678 0.816505147998
-0.986274585639 0.026995190050 0.162891686208 -0.684199209686
0.159838401533 0.403474103911 0.900921934947 -0.396182173469
0.000000000000 0.000000000000 0.000000000000 1.000000000000
8 28 55
0.982828813635 -0.005377022444 0.184441347636 -0.362705147584
0.033582271021 0.988093739886 -0.150143239177 0.322467549779
-0.181438017409 0.153759060959 0.971307570757 0.282329570912
0.000000000000 0.000000000000 0.000000000000 1.000000000000
8 33 55
0.912763291639 -0.055816530411 0.404657495135 -1.177414770283
0.204191147181 0.920321580078 -0.333637774624 0.626865439975
-0.353792522319 0.387159791527 0.851432996175 0.575674243850
0.000000000000 0.000000000000 0.000000000000 1.000000000000
8 37 55
0.911939831670 -0.230861678145 0.339217671971 -0.802489627992
0.279831826574 0.954545125651 -0.102653552942 0.046437321725
-0.300099803815 0.188537764545 0.935090166289 0.058785300194
0.000000000000 0.000000000000 0.000000000000 1.000000000000
8 38 55
0.883622492472 -0.284928035081 0.371520262737 -0.243975754852
0.352883081631 0.926800260597 -0.128509951584 -0.017125787730
-0.307708988328 0.244657498929 0.919487839354 0.375116799257
0.000000000000 0.000000000000 0.000000000000 1.000000000000
8 39 55
0.999657884430 0.002343294100 -0.026050394802 0.085803872683
-0.006300122249 0.988226596179 -0.152867599789 -0.093946687452
0.025385479240 0.152979422074 0.987903271512 0.511209053722
0.000000000000 0.000000000000 0.000000000000 1.000000000000
8 40 55
0.995667724428 0.071614050211 -0.059306073421 0.427732621031
-0.068565236851 0.996293593519 0.051941157173 -0.138008468585
0.062805977644 -0.047649798795 0.996887609436 0.316778812529
0.000000000000 0.000000000000 0.000000000000 1.000000000000
8 41 55
0.993215298262 0.087485214951 -0.076614022628 0.368602603751
-0.065198515889 0.964454310868 0.256080135450 -0.429583252017
0.096293950091 -0.249347587539 0.963614682206 0.326787272391
0.000000000000 0.000000000000 0.000000000000 1.000000000000
8 42 55
0.608666428634 0.705907541723 -0.362242627520 0.206059460922
-0.625251102960 0.707811626878 0.328730526577 -0.352008637978
0.488452901414 0.026405366801 0.872190644127 0.329198615569
0.000000000000 0.000000000000 0.000000000000 1.000000000000
8 43 55
0.998694417521 -0.051078546953 -0.000665171448 -0.196767600387
0.051038836609 0.997208196639 0.054505501671 -0.054011657933
-0.002120747406 -0.054468289820 0.998513248703 -0.030850872872
0.000000000000 0.000000000000 0.000000000000 1.000000000000
9 12 55
0.999102537538 0.009953112861 -0.041171045995 -0.226671025400
-0.011109575907 0.999547403966 -0.027956475954 0.090091950398
0.040874158182 0.028388778926 0.998760922555 -0.011787553963
0.000000000000 0.000000000000 0.000000000000 1.000000000000
9 19 55
0.783435998516 -0.196138056529 0.589710012642 -3.096795522828
0.309954690902 0.945768139248 -0.097214795024 -0.016783259107
-0.538661420390 0.258944954701 0.801742717222 0.956971561995
0.000000000000 0.000000000000 0.000000000000 1.000000000000
9 24 55
0.975594713719 0.150761851938 -0.159642784254 0.091896313689
-0.142426663812 0.987830620801 0.062492479896 -0.591472455108
0.167121512677 -0.038229943871 0.985194839305 -0.171106169606
0.000000000000 0.000000000000 0.000000000000 1.000000000000
9 27 55
0.989464981165 -0.073248164122 0.124874967471 -1.170132490344
0.115836486631 0.917951955633 -0.379402313532 0.750118734620
-0.086838697670 0.389870380513 0.916766124475 0.331350972974
0.000000000000 0.000000000000 0.000000000000 1.000000000000
9 29 55
0.171199521739 -0.428308408325 0.887266944676 -2.358429960842
0.918234818937 0.395792891298 0.013885405657 -0.663001656774
-0.357121185382 0.812342227485 0.461047247465 1.561417064559
0.000000000000 0.000000000000 0.000000000000 1.000000000000
9 36 55
0.736456655131 0.571233461249 0.362386434435 -1.504948074070
-0.267968159755 0.738206743923 -0.619066933849 1.418167496548
-0.621147857174 0.358807937448 0.696729648826 0.470771086774
0.000000000000 0.000000000000 0.000000000000 1.000000000000
9 37 55
0.979603575479 -0.166203177744 -0.112930680581 0.052701572028
0.112385569525 0.919066002293 -0.377739549413 0.515370979802
0.166572262610 0.357343234351 0.918999180735 0.041858587800
0.000000000000 0.000000000000 0.000000000000 1.000000000000
9 38 55
0.991012376038 -0.131648479013 -0.023730750362 0.288073034716
0.117826164922 0.943041958890 -0.311109078349 0.169041764938
0.063336130279 0.305516843636 0.950077887784 0.519855134266
0.000000000000 0.000000000000 0.000000000000 1.000000000000
9 39 55
0.797687275222 0.601142933858 -0.048189044607 0.490268145088
-0.554643558030 0.762658841447 0.332749177458 -0.794929728804
0.236781617707 -0.238702041540 0.941783308878 0.514952111341
0.000000000000 0.000000000000 0.000000000000 1.000000000000
9 41 55
-0.481877500937 -0.740569723619 0.468348757391 -1.127080022629
0.009221400194 -0.538755545921 -0.842411673422 1.333311191080
0.876190070629 -0.401620400626 0.266443265878 1.878760213368
0.000000000000 0.000000000000 0.000000000000 1.000000000000
9 42 55
0.912692502396 0.185024966294 -0.364359929079 0.558676994403
-0.143476378588 0.979952403587 0.138231022171 0.063144175797
0.382631578490 -0.073885374408 0.920941923571 0.185687324401
0.000000000000 0.000000000000 0.000000000000 1.000000000000
9 44 55
0.817604267821 0.199273419853 -0.540197524412 0.600407076293
-0.212442292519 0.976408956791 0.038649986390 -0.248657199105
0.535155616236 0.083160406675 0.840650232363 0.262501451270
0.000000000000 0.000000000000 0.000000000000 1.000000000000
10 19 55
0.531887624813 -0.333408933925 0.778417649690 -2.305008053481
0.294963606751 0.934607202629 0.198760779548 -0.469629139879
-0.793783361669 0.123886478572 0.595449506814 1.736608665822
0.000000000000 0.000000000000 0.000000000000 1.000000000000
10 27 55
0.991880165192 0.118258370120 0.046783499162 -0.006876756292
-0.106926267809 0.974626864425 -0.196644980591 0.621073798354
-0.068851369992 0.190045870873 0.979357981442 0.381383748043
0.000000000000 0.000000000000 0.000000000000 1.000000000000
10 28 55
0.823325059999 0.446518225937 0.350367406423 -0.597579696622
-0.486178013366 0.873364254795 0.029424781495 0.010262297516
-0.292859667583 -0.194567089593 0.936150021498 1.042285224437
0.000000000000 0.000000000000 0.000000000000 1.000000000000
10 31 55
0.453708565337 -0.870189399095 0.192143039016 -0.849156590281
0.888579732625 0.425394652586 -0.171655027076 0.073063468440
0.067635763534 0.248615766302 0.966237861107 1.439466053903
0.000000000000 0.000000000000 0.000000000000 1.000000000000
10 32 55
0.250770520941 0.677644252291 -0.691312095341 0.832350696066
-0.243574068929 0.735324698122 0.632431230473 -1.114024046450
0.936902246113 0.009790590837 0.349454325425 1.814713384879
0.000000000000 0.000000000000 0.000000000000 1.000000000000
10 36 55
0.725541636120 -0.457966586830 0.513669095433 -1.186064547962
0.447533758238 0.881019884009 0.153354162704 -0.212322316198
-0.522783769347 0.118619430656 0.844172115850 0.140080713940
0.000000000000 0.000000000000 0.000000000000 1.000000000000
10 37 55
0.650538549319 0.386371087950 0.653847824992 -1.765718872240
-0.541429865363 -0.367797643450 0.756028170351 -1.283610530322
0.532591115907 -0.845838209038 -0.030073699284 2.770940558845
0.000000000000 0.000000000000 0.000000000000 1.000000000000
10 38 55
0.160201398103 -0.877051037054 -0.452898432817 0.683759913947
-0.400057628449 0.361760810915 -0.842070667821 1.578173190753
0.902379856804 0.316086371248 -0.292916370226 2.775365014834
0.000000000000 0.000000000000 0.000000000000 1.000000000000
10 39 55
0.923728227439 0.277026624459 0.264541889260 -0.580170191034
-0.381429808399 0.601807576650 0.701668683890 -1.316509753286
0.035177593689 -0.749055331754 0.661572858326 1.829913352523
0.000000000000 0.000000000000 0.000000000000 1.000000000000
10 40 55
0.934603739124 0.353656548455 0.037985478157 0.179277592165
-0.329584132385 0.820895663886 0.466373893667 -0.801582273428
0.133754067213 -0.448394195712 0.883771743582 1.244431337531
0.000000000000 0.000000000000 0.000000000000 1.000000000000
10 41 55
0.709694704730 0.579080898729 0.401246481362 -0.369715198007
-0.675784002419 0.398583977435 0.620037736760 -1.182968423957
0.199121591376 -0.711193451643 0.674206545644 1.547226978137
0.000000000000 0.000000000000 0.000000000000 1.000000000000
10 44 55
0.951109803726 -0.050142653487 -0.304755402837 0.906437875703
0.088295984499 0.989695478613 0.112723904894 -0.105578651015
0.295962768568 -0.134121489384 0.945736467367 0.067587994962
0.000000000000 0.000000000000 0.000000000000 1.000000000000
10 45 55
0.906401097962 0.059533360600 -0.418201899313 0.829059691790
-0.080017976752 0.996292365402 -0.031601361338 0.158641702707
0.414770024242 0.062107178470 0.907804232955 0.105152375754
0.000000000000 0.000000000000 0.000000000000 1.000000000000
10 49 55
0.975807051562 0.008674537071 0.218461325018 -0.933155474460
-0.018385423152 0.998929084047 0.042457758538 -0.048350815364
-0.217859069900 -0.045447084078 0.974921529258 -0.070618002997
0.000000000000 0.000000000000 0.000000000000 1.000000000000
10 51 55
0.705031858253 0.651699438553 -0.279674669283 0.255019877696
-0.580754926729 0.756900533917 0.299708686621 -0.726480340739
0.407005889304 -0.048881730195 0.912116649626 -0.240030701979
0.000000000000 0.000000000000 0.000000000000 1.000000000000
11 26 55
0.976733323569 0.003458232875 -0.214429604428 0.309274836567
0.002380471277 0.999633549338 0.026964799199 -0.292122846852
0.214444277112 -0.026847861455 0.976367166771 -0.328191829147
0.000000000000 0.000000000000 0.000000000000 1.000000000000
11 37 55
0.970384560476 0.218101289335 -0.103853899211 -0.301456097625
-0.121079955502 0.811158361729 0.572155360521 -1.756952668385
0.209029780572 -0.542636102548 0.813543244729 1.207994635876
0.000000000000 0.000000000000 0.000000000000 1.000000000000
11 38 55
0.842757063254 0.481142224956 -0.241376659393 0.662198512746
0.002295856018 -0.451619083505 -0.892207897555 0.874628783650
-0.538289198647 0.751360341500 -0.381709805797 3.510501447317
0.000000000000 0.000000000000 0.000000000000 1.000000000000
11 46 55
0.982993039991 -0.056737452328 -0.174658366055 0.326366986338
0.031779099164 0.989282907431 -0.142511115077 0.464543560072
0.180872253776 0.134536948708 0.974261277711 -0.445135148480
0.000000000000 0.000000000000 0.000000000000 1.000000000000
11 50 55
0.819002820310 -0.487567583973 0.302509886423 -1.442369406193
0.127749467712 0.668924942653 0.732270096751 -2.382189091452
-0.559387570315 -0.561085797500 0.610137913935 0.914776736676
0.000000000000 0.000000000000 0.000000000000 1.000000000000
11 54 55
0.985282548244 -0.110058915924 -0.130787366171 -0.180082390316
0.096443385445 0.989651406067 -0.106248613517 0.141395666710
0.141127508049 0.092071328306 0.985700713693 0.084529941700
0.000000000000 0.000000000000 0.000000000000 1.000000000000
12 19 55
0.993114367536 -0.108579800376 0.043980449560 -0.903647877597
0.116603248297 0.952375283700 -0.281753440945 0.887726135357
-0.011293160753 0.284941653585 0.958478334952 -0.289301630606
0.000000000000 0.000000000000 0.000000000000 1.000000000000
12 24 55
-0.769296482444 0.309055873156 -0.559166691932 1.021756063978
0.634291550438 0.474298446856 -0.610504064158 0.847119497996
0.076532026904 -0.824333337054 -0.560907655751 3.877542976429
0.000000000000 0.000000000000 0.000000000000 1.000000000000
12 25 55
0.997367954111 -0.069671503495 0.020075998447 -0.378749122912
0.062840678456 0.968737939673 0.239995527810 -0.154800214046
-0.036169230627 -0.238102259205 0.970566381510 0.573884868224
0.000000000000 0.000000000000 0.000000000000 1.000000000000
12 26 55
0.931606192685 0.236187332964 -0.276270601944 0.081407390078
-0.237336375579 0.970970991784 0.029778816996 0.588038219246
0.275284119736 0.037826933021 0.960618434426 -0.638803411965
0.000000000000 0.000000000000 0.000000000000 1.000000000000
12 27 55
0.866815649159 -0.347787402608 0.357315760862 -1.615902241640
0.385002203273 0.922198601752 -0.036373649833 -0.000376356677
-0.316865797853 0.169096604088 0.933275095905 0.368213612005
0.000000000000 0.000000000000 0.000000000000 1.000000000000
12 28 55
0.967977595880 0.243940668857 -0.059264862708 -0.698372358822
-0.214975616988 0.927408676686 0.306102320325 -0.312973931703
0.129633552657 -0.283559687696 0.950152117053 0.650612703525
0.000000000000 0.000000000000 0.000000000000 1.000000000000
12 32 55
0.848933045316 -0.375253198761 0.372152819941 -1.215832786595
0.302321056923 0.922385070203 0.240432445414 -0.261853127598
-0.433491249175 -0.091601414217 0.896490110265 1.027503752898
0.000000000000 0.000000000000 0.000000000000 1.000000000000
12 33 55
0.601648654276 -0.450095336927 0.659873536736 -1.912383820756
0.481188946532 0.863628234846 0.150344503433 -0.194236775812
-0.637554777680 0.227069283817 0.736181666306 0.896629498807
0.000000000000 0.000000000000 0.000000000000 1.000000000000
12 34 55
0.980597888854 0.103220032690 -0.166653548495 0.015833998109
-0.107040918610 0.994154836785 -0.014085533009 0.056427488650
0.164225522125 0.031650992853 0.985914901264 0.126253057104
0.000000000000 0.000000000000 0.000000000000 1.000000000000
12 35 55
0.921077254887 -0.147223024960 0.360474786151 -1.554319812045
0.255096614746 0.927581687701 -0.272979724133 1.281324685962
-0.294180909771 0.343391312593 0.891930489871 -0.272247869390
0.000000000000 0.000000000000 0.000000000000 1.000000000000
12 36 55
0.792304270438 0.593235951005 0.142565947833 -0.064870574537
-0.603411515696 0.796463823753 0.039241816695 0.018515959206
-0.090268963501 -0.117117393616 0.989007093170 -0.581133643561
0.000000000000 0.000000000000 0.000000000000 1.000000000000
12 38 55
0.850242903642 0.232751838330 0.472137253943 -1.275938697141
-0.521435369184 0.249629666371 0.815959671449 -1.292326561305
0.072056648351 -0.939952983623 0.333610893118 1.778324679901
0.000000000000 0.000000000000 0.000000000000 1.000000000000
12 39 55
0.672904937552 0.544424581777 -0.500800179487 0.453057970386
-0.718582396843 0.641803978413 -0.267818954221 0.545861727416
0.175608325441 0.540082889981 0.823086986889 1.043736105496
0.000000000000 0.000000000000 0.000000000000 1.000000000000
12 40 55
0.903792742992 0.047683742716 -0.425305699934 0.924076155962
0.074206922844 0.961260207033 0.265465905488 -0.292519043198
0.421487853109 -0.271486786151 0.865241535426 0.841597078695
0.000000000000 0.000000000000 0.000000000000 1.000000000000
12 41 55
0.755124210767 0.652285917308 -0.065654462120 0.109075574798
-0.650800721135 0.757921416006 0.044872581039 0.134205316353
0.079030675583 0.008843598952 0.996832956455 0.746115526388
0.000000000000 0.000000000000 0.000000000000 1.000000000000
12 47 55
0.704207665252 -0.670288455776 0.234104571190 -1.008660570728
0.707630439163 0.689494923511 -0.154453591808 0.403520410916
-0.057885453865 0.274426923798 0.959864124616 -0.630816557979
0.000000000000 0.000000000000 0.000000000000 1.000000000000
12 48 55
0.995469913656 -0.061786420281 -0.072264024769 -0.884922472017
0.055859568644 0.995119407210 -0.081345399278 0.357582006106
0.076937374518 0.076940260344 0.994062793157 -0.498641528613
0.000000000000 0.000000000000 0.000000000000 1.000000000000
12 52 55
0.994594697105 -0.091396229119 0.049275935254 -1.096042202923
0.101326770763 0.957973766033 -0.268363837206 0.502261262353
-0.022677610517 0.271906220775 0.962056512417 -0.694038277632
0.000000000000 0.000000000000 0.000000000000 1.000000000000
13 15 55
0.530188560930 0.438670510164 -0.725581334773 1.557245571600
-0.556367400369 0.825750693941 0.092688226125 -0.950776410531
0.639808882140 0.354547563760 0.681865543467 1.196026572477
0.000000000000 0.000000000000 0.000000000000 1.000000000000
13 16 55
0.999401140023 -0.025383612028 -0.023516665595 -0.046459275285
0.020718826511 0.983291741999 -0.180853754022 0.078984751570
0.027714464604 0.180258210233 0.983228806584 0.083472804680
0.000000000000 0.000000000000 0.000000000000 1.000000000000
13 24 55
0.849187099873 -0.130934259273 0.511602862734 -1.003920341155
0.262096415254 0.945534970747 -0.193052034968 -0.138992925431
-0.458461272650 0.298026574055 0.837253499626 0.554091976779
0.000000000000 0.000000000000 0.000000000000 1.000000000000
13 25 55
0.900242808980 0.263032650327 -0.346953469133 -0.124233507564
-0.170982638308 0.946445944938 0.273870426861 -0.289611513567
0.400409568166 -0.187226862852 0.897005172531 0.702370614957
0.000000000000 0.000000000000 0.000000000000 1.000000000000
13 26 55
0.994743635607 -0.058429322998 -0.084089913974 -0.191502279250
0.051555931583 0.995321735846 -0.081710636213 -0.395568897958
0.088470816300 0.076945801482 0.993102340294 0.919851658904
0.000000000000 0.000000000000 0.000000000000 1.000000000000
13 28 55
-0.820582986228 0.382505519418 -0.424656437991 0.860083101868
-0.268929867615 0.397203477028 0.877442946374 -1.498720402390
0.504301783675 0.834217552831 -0.223071256621 2.479316443586
0.000000000000 0.000000000000 0.000000000000 1.000000000000
13 29 55
0.890347885553 0.196490030797 -0.410697346582 -0.165448328381
-0.214680869120 0.976682461304 0.001869281644 -0.218969395656
0.401488190518 0.086504552349 0.911769814864 0.680987966215
0.000000000000 0.000000000000 0.000000000000 1.000000000000
13 31 55
0.967603602628 0.216340626687 -0.130153760705 -0.441166906909
-0.153701395587 0.913729561634 0.376130521483 -0.530971376660
0.200297651449 -0.343940432984 0.917379871908 1.198279560987
0.000000000000 0.000000000000 0.000000000000 1.000000000000
13 32 55
0.103369958093 0.723027991924 -0.683041122230 0.593036120521
-0.529243963014 0.621418047830 0.577702724109 -0.770536902502
0.842149321306 0.301778284050 0.446894157379 1.544283857661
0.000000000000 0.000000000000 0.000000000000 1.000000000000
13 33 55
0.631016647174 0.456905170782 -0.626941509155 0.556669280361
-0.394456967390 0.884858250113 0.247849910400 -0.515041402415
0.667998272354 0.090904026970 0.738589714261 0.966180566334
0.000000000000 0.000000000000 0.000000000000 1.000000000000
13 38 55
0.503582708569 -0.091712967135 -0.859065298618 0.639952292175
0.826904865189 0.339206207982 0.448516992313 -1.067615740288
0.250265458178 -0.936230676771 0.246656279704 2.426585011432
0.000000000000 0.000000000000 0.000000000000 1.000000000000
13 41 55
-0.520482774652 0.782172532020 -0.342496440047 0.021010375603
-0.384783882644 0.143221843136 0.911827213515 -1.836649088615
0.762259171771 0.606377468086 0.226422881462 2.215797484239
0.000000000000 0.000000000000 0.000000000000 1.000000000000
14 16 55
0.847234578931 0.262581482647 -0.461784076419 0.244512208894
-0.269033314373 0.961658948634 0.053227269987 0.247331397782
0.458055284895 0.079139316929 0.885393880990 -0.308062740053
0.000000000000 0.000000000000 0.000000000000 1.000000000000
14 17 55
0.986359817185 0.145625279624 -0.076730626075 0.167357877818
-0.163015323061 0.928815048478 -0.332759087282 0.945438493252
0.022810425046 0.340728460297 0.939884993419 -0.019752832896
0.000000000000 0.000000000000 0.000000000000 1.000000000000
14 24 55
0.984130130580 0.050738049657 -0.170039808283 -0.115328716378
-0.055882728711 0.998108978644 -0.025604440668 -0.125150846954
0.168419139993 0.034700390014 0.985104500151 0.497014334431
0.000000000000 0.000000000000 0.000000000000 1.000000000000
14 25 55
0.968314630968 0.140553006431 -0.206425841008 0.405648561036
-0.048715667373 0.917014919621 0.395866670667 -0.138583334456
0.244935826709 -0.373267316512 0.894806096995 0.641481663439
0.000000000000 0.000000000000 0.000000000000 1.000000000000
14 30 55
-0.455509877428 0.560706365357 -0.691461584916 2.033405415934
-0.444323005847 0.529864754208 0.722371378671 -1.350630810172
0.771419352908 0.636279587993 0.007776108410 3.155170528526
0.000000000000 0.000000000000 0.000000000000 1.000000000000
14 31 55
0.917801526736 -0.386874112073 -0.089268017390 0.530573456029
0.289520982609 0.805979591375 -0.516308530742 0.031514144066
0.271694604565 0.448023793672 0.851737472555 1.571638439871
0.000000000000 0.000000000000 0.000000000000 1.000000000000
14 39 55
0.439724217557 -0.879626347861 0.181383848902 0.129937838163
0.898056899041 0.428000690644 -0.101534304026 0.368401413739
0.011679836431 0.207540109274 0.978156779082 0.874181407265
0.000000000000 0.000000000000 0.000000000000 1.000000000000
14 47 55
0.999391186100 0.028621153750 0.019952110249 -0.087893519158
-0.027924603906 0.999019440689 -0.034356565931 0.178233438471
-0.020915870577 0.033778494400 0.999210458149 -0.035673400753
0.000000000000 0.000000000000 0.000000000000 1.000000000000
15 22 55
0.266631030749 -0.484530448531 0.833149529129 -2.348776003270
0.566877496938 0.777948033170 0.271010629227 -0.544289213379
-0.779459939257 0.400033876233 0.482094493807 1.742497369103
0.000000000000 0.000000000000 0.000000000000 1.000000000000
15 23 55
0.993737672716 -0.021285015450 -0.109692232832 -0.241412659791
0.024985992913 0.999160146686 0.032476167144 -0.047256512737
0.108908851728 -0.035013560109 0.993434906082 0.184627347674
0.000000000000 0.000000000000 0.000000000000 1.000000000000
15 24 55
0.977823573725 -0.108336109713 0.179232658859 -0.177329417867
0.114599267685 0.993098779896 -0.024936343227 -0.183350232123
-0.175294228415 0.044923275699 0.983490636857 0.550096578458
0.000000000000 0.000000000000 0.000000000000 1.000000000000
15 25 55
0.868950954479 -0.394427326168 0.298916916688 0.009452975919
0.251754536737 0.872303498894 0.419173304314 -0.134860785559
-0.426079677927 -0.288987352992 0.857287826735 0.509057905869
0.000000000000 0.000000000000 0.000000000000 1.000000000000
15 27 55
0.609066726477 -0.390719969881 0.690199701417 -1.669913061907
0.362715549587 0.911118894417 0.195703322210 -0.288448467320
-0.705319185041 0.131149782205 0.696652411064 1.047050208855
0.000000000000 0.000000000000 0.000000000000 1.000000000000
15 28 55
0.764420110209 -0.594388034543 0.249729372520 -0.732359285966
0.296252274093 0.667866063396 0.682780719894 -0.968080902970
-0.572622463061 -0.447948418634 0.686619056714 1.747891844425
0.000000000000 0.000000000000 0.000000000000 1.000000000000
15 31 55
0.328359965719 0.720049915107 -0.611316491406 1.341400861097
-0.430183012052 0.690186104212 0.581881188641 -0.539648167011
0.840905648129 0.071911482435 0.536382726827 1.638271029077
0.000000000000 0.000000000000 0.000000000000 1.000000000000
15 39 55
0.480221868648 -0.762743478582 0.433138941626 0.178827492908
0.866102872596 0.490444181763 -0.096593574602 0.181927675851
-0.138754354714 0.421529228471 0.896136339288 0.869955075015
0.000000000000 0.000000000000 0.000000000000 1.000000000000
15 41 55
0.621017412367 0.759744371790 -0.192680728331 0.333736928238
-0.726752156609 0.650217092960 0.221470167038 -0.197999904533
0.293545015972 0.002494304801 0.955941997216 1.374604948876
0.000000000000 0.000000000000 0.000000000000 1.000000000000
15 46 55
0.706072690423 -0.316076400939 0.633685304081 -1.950992693830
0.369507785462 0.927823065219 0.051072068015 0.417852791608
-0.604090516663 0.198091060921 0.771903218843 0.826660372243
0.000000000000 0.000000000000 0.000000000000 1.000000000000
15 47 55
0.999820784560 0.012070542314 -0.014584264438 0.030269091440
-0.011998283744 0.999915356796 0.005031941055 0.075188312230
0.014643768237 -0.004856053111 0.999880982317 0.030846365457
0.000000000000 0.000000000000 0.000000000000 1.000000000000
15 48 55
0.975009125220 -0.137155835453 0.174772659589 -0.701877672366
0.178377310031 0.952239927280 -0.247831911101 0.783657074906
-0.132433911839 0.272813851729 0.952908107480 0.203561299961
0.000000000000 0.000000000000 0.000000000000 1.000000000000
16 22 55
0.960216997586 0.130892158629 -0.246679063474 -0.101872945597
-0.083909506573 0.977763125717 0.192193820648 0.115904799191
0.266350356211 -0.163849054920 0.949847869371 -0.114460583241
0.000000000000 0.000000000000 0.000000000000 1.000000000000
16 23 55
0.996420909290 -0.066984661290 0.051559932920 -0.038380559631
0.066764593859 0.997750830778 0.005980693010 -0.231466091615
-0.051844580602 -0.002516909587 0.998651993754 0.524252750632
0.000000000000 0.000000000000 0.000000000000 1.000000000000
16 24 55
0.920191109987 -0.179701293494 0.347786955217 0.034502737966
0.197967206354 0.980054238116 -0.017397573377 -0.409218766100
-0.337723712982 0.084859504287 0.937412160270 0.948578867540
0.000000000000 0.000000000000 0.000000000000 1.000000000000
16 31 55
0.806325618667 0.465733582228 -0.364597349230 -0.080782354386
-0.254195148853 0.829458081280 0.497377238823 -0.318388678907
0.534063500888 -0.308369132345 0.787200517807 1.168903961411
0.000000000000 0.000000000000 0.000000000000 1.000000000000
16 32 55
0.902341020593 0.290712796818 -0.318224374178 -0.166842404036
-0.130750279279 0.888130690268 0.440599865493 -0.106529847469
0.410712852275 -0.355963406505 0.839407532851 0.590042110018
0.000000000000 0.000000000000 0.000000000000 1.000000000000
16 33 55
0.947724659067 0.148556253559 -0.282398672313 0.024361033171
-0.093953279665 0.975696726471 0.197961307317 0.019890991161
0.304943850301 -0.161080531048 0.938649194684 0.264963986871
0.000000000000 0.000000000000 0.000000000000 1.000000000000
16 44 55
0.997993222971 -0.024951350774 -0.058197568671 0.168880918015
0.027078518964 0.998982945607 0.036053130206 -0.094239860514
0.057238804280 -0.037556683580 0.997653855204 0.048665533989
0.000000000000 0.000000000000 0.000000000000 1.000000000000
17 21 55
0.805736570689 0.298349874103 -0.511640431629 0.378517826654
-0.268547615515 0.953987198932 0.133381417274 -0.059104855401
0.527892751282 0.029929532168 0.848783521428 0.005094930912
0.000000000000 0.000000000000 0.000000000000 1.000000000000
17 22 55
0.994913494735 -0.054240395882 0.084882963238 0.060567724502
0.038176944498 0.982823799193 0.180554425723 -0.002287792770
-0.093218339945 -0.176395462510 0.979895393347 0.137523532654
0.000000000000 0.000000000000 0.000000000000 1.000000000000
17 31 55
-0.539048015404 -0.771167584936 -0.338714914101 0.530780489342
-0.543336350802 0.011090858893 0.839441840002 -0.545477758275
-0.643593697131 0.636535583290 -0.424981886932 2.710642238066
0.000000000000 0.000000000000 0.000000000000 1.000000000000
17 39 55
-0.716694522083 -0.535580858502 -0.446656586230 1.458231732819
0.533127328268 -0.833657928423 0.144186373255 0.045660726422
-0.449582265964 -0.134787248599 0.883010862756 1.363595457796
0.000000000000 0.000000000000 0.000000000000 1.000000000000
18 20 55
0.990467879801 0.044153622175 -0.130475425771 -0.124271237375
-0.065380247532 0.984427591395 -0.163180086202 -0.122176806879
0.121238617255 0.170155149641 0.977930684014 0.094914197086
0.000000000000 0.000000000000 0.000000000000 1.000000000000
18 21 55
0.940014759892 -0.132268658497 0.314447536428 -0.008326988603
0.102042424720 0.988591167732 0.110791906920 -0.000990346171
-0.325514354128 -0.072059038717 0.942787303794 0.095334723694
0.000000000000 0.000000000000 0.000000000000 1.000000000000
18 33 55
0.725136749034 0.292408272938 -0.623437324129 0.674761296086
-0.138187617759 0.948738291271 0.284253121307 -0.560313625371
0.674596825888 -0.119971065644 0.728372202868 0.204773631479
0.000000000000 0.000000000000 0.000000000000 1.000000000000
18 34 55
0.485278533430 -0.829593062007 0.276188516164 -1.195446411694
0.649183655206 0.553455410499 0.521773600715 -1.049751632565
-0.585717787680 -0.073908457288 0.807138286253 0.338616555283
0.000000000000 0.000000000000 0.000000000000 1.000000000000
18 35 55
0.998469461368 -0.054923409383 0.006492597041 -0.018009809763
0.054841546269 0.998420806143 0.012177793886 -0.036723382288
-0.007151189931 -0.011803091241 0.999904769225 -0.091090011283
0.000000000000 0.000000000000 0.000000000000 1.000000000000
18 38 55
0.963953720875 -0.044641527953 -0.262298223390 0.325529726065
0.059942659364 0.996917399365 0.050621896755 -0.626267352817
0.259229823901 -0.064520018790 0.963658168427 1.482391014425
0.000000000000 0.000000000000 0.000000000000 1.000000000000
18 39 55
0.759103850686 0.249711735333 -0.601170020136 0.500339668070
-0.249604991361 0.964567570446 0.085479531661 -0.503786773153
0.601214347934 0.085167196043 0.794536252512 1.810906727694
0.000000000000 0.000000000000 0.000000000000 1.000000000000
18 49 55
0.999990043666 -0.003271071821 -0.003035236008 -0.009732349065
0.003231719385 0.999911817062 -0.012880764297 0.052141586377
0.003077102257 0.012870827021 0.999912432793 0.027001137648
0.000000000000 0.000000000000 0.000000000000 1.000000000000
19 27 55
0.886668683798 -0.414668248058 0.204618887751 0.090466539307
0.404389506934 0.909971613680 0.091764856991 -0.307190113001
-0.224249351958 0.001380706159 0.974530821368 -0.141258189112
0.000000000000 0.000000000000 0.000000000000 1.000000000000
19 28 55
-0.358181021371 -0.141545420731 0.922860363110 -1.236873574035
0.175918667247 0.960505379484 0.215596935267 -0.536709604125
-0.916929102191 0.239571095612 -0.319134316087 3.080248256047
0.000000000000 0.000000000000 0.000000000000 1.000000000000
19 31 55
0.591626279355 0.726839378094 -0.348830709700 0.502710382125
-0.459813525930 0.659613147034 0.594543537204 -0.855013600018
0.662230977038 -0.191350502251 0.724455049219 1.131813721111
0.000000000000 0.000000000000 0.000000000000 1.000000000000
19 37 55
0.742009478085 -0.051663991011 -0.668395666103 1.506297553203
-0.053351366991 0.989312914302 -0.135696681003 0.421451028019
0.668263096447 0.136348045926 0.731323214659 0.800034995308
0.000000000000 0.000000000000 0.000000000000 1.000000000000
19 38 55
0.446153577116 0.433585731654 -0.782911488568 1.586787308636
-0.319173735560 0.894367177315 0.313425395699 -0.313443078348
0.836107117632 0.110048922969 0.537414293072 1.582155579859
0.000000000000 0.000000000000 0.000000000000 1.000000000000
19 39 55
0.022868082756 0.002715766438 -0.999734802537 2.044628278557
0.933104491501 0.358912067734 0.022318951008 -0.351680976741
0.358877498223 -0.933367426176 0.005673537006 2.585427381893
0.000000000000 0.000000000000 0.000000000000 1.000000000000
19 41 55
0.458259333624 -0.320542849239 -0.829005829261 2.066840462819
0.415225981770 0.901876499863 -0.119189609687 0.546082328936
0.785866252748 -0.289605008238 0.546391043113 1.770220715733
0.000000000000 0.000000000000 0.000000000000 1.000000000000
19 42 55
0.279212232979 0.894057414648 -0.350288264532 1.371685584764
0.575471224338 0.136224705937 0.806396738245 -1.800193686169
0.768682898804 -0.426736650414 -0.476468710704 3.154719322645
0.000000000000 0.000000000000 0.000000000000 1.000000000000
19 47 55
0.351411484410 -0.676991332744 -0.646678207468 2.298848307259
-0.266106945506 0.590016010652 -0.762278296115 1.751852514246
0.897606295755 0.439958910086 0.027186306438 2.285967807132
0.000000000000 0.000000000000 0.000000000000 1.000000000000
20 31 55
0.600941252215 0.692050357422 0.399919884699 -1.138679545059
-0.759826368746 0.649900573825 0.017121141904 0.213046580587
-0.248059470175 -0.314158474235 0.916390174719 1.644911316888
0.000000000000 0.000000000000 0.000000000000 1.000000000000
20 36 55
0.709034777716 0.347181552691 -0.613787140188 1.265355807405
-0.179131750981 0.930530192569 0.319414114448 -0.114319394473
0.682042153960 -0.116526950485 0.721969507689 0.933377798589
0.000000000000 0.000000000000 0.000000000000 1.000000000000
20 37 55
0.977843402113 0.204625066968 0.044168573805 -0.004699731815
-0.209327909232 0.957827877317 0.196844059730 0.190951457105
-0.002026662388 -0.201728380261 0.979439407640 0.772415802057
0.000000000000 0.000000000000 0.000000000000 1.000000000000
20 38 55
0.886541418659 -0.441239301574 -0.139112155286 0.435207861221
0.408770243994 0.887875116676 -0.211150810585 0.482323784278
0.216682257295 0.130329029508 0.967503562495 1.468489750255
0.000000000000 0.000000000000 0.000000000000 1.000000000000
21 32 55
0.925585528950 -0.286061229080 0.247912084852 0.590718222035
0.191741363075 0.918985555495 0.344529822333 -0.229589416954
-0.326384249443 -0.271356816771 0.905449501467 0.984051599378
0.000000000000 0.000000000000 0.000000000000 1.000000000000
21 38 55
0.762852866684 0.471520653036 0.442406800977 0.111483058356
-0.534036052631 0.073759359076 0.842238120390 -1.522460465488
0.364501026448 -0.878764946222 0.308076566797 2.633418413896
0.000000000000 0.000000000000 0.000000000000 1.000000000000
22 25 55
0.989340319552 0.083509693071 -0.119297373276 0.250974960047
-0.054028894409 0.971255559639 0.231826479156 -0.344118795013
0.135227995165 -0.222909777785 0.965414222130 0.521810201372
0.000000000000 0.000000000000 0.000000000000 1.000000000000
22 28 55
0.266099668391 -0.952572638324 0.147635819499 -0.489778086665
0.863104628345 0.303650562367 0.403542731940 -1.166688095709
-0.429233464457 0.020042571968 0.902971166926 1.174341251769
0.000000000000 0.000000000000 0.000000000000 1.000000000000
22 31 55
-0.359112495754 -0.919012508171 0.162647549071 0.722742642742
-0.750426564956 0.180717248333 -0.635768233529 0.611224581728
0.554885741395 -0.350367358611 -0.754549221732 3.719496849461
0.000000000000 0.000000000000 0.000000000000 1.000000000000
22 32 55
0.991906124439 0.085410050149 -0.093954050647 0.093738431600
-0.063458542168 0.974371216636 0.215809512342 -0.349763325135
0.109978423908 -0.208100589920 0.971904774528 0.715680226995
0.000000000000 0.000000000000 0.000000000000 1.000000000000
22 33 55
0.937340652577 -0.200315004443 0.285072622365 -0.555043837886
0.183128477744 0.979319424468 0.086008287386 -0.197758418069
-0.296405906936 -0.028414148845 0.954639290245 0.303890610510
0.000000000000 0.000000000000 0.000000000000 1.000000000000
22 35 55
0.999896122647 0.004249263712 -0.013772714819 0.040858901694
-0.005936478407 0.992154085821 -0.124880055307 0.326999782881
0.013134006993 0.124948844521 0.992076249143 0.042894164701
0.000000000000 0.000000000000 0.000000000000 1.000000000000
22 39 55
0.929352796959 0.136952170611 -0.342851982274 1.053266397427
-0.095273099553 -0.808235034329 -0.581101682828 0.240748356244
-0.356688120472 0.572713045293 -0.738087631969 4.193066055639
0.000000000000 0.000000000000 0.000000000000 1.000000000000
23 31 55
0.927025127273 0.107721825983 0.359194128030 -0.621346014837
0.373022011660 -0.166660412319 -0.912731551873 1.449606594050
-0.038457667920 0.980112399255 -0.194681002170 2.660932265544
0.000000000000 0.000000000000 0.000000000000 1.000000000000
23 37 55
0.057992024573 -0.709853239274 -0.701958192330 0.958148239290
0.948853071603 -0.179393059949 0.259799881738 -0.982506024513
-0.310346215693 -0.681121508055 0.663143059731 1.568369435328
0.000000000000 0.000000000000 0.000000000000 1.000000000000
23 38 55
0.340748152385 -0.848009938149 0.405918515773 0.188275655896
0.940153453359 0.306672820412 -0.148537084115 -0.155411702686
0.001476747424 0.432239431360 0.901757668776 1.332974286217
0.000000000000 0.000000000000 0.000000000000 1.000000000000
23 39 55
0.318382438093 -0.807514878240 -0.496540375533 0.856885288283
0.941068463386 0.332295098780 0.063008844990 -0.798568203463
0.114117353345 -0.487339397901 0.865723709344 1.791815987488
0.000000000000 0.000000000000 0.000000000000 1.000000000000
23 40 55
-0.117941753364 -0.763848430113 -0.634527634250 0.897628420765
0.853185124509 0.249003616976 -0.458336494346 0.521064244337
0.508099287670 -0.595426548405 0.622336194772 2.101126666156
0.000000000000 0.000000000000 0.000000000000 1.000000000000
23 48 55
0.967208597959 -0.008613790092 -0.253837212900 0.688185581793
0.009926359510 0.999943163991 0.003890523910 0.045124022024
0.253789273650 -0.006282627608 0.967239129259 -0.103071113968
0.000000000000 0.000000000000 0.000000000000 1.000000000000
24 31 55
-0.197117254082 0.358562667672 -0.912456903911 1.605310203333
0.057676932914 0.933346943656 0.354311803610 0.107232426283
0.978681847974 0.017213254182 -0.204659581569 2.234920260361
0.000000000000 0.000000000000 0.000000000000 1.000000000000
24 32 55
-0.158482689068 0.958826581504 0.235658277738 0.457766896977
0.900545132390 0.238233898537 -0.363679906122 0.754964843377
-0.404847751377 0.154583945441 -0.901222559648 3.496377045246
0.000000000000 0.000000000000 0.000000000000 1.000000000000
24 41 55
0.914977401513 0.402215370757 -0.032235853456 -0.140338299245
-0.296914059528 0.725220358216 0.621206465906 -1.074102277325
0.273236886192 -0.558818599866 0.782983637420 1.422182332081
0.000000000000 0.000000000000 0.000000000000 1.000000000000
24 48 55
0.977272313096 -0.128232061720 0.168805700151 -0.141798183823
0.114285789079 0.989369262992 0.089928971205 0.101877659215
-0.178542948533 -0.068593001061 0.981538290509 -0.485056669005
0.000000000000 0.000000000000 0.000000000000 1.000000000000
25 30 55
0.919942265472 -0.262991488328 0.290760563464 0.681393393936
0.295461223895 0.952542867178 -0.073244463004 0.469062375462
-0.257699230447 0.153289149171 0.953988230207 -0.428994757731
0.000000000000 0.000000000000 0.000000000000 1.000000000000
25 31 55
0.809631640660 0.534785859414 -0.241869160940 -0.058598679658
-0.488013409331 0.842309411663 0.228818197127 -0.505090644071
0.326097406851 -0.067223058511 0.942943021422 0.596561851655
0.000000000000 0.000000000000 0.000000000000 1.000000000000
25 32 55
0.999994743543 0.001469942688 0.002890009570 -0.281565624782
-0.001557617450 0.999531331082 0.030572733172 -0.317390965982
-0.002843714947 -0.030577073997 0.999528366696 0.393314470957
0.000000000000 0.000000000000 0.000000000000 1.000000000000
25 38 55
-0.482115311519 0.802947672331 0.350485180710 -0.610305640539
-0.760731253711 -0.582101019671 0.287134746287 -0.598775178019
0.434571957248 -0.128192973274 0.891467203870 0.320022685721
0.000000000000 0.000000000000 0.000000000000 1.000000000000
25 39 55
0.712252652235 -0.621249624817 -0.326718629786 0.771120524759
0.670971586331 0.739290219553 0.056983345034 -0.303088316731
0.206139005823 -0.259805455945 0.943402265918 0.677310287200
0.000000000000 0.000000000000 0.000000000000 1.000000000000
25 49 55
0.886375427232 0.461159452014 -0.040872506874 0.014880871647
0.446983659442 -0.875429901268 -0.183924158713 -0.366120728148
-0.120599378901 0.144756512064 -0.982090292195 5.317058763400
0.000000000000 0.000000000000 0.000000000000 1.000000000000
26 28 55
0.995983119925 0.089011780312 0.009722540258 0.019513575071
-0.089532245451 0.988460705727 0.122185965884 -0.656511579576
0.001265641347 -0.122565640372 0.992459602176 1.106373184279
0.000000000000 0.000000000000 0.000000000000 1.000000000000
26 29 55
0.957539712304 0.225891388340 -0.179138996412 -0.156267752578
-0.216550741930 0.973733500278 0.070348039101 -0.146884733910
0.190324658232 -0.028568358542 0.981305443458 0.356037653775
0.000000000000 0.000000000000 0.000000000000 1.000000000000
26 31 55
0.905553272886 0.339748052534 0.254056156711 -0.762081464449
0.395725892645 -0.892303475217 -0.217245312966 0.712737467336
0.152886519532 0.297263803572 -0.942475433755 3.127096259424
0.000000000000 0.000000000000 0.000000000000 1.000000000000
26 32 55
0.995857248959 0.090878136633 -0.003082852083 0.161726191955
-0.084665217729 0.939075492274 0.333120129557 -0.461147678154
0.033168367487 -0.331479085450 0.942879353527 0.797697628351
0.000000000000 0.000000000000 0.000000000000 1.000000000000
26 33 55
0.671312993782 0.495084130529 -0.551571000035 0.810803626833
-0.381813847649 0.868844492731 0.315162550434 -0.223983274387
0.635261402986 -0.000975269485 0.772296574333 0.143350631314
0.000000000000 0.000000000000 0.000000000000 1.000000000000
26 35 55
0.999683221486 0.017470918300 0.018116944927 -0.039326869831
-0.015278862448 0.993273926534 -0.114775708359 0.357063444660
-0.020000326048 0.114462543571 0.993226214453 0.098652329063
0.000000000000 0.000000000000 0.000000000000 1.000000000000
26 37 55
0.982796177207 0.052414910926 0.177099833937 -0.345882249164
0.012371785037 0.938048498130 -0.346283054872 0.226172993314
-0.184278628721 0.342516703635 0.921262011986 1.137605829114
0.000000000000 0.000000000000 0.000000000000 1.000000000000
26 38 55
0.987765733799 -0.111304588059 0.109225197687 0.318618979963
0.082812644522 0.967876658540 0.237395955653 -1.267610931729
-0.132139778417 -0.225446362867 0.965252825134 1.452728378076
0.000000000000 0.000000000000 0.000000000000 1.000000000000
26 48 55
0.482738840311 0.371340085809 -0.793139176139 2.315447243252
-0.394668878754 0.900719606884 0.181495636081 -0.889295369113
0.781792612014 0.225412356459 0.581368713776 1.161574622305
0.000000000000 0.000000000000 0.000000000000 1.000000000000
26 49 55
0.992818306402 -0.111905779772 0.042295471702 -0.143765602793
0.054862601936 0.740074083146 0.670283855068 -1.982042805780
-0.106310419912 -0.663149642170 0.740898540091 0.162854724931
0.000000000000 0.000000000000 0.000000000000 1.000000000000
26 50 55
0.996496737238 0.057619242713 0.060615802756 -0.122680700401
-0.059146379721 0.997967773780 0.023707135261 -0.074229366241
-0.059126630551 -0.027209288224 0.997879600049 -0.056305178866
0.000000000000 0.000000000000 0.000000000000 1.000000000000
27 31 55
0.369093408788 0.866693626880 -0.335577431772 0.979668200386
-0.499696157172 0.489501032501 0.714627518143 -0.921430626308
0.783628614904 -0.096077553595 0.613755079488 1.511068587107
0.000000000000 0.000000000000 0.000000000000 1.000000000000
27 32 55
0.941091930378 -0.316505755725 0.119038166857 0.154631137882
0.329837351769 0.936775116033 -0.116874733622 -0.018091676827
-0.074520466679 0.149253102393 0.985986922566 0.695577647562
0.000000000000 0.000000000000 0.000000000000 1.000000000000
27 37 55
0.866716331698 0.360585377699 -0.344646174733 0.562893018560
-0.150119900543 0.847481885641 0.509154661150 -1.299882284263
0.475675115841 -0.389554410706 0.788657432141 0.676527834196
0.000000000000 0.000000000000 0.000000000000 1.000000000000
27 38 55
0.979652014052 -0.199651717446 -0.020521283689 0.157929814571
0.199235553750 0.955045554682 0.219529457260 -0.782861935894
-0.024230672408 -0.219151044268 0.975390021638 0.993815373833
0.000000000000 0.000000000000 0.000000000000 1.000000000000
27 39 55
0.935062319884 0.211902631419 -0.284175531550 0.238328612838
0.091965465286 0.629198644493 0.771784567714 -1.741593267035
0.342346040037 -0.747801003319 0.568852220093 1.676045113981
0.000000000000 0.000000000000 0.000000000000 1.000000000000
27 40 55
-0.163300648378 0.897406324477 0.409871671413 -0.903615327422
-0.730936587823 -0.389081220252 0.560667021171 -1.544328582131
0.662619500785 -0.208032912867 0.719484332243 1.578953363985
0.000000000000 0.000000000000 0.000000000000 1.000000000000
27 41 55
0.922911747354 0.146514779779 -0.356043994334 0.733379472340
0.152227112402 0.710545909439 0.686987202813 -1.132300215498
0.353639382485 -0.688228108904 0.633467645006 1.420141267722
0.000000000000 0.000000000000 0.000000000000 1.000000000000
28 31 55
0.601278568172 -0.377448017182 -0.704270599829 1.003330846335
0.773632727615 0.495493054067 0.394941813607 -0.845511269785
0.199891185951 -0.782316833320 0.589935493153 1.202608988161
0.000000000000 0.000000000000 0.000000000000 1.000000000000
28 33 55
0.954699566177 0.151713707288 -0.255991580647 0.144882628127
-0.270073547385 0.802951058874 -0.531347227391 1.151717563037
0.124936053019 0.576413521766 0.807550886682 -0.078678462530
0.000000000000 0.000000000000 0.000000000000 1.000000000000
28 35 55
0.966932721350 -0.251752436943 -0.040765461809 1.001109386271
0.252080055972 0.967701664544 0.003022221012 0.617425588284
0.038687953744 -0.013198444281 0.999164172348 -1.230263993400
0.000000000000 0.000000000000 0.000000000000 1.000000000000
28 36 55
-0.641690319485 -0.764666667191 -0.059316287521 0.295970839979
-0.761495492779 0.625987994341 0.168117950908 -0.347912287892
-0.091422909359 0.153048747225 -0.983980656627 4.418982732137
0.000000000000 0.000000000000 0.000000000000 1.000000000000
28 37 55
0.974974617623 -0.163256273668 0.150903558932 -0.289386530686
0.162221963314 0.986567015215 0.019223920207 -0.023133943049
-0.152014899298 0.005737037348 0.988361551657 -0.171066026913
0.000000000000 0.000000000000 0.000000000000 1.000000000000
28 38 55
0.925460350770 0.369732663427 -0.082588720462 0.491561835321
-0.273084397840 0.802157759979 0.531006440415 -0.738617815926
0.262579608517 -0.468871715611 0.843333423677 0.277290866997
0.000000000000 0.000000000000 0.000000000000 1.000000000000
28 39 55
0.992686703386 0.052010146565 -0.108940596540 0.395182180834
-0.030630700154 0.981415851868 0.189432536570 -0.560131088224
0.116768442347 -0.184710233495 0.975831573846 0.381918331033
0.000000000000 0.000000000000 0.000000000000 1.000000000000
28 40 55
0.873292249313 0.250151029672 -0.418073091269 1.108342157075
-0.067137979693 0.911723178848 0.405281799289 -0.765249614886
0.482548587162 -0.325860871394 0.812995420357 0.589515212440
0.000000000000 0.000000000000 0.000000000000 1.000000000000
28 41 55
0.878906846949 0.421851549616 -0.222629792416 0.653146156640
-0.224881632749 0.778073371640 0.586540774027 -1.056849161642
0.420655447649 -0.465449351090 0.778720679020 0.548195176069
0.000000000000 0.000000000000 0.000000000000 1.000000000000
28 49 55
0.984698482809 0.034042141537 0.170909422076 -0.419960165739
-0.032053359685 0.999382661706 -0.014383240773 0.686255376790
-0.171293549463 0.008684934187 0.985181755734 -1.318411655317
0.000000000000 0.000000000000 0.000000000000 1.000000000000
29 31 55
0.865945723321 -0.379609062399 -0.325630103040 0.487348456022
0.375125444816 0.923590959560 -0.079124206609 0.028976701518
0.330785285212 -0.053634868924 0.942180659918 0.457278334988
0.000000000000 0.000000000000 0.000000000000 1.000000000000
29 46 55
0.900211597492 -0.226330114917 -0.372013116467 1.246871946064
0.186747921065 0.972422209087 -0.139714928530 0.459048357334
0.393375512354 0.056300322896 0.917652428713 -0.135850740226
0.000000000000 0.000000000000 0.000000000000 1.000000000000
30 35 55
-0.315618276984 -0.232938726641 0.919850342645 -2.378773996455
0.684837757348 0.615076703027 0.390740189262 -1.262491529741
-0.656797038166 0.753272991037 -0.034604214070 2.339974445699
0.000000000000 0.000000000000 0.000000000000 1.000000000000
30 42 55
0.776683914030 -0.490542700382 0.395132834361 -0.466090898514
0.384806550624 0.866152623806 0.318909941629 -0.394181509168
-0.498684285179 -0.095642518658 0.861490854472 -0.198683678934
0.000000000000 0.000000000000 0.000000000000 1.000000000000
31 33 55
0.964017552050 0.115082274888 -0.239637704351 1.032610821872
-0.138498797348 0.986858996283 -0.083231031398 0.423312921324
0.226910207952 0.113425708994 0.967288150484 -0.719057954886
0.000000000000 0.000000000000 0.000000000000 1.000000000000
31 38 55
0.917192581701 0.393029952082 -0.065461628762 0.068402221264
-0.369971200180 0.779085958265 -0.506109060056 0.924858905724
-0.147915783849 0.488418392774 0.859981624506 -0.073027424601
0.000000000000 0.000000000000 0.000000000000 1.000000000000
31 39 55
0.560864930958 0.794548293946 -0.232644659961 0.155666325368
-0.826577120003 0.521478266649 -0.211732572132 0.392521192751
-0.046912619938 0.311052127464 0.949234312533 -0.148070911917
0.000000000000 0.000000000000 0.000000000000 1.000000000000
31 40 55
0.772120594285 0.571842733761 0.277174449986 -0.321729533470
-0.497532671616 0.815327614186 -0.296145440993 0.577303713519
-0.395336601589 0.090756649289 0.914041685075 -0.109426060776
0.000000000000 0.000000000000 0.000000000000 1.000000000000
31 41 55
0.303710781370 0.839944030229 -0.449726347196 0.973361726027
-0.928120577953 0.154159467374 -0.338861404411 0.417076086319
-0.215295039563 0.520316139190 0.826389231076 -0.031613320912
0.000000000000 0.000000000000 0.000000000000 1.000000000000
31 43 55
-0.384735356408 0.447760391747 -0.807148894017 1.956189774618
-0.599663448012 -0.786028687079 -0.150208695513 -0.083431861433
-0.701699689787 0.426227092842 0.570918567468 -0.412470570107
0.000000000000 0.000000000000 0.000000000000 1.000000000000
31 45 55
0.993626635618 0.108592840573 0.030227536562 0.324850359832
-0.024934483385 -0.049773936869 0.998449210900 -1.755773542436
0.109928979476 -0.992839438270 -0.046749003053 1.891639055671
0.000000000000 0.000000000000 0.000000000000 1.000000000000
31 51 55
0.297293796437 0.943813643053 -0.144333661311 0.535936566896
-0.870240321025 0.330046835747 0.365719660225 -1.465541646280
0.392808073061 0.016878785534 0.919465564520 -0.585892593552
0.000000000000 0.000000000000 0.000000000000 1.000000000000
31 53 55
0.288368336050 -0.703694411904 0.649351890286 -0.999421044171
-0.201822972128 -0.707594104924 -0.677183926713 1.877866370265
0.936008114647 0.064224273692 -0.346069432317 2.163606370651
0.000000000000 0.000000000000 0.000000000000 1.000000000000
31 54 55
-0.038392475872 0.601928659785 -0.797626420278 1.787456306982
0.611160683682 0.645658735878 0.457829024315 -0.680461121300
0.790574877237 -0.469900718571 -0.392663568681 2.712674740828
0.000000000000 0.000000000000 0.000000000000 1.000000000000
32 38 55
0.154195511317 0.817713404111 0.554588616027 -0.891965763793
-0.804951276827 -0.221526794801 0.550435573995 -0.905252703805
0.572954785497 -0.531291509364 0.624061011323 0.617223080269
0.000000000000 0.000000000000 0.000000000000 1.000000000000
32 41 55
0.656179808215 0.675407509878 -0.336530466512 0.896907220030
-0.699497592242 0.711718833920 0.064493564733 -0.130040286952
0.283074509164 0.193082876104 0.939461454887 0.390430179656
0.000000000000 0.000000000000 0.000000000000 1.000000000000
32 43 55
0.975594067411 0.188353909000 -0.112867269824 0.416452010590
-0.185818599117 0.982040702190 0.032672732722 0.187097404837
0.116994289838 -0.010902486245 0.993072742522 0.108152090745
0.000000000000 0.000000000000 0.000000000000 1.000000000000
32 46 55
-0.950907636323 0.106339173563 -0.290631463109 0.538406189179
0.227449792708 -0.396686436620 -0.889329220705 1.993208964561
-0.209860093826 -0.911774013212 0.353025338823 1.187535578106
0.000000000000 0.000000000000 0.000000000000 1.000000000000
33 38 55
0.895624351656 -0.013040648502 0.444620020024 0.311601487304
0.203034574572 0.901351196525 -0.382548012740 0.480998546111
-0.395770112878 0.432892552500 0.809919783523 0.762281264933
0.000000000000 0.000000000000 0.000000000000 1.000000000000
33 39 55
-0.985157263503 -0.086883766734 0.148041809110 0.625328176434
0.103330471564 -0.988844461561 0.107282079055 -0.420891339305
0.137069251887 0.120986949371 0.983145044370 1.140531433054
0.000000000000 0.000000000000 0.000000000000 1.000000000000
33 40 55
0.897894534988 0.426430411958 -0.109281781629 1.002953558153
-0.433178900044 0.811699638903 -0.391790424540 0.569733679945
-0.078367369451 0.399125043017 0.913541326620 0.508918634627
0.000000000000 0.000000000000 0.000000000000 1.000000000000
34 38 55
0.995417724068 0.074927171647 -0.059409372668 0.251365397973
-0.077617363724 0.995996527894 -0.044344799840 0.248821279982
0.055848898472 0.048752798618 0.997248246510 0.452599785670
0.000000000000 0.000000000000 0.000000000000 1.000000000000
34 40 55
0.768992963232 0.588544672722 -0.249529538751 0.470180591993
-0.625325918527 0.773606890034 -0.102468899237 0.412001281461
0.132730245679 0.234835150483 0.962930492808 0.714199963770
0.000000000000 0.000000000000 0.000000000000 1.000000000000
34 46 55
0.869606903423 0.191887854779 -0.454931736314 1.307314652532
-0.225526660094 0.974026367948 -0.020257347519 -0.352972347064
0.439228367827 0.120215164310 0.890295880685 0.275555388134
0.000000000000 0.000000000000 0.000000000000 1.000000000000
35 53 55
0.999340316598 -0.024991954722 0.026350214817 -0.098729416635
0.025596536710 0.999410899136 -0.022862020824 0.062884984863
-0.025763325293 0.023521413369 0.999391311841 0.027890253557
0.000000000000 0.000000000000 0.000000000000 1.000000000000
36 38 55
0.903171186395 -0.423554515749 0.069881186703 -0.538312659776
-0.066882018019 -0.299636231148 -0.951706322691 1.037683716790
0.424038446054 0.854879933775 -0.298950991127 3.182708072446
0.000000000000 0.000000000000 0.000000000000 1.000000000000
37 39 55
0.898591339036 0.212948736175 -0.383648851388 0.660737174947
-0.196941723126 0.977059563422 0.081046697757 -0.310124564916
0.392106571103 0.002728605206 0.919915752454 0.810721832230
0.000000000000 0.000000000000 0.000000000000 1.000000000000
37 40 55
0.771374620709 0.571390319495 -0.280168337459 0.798679813341
-0.337395831399 0.740484063429 0.581246423441 -0.982396728470
0.539578768561 -0.353831110271 0.763975325467 0.946065010786
0.000000000000 0.000000000000 0.000000000000 1.000000000000
37 41 55
0.816789784388 0.245434749432 -0.522126643536 1.219828816696
-0.052648243436 0.932932646069 0.356180909599 -0.529079192914
0.574528163438 -0.263435877721 0.774931563267 0.787081862896
0.000000000000 0.000000000000 0.000000000000 1.000000000000
38 40 55
0.828678748105 0.395340223010 -0.396229277705 0.659102327121
-0.303765136073 0.912230584332 0.274885618242 -0.245928868347
0.470125807148 -0.107431229539 0.876036675244 0.271253306329
0.000000000000 0.000000000000 0.000000000000 1.000000000000
38 41 55
0.860986068617 0.438971894066 -0.256917624671 0.424052450902
-0.294549234726 0.842117106301 0.451751621578 -0.493162206069
0.414660991617 -0.313276962919 0.854349932133 0.206024490368
0.000000000000 0.000000000000 0.000000000000 1.000000000000
38 42 55
0.709001441267 -0.492883447238 0.504363820788 -1.182959672259
0.515032973690 0.850453674723 0.107096139811 -0.162632326517
-0.481723979362 0.183832680961 0.856824108624 0.441132269507
0.000000000000 0.000000000000 0.000000000000 1.000000000000
38 43 55
0.890464863668 -0.250058530928 0.380188187195 -1.090421226008
0.076566071311 0.905904252954 0.416503446810 -0.630407225731
-0.448564335738 -0.341772169128 0.825821906414 0.499585593246
0.000000000000 0.000000000000 0.000000000000 1.000000000000
38 47 55
-0.998052428234 0.004027188858 -0.062250560206 -0.056333403200
-0.039519665368 0.731289437855 0.680921400845 -1.672499025125
0.048265376258 0.682055378859 -0.729706046037 4.286117972327
0.000000000000 0.000000000000 0.000000000000 1.000000000000
38 49 55
0.212707973572 -0.940349516599 0.265514791697 -1.008368279454
0.976809588928 0.197837616462 -0.081873710625 0.367644849295
0.024461090683 0.276772585607 0.960624063252 -1.282329523291
0.000000000000 0.000000000000 0.000000000000 1.000000000000
38 50 55
-0.386089921708 -0.748951432060 -0.538522353084 1.501189584529
-0.618796056657 0.643232634196 -0.450935936217 0.535937182593
0.684124266944 0.159133688201 -0.711793830162 3.036679827479
0.000000000000 0.000000000000 0.000000000000 1.000000000000
38 51 55
-0.412193632778 -0.817244175826 0.402750997733 -0.953674483145
0.869289839645 -0.485137130550 -0.094747766467 -0.402242404091
0.272821523685 0.311052924179 0.910392494792 -1.333023765198
0.000000000000 0.000000000000 0.000000000000 1.000000000000
38 54 55
0.595775214274 -0.216422803167 0.773442347125 -2.171606757687
0.772993960018 -0.106899463465 -0.625342180320 1.159503719410
0.218018879532 0.970429634224 0.103605468907 1.495304589130
0.000000000000 0.000000000000 0.000000000000 1.000000000000
39 41 55
0.995637891855 0.083698484909 -0.041228047803 0.274537019444
-0.063361133798 0.930905628376 0.359722223087 -0.271080243429
0.068487626807 -0.355540819995 0.932148148253 -0.170054998376
0.000000000000 0.000000000000 0.000000000000 1.000000000000
39 42 55
0.625351902026 0.672094730389 -0.396514403289 0.187521309017
-0.393805883899 0.710487760589 0.583201567092 -0.401373310061
0.673685330432 -0.208556504180 0.708979731815 -0.001626987694
0.000000000000 0.000000000000 0.000000000000 1.000000000000
39 43 55
0.908305378784 0.374150678781 -0.187063113520 -0.563150542169
-0.253246363299 0.847772774889 0.465990988791 -0.488928885788
0.332937859589 -0.375889068378 0.864788870145 -0.034800001790
0.000000000000 0.000000000000 0.000000000000 1.000000000000
39 45 55
0.592227207078 -0.801368252149 -0.084118129107 0.182938498868
-0.555774482013 -0.481839671196 0.677454984781 -1.646598313706
-0.583422368734 -0.354456563925 -0.730738587972 3.571927614485
0.000000000000 0.000000000000 0.000000000000 1.000000000000
39 47 55
-0.269936662617 0.037025884188 0.962165932714 -2.649235293825
0.635829071274 -0.743555046955 0.206995855683 -0.339864600618
0.723087539858 0.667648841868 0.177170634290 0.899974155291
0.000000000000 0.000000000000 0.000000000000 1.000000000000
39 49 55
-0.969605909465 0.047705979647 0.239976081800 -1.257419227514
0.046225955059 -0.927425635229 0.371139936140 -0.441469170117
0.240265564343 0.370952598892 0.897032122037 -1.039847070032
0.000000000000 0.000000000000 0.000000000000 1.000000000000
40 42 55
0.723016248778 0.546553706000 -0.422524023530 -0.132966928659
-0.476352760950 0.837390936435 0.268075486965 -0.233566884933
0.500335438619 0.007447552201 0.865799620483 0.066011523306
0.000000000000 0.000000000000 0.000000000000 1.000000000000
41 43 55
0.991511863921 -0.095758174170 -0.087946550720 -0.272167504365
0.078645651243 0.980371059248 -0.180796702761 0.452047708279
0.103533015239 0.172345461989 0.979580500259 -0.269152883959
0.000000000000 0.000000000000 0.000000000000 1.000000000000
41 45 55
0.002286655403 -0.687663597917 0.726025858566 -2.265627801827
0.939252691509 -0.247710100065 -0.237579645212 0.306585811078
0.343218811693 0.682465004543 0.645323457558 -0.246999032023
0.000000000000 0.000000000000 0.000000000000 1.000000000000
41 49 55
-0.611572796575 -0.598970022116 0.516927100369 -1.785454974788
0.687130292384 -0.725984077289 -0.028268017474 -0.317210669850
0.392212539038 0.337908319117 0.855562558842 -0.967913364208
0.000000000000 0.000000000000 0.000000000000 1.000000000000
41 52 55
0.493714591786 -0.567298820227 -0.659103899569 1.852957910565
0.824862619375 0.065468773783 0.561529606359 -2.204948249742
-0.275404359110 -0.820905529417 0.500266479744 1.081897664977
0.000000000000 0.000000000000 0.000000000000 1.000000000000
43 45 55
0.997706583815 -0.013046286339 -0.066418122718 -0.033007641062
-0.017927784079 0.895271930941 -0.445159257150 0.244837586361
0.065269956110 0.445329051467 0.892984808801 0.198689005753
0.000000000000 0.000000000000 0.000000000000 1.000000000000
43 50 55
0.486698310129 -0.595638575958 0.639014430000 -1.465563724195
0.142761339112 0.775895673478 0.614495812787 -2.080871053162
-0.861825942388 -0.207847517927 0.462661273849 1.423454569623
0.000000000000 0.000000000000 0.000000000000 1.000000000000
45 47 55
0.925107612828 -0.170751610817 -0.339145679748 1.264663714977
0.276461343608 0.915154642209 0.293361732908 -0.799401631025
0.260278754760 -0.365151842728 0.893822746171 0.249848885366
0.000000000000 0.000000000000 0.000000000000 1.000000000000
45 49 55
0.999501296681 0.010596748335 0.029746711710 -0.061044619289
-0.011888444323 0.998978871583 0.043587601711 -0.135751919813
-0.029254449652 -0.043919506555 0.998606656356 -0.000074354690
0.000000000000 0.000000000000 0.000000000000 1.000000000000
45 54 55
0.881186555171 0.233373068657 -0.411153579350 -0.124596644688
-0.220731820332 0.972152138545 0.078725364498 -0.014756479835
0.418076211330 0.021382945259 0.908160256327 0.427428224907
0.000000000000 0.000000000000 0.000000000000 1.000000000000
46 48 55
0.981682528452 -0.164540269124 0.096051617217 -0.067928617368
0.130563675887 0.948141181185 0.289795491822 -1.199924674004
-0.138753522019 -0.271946318927 0.952256614443 0.166804892479
0.000000000000 0.000000000000 0.000000000000 1.000000000000
46 53 55
0.998420501155 0.001303315503 -0.056167644085 -0.286431494051
-0.005297723184 0.997460412757 -0.071025763708 0.023354265317
0.055932432474 0.071211139226 0.995891829792 0.040813060401
0.000000000000 0.000000000000 0.000000000000 1.000000000000
46 54 55
0.996360978328 -0.048835241320 0.069856424697 0.138513981746
0.046480597036 0.998307761426 0.034945208200 0.041335577177
-0.071444768635 -0.031571073503 0.996944789019 -0.066515664108
0.000000000000 0.000000000000 0.000000000000 1.000000000000
47 52 55
0.946903258807 0.080467323621 -0.311286408779 -0.168796886848
-0.115963050260 0.988483512228 -0.097226112883 -0.063963474691
0.299877957569 0.128161444597 0.945329495299 -0.113884658850
0.000000000000 0.000000000000 0.000000000000 1.000000000000
48 52 55
0.996279905455 0.058995930093 0.062815843696 -0.125097764260
-0.049575841683 0.988597094558 -0.142190085985 0.018218713948
-0.070488196943 0.138546977100 0.987844192790 -0.266932519797
0.000000000000 0.000000000000 0.000000000000 1.000000000000
49 51 55
0.993158941626 0.077682016258 -0.087182687605 -0.113604568349
-0.085092530983 0.992760132382 -0.084773703018 0.014623596599
0.079966104312 0.091612356714 0.992578761741 -0.141248682203
0.000000000000 0.000000000000 0.000000000000 1.000000000000
