0 55 60
1.000000000000 0.000000000000 0.000000000000 0.000000000000
0.000000000000 1.000000000000 0.000000000000 0.000000000000
0.000000000000 0.000000000000 1.000000000000 0.000000000000
0.000000000000 0.000000000000 0.000000000000 1.000000000000
1 43 60
-0.919493857238 -0.380432306296 -0.099006599918 0.617508397389
0.372096077321 -0.923530405208 0.092930618731 -0.776314354105
-0.126789414950 0.048609165614 0.990737903421 0.553151690054
0.000000000000 0.000000000000 0.000000000000 1.000000000000
1 45 60
0.935786216055 0.349099112410 0.049335256716 0.198996493476
-0.344116776561 0.873914536603 0.343303112137 -1.213257581787
0.076732013723 -0.338235409778 0.937928038627 1.110461647245
0.000000000000 0.000000000000 0.000000000000 1.000000000000
1 50 60
-0.073611122211 -0.525082707767 0.847861753289 -1.557577976646
0.993160912976 -0.115852405419 0.014478297380 -0.224805599618
0.090624519989 0.843128916692 0.530019647008 1.022820786570
0.000000000000 0.000000000000 0.000000000000 1.000000000000
1 51 60
0.147604436216 -0.798155742692 0.584089326059 -1.380131451395
-0.937963530275 0.074374092582 0.338663417313 -0.460296190685
-0.313747264981 -0.597842709046 -0.737663032121 2.409545875741
0.000000000000 0.000000000000 0.000000000000 1.000000000000
2 13 60
0.957415650166 -0.258553996747 0.128472189922 0.346497808545
0.278724268087 0.943775215956 -0.177767050173 -0.087015719816
-0.075286487476 0.206005273024 0.975650435499 0.280935956722
0.000000000000 0.000000000000 0.000000000000 1.000000000000
2 43 60
1.000000000000 0.000000000000 0.000000000000 0.000000000000
0.000000000000 1.000000000000 0.000000000000 0.000000000000
0.000000000000 0.000000000000 1.000000000000 0.000000000000
0.000000000000 0.000000000000 0.000000000000 1.000000000000
2 51 60
0.416865733165 -0.908966443045 0.001722187721 -0.222107506188
0.888723582485 0.407182944744 -0.210647676097 0.655497749445
0.190770423410 0.089342346777 0.977560530415 0.802826485270
0.000000000000 0.000000000000 0.000000000000 1.000000000000
2 52 60
0.791524645218 -0.575036492994 -0.206934211132 -0.285806052614
0.206872850634 0.570723019180 -0.794656440890 1.078358929857
0.575058570654 0.586181087295 0.570700773799 1.372554930331
0.000000000000 0.000000000000 0.000000000000 1.000000000000
3 12 60
0.996222498688 0.019006221862 0.084731910395 1.168080978329
-0.029480685555 0.991826939014 0.124137875870 -0.019946058817
-0.081679999313 -0.126166899688 0.988640627900 -0.277080180083
0.000000000000 0.000000000000 0.000000000000 1.000000000000
3 44 60
0.590595009758 0.608931316772 0.529528267332 -0.729221797123
-0.631471725872 -0.059822489323 0.773087788802 -1.508253736904
0.502435064334 -0.790963919042 0.349192045874 1.278634886380
0.000000000000 0.000000000000 0.000000000000 1.000000000000
3 51 60
0.248212499801 -0.867290940686 -0.431505479857 0.214650010443
0.925718515487 0.081142298736 0.369406493501 -0.466496899362
-0.285369558692 -0.491143921433 0.823007814916 0.938461426635
0.000000000000 0.000000000000 0.000000000000 1.000000000000
4 9 60
1.000000000000 0.000000000000 0.000000000000 0.000000000000
0.000000000000 1.000000000000 0.000000000000 0.000000000000
0.000000000000 0.000000000000 1.000000000000 0.000000000000
0.000000000000 0.000000000000 0.000000000000 1.000000000000
4 11 60
0.964279796346 -0.153716307381 -0.215721513075 0.839081328222
0.140409005064 0.987187219076 -0.075807029946 0.399809465453
0.224610297304 0.042809944376 0.973507844348 0.057475139369
0.000000000000 0.000000000000 0.000000000000 1.000000000000
4 24 60
1.000000000000 0.000000000000 0.000000000000 0.000000000000
0.000000000000 1.000000000000 0.000000000000 0.000000000000
0.000000000000 0.000000000000 1.000000000000 0.000000000000
0.000000000000 0.000000000000 0.000000000000 1.000000000000
4 47 60
-0.559663148210 -0.806238036078 -0.191722168035 0.268091902556
-0.224716429838 0.370321322755 -0.901312733780 1.062822856009
0.797671415243 -0.461348400988 -0.388430130409 2.541659603372
0.000000000000 0.000000000000 0.000000000000 1.000000000000
4 48 60
-0.255065093967 0.739323732309 -0.623171097440 0.728827427696
0.806878205133 0.517883650393 0.284155039965 -0.795350546809
0.532812687462 -0.430345144623 -0.728638248089 3.121927719020
0.000000000000 0.000000000000 0.000000000000 1.000000000000
4 51 60
0.719237584888 -0.693289757683 0.045239455974 -0.850168472667
0.693883965754 0.713525181415 -0.096988955843 0.300980758381
0.034961958664 0.101149035481 0.994256774715 1.330000128352
0.000000000000 0.000000000000 0.000000000000 1.000000000000
5 7 60
-0.939848668679 -0.038698851174 0.339391925215 -0.352446651382
-0.271562198531 -0.518067322453 -0.811085828834 1.190823167022
0.207215955737 -0.854463953789 0.476395738188 0.733012505603
0.000000000000 0.000000000000 0.000000000000 1.000000000000
5 9 60
1.000000000000 0.000000000000 0.000000000000 0.000000000000
0.000000000000 1.000000000000 0.000000000000 0.000000000000
0.000000000000 0.000000000000 1.000000000000 0.000000000000
0.000000000000 0.000000000000 0.000000000000 1.000000000000
5 10 60
1.000000000000 0.000000000000 0.000000000000 0.000000000000
0.000000000000 1.000000000000 0.000000000000 0.000000000000
0.000000000000 0.000000000000 1.000000000000 0.000000000000
0.000000000000 0.000000000000 0.000000000000 1.000000000000
5 15 60
-0.895332946586 -0.100440701504 -0.433924625066 1.303855789821
0.342504090666 -0.778061636964 -0.526603301321 0.626210960243
-0.284727699099 -0.620106244580 0.731025569183 0.976155684191
0.000000000000 0.000000000000 0.000000000000 1.000000000000
5 19 60
1.000000000000 0.000000000000 0.000000000000 0.000000000000
0.000000000000 1.000000000000 0.000000000000 0.000000000000
0.000000000000 0.000000000000 1.000000000000 0.000000000000
0.000000000000 0.000000000000 0.000000000000 1.000000000000
5 49 60
0.751736304520 0.160170458857 0.639717087919 -0.664082757494
0.499356719506 -0.771859903948 -0.393541808911 0.181233487476
0.430738197923 0.615286691540 -0.660217306698 3.382167878060
0.000000000000 0.000000000000 0.000000000000 1.000000000000
5 51 60
-0.680022937249 0.321747097168 -0.658822897507 1.710392394761
0.061624911602 -0.870307985509 -0.488637268974 -0.009062860641
-0.730596451596 -0.372884453717 0.572001756195 2.307865052710
0.000000000000 0.000000000000 0.000000000000 1.000000000000
6 8 60
-0.813069899463 -0.541445753796 -0.213901459284 0.480146164260
0.439325098618 -0.329575504799 -0.835687408282 1.263807886753
0.381982717295 -0.773444556728 0.505838631735 0.600088399163
0.000000000000 0.000000000000 0.000000000000 1.000000000000
6 21 60
-0.956251591566 -0.244433294994 0.160733499698 -0.335843336587
0.066519114824 -0.716712603822 -0.694188915848 1.433373289195
0.284882609139 -0.653127405505 0.701617054517 0.040365629915
0.000000000000 0.000000000000 0.000000000000 1.000000000000
6 49 60
0.741490936406 -0.023420175844 0.670554014671 -1.224163800118
-0.069008583308 0.991428760913 0.110936141379 -0.490633525185
-0.667404679829 -0.128532125936 0.733519247153 1.794203415099
0.000000000000 0.000000000000 0.000000000000 1.000000000000
6 51 60
0.662781319420 0.657888905955 0.357635442944 -0.435790644912
-0.671431063664 0.310684736237 0.672796641948 -1.392068481804
0.331513573441 -0.686044591911 0.647643087305 1.740317497057
0.000000000000 0.000000000000 0.000000000000 1.000000000000
7 19 60
1.000000000000 0.000000000000 0.000000000000 0.000000000000
0.000000000000 1.000000000000 0.000000000000 0.000000000000
0.000000000000 0.000000000000 1.000000000000 0.000000000000
0.000000000000 0.000000000000 0.000000000000 1.000000000000
7 48 60
0.693043218484 0.718547519322 -0.058142581550 0.585092804837
0.212422948834 -0.126478148308 0.968958084134 -2.124083286615
0.688888661629 -0.683880647830 -0.240290805903 2.825440811692
0.000000000000 0.000000000000 0.000000000000 1.000000000000
7 51 60
-0.791553007712 -0.459646428679 -0.402702118922 1.195688725755
-0.140957876440 -0.503877623306 0.852196114636 -1.641803990422
-0.594621487210 0.731322433222 0.334055063747 2.343649448241
0.000000000000 0.000000000000 0.000000000000 1.000000000000
8 14 60
-0.958281018333 -0.264943818924 -0.107248602395 0.506944550001
0.217302593209 -0.431557559191 -0.875521362441 0.395724891961
0.185680028239 -0.862300902191 0.471126396198 1.254757258933
0.000000000000 0.000000000000 0.000000000000 1.000000000000
8 32 60
-0.857338427623 0.175958651332 -0.483745153507 0.872931481291
-0.373978792911 0.432834284663 0.820240418702 -2.180406543289
0.353709885321 0.884134059428 -0.305280661007 2.887006662588
0.000000000000 0.000000000000 0.000000000000 1.000000000000
8 46 60
-0.517478002904 0.721785324655 -0.459611207025 1.024122648363
0.489396750284 0.690245339065 0.532965470467 -2.059620202490
0.701931148562 0.050865676162 -0.710426171862 3.065520244681
0.000000000000 0.000000000000 0.000000000000 1.000000000000
8 47 60
-0.852485129880 -0.434490707519 0.290666352393 -0.210207430050
0.453866175781 -0.891069453531 -0.000850568024 -1.220253882281
0.259373471689 0.131198529196 0.956824094659 1.047500140303
0.000000000000 0.000000000000 0.000000000000 1.000000000000
8 48 60
-0.837159567466 0.287573222093 -0.465258530857 1.074091504322
0.505773164925 0.083178691095 -0.858647081745 0.151582757883
-0.208224312321 -0.954139899220 -0.215080655745 2.630871028078
0.000000000000 0.000000000000 0.000000000000 1.000000000000
9 24 60
1.000000000000 0.000000000000 0.000000000000 0.000000000000
0.000000000000 1.000000000000 0.000000000000 0.000000000000
0.000000000000 0.000000000000 1.000000000000 0.000000000000
0.000000000000 0.000000000000 0.000000000000 1.000000000000
9 30 60
0.699772670149 0.399812903689 -0.592003253501 0.773723935295
0.661925649322 -0.674547371849 0.326864311145 -1.411494240378
-0.268649669424 -0.620592849761 -0.736676231423 3.580219502914
0.000000000000 0.000000000000 0.000000000000 1.000000000000
9 45 60
0.857967927043 0.191643775460 -0.476616931606 1.293042566297
0.485378608929 0.001400043936 0.874302948566 -1.420657840579
0.168222002604 -0.981463551643 -0.091818596349 2.944917786559
0.000000000000 0.000000000000 0.000000000000 1.000000000000
9 48 60
0.866305703922 0.265097645257 0.423364696015 -0.249072446108
0.332745714009 0.325866088010 -0.884924619668 0.655916143090
-0.372551630195 0.907488033621 0.194089545505 2.298171343279
0.000000000000 0.000000000000 0.000000000000 1.000000000000
9 49 60
0.823533043455 0.252575747844 0.507935840376 -1.308478841721
0.442519387859 -0.846269339270 -0.296656024345 -0.456456584206
0.354922410825 0.469077495743 -0.808700429876 3.792899116942
0.000000000000 0.000000000000 0.000000000000 1.000000000000
9 52 60
-0.594585524391 -0.423022546837 -0.683754326533 0.902924130228
0.638811372866 -0.764954846100 -0.082244229730 -0.440985637707
-0.488250022100 -0.485691268498 0.725062692203 2.085974806318
0.000000000000 0.000000000000 0.000000000000 1.000000000000
10 28 60
1.000000000000 0.000000000000 0.000000000000 0.000000000000
0.000000000000 1.000000000000 0.000000000000 0.000000000000
0.000000000000 0.000000000000 1.000000000000 0.000000000000
0.000000000000 0.000000000000 0.000000000000 1.000000000000
10 45 60
-0.944497179108 0.298003497213 -0.138271451518 0.675934334967
0.321266380304 0.749892827538 -0.578315363874 0.567061365014
-0.068651231180 -0.590639198543 -0.804010165111 3.776885408863
0.000000000000 0.000000000000 0.000000000000 1.000000000000
10 46 60
0.989703307750 0.141590430348 0.020964557279 0.036018005642
0.120435026326 -0.902919405987 0.412591748251 -1.319657624205
0.077348348798 -0.405818550987 -0.910674769944 3.898425003759
0.000000000000 0.000000000000 0.000000000000 1.000000000000
10 50 60
-0.657077707848 0.296949385370 -0.692870802082 1.727179609105
0.712175663692 0.545820803990 -0.441458349085 -0.103962514563
0.247092512826 -0.783518163453 -0.570126808390 3.057752101833
0.000000000000 0.000000000000 0.000000000000 1.000000000000
11 30 60
0.471006937808 0.871430169719 0.136974172166 -0.676974643144
-0.803240950790 0.359498721193 0.474936463577 -1.123193285184
0.364631923330 -0.333721633647 0.869294789887 1.030194704688
0.000000000000 0.000000000000 0.000000000000 1.000000000000
11 46 60
0.466724522727 0.854805612784 0.226882313629 -1.081087682152
-0.875800053248 0.482411632062 -0.015914898102 0.085891578493
-0.123054811428 -0.191275669137 0.973792139925 1.168453301991
0.000000000000 0.000000000000 0.000000000000 1.000000000000
12 14 60
0.922515295619 0.026875131003 0.385023709248 -0.979393826779
-0.108087591267 0.975645091667 0.190876210463 -0.434761572288
-0.370516668942 -0.217702509036 0.902952388333 0.389086096197
0.000000000000 0.000000000000 0.000000000000 1.000000000000
12 48 60
0.471346822009 -0.838899160812 0.272177095601 -1.151315071506
0.664067190220 0.540666740179 0.516424479413 -1.292655951055
-0.580385165433 -0.062671158061 0.811926958348 1.374778971917
0.000000000000 0.000000000000 0.000000000000 1.000000000000
12 50 60
0.540983953066 -0.826048133483 0.158053293842 -0.625627239391
0.501226350893 0.467571025307 0.728113645981 -1.075728064558
-0.675358058881 -0.314677322766 0.666985513217 1.552634526007
0.000000000000 0.000000000000 0.000000000000 1.000000000000
12 51 60
-0.913038735989 -0.371247027958 -0.168925755335 -0.166491532607
0.296351883845 -0.888388006625 0.350631302975 -0.848489317304
-0.280242444189 0.270078495843 0.921152418744 1.554071491727
0.000000000000 0.000000000000 0.000000000000 1.000000000000
13 37 60
1.000000000000 0.000000000000 0.000000000000 0.000000000000
0.000000000000 1.000000000000 0.000000000000 0.000000000000
0.000000000000 0.000000000000 1.000000000000 0.000000000000
0.000000000000 0.000000000000 0.000000000000 1.000000000000
13 47 60
-0.820353999567 -0.166495664982 -0.547081811923 1.355137268988
0.239881726171 -0.968629149480 -0.064917857530 -0.206286183554
-0.519110848321 -0.184490553469 0.834558064389 1.158663702342
0.000000000000 0.000000000000 0.000000000000 1.000000000000
13 48 60
0.714716835224 0.685492098331 -0.138853982924 0.462548128151
0.643883200578 -0.567349069677 0.513351202541 -1.327945189690
0.273119514978 -0.456306493776 -0.846870777791 3.293189023629
0.000000000000 0.000000000000 0.000000000000 1.000000000000
13 51 60
0.919928706063 0.197242603160 -0.338860636929 0.371349706354
-0.161296767390 0.978112332070 0.131451963399 -0.282804048716
0.357371695285 -0.066269309267 0.931608206307 1.096101181575
0.000000000000 0.000000000000 0.000000000000 1.000000000000
13 52 60
-0.822746716081 0.543670994846 0.165860455028 0.516673933841
0.140763220638 -0.087827290104 0.986139991496 -1.493721992794
0.550702784534 0.834690491426 -0.004269265687 2.049482084900
0.000000000000 0.000000000000 0.000000000000 1.000000000000
14 25 60
0.845981132266 0.155591064075 -0.510007200566 2.187589143947
0.238756500985 0.744700373916 0.623230845135 -1.603380394254
0.476771703320 -0.649009070715 0.592854087481 0.152591478824
0.000000000000 0.000000000000 0.000000000000 1.000000000000
14 30 60
0.719603822247 0.172981381791 -0.672493702990 1.821375258988
-0.197698686773 -0.877354017807 -0.437224377965 0.678126505891
-0.665646729321 0.447579455507 -0.597149112661 2.452918905512
0.000000000000 0.000000000000 0.000000000000 1.000000000000
14 33 60
0.368066143805 0.468012271148 -0.803425060500 2.473857430201
0.849937057900 0.181008969966 0.494815875251 -1.467119390987
0.377007044222 -0.864985703262 -0.331157699231 2.008977890274
0.000000000000 0.000000000000 0.000000000000 1.000000000000
14 45 60
1.000000000000 0.000000000000 0.000000000000 0.000000000000
0.000000000000 1.000000000000 0.000000000000 0.000000000000
0.000000000000 0.000000000000 1.000000000000 0.000000000000
0.000000000000 0.000000000000 0.000000000000 1.000000000000
14 46 60
0.648283959463 0.746610429322 0.149334439200 0.135821475760
-0.698539099185 0.661246026337 -0.273490072148 0.537504423705
-0.302937344698 0.072983282210 0.950211768873 0.487094620840
0.000000000000 0.000000000000 0.000000000000 1.000000000000
14 48 60
-0.653137265263 0.756355976829 0.036569783167 0.749004470731
-0.494873820087 -0.389788811519 -0.776636713404 1.034355907907
-0.573159327690 -0.525347807391 0.628886369984 1.101322096963
0.000000000000 0.000000000000 0.000000000000 1.000000000000
14 51 60
-0.853338481746 0.496609911628 0.158719977459 -0.290803329923
-0.364620072198 -0.786068039869 0.499148514619 -0.423010086305
0.372646801303 0.368070145991 0.851856049523 1.344868656498
0.000000000000 0.000000000000 0.000000000000 1.000000000000
14 52 60
0.753018381198 -0.612707631243 0.239901388481 -0.600012926202
-0.657798507947 -0.709982396958 0.251448044241 -0.355212579395
0.016261627259 -0.347151774627 -0.937667960875 2.813511624456
0.000000000000 0.000000000000 0.000000000000 1.000000000000
15 46 60
-0.872865859558 0.349866373651 0.340145133445 0.288909995820
0.307022170056 0.935577373372 -0.174448747571 -0.259927717736
-0.379265841214 -0.047838258994 -0.924050281459 3.250177425381
0.000000000000 0.000000000000 0.000000000000 1.000000000000
15 47 60
0.548873844360 0.602769340824 0.579143008884 -0.597519442803
0.425768707536 -0.797820786884 0.426852433164 -0.933169181135
0.719345890834 0.012292834406 -0.694543285593 2.736882766195
0.000000000000 0.000000000000 0.000000000000 1.000000000000
15 48 60
0.890008511248 0.042568807750 0.453952361501 -1.240940497274
-0.004901368953 -0.994681235164 0.102884483743 -0.753579581867
0.455917565452 -0.093793054217 -0.885066119842 2.809207455522
0.000000000000 0.000000000000 0.000000000000 1.000000000000
15 50 60
0.038383531187 -0.208668887121 0.977232827980 -1.644101366997
-0.968533016393 -0.248432315637 -0.015006022279 -0.145250248832
0.245907504341 -0.945906274477 -0.211638416206 2.122026989209
0.000000000000 0.000000000000 0.000000000000 1.000000000000
15 51 60
0.553405613952 -0.751485771297 0.359181516764 -1.122691851487
0.789264465505 0.335372304561 -0.514380229816 0.353804174344
0.266089890710 0.568150114734 0.778717931725 1.015797417146
0.000000000000 0.000000000000 0.000000000000 1.000000000000
15 53 60
0.830487422066 -0.007208483923 0.556990735605 -0.950587429123
0.288793403703 0.860611000719 -0.419460457516 0.096801890840
-0.476328680396 0.509211884387 0.716808373996 0.955293811499
0.000000000000 0.000000000000 0.000000000000 1.000000000000
16 18 60
0.979599998477 0.180346224312 -0.088651465642 0.504800702863
-0.195183104369 0.958857657974 -0.206144482131 0.037251169904
0.047826757707 0.219242402652 0.974497496214 -0.148048772800
0.000000000000 0.000000000000 0.000000000000 1.000000000000
16 46 60
0.728284064592 0.430770516220 -0.532953172068 1.021179405650
-0.506072478944 0.862473030334 0.005560395763 -0.245600165378
0.462052991893 0.265663385323 0.846126467132 1.131814048972
0.000000000000 0.000000000000 0.000000000000 1.000000000000
16 50 60
0.972058658828 -0.198145750680 -0.125857956779 1.271301313125
0.112643865432 0.864144630559 -0.490474685440 -0.373657472141
0.205944952300 0.462593038171 0.862319173890 1.875707616103
0.000000000000 0.000000000000 0.000000000000 1.000000000000
16 51 60
0.101718735928 0.826930026263 0.553028055732 -0.487804832434
0.397616899407 -0.543371365983 0.739356720356 -1.213854107827
0.911895882251 0.144686869811 -0.384072401556 2.696930924523
0.000000000000 0.000000000000 0.000000000000 1.000000000000
17 59 60
0.756130960985 -0.587408360850 0.288474240519 -1.051835036780
0.501255883627 0.803249931203 0.321764024018 -0.569064794505
-0.420723791780 -0.098696330356 0.901804039359 0.239359823808
0.000000000000 0.000000000000 0.000000000000 1.000000000000
18 36 60
0.951959668791 0.097176346665 0.290395500385 -0.874009968348
-0.114632175326 0.992447494952 0.043674181668 -0.191556357394
-0.283958189485 -0.074864727429 0.955909524595 0.593150018935
0.000000000000 0.000000000000 0.000000000000 1.000000000000
19 39 60
0.861760054608 -0.507143763646 -0.013221621577 -0.305403371309
0.456839111059 0.764419931608 0.454928779884 -0.950322847233
-0.220607422559 -0.398079604043 0.890429668169 -0.199302403650
0.000000000000 0.000000000000 0.000000000000 1.000000000000
19 51 60
0.783632150465 -0.548395592020 0.291861144056 0.553529592729
-0.475030085084 -0.226206539354 0.850398153701 -1.861191063088
-0.400333699584 -0.805042158030 -0.437767121620 3.121542416185
0.000000000000 0.000000000000 0.000000000000 1.000000000000
19 52 60
-0.512428949820 0.603174732401 -0.611225665021 1.286850799635
-0.264472178331 -0.788033307346 -0.555929827768 0.258535916212
-0.816989007438 -0.123222354737 0.563334015499 2.787526185771
0.000000000000 0.000000000000 0.000000000000 1.000000000000
20 39 60
0.999730412599 -0.002583734248 -0.023074367623 -0.405650080722
0.002878644485 0.999914485048 0.012756801985 0.096204009227
0.023039434234 -0.012819785813 0.999652358354 0.223772880180
0.000000000000 0.000000000000 0.000000000000 1.000000000000
20 48 60
-0.482924419083 0.778771638048 0.400373252386 -1.036644428922
0.731173331092 0.610212462067 -0.305002149235 -0.415596704976
-0.481839771452 0.145449258889 -0.864103551512 4.114032595069
0.000000000000 0.000000000000 0.000000000000 1.000000000000
20 51 60
0.406088165881 0.676939386665 -0.613877404954 0.195396164188
-0.827360585053 0.557592815608 0.067562669297 -0.627112563947
0.388029462582 0.480461568457 0.786504810795 2.421690625704
0.000000000000 0.000000000000 0.000000000000 1.000000000000
21 50 60
0.935540940935 -0.353173079502 0.005650110607 -0.037108608850
0.256186141519 0.689465273984 0.677500034586 -0.534551301852
-0.243170328636 -0.632381539804 0.735501039691 1.178309098500
0.000000000000 0.000000000000 0.000000000000 1.000000000000
21 51 60
-0.997631781135 -0.057551083675 0.037665661248 -0.100908107097
0.068750281384 -0.818003254483 0.571090250718 -0.385374872606
-0.002056229322 0.572327308822 0.820022696940 0.859946899951
0.000000000000 0.000000000000 0.000000000000 1.000000000000
22 49 60
0.915868589919 0.397462650175 0.056640689575 -1.080136637851
0.233495481144 -0.642098352019 0.730198306366 -1.456943501605
0.326595447435 -0.655540348148 -0.680883444993 4.147787293134
0.000000000000 0.000000000000 0.000000000000 1.000000000000
23 26 60
1.000000000000 0.000000000000 0.000000000000 0.000000000000
0.000000000000 1.000000000000 0.000000000000 0.000000000000
0.000000000000 0.000000000000 1.000000000000 0.000000000000
0.000000000000 0.000000000000 0.000000000000 1.000000000000
23 48 60
0.335205104960 0.689350938170 0.642209328532 -1.517315265570
0.630562700095 -0.670618428400 0.390719342673 -1.212295074601
0.700020156037 0.273982129954 -0.659473709566 3.868308789184
0.000000000000 0.000000000000 0.000000000000 1.000000000000
23 49 60
0.869136951329 0.108015919195 0.482631869063 -1.917993643424
-0.457637760093 0.545675456432 0.702001407965 -0.701610167538
-0.187533038082 -0.831005931055 0.523698865933 2.027276505691
0.000000000000 0.000000000000 0.000000000000 1.000000000000
23 50 60
0.430562132487 0.029322388720 0.902084501357 -1.247441759537
0.832198901117 0.373988411842 -0.409362500466 -0.151526218805
-0.349372636376 0.926969721904 0.136623188457 2.675433776427
0.000000000000 0.000000000000 0.000000000000 1.000000000000
23 51 60
-0.861810557549 0.446734428819 -0.240230957632 -0.816291135468
-0.480803741037 -0.870357586431 0.106327016069 -0.391411197065
-0.161586897679 0.207137688144 0.964874941456 2.107772573352
0.000000000000 0.000000000000 0.000000000000 1.000000000000
23 52 60
0.068093613081 -0.672712003181 0.736764426824 -1.845271179121
-0.772715491829 -0.502691264823 -0.387572265466 0.329264662803
0.631089556676 -0.542918090550 -0.554045050883 3.292014165344
0.000000000000 0.000000000000 0.000000000000 1.000000000000
24 30 60
0.125472127651 -0.985531265123 0.113951176594 -0.377418687627
-0.647453306973 0.005685273471 0.762083914641 -1.908739975084
-0.751705368128 -0.169398356337 -0.637372133371 3.416676254016
0.000000000000 0.000000000000 0.000000000000 1.000000000000
24 47 60
-0.818290537768 0.045242074930 -0.573021596849 1.551458052068
0.133826665739 0.984497699790 -0.113378581070 -0.287414500328
0.559008961767 -0.169462189778 -0.811659748232 3.567881862355
0.000000000000 0.000000000000 0.000000000000 1.000000000000
24 48 60
-0.925370758528 0.360422539305 0.117407633579 -0.093532160427
-0.361804006452 -0.932199733992 0.010075557607 0.343370258144
0.113078822849 -0.033154925832 0.993032693679 1.094561630827
0.000000000000 0.000000000000 0.000000000000 1.000000000000
24 51 60
0.482167652602 0.875773393612 0.023136936402 0.303654883457
0.379197772920 -0.232433902381 0.895646989632 -1.342057704463
0.789761612005 -0.423078531795 -0.444163429536 2.766787126010
0.000000000000 0.000000000000 0.000000000000 1.000000000000
25 28 60
1.000000000000 0.000000000000 0.000000000000 0.000000000000
0.000000000000 1.000000000000 0.000000000000 0.000000000000
0.000000000000 0.000000000000 1.000000000000 0.000000000000
0.000000000000 0.000000000000 0.000000000000 1.000000000000
25 46 60
-0.759373460886 0.586823701124 -0.281051402241 0.369545501513
0.566976466048 0.384887964807 -0.728284931531 1.082294046116
-0.319201556779 -0.712389779788 -0.624988934145 3.686933385940
0.000000000000 0.000000000000 0.000000000000 1.000000000000
25 49 60
-0.426459595292 -0.776541336619 -0.463805741778 1.329294207124
0.481276382212 0.239347751553 -0.843258974308 1.275408472085
0.765836312477 -0.582834630362 0.271658859865 1.781464629572
0.000000000000 0.000000000000 0.000000000000 1.000000000000
25 51 60
-0.083449888513 0.932153633445 -0.352314802078 -0.809233350279
-0.990302924528 -0.116979543128 -0.074939336537 -0.346088748942
-0.111068599425 0.342644699573 0.932876399142 2.220328278043
0.000000000000 0.000000000000 0.000000000000 1.000000000000
26 43 60
0.717383314105 -0.005745831371 0.696654983522 -1.741819084462
-0.135549777762 0.979704960653 0.147663292057 -0.106402973366
-0.683364791596 -0.200362610021 0.702045145352 1.400523719009
0.000000000000 0.000000000000 0.000000000000 1.000000000000
26 45 60
0.945709008938 -0.028519972169 0.323760840130 -0.701939128954
0.224168866669 0.778520545541 -0.586220162897 1.044132949692
-0.235335483152 0.626970789876 0.742647183400 0.944367796276
0.000000000000 0.000000000000 0.000000000000 1.000000000000
26 47 60
0.631027090106 -0.371115679283 0.681232679884 -1.650755751438
0.353195173390 -0.644412495910 -0.678222459529 1.085522550739
0.690693840313 0.668584839572 -0.275565475430 2.419867381605
0.000000000000 0.000000000000 0.000000000000 1.000000000000
27 45 60
0.156842400919 -0.987367111789 -0.022508838975 0.125261974824
0.216930459364 0.012206984209 0.976110734157 -1.362564103630
-0.963504871329 -0.157978403887 0.216104573832 2.352642526816
0.000000000000 0.000000000000 0.000000000000 1.000000000000
27 49 60
0.091730871943 -0.773496141352 -0.627127711433 1.011560870890
-0.412777302634 0.543589872962 -0.730838524192 0.426342715257
0.906201051402 0.325904540206 -0.269417677799 3.191347474416
0.000000000000 0.000000000000 0.000000000000 1.000000000000
27 52 60
0.839612117063 0.539087810063 -0.066601996381 -0.263526495359
0.542966924894 -0.836425496815 0.074694757168 -0.673070689605
-0.015440574847 -0.098877304366 -0.994979832625 3.838002118299
0.000000000000 0.000000000000 0.000000000000 1.000000000000
28 45 60
-0.195924177480 -0.521419397063 0.830503178227 -1.102559647171
-0.522461512776 -0.661198368527 -0.538377827483 0.684339875853
0.829847988699 -0.539387179885 -0.142876820476 2.462836892240
0.000000000000 0.000000000000 0.000000000000 1.000000000000
28 48 60
-0.588062553320 -0.506043935450 -0.630953222337 1.030733771835
-0.406817639794 0.859295181534 -0.310018062289 0.816344183802
0.699057824029 0.074372887446 -0.711186917960 3.332025163089
0.000000000000 0.000000000000 0.000000000000 1.000000000000
28 49 60
-0.025576173737 -0.990734305856 0.133384386403 -0.830411138331
0.950816260872 0.017093724433 0.309283434162 -1.478055689937
-0.308697744402 0.134734330385 0.941569096146 1.345754525284
0.000000000000 0.000000000000 0.000000000000 1.000000000000
28 50 60
0.763624841179 0.547823702019 0.341710833076 -0.556254227836
0.604418114641 -0.792645770838 -0.079946386195 -0.624463685721
0.227059121439 0.267585263941 -0.936398569997 3.775855501428
0.000000000000 0.000000000000 0.000000000000 1.000000000000
28 52 60
-0.703081542051 0.523491481943 -0.481282675318 0.444494754462
0.581962927175 0.812520124086 0.033618437648 -0.067776105929
0.408650824815 -0.256452171544 -0.875920536972 3.510970168443
0.000000000000 0.000000000000 0.000000000000 1.000000000000
29 44 60
-0.975875731780 0.072814181115 -0.205826750330 0.529531481570
-0.140271453941 -0.931531452346 0.335519108994 -0.172955136561
-0.167303542497 0.356296573544 0.919272688786 0.378146398049
0.000000000000 0.000000000000 0.000000000000 1.000000000000
29 47 60
-0.682725243115 -0.720403045823 -0.122088877393 -0.613714211671
0.694356268380 -0.691693029566 0.198570202727 -0.539648883370
-0.227498604334 0.050795712615 0.972452662398 1.116037533357
0.000000000000 0.000000000000 0.000000000000 1.000000000000
29 49 60
0.740591937523 -0.660635693693 0.122817190551 -0.115795894587
-0.350688193800 -0.535908282134 -0.767997463452 0.393378772961
0.573185286627 0.525702190749 -0.628566491181 2.905706326991
0.000000000000 0.000000000000 0.000000000000 1.000000000000
29 51 60
0.932662558826 -0.028280988050 0.359639732341 -0.528180768033
0.310130148499 0.572114534585 -0.759278769826 0.231989204620
-0.184281964270 0.819686003926 0.542360592791 1.629991485213
0.000000000000 0.000000000000 0.000000000000 1.000000000000
30 45 60
0.315260414023 0.514711305628 -0.797297399475 0.771001192507
0.941821368234 -0.272871227340 0.196249340454 -0.760187703204
-0.116547765696 -0.812781375986 -0.570791602218 2.654090776487
0.000000000000 0.000000000000 0.000000000000 1.000000000000
30 46 60
1.000000000000 0.000000000000 0.000000000000 0.000000000000
0.000000000000 1.000000000000 0.000000000000 0.000000000000
0.000000000000 0.000000000000 1.000000000000 0.000000000000
0.000000000000 0.000000000000 0.000000000000 1.000000000000
30 47 60
-0.732722505703 0.612967906673 -0.295614740878 0.458442878976
0.600276502407 0.786798183250 0.143585303888 -0.639026264354
0.320602324219 -0.072242399067 -0.944454967419 3.123368359609
0.000000000000 0.000000000000 0.000000000000 1.000000000000
30 48 60
0.791538989608 0.581412803202 0.188215780962 -0.473280374149
-0.360118397380 0.692594116483 -0.625002503740 1.265132674120
-0.493741600232 0.426933884911 0.757592694075 0.664786455707
0.000000000000 0.000000000000 0.000000000000 1.000000000000
30 49 60
0.916115465839 0.375983075878 -0.139173201098 -0.375220809378
0.368782829789 -0.654119259069 0.660399287831 -0.997313454741
0.157263084362 -0.656326688142 -0.737904872412 2.731170689115
0.000000000000 0.000000000000 0.000000000000 1.000000000000
30 50 60
-0.822410307800 0.568831854757 -0.008462070576 0.159267775396
-0.542562214589 -0.788729488559 -0.289019094832 0.377440945175
-0.171077552371 -0.233101082989 0.957285932302 0.392469015747
0.000000000000 0.000000000000 0.000000000000 1.000000000000
30 51 60
0.676240225531 0.635612643076 -0.372418749979 0.009591797054
0.601574015496 -0.768253862106 -0.218848594327 -0.196935564842
-0.425215076466 -0.076043220086 -0.901892214971 2.901234412422
0.000000000000 0.000000000000 0.000000000000 1.000000000000
30 55 60
0.650075051621 -0.758399546980 0.047249914281 -0.515636004897
-0.261915880731 -0.282008570440 -0.922968708906 2.266057883963
0.713303931491 0.587623428173 -0.381963621280 3.596978527422
0.000000000000 0.000000000000 0.000000000000 1.000000000000
31 37 60
-0.460419617204 -0.676406806618 0.574880516329 -1.876524149566
0.343112696118 0.461673398521 0.818004493179 -1.524609100249
-0.818710848747 0.573874119524 0.019520273671 1.429536403468
0.000000000000 0.000000000000 0.000000000000 1.000000000000
31 45 60
0.142189219846 0.986159775437 -0.085270880552 -0.182068473538
-0.937189589249 0.106404320604 -0.332195415923 1.025406559577
-0.318524566655 0.127149588546 0.939348222210 0.106724533464
0.000000000000 0.000000000000 0.000000000000 1.000000000000
31 48 60
0.751353693988 -0.658138323889 0.048182706014 -0.714490718272
-0.600966902992 -0.652265947006 0.461939298918 0.014217194977
-0.272592017561 -0.376036010251 -0.885601778994 2.994216402026
0.000000000000 0.000000000000 0.000000000000 1.000000000000
31 50 60
-0.516808511435 0.839623546753 -0.167156400555 0.360731823008
-0.352864729255 -0.386812283322 -0.851975786228 1.655345823294
-0.779997080351 -0.381324739835 0.496181415850 1.075766012541
0.000000000000 0.000000000000 0.000000000000 1.000000000000
31 51 60
0.704946264249 -0.190346661187 0.683241474953 -0.882907480302
-0.700331393629 -0.339183608663 0.628084722559 0.183284837838
0.112190479181 -0.921261433139 -0.372411960323 1.703291575983
0.000000000000 0.000000000000 0.000000000000 1.000000000000
31 52 60
-0.949281049304 -0.098515390949 -0.298597064921 0.337006512469
0.278761055513 0.175629139069 -0.944164540448 1.670024254687
0.145457084263 -0.979514738662 -0.139259159058 1.592517165838
0.000000000000 0.000000000000 0.000000000000 1.000000000000
32 40 60
0.426019292382 0.897466345729 -0.114287885629 -0.314998747629
0.898373670977 -0.404715240987 0.170676070404 -0.566090134798
0.106921980035 -0.175384526101 -0.978676636172 4.609678179519
0.000000000000 0.000000000000 0.000000000000 1.000000000000
32 50 60
0.287782035779 -0.108205416202 -0.951563496456 1.411807264358
0.598669620334 0.795860710269 0.090556145781 -0.348252904891
0.747513334712 -0.595732589133 0.293813710833 1.058037904286
0.000000000000 0.000000000000 0.000000000000 1.000000000000
33 44 60
1.000000000000 0.000000000000 0.000000000000 0.000000000000
0.000000000000 1.000000000000 0.000000000000 0.000000000000
0.000000000000 0.000000000000 1.000000000000 0.000000000000
0.000000000000 0.000000000000 0.000000000000 1.000000000000
33 47 60
0.811104345422 -0.555891734016 0.181917896014 -0.378001997952
0.265832347196 0.627400122702 0.731916832173 -1.670031984895
-0.521001827273 -0.545301261768 0.656660970282 1.562476808841
0.000000000000 0.000000000000 0.000000000000 1.000000000000
33 48 60
0.099220680373 0.972818926173 0.209233346925 -0.764219614114
-0.944707402836 0.026048713887 0.326878245730 -0.241235527091
0.312543084411 -0.230097373701 0.921613812289 0.176956295398
0.000000000000 0.000000000000 0.000000000000 1.000000000000
33 50 60
0.136494851615 0.906730168865 -0.399010722101 -0.323009552664
-0.942269478931 0.243156116687 0.230224525176 -0.477470720556
0.305773420292 0.344551162800 0.887573721815 0.277728299534
0.000000000000 0.000000000000 0.000000000000 1.000000000000
33 51 60
-0.600012356618 0.785729792545 -0.150379071061 -0.539137345989
-0.749106781674 -0.485862325577 0.450307484098 -0.706011016965
0.280756480878 0.382840036690 0.880118915120 0.465033749943
0.000000000000 0.000000000000 0.000000000000 1.000000000000
35 44 60
-0.676932609619 0.570248909822 -0.465379869441 0.513212127653
-0.659485659928 -0.750682117091 0.039433785370 -0.734171298369
-0.326865272527 0.333605365553 0.884232183134 1.402357025437
0.000000000000 0.000000000000 0.000000000000 1.000000000000
35 46 60
-0.402454424880 -0.719255451389 -0.566305599073 0.121212562946
0.876728931595 -0.480825629219 -0.012373147941 -0.718144799281
-0.263394791897 -0.501476130970 0.824102465515 1.398286602869
0.000000000000 0.000000000000 0.000000000000 1.000000000000
35 48 60
0.249652529396 0.967021372622 0.050430937513 -0.121311497106
0.836040108863 -0.188974806555 -0.515097523640 0.354194617931
-0.488580137683 0.170757686151 -0.855646692088 4.344510984508
0.000000000000 0.000000000000 0.000000000000 1.000000000000
35 50 60
-0.375902082944 0.173366314871 0.910297613370 -1.953971849265
-0.895803457924 -0.319371236904 -0.309092506880 -0.176432830104
0.237136645861 -0.931636266955 0.275354457534 2.580825585453
0.000000000000 0.000000000000 0.000000000000 1.000000000000
35 58 60
1.000000000000 0.000000000000 0.000000000000 0.000000000000
0.000000000000 1.000000000000 0.000000000000 0.000000000000
0.000000000000 0.000000000000 1.000000000000 0.000000000000
0.000000000000 0.000000000000 0.000000000000 1.000000000000
36 41 60
1.000000000000 0.000000000000 0.000000000000 0.000000000000
0.000000000000 1.000000000000 0.000000000000 0.000000000000
0.000000000000 0.000000000000 1.000000000000 0.000000000000
0.000000000000 0.000000000000 0.000000000000 1.000000000000
36 42 60
1.000000000000 0.000000000000 0.000000000000 0.000000000000
0.000000000000 1.000000000000 0.000000000000 0.000000000000
0.000000000000 0.000000000000 1.000000000000 0.000000000000
0.000000000000 0.000000000000 0.000000000000 1.000000000000
36 48 60
0.364694018314 0.926692861790 -0.090766805132 -0.285126879574
-0.913331670749 0.374987408130 0.158775637142 0.209211004626
0.181172658566 0.024995672660 0.983133604418 -0.030173613640
0.000000000000 0.000000000000 0.000000000000 1.000000000000
36 52 60
0.308914474472 0.793167422584 -0.524840249232 0.486448057109
-0.925790407508 0.377200521652 0.025137379172 0.674604111212
0.217908166043 0.478126767936 0.850829492293 0.868692065556
0.000000000000 0.000000000000 0.000000000000 1.000000000000
37 49 60
0.129954678915 -0.054795110926 0.990004685467 -2.101116756247
-0.025963501859 -0.998317473717 -0.051847065896 0.132670363486
0.991179942291 -0.018966219691 -0.131158699717 1.644644188081
0.000000000000 0.000000000000 0.000000000000 1.000000000000
38 46 60
1.000000000000 0.000000000000 0.000000000000 0.000000000000
0.000000000000 1.000000000000 0.000000000000 0.000000000000
0.000000000000 0.000000000000 1.000000000000 0.000000000000
0.000000000000 0.000000000000 0.000000000000 1.000000000000
38 47 60
1.000000000000 0.000000000000 0.000000000000 0.000000000000
0.000000000000 1.000000000000 0.000000000000 0.000000000000
0.000000000000 0.000000000000 1.000000000000 0.000000000000
0.000000000000 0.000000000000 0.000000000000 1.000000000000
38 51 60
0.947335799602 0.094265836844 0.306053646925 0.577604150820
0.085141858167 -0.995438056923 0.043057389801 -1.125946914153
0.308716288491 -0.014731830598 -0.951040076121 4.148240583011
0.000000000000 0.000000000000 0.000000000000 1.000000000000
39 45 60
-0.731434286499 0.403143247331 0.549981278468 -0.956903248375
0.679684138881 0.496148715955 0.540246168898 -1.630968188733
-0.055075910223 0.768968122738 -0.636910252960 3.654597873754
0.000000000000 0.000000000000 0.000000000000 1.000000000000
39 51 60
-0.383171714682 -0.889660509377 -0.248361863262 0.714222459983
0.904737934121 -0.307322757946 -0.294961002527 -0.557357142210
0.186087902968 -0.337723112184 0.922666999445 2.601446799175
0.000000000000 0.000000000000 0.000000000000 1.000000000000
41 47 60
-0.022309947979 -0.999093967257 -0.036242389704 0.090395736461
0.061035070505 0.034822659589 -0.997527995872 1.736966517717
0.997886259245 -0.024466854506 0.060202879009 1.905709747994
0.000000000000 0.000000000000 0.000000000000 1.000000000000
41 49 60
0.261061083835 0.405474266260 0.876035233257 -1.402332817299
0.682914234918 -0.718970390366 0.129266103535 -0.213263528002
0.682257472112 0.564510581989 -0.464599337676 2.437910007888
0.000000000000 0.000000000000 0.000000000000 1.000000000000
41 50 60
0.049106206325 -0.393422219700 0.918045498626 -1.110747707333
-0.116191192991 -0.915163923276 -0.385972279064 0.761991745688
0.992012191040 -0.087715167334 -0.090652425494 2.104929897231
0.000000000000 0.000000000000 0.000000000000 1.000000000000
41 54 60
1.000000000000 0.000000000000 0.000000000000 0.000000000000
0.000000000000 1.000000000000 0.000000000000 0.000000000000
0.000000000000 0.000000000000 1.000000000000 0.000000000000
0.000000000000 0.000000000000 0.000000000000 1.000000000000
42 46 60
0.665914990940 0.707389480578 -0.236975415621 0.876816519843
-0.709141607129 0.501559898315 -0.495535921443 0.640264193040
-0.231679532715 0.498033925722 0.835635568266 1.525855170881
0.000000000000 0.000000000000 0.000000000000 1.000000000000
42 52 60
-0.277989612028 0.286349441133 -0.916910995227 1.510651886673
0.841972852361 -0.386840981136 -0.376079474580 -0.341653657413
-0.462388896376 -0.876560353242 -0.133560681460 2.847657371972
0.000000000000 0.000000000000 0.000000000000 1.000000000000
43 46 60
0.916325937211 -0.006850387454 0.400374635792 -0.729390680508
0.167565610161 -0.901542160182 -0.398927937986 0.346394438316
0.363687424976 0.432637036794 -0.824958575511 3.057872122840
0.000000000000 0.000000000000 0.000000000000 1.000000000000
43 47 60
-0.556581214518 -0.704642458191 0.440109483834 -0.427834899677
-0.480555997548 0.705189114986 0.521319715075 -0.974963064883
-0.677704422936 0.078659508135 -0.731115173494 3.073446598181
0.000000000000 0.000000000000 0.000000000000 1.000000000000
43 50 60
-0.725953290779 0.580658230279 -0.368548286141 0.986611638363
0.682331553788 0.675192604084 -0.280247387312 0.299027283989
0.086113125093 -0.454918637779 -0.886359725330 2.988061986084
0.000000000000 0.000000000000 0.000000000000 1.000000000000
44 50 60
-0.474841820532 0.237798588609 0.847335279998 -1.157926536457
0.477162877520 0.878567850694 0.020835547600 -0.021927843498
-0.739486871953 0.414210529782 -0.530649416495 2.171413102072
0.000000000000 0.000000000000 0.000000000000 1.000000000000
44 51 60
0.381536013154 -0.679041787378 0.627162276976 -0.900499679434
-0.201921009828 -0.723327229386 -0.660322364470 0.337242902242
0.902030030795 0.125299522044 -0.413088190728 2.049850420477
0.000000000000 0.000000000000 0.000000000000 1.000000000000
44 55 60
0.735091161668 -0.571799082673 -0.364261984142 1.212903232256
0.675724107091 0.574244339478 0.462212472434 -0.733318120307
-0.055117285257 -0.585908907281 0.808500363163 -0.834715041810
0.000000000000 0.000000000000 0.000000000000 1.000000000000
45 47 60
-0.818747495052 -0.549828802350 -0.165350619753 0.555255037015
0.574078535513 -0.779295527426 -0.251261449485 0.090075569933
0.009293783416 -0.300643924003 0.953691174621 0.336815171858
0.000000000000 0.000000000000 0.000000000000 1.000000000000
45 48 60
1.000000000000 0.000000000000 0.000000000000 0.000000000000
0.000000000000 1.000000000000 0.000000000000 0.000000000000
0.000000000000 0.000000000000 1.000000000000 0.000000000000
0.000000000000 0.000000000000 0.000000000000 1.000000000000
45 52 60
-0.905888930686 0.287042977540 -0.311402592003 1.234092326521
-0.420359220286 -0.699000702824 0.578529293443 -0.380831790025
-0.051607859687 0.654984233777 0.753878161457 0.745415002528
0.000000000000 0.000000000000 0.000000000000 1.000000000000
45 54 60
0.952138399439 -0.153892883169 0.264101209431 -0.797052411414
0.055868991674 0.937078160859 0.344620336327 -1.023895771868
-0.300518092770 -0.313371187174 0.900825940438 -0.952581835252
0.000000000000 0.000000000000 0.000000000000 1.000000000000
45 55 60
-0.248943492356 -0.750303227331 0.612431387725 -1.622775428355
-0.067029113117 0.644169542977 0.761940088127 -1.783115981666
-0.966195754290 0.148629293740 -0.210653975594 1.454098148794
0.000000000000 0.000000000000 0.000000000000 1.000000000000
46 50 60
0.900433139797 0.070270549450 0.429281039222 -0.134074256415
-0.241693237626 0.901334027061 0.359418072095 -0.209977770431
-0.361669102414 -0.427386267377 0.828574944598 0.596298666444
0.000000000000 0.000000000000 0.000000000000 1.000000000000
46 51 60
0.679864746720 -0.603967148728 0.415941834185 0.154668789252
-0.483791857038 -0.795644940514 -0.364547071993 0.304562156385
0.551116471566 0.046613430388 -0.833125334434 2.271393394707
0.000000000000 0.000000000000 0.000000000000 1.000000000000
46 52 60
-0.851874764098 -0.410116311587 -0.325751434784 0.659008263656
0.194955552623 0.328969579114 -0.923997482961 1.071158846219
0.486108752024 -0.850637188811 -0.200286430438 1.235022717052
0.000000000000 0.000000000000 0.000000000000 1.000000000000
46 55 60
-0.901495761864 0.419239424689 -0.107441594030 0.306463145176
0.423733629789 0.905519429718 -0.022008484475 0.371011474603
0.088063626585 -0.065367172108 -0.993967771350 4.601303324520
0.000000000000 0.000000000000 0.000000000000 1.000000000000
47 49 60
0.844834360768 -0.400966916361 0.354232176473 -0.412318074944
0.295337223523 0.901569936359 0.316144862771 -0.351329311589
-0.446128711548 -0.162472095567 0.880097716674 0.213279344907
0.000000000000 0.000000000000 0.000000000000 1.000000000000
47 50 60
0.793579162352 0.108188441404 0.598771554290 -0.414443509583
-0.249482578571 -0.839689539380 0.482369070780 -0.540363600511
0.554968968566 -0.532181114473 -0.639368989964 2.094074303523
0.000000000000 0.000000000000 0.000000000000 1.000000000000
47 51 60
0.994888294718 0.100039480749 0.013761661383 -0.053892771317
-0.100785541930 0.975205330933 0.197019890004 0.001499564027
0.006289321950 -0.197399758892 0.980302901974 0.246046044323
0.000000000000 0.000000000000 0.000000000000 1.000000000000
47 52 60
0.549203239556 -0.754745173787 0.358797330405 -0.770726201483
-0.408368610253 -0.616970566327 -0.672742445848 0.860049677328
0.729116506342 0.222950763467 -0.647056471453 1.627692086036
0.000000000000 0.000000000000 0.000000000000 1.000000000000
47 54 60
-0.056941839687 -0.990000297448 -0.129062147612 0.714227163788
0.695647255375 -0.132067951348 0.706139470866 -1.029212527614
-0.716123259629 -0.049572848212 0.696211181854 0.314547996856
0.000000000000 0.000000000000 0.000000000000 1.000000000000
47 59 60
0.734913665048 -0.669726238611 -0.106623966546 -0.265221770793
0.430461710276 0.582174659058 -0.689764729699 2.577039829028
0.524027309319 0.461019990528 0.716139614476 -0.593215417281
0.000000000000 0.000000000000 0.000000000000 1.000000000000
48 50 60
0.997583324743 0.041869379313 0.055447860828 0.121909576348
-0.049436066632 0.988486670597 0.143004116611 -0.156464445842
-0.048821977740 -0.145399646243 0.988167676744 0.228594052982
0.000000000000 0.000000000000 0.000000000000 1.000000000000
48 51 60
0.782840479963 0.260432090743 0.565098141071 -0.113337621631
0.040399077558 -0.927550762113 0.371507063507 -0.679304003598
0.620909572694 -0.268001324277 -0.736645500036 2.261679646378
0.000000000000 0.000000000000 0.000000000000 1.000000000000
48 52 60
0.996960205216 -0.077874455620 0.002432771491 0.036078162982
0.077657517236 0.995737463003 0.049761579448 0.194373896210
-0.006297557623 -0.049421391464 0.998758162336 0.278304504912
0.000000000000 0.000000000000 0.000000000000 1.000000000000
48 54 60
-0.560835476671 0.408935448539 -0.719885662474 2.770316572847
-0.098054872443 -0.896191499202 -0.432696243049 1.466642272843
-0.822100243339 -0.172083106917 0.542714099887 0.411121489173
0.000000000000 0.000000000000 0.000000000000 1.000000000000
48 56 60
-0.416340098161 -0.853770659029 -0.312628508687 0.198891799787
0.850165071614 -0.487455492977 0.199013801969 -0.222234895699
-0.322304628684 -0.182928412630 0.928793261271 -2.046925372279
0.000000000000 0.000000000000 0.000000000000 1.000000000000
49 51 60
0.102462337335 0.987804848270 -0.117230760303 0.124288350048
0.944701744009 -0.133536697714 -0.299510542769 0.257349671214
-0.311512574857 -0.080059553441 -0.946863445070 1.983064312923
0.000000000000 0.000000000000 0.000000000000 1.000000000000
49 52 60
0.955535620394 0.177791609720 -0.235248425438 0.103560652837
-0.095277822142 0.941149545388 0.324283317215 -0.230044376152
0.279058801627 -0.287450303061 0.916241512105 0.123374421929
0.000000000000 0.000000000000 0.000000000000 1.000000000000
49 53 60
0.973367651839 -0.067199778491 0.219179388002 -0.777738011808
0.026191854813 0.982410653398 0.184887248971 -0.075209761283
-0.227748547955 -0.174222552678 0.958006837681 0.115142756665
0.000000000000 0.000000000000 0.000000000000 1.000000000000
50 52 60
0.973018418893 0.133247218650 -0.188362244672 0.004914303363
-0.121879876435 0.990020274052 0.070747103723 0.159693711591
0.195909295890 -0.045880667900 0.979548116275 0.003578998021
0.000000000000 0.000000000000 0.000000000000 1.000000000000
50 53 60
0.947489500977 0.145868129836 0.284580628708 -0.946865080394
0.271281252255 0.104558549336 -0.956804050961 1.510699769290
-0.169322555240 0.983763182102 0.059496838807 1.319252448370
0.000000000000 0.000000000000 0.000000000000 1.000000000000
50 55 60
-0.109725999780 0.685860546218 -0.719413313828 1.593954057142
0.993528821788 0.097043865912 -0.059016678707 0.166038526451
0.029337437669 -0.721233526141 -0.692070455605 3.002943289021
0.000000000000 0.000000000000 0.000000000000 1.000000000000
50 56 60
0.663039743946 -0.230863484760 0.712095744512 -1.660572982113
0.431752765266 0.895031786479 -0.111837609403 1.418234719137
-0.611529106121 0.381602086730 0.693117594475 -1.791617009639
0.000000000000 0.000000000000 0.000000000000 1.000000000000
50 58 60
0.754373843521 -0.032621110350 -0.655634019382 2.518451452967
-0.036488278267 0.995136665358 -0.091496572661 1.254558011908
0.655430171537 0.092945577728 0.749514782923 -0.984120476672
0.000000000000 0.000000000000 0.000000000000 1.000000000000
50 59 60
-0.923845406133 0.349453563898 0.156178975045 -0.135279803312
0.374928623910 0.908318625603 0.185434088978 0.507797775583
-0.077059668700 0.229868399440 -0.970166133401 4.230371008391
0.000000000000 0.000000000000 0.000000000000 1.000000000000
51 53 60
0.483654656146 0.818171419219 -0.310923949483 0.474266724525
-0.845581470981 0.528499426223 0.075367980041 -0.291141168235
0.225987056095 0.226459456096 0.947441800441 -0.091580366876
0.000000000000 0.000000000000 0.000000000000 1.000000000000
51 55 60
0.828338224806 0.428264038195 0.361172671883 -0.212303154140
0.451931454866 -0.891805989930 0.020977045235 -0.263684762841
0.331079666286 0.145849202650 -0.932262980418 4.033218511338
0.000000000000 0.000000000000 0.000000000000 1.000000000000
51 56 60
0.315607869468 0.849420580133 -0.422937762297 2.391093891894
-0.722464699712 -0.073854879152 -0.687451972502 1.112507074479
-0.615171870619 0.522522855837 0.590367203296 -1.185965067310
0.000000000000 0.000000000000 0.000000000000 1.000000000000
51 57 60
0.531344080723 -0.732563014275 0.425470208119 -1.236413424228
0.455750723201 -0.176177912712 -0.872497920556 3.259216738086
0.714118159818 0.657504960581 0.240255032472 1.555786366917
0.000000000000 0.000000000000 0.000000000000 1.000000000000
51 58 60
-0.706221276940 0.706051538180 0.052371112565 0.401525778164
0.606927907794 0.641839532774 -0.468700894930 2.490705555291
-0.364540838231 -0.299221054743 -0.881803117289 3.615936041021
0.000000000000 0.000000000000 0.000000000000 1.000000000000
