0 3 57
1.000000000000 0.000000000000 0.000000000000 0.000000000000
0.000000000000 1.000000000000 0.000000000000 0.000000000000
0.000000000000 0.000000000000 1.000000000000 0.000000000000
0.000000000000 0.000000000000 0.000000000000 1.000000000000
0 14 57
1.000000000000 0.000000000000 0.000000000000 0.000000000000
0.000000000000 1.000000000000 0.000000000000 0.000000000000
0.000000000000 0.000000000000 1.000000000000 0.000000000000
0.000000000000 0.000000000000 0.000000000000 1.000000000000
0 16 57
1.000000000000 0.000000000000 0.000000000000 0.000000000000
0.000000000000 1.000000000000 0.000000000000 0.000000000000
0.000000000000 0.000000000000 1.000000000000 0.000000000000
0.000000000000 0.000000000000 0.000000000000 1.000000000000
0 46 57
0.784426510811 -0.494330494725 0.374582982958 0.612722677387
-0.511786108542 -0.174733073195 0.841155950009 -0.986615065456
-0.350357001130 -0.851531394087 -0.390056735159 2.213938375586
0.000000000000 0.000000000000 0.000000000000 1.000000000000
0 47 57
0.731282968853 0.053865111873 0.679943945622 1.069269044069
0.028380361935 0.993610506901 -0.109236970082 -0.614831233686
-0.681483510088 0.099180191062 0.725081730000 0.867477996655
0.000000000000 0.000000000000 0.000000000000 1.000000000000
0 52 57
-0.280813841080 0.920637658282 0.271237697989 0.071079152932
-0.875218482062 -0.361617455334 0.321287137395 -1.607749497532
0.393873323945 -0.147170371170 0.907306280445 0.935743900863
0.000000000000 0.000000000000 0.000000000000 1.000000000000
1 15 57
0.920989011427 -0.328612394834 0.209268093107 0.105266681195
0.339135307363 0.940609891815 -0.015500797403 -0.416178980441
-0.191745884262 0.085246263154 0.977735439926 0.522773852333
0.000000000000 0.000000000000 0.000000000000 1.000000000000
1 38 57
0.982575869759 0.154438946258 0.103408278419 0.886940686436
-0.050688459806 0.757945732885 -0.650345251420 0.891646401868
-0.178816498706 0.633771944693 0.752567460040 0.326557554867
0.000000000000 0.000000000000 0.000000000000 1.000000000000
1 40 57
-0.395007158209 -0.853481947108 0.339908680271 0.143228568570
-0.557582817860 -0.071322929118 -0.827051655587 1.214920200562
0.730116940080 -0.516218563926 -0.447713801515 2.581753331824
0.000000000000 0.000000000000 0.000000000000 1.000000000000
1 44 57
0.114588571188 0.990345774285 0.078004530053 0.224581877997
-0.817960525959 0.049499223963 0.573140824579 -1.448272997631
0.563746429989 -0.129480014607 0.815735795765 0.609756253359
0.000000000000 0.000000000000 0.000000000000 1.000000000000
1 46 57
0.584892973285 -0.701605656728 0.407000874997 1.018661447357
0.769262782663 0.638919397791 -0.004095648458 0.197971469812
-0.257167223827 0.315486141651 0.913418586090 0.995728341436
0.000000000000 0.000000000000 0.000000000000 1.000000000000
1 49 57
-0.749281939911 -0.573910128783 0.330459889552 -0.435794091968
0.590315975921 -0.352624728182 0.726073584183 -1.123197775385
-0.300172655476 0.739109575878 0.603003658156 0.650017445351
0.000000000000 0.000000000000 0.000000000000 1.000000000000
2 4 57
1.000000000000 0.000000000000 0.000000000000 0.000000000000
0.000000000000 1.000000000000 0.000000000000 0.000000000000
0.000000000000 0.000000000000 1.000000000000 0.000000000000
0.000000000000 0.000000000000 0.000000000000 1.000000000000
2 15 57
-0.017462643999 0.995495842322 0.093183067044 0.199303523821
-0.999807251458 -0.016549547202 -0.010562784624 0.086250613146
-0.008973070610 -0.093349560292 0.995592960801 0.661356402230
0.000000000000 0.000000000000 0.000000000000 1.000000000000
2 16 57
1.000000000000 0.000000000000 0.000000000000 0.000000000000
0.000000000000 1.000000000000 0.000000000000 0.000000000000
0.000000000000 0.000000000000 1.000000000000 0.000000000000
0.000000000000 0.000000000000 0.000000000000 1.000000000000
2 19 57
1.000000000000 0.000000000000 0.000000000000 0.000000000000
0.000000000000 1.000000000000 0.000000000000 0.000000000000
0.000000000000 0.000000000000 1.000000000000 0.000000000000
0.000000000000 0.000000000000 0.000000000000 1.000000000000
3 5 57
1.000000000000 0.000000000000 0.000000000000 0.000000000000
0.000000000000 1.000000000000 0.000000000000 0.000000000000
0.000000000000 0.000000000000 1.000000000000 0.000000000000
0.000000000000 0.000000000000 0.000000000000 1.000000000000
3 7 57
1.000000000000 0.000000000000 0.000000000000 0.000000000000
0.000000000000 1.000000000000 0.000000000000 0.000000000000
0.000000000000 0.000000000000 1.000000000000 0.000000000000
0.000000000000 0.000000000000 0.000000000000 1.000000000000
3 14 57
1.000000000000 0.000000000000 0.000000000000 0.000000000000
0.000000000000 1.000000000000 0.000000000000 0.000000000000
0.000000000000 0.000000000000 1.000000000000 0.000000000000
0.000000000000 0.000000000000 0.000000000000 1.000000000000
3 20 57
0.862670208145 -0.260448977446 -0.433550968314 0.978934650267
0.458815058499 0.763690216858 0.454165162435 -0.761084034831
0.212811780863 -0.590714468100 0.778310711158 0.697351362982
0.000000000000 0.000000000000 0.000000000000 1.000000000000
3 40 57
0.439602576360 0.098220526389 -0.892805859666 0.996435437790
0.695841428669 0.591278765877 0.407669139341 -1.245947529844
0.567938624330 -0.800463708871 0.191581757419 2.187795167094
0.000000000000 0.000000000000 0.000000000000 1.000000000000
3 47 57
-0.753206054142 0.540820512410 -0.374424643100 -0.205134754746
-0.054148944491 -0.618267524046 -0.784100223518 0.907672630651
-0.655552081695 -0.570314336192 0.494967702097 1.191913038721
0.000000000000 0.000000000000 0.000000000000 1.000000000000
3 51 57
0.166583290210 -0.939982774775 -0.297795887393 0.839219790396
-0.792467785418 0.052080257502 -0.607686149137 0.205851120658
0.586723799157 0.337224005527 -0.736230367208 3.169541734589
0.000000000000 0.000000000000 0.000000000000 1.000000000000
4 35 57
0.314696625158 0.442926259496 -0.839513170095 0.651502843127
-0.616425115437 -0.577195348233 -0.535598363550 1.329106716131
-0.721793676318 0.686048000236 0.091389442494 2.505348978094
0.000000000000 0.000000000000 0.000000000000 1.000000000000
4 36 57
0.580249663605 0.797144577384 -0.166945651738 0.344890221683
-0.809298936762 0.541351886147 -0.227976679335 1.124279148482
-0.091354030250 0.267392329943 0.959247508751 0.288926100798
0.000000000000 0.000000000000 0.000000000000 1.000000000000
4 38 57
-0.653037636309 -0.414567736283 -0.633778697652 0.935163641397
0.351246246972 -0.907210706482 0.231505524842 0.516051662371
-0.670945541421 -0.071430568226 0.738058096880 0.787155576112
0.000000000000 0.000000000000 0.000000000000 1.000000000000
4 43 57
-0.558495982157 -0.669776673375 0.489368415120 -1.422624272011
0.682189461750 -0.706489953181 -0.188386529062 0.575784343210
0.471910771430 0.228628856135 0.851486388588 1.144135037079
0.000000000000 0.000000000000 0.000000000000 1.000000000000
4 46 57
-0.338987474078 0.047700285886 -0.939580850776 1.358006943798
-0.838181396874 0.438238322788 0.324652303819 -0.421689887735
0.427246343873 0.897592254404 -0.108575809831 2.243285772381
0.000000000000 0.000000000000 0.000000000000 1.000000000000
4 52 57
0.040399993064 0.188388202817 -0.981263331425 1.658391407008
0.069441356926 -0.980219925365 -0.185328885675 0.540516485248
-0.996767645196 -0.060652971540 -0.052682810618 1.886650482972
0.000000000000 0.000000000000 0.000000000000 1.000000000000
5 15 57
1.000000000000 0.000000000000 0.000000000000 0.000000000000
0.000000000000 1.000000000000 0.000000000000 0.000000000000
0.000000000000 0.000000000000 1.000000000000 0.000000000000
0.000000000000 0.000000000000 0.000000000000 1.000000000000
5 33 57
0.584191702112 -0.398176490970 -0.707230893854 0.806253188218
-0.376643134448 -0.904877302482 0.198335616385 -0.417335030635
-0.718929763229 0.150507639315 -0.678592253162 2.977035656377
0.000000000000 0.000000000000 0.000000000000 1.000000000000
5 36 57
0.161727519705 -0.553263911669 0.817155587031 -1.381357921619
0.722704383499 0.630254315401 0.283686221009 -0.692874231643
-0.671969183402 0.544682055849 0.501775721408 1.610050878494
0.000000000000 0.000000000000 0.000000000000 1.000000000000
6 12 57
0.768591423482 0.639031277384 -0.030103990999 0.303200475655
-0.639731029410 0.767977992849 -0.030887092914 0.951718176242
0.003381384144 0.042998011861 0.999069435634 0.709446993457
0.000000000000 0.000000000000 0.000000000000 1.000000000000
6 33 57
0.706330588047 -0.406802093916 -0.579317837438 1.200089992675
0.550921171067 0.829796165855 0.089017899332 0.401254365884
0.444503052473 -0.382034526603 0.810226299761 1.560297512063
0.000000000000 0.000000000000 0.000000000000 1.000000000000
6 37 57
0.989036517112 0.146656997762 -0.017276944925 0.679047858058
-0.100347639983 0.753302233432 0.649973919674 -0.349920183076
0.108337984882 -0.641114241079 0.759760100899 0.219106237917
0.000000000000 0.000000000000 0.000000000000 1.000000000000
7 35 57
1.000000000000 0.000000000000 0.000000000000 0.000000000000
0.000000000000 1.000000000000 0.000000000000 0.000000000000
0.000000000000 0.000000000000 1.000000000000 0.000000000000
0.000000000000 0.000000000000 0.000000000000 1.000000000000
7 36 57
0.496150713554 0.845502222637 -0.197384044327 0.132895106665
-0.866925215422 0.494919037115 -0.059125439255 0.522793473575
0.047698430855 0.200452334025 0.978541629916 0.226257658208
0.000000000000 0.000000000000 0.000000000000 1.000000000000
7 38 57
1.000000000000 0.000000000000 0.000000000000 0.000000000000
0.000000000000 1.000000000000 0.000000000000 0.000000000000
0.000000000000 0.000000000000 1.000000000000 0.000000000000
0.000000000000 0.000000000000 0.000000000000 1.000000000000
7 42 57
1.000000000000 0.000000000000 0.000000000000 0.000000000000
0.000000000000 1.000000000000 0.000000000000 0.000000000000
0.000000000000 0.000000000000 1.000000000000 0.000000000000
0.000000000000 0.000000000000 0.000000000000 1.000000000000
7 46 57
0.385230373635 0.916869656503 0.104630742202 -0.424102100184
0.454398467960 -0.089781334176 -0.886262570771 0.224668743882
-0.803193371203 0.388959310235 -0.451210664144 3.431885179312
0.000000000000 0.000000000000 0.000000000000 1.000000000000
9 16 57
1.000000000000 0.000000000000 0.000000000000 0.000000000000
0.000000000000 1.000000000000 0.000000000000 0.000000000000
0.000000000000 0.000000000000 1.000000000000 0.000000000000
0.000000000000 0.000000000000 0.000000000000 1.000000000000
9 26 57
1.000000000000 0.000000000000 0.000000000000 0.000000000000
0.000000000000 1.000000000000 0.000000000000 0.000000000000
0.000000000000 0.000000000000 1.000000000000 0.000000000000
0.000000000000 0.000000000000 0.000000000000 1.000000000000
9 34 57
0.488466330298 0.634731686393 -0.598762332194 0.266084331388
0.159059104932 0.609929290513 0.776328836069 -0.817744813955
0.857963195774 -0.474449098285 0.196970068368 1.830770216772
0.000000000000 0.000000000000 0.000000000000 1.000000000000
9 46 57
-0.243888350612 -0.745636672686 0.620116460659 -1.176131844240
-0.968148705950 0.224530275290 -0.110789163028 0.453492414917
-0.056626456734 -0.627385135163 -0.776647498274 2.710999657371
0.000000000000 0.000000000000 0.000000000000 1.000000000000
9 47 57
0.996691653978 0.058770525320 0.056140646983 0.269623840760
-0.068635528877 0.978577574933 0.194100731615 -0.186522498073
-0.043530576218 -0.197311822229 0.979373847794 0.884829121363
0.000000000000 0.000000000000 0.000000000000 1.000000000000
9 50 57
0.942400061281 0.334331691631 0.010219807641 -0.736215927000
-0.136837221371 0.357471002570 0.923845256073 -1.584145920454
0.305217462385 -0.872030276018 0.382629714427 1.693900643039
0.000000000000 0.000000000000 0.000000000000 1.000000000000
10 34 57
0.998968807736 0.040019611996 0.021441824210 0.275193044098
-0.033450296833 0.329427227693 0.943588246693 -1.206295281807
0.030698514811 -0.943332461177 0.330426192785 1.258388616439
0.000000000000 0.000000000000 0.000000000000 1.000000000000
11 50 57
-0.923585392047 0.025409724985 -0.382549826133 -0.138863835924
0.004651019135 -0.996985337537 -0.077450660145 -0.063013555857
-0.383364567506 -0.073311544876 0.920682912717 0.849809164296
0.000000000000 0.000000000000 0.000000000000 1.000000000000
12 33 57
-0.301676024699 -0.597009682925 0.743351205431 -1.027825545004
0.570517848557 0.511636384107 0.642446569713 -0.484343765386
-0.763872345748 0.617905857678 0.186256249421 1.928058095762
0.000000000000 0.000000000000 0.000000000000 1.000000000000
12 40 57
0.087493403119 -0.996052364497 0.014986380181 0.650224891333
0.260846703655 0.037426791649 0.964654462727 -1.354815126340
-0.961407250650 -0.080491753908 0.263091573316 1.709332596434
0.000000000000 0.000000000000 0.000000000000 1.000000000000
12 41 57
-0.372286848365 -0.889221987024 0.265869818386 -0.092190315379
0.822037099275 -0.182927073914 0.539251975467 -0.483400030444
-0.430879925212 0.419311272712 0.799074806652 0.938744686932
0.000000000000 0.000000000000 0.000000000000 1.000000000000
12 48 57
0.210588220878 0.977460032144 -0.014982883182 0.036936502014
0.871727917596 -0.180828249341 0.455402659109 -0.023228487799
0.442428569275 -0.108963433321 -0.890159497668 2.775036860559
0.000000000000 0.000000000000 0.000000000000 1.000000000000
13 26 57
1.000000000000 0.000000000000 0.000000000000 0.000000000000
0.000000000000 1.000000000000 0.000000000000 0.000000000000
0.000000000000 0.000000000000 1.000000000000 0.000000000000
0.000000000000 0.000000000000 0.000000000000 1.000000000000
13 36 57
0.394670375464 -0.670830402684 0.627870898805 -1.316570323319
0.339752346058 0.741458151042 0.578626091359 -0.898052495894
-0.853699969591 -0.015045965840 0.520547769981 1.375946019184
0.000000000000 0.000000000000 0.000000000000 1.000000000000
13 53 57
0.037965451694 -0.479809239947 0.876551035444 -1.931442967291
-0.994411760650 0.068331619391 0.080473847130 -0.207350954306
-0.098508247158 -0.874707884412 -0.474533710277 3.133464842025
0.000000000000 0.000000000000 0.000000000000 1.000000000000
14 16 57
1.000000000000 0.000000000000 0.000000000000 0.000000000000
0.000000000000 1.000000000000 0.000000000000 0.000000000000
0.000000000000 0.000000000000 1.000000000000 0.000000000000
0.000000000000 0.000000000000 0.000000000000 1.000000000000
14 20 57
-0.683267956491 -0.344335944644 -0.643877051042 1.317747133150
0.266415495931 -0.938594662427 0.219232395398 -0.185876605400
-0.679829157333 -0.021744353072 0.733048088429 0.479623690280
0.000000000000 0.000000000000 0.000000000000 1.000000000000
14 32 57
1.000000000000 0.000000000000 0.000000000000 0.000000000000
0.000000000000 1.000000000000 0.000000000000 0.000000000000
0.000000000000 0.000000000000 1.000000000000 0.000000000000
0.000000000000 0.000000000000 0.000000000000 1.000000000000
14 41 57
0.943199737318 0.253627896343 -0.214585986775 0.650240546398
-0.246771393542 0.967299035685 0.058621283605 -0.305192298929
0.222436810920 -0.002337896307 0.974944305788 0.244160704905
0.000000000000 0.000000000000 0.000000000000 1.000000000000
15 17 57
0.957969190665 0.024673027790 0.285808102467 -0.039030085181
0.138969387413 0.831674065308 -0.537592558036 1.307070015693
-0.250963222601 0.554715684647 0.793289335683 -0.422698364302
0.000000000000 0.000000000000 0.000000000000 1.000000000000
15 20 57
-0.449777676225 -0.652383591831 0.609996468087 -0.888285266369
0.302829529882 -0.753915871278 -0.583013837629 0.621242570584
0.840234680194 -0.077501665435 0.536655545070 1.079175059627
0.000000000000 0.000000000000 0.000000000000 1.000000000000
15 33 57
1.000000000000 0.000000000000 0.000000000000 0.000000000000
0.000000000000 1.000000000000 0.000000000000 0.000000000000
0.000000000000 0.000000000000 1.000000000000 0.000000000000
0.000000000000 0.000000000000 0.000000000000 1.000000000000
15 34 57
1.000000000000 0.000000000000 0.000000000000 0.000000000000
0.000000000000 1.000000000000 0.000000000000 0.000000000000
0.000000000000 0.000000000000 1.000000000000 0.000000000000
0.000000000000 0.000000000000 0.000000000000 1.000000000000
15 38 57
1.000000000000 0.000000000000 0.000000000000 0.000000000000
0.000000000000 1.000000000000 0.000000000000 0.000000000000
0.000000000000 0.000000000000 1.000000000000 0.000000000000
0.000000000000 0.000000000000 0.000000000000 1.000000000000
15 39 57
-0.492648031401 0.841316771378 0.222450010912 0.288481925181
-0.126062943332 0.183931251109 -0.974821742261 1.448423860020
-0.861049389684 -0.508286715411 0.015445499703 1.256796707838
0.000000000000 0.000000000000 0.000000000000 1.000000000000
15 41 57
-0.297365124083 -0.713572791616 -0.634340487470 1.534811249385
-0.676961721418 -0.310933425891 0.667115606472 -1.024852625363
-0.673273206592 0.627801143459 -0.390600708598 2.105117994732
0.000000000000 0.000000000000 0.000000000000 1.000000000000
15 44 57
1.000000000000 0.000000000000 0.000000000000 0.000000000000
0.000000000000 1.000000000000 0.000000000000 0.000000000000
0.000000000000 0.000000000000 1.000000000000 0.000000000000
0.000000000000 0.000000000000 0.000000000000 1.000000000000
15 46 57
-0.802996660036 -0.450216835179 -0.390513975797 0.719537743612
0.558094353119 -0.797936569007 -0.227657472659 -0.179815369871
-0.209110155151 -0.400751834884 0.892003873226 0.481355537923
0.000000000000 0.000000000000 0.000000000000 1.000000000000
15 47 57
0.121411971283 -0.210823220626 0.969955000438 0.345656840262
-0.023325366795 0.976308185876 0.215123809599 -0.706824893197
-0.992328101231 -0.048743161953 0.113617972477 0.522601709136
0.000000000000 0.000000000000 0.000000000000 1.000000000000
15 53 57
-0.503089610714 0.661693498698 0.555933950548 -1.341819943047
0.352090317444 -0.430538218689 0.831065130185 -1.109858474992
0.789261206417 0.613839193949 -0.016376569170 2.211761620547
0.000000000000 0.000000000000 0.000000000000 1.000000000000
15 55 57
0.958419042715 -0.059173880658 -0.279161942982 1.283267720439
0.086572973566 0.992452394129 0.086852551112 -0.384599936001
0.271915536168 -0.107409018405 0.956308132328 0.211108217457
0.000000000000 0.000000000000 0.000000000000 1.000000000000
16 26 57
1.000000000000 0.000000000000 0.000000000000 0.000000000000
0.000000000000 1.000000000000 0.000000000000 0.000000000000
0.000000000000 0.000000000000 1.000000000000 0.000000000000
0.000000000000 0.000000000000 0.000000000000 1.000000000000
17 26 57
1.000000000000 0.000000000000 0.000000000000 0.000000000000
0.000000000000 1.000000000000 0.000000000000 0.000000000000
0.000000000000 0.000000000000 1.000000000000 0.000000000000
0.000000000000 0.000000000000 0.000000000000 1.000000000000
17 41 57
-0.942490357598 0.332657132783 -0.032421564468 0.054189399779
-0.225726738243 -0.705054167649 -0.672269336146 1.390913000425
-0.246494148970 -0.626288953031 0.739596364130 1.384127744029
0.000000000000 0.000000000000 0.000000000000 1.000000000000
17 46 57
0.492127655306 0.866499026108 -0.083605075423 0.919878817707
0.867057965810 -0.496463483661 -0.041647248620 0.278480014703
-0.077594167366 -0.051994683814 -0.995628293112 3.581735918837
0.000000000000 0.000000000000 0.000000000000 1.000000000000
18 22 57
1.000000000000 0.000000000000 0.000000000000 0.000000000000
0.000000000000 1.000000000000 0.000000000000 0.000000000000
0.000000000000 0.000000000000 1.000000000000 0.000000000000
0.000000000000 0.000000000000 0.000000000000 1.000000000000
19 34 57
0.949173510655 0.242182817415 0.201040119426 0.080238747323
-0.187369935688 0.947978751710 -0.257349555094 0.264363083360
-0.252907401770 0.206600506426 0.945174098711 0.784727356210
0.000000000000 0.000000000000 0.000000000000 1.000000000000
19 49 57
-0.915478666750 0.401994067417 0.017308393562 0.458795463693
-0.310890184582 -0.679385676359 -0.664667131645 1.520357831292
-0.255433169061 -0.613869589180 0.746939103022 0.707415984382
0.000000000000 0.000000000000 0.000000000000 1.000000000000
20 24 57
-0.982036623056 -0.178712177932 0.060547736841 -0.405924656348
0.145980669333 -0.516261761263 0.843897765158 -1.500918144585
-0.119556326301 0.837577310651 0.533076479996 0.984699753022
0.000000000000 0.000000000000 0.000000000000 1.000000000000
20 27 57
0.043952971041 -0.266375484424 0.962866676978 -2.395309361389
0.913499492534 0.400909521937 0.069211504530 -0.905341520179
-0.404458667204 0.876536169543 0.260955034453 0.988317807265
0.000000000000 0.000000000000 0.000000000000 1.000000000000
20 29 57
-0.794150149433 0.601082828295 -0.089582217458 -0.047215796365
-0.490351829200 -0.546697867798 0.678731555878 -1.146984487630
0.358999475983 0.582941570720 0.728902257762 -0.863784161877
0.000000000000 0.000000000000 0.000000000000 1.000000000000
20 32 57
0.485187561773 -0.700767628213 0.522989255292 -1.205692688874
0.336389701389 0.701662621788 0.628101531590 -1.140413361997
-0.807115232604 -0.128818851241 0.576168989849 1.026604739705
0.000000000000 0.000000000000 0.000000000000 1.000000000000
20 39 57
-0.964571826087 -0.051684850224 -0.258708075980 0.156196924078
0.103951970609 -0.975747635897 -0.192640958385 -0.260355330785
-0.242477174444 -0.212709255320 0.946551420988 0.218684433492
0.000000000000 0.000000000000 0.000000000000 1.000000000000
20 40 57
-0.065232087921 0.961376429786 0.267395091499 -0.482552905940
-0.899430176838 -0.172700372777 0.401497121081 -0.781752841343
0.432169100815 -0.214312718930 0.875956578151 -0.394779362516
0.000000000000 0.000000000000 0.000000000000 1.000000000000
20 41 57
0.358485868265 -0.924609661003 0.128782207752 -0.316735514245
0.639284672690 0.343673200051 0.687898131143 -1.192671822355
-0.680296251289 -0.164273267290 0.714290770020 0.508673743908
0.000000000000 0.000000000000 0.000000000000 1.000000000000
20 42 57
-0.774140569262 0.163071655710 -0.611648603470 1.274577684084
0.630261138439 0.288571322317 -0.720761742401 1.196253537468
0.058968435591 -0.943469250713 -0.326172495106 1.665930685174
0.000000000000 0.000000000000 0.000000000000 1.000000000000
20 43 57
-0.853213542797 0.012601873983 -0.521409477436 0.276838491630
-0.136468985768 0.959485776190 0.246502051134 0.177069632305
0.503391364955 0.281475110910 -0.816926493405 3.295957598049
0.000000000000 0.000000000000 0.000000000000 1.000000000000
20 44 57
0.976076444968 0.057443587136 -0.209702188531 0.177782672432
0.133767100427 0.601688046811 0.787450225201 -1.631713439298
0.171409265855 -0.796662870116 0.579609467622 0.641906369720
0.000000000000 0.000000000000 0.000000000000 1.000000000000
20 52 57
0.287520468093 0.777912271964 0.558734711250 -0.797453651694
-0.895103113328 0.010688943521 0.445731043341 -1.231250099428
0.340767364838 -0.628281977789 0.699384986575 0.451849754383
0.000000000000 0.000000000000 0.000000000000 1.000000000000
20 53 57
0.406944878497 -0.624484721100 -0.666644357193 1.464264239635
-0.000550848945 -0.729974825067 0.683473811739 -1.090757370306
-0.913452550728 -0.277768946933 -0.297403513242 1.778492365639
0.000000000000 0.000000000000 0.000000000000 1.000000000000
20 55 57
0.640786721132 -0.470053330850 -0.606994435047 1.800711313765
0.295033257314 -0.579157817605 0.759954998264 -0.877305379595
-0.708764950530 -0.666052616889 -0.232435273649 1.293755903135
0.000000000000 0.000000000000 0.000000000000 1.000000000000
21 51 57
0.014696004959 0.999600274605 -0.024151986400 -0.754069007308
-0.985630302404 0.010417079226 -0.168595348224 -0.334669043406
-0.168276363226 0.026282607732 0.985389410391 0.451852178301
0.000000000000 0.000000000000 0.000000000000 1.000000000000
22 27 57
1.000000000000 0.000000000000 0.000000000000 0.000000000000
0.000000000000 1.000000000000 0.000000000000 0.000000000000
0.000000000000 0.000000000000 1.000000000000 0.000000000000
0.000000000000 0.000000000000 0.000000000000 1.000000000000
22 36 57
0.938550608812 -0.285577271962 0.193825634106 -0.942744147287
0.301486328360 0.951727832079 -0.057620547185 0.115338099756
-0.168014131875 0.112515578410 0.979342379408 0.743029145096
0.000000000000 0.000000000000 0.000000000000 1.000000000000
22 44 57
-0.270563283218 -0.829061914356 -0.489338177479 0.818884079419
0.962678102096 -0.229402613725 -0.143615154358 0.232887075813
0.006810397893 -0.509932135662 0.860187674580 1.266058347211
0.000000000000 0.000000000000 0.000000000000 1.000000000000
22 47 57
-0.812991383371 0.521140223232 0.259726545224 -1.328394658531
0.500122365808 0.396534104707 0.769830061132 -0.848419524886
0.298198976830 0.755760260621 -0.583012691700 2.894374126892
0.000000000000 0.000000000000 0.000000000000 1.000000000000
22 50 57
0.688607536836 -0.661783978731 0.296414617906 -1.404729309072
-0.268526832843 -0.612433978121 -0.743517291317 0.575621353157
0.673582214920 0.432396332014 -0.599433408983 3.172147489488
0.000000000000 0.000000000000 0.000000000000 1.000000000000
23 46 57
0.734599182354 -0.635865566341 0.236725627733 -1.387102507922
-0.010831015155 -0.359840052318 -0.932951137980 0.391088597461
0.678414865989 0.682781164275 -0.271225277796 1.889839325405
0.000000000000 0.000000000000 0.000000000000 1.000000000000
24 46 57
-0.103156919792 -0.990283925737 -0.093254470809 -0.302304349989
-0.892757471976 0.133518654162 -0.430298576831 0.602763721753
0.438568975340 0.038865349833 -0.897856747177 2.036122397526
0.000000000000 0.000000000000 0.000000000000 1.000000000000
24 52 57
-0.626285916809 -0.352558661812 -0.695318876767 1.083056004939
0.764472304576 -0.102921563739 -0.636387654856 0.099397454572
0.152800673895 -0.930112650005 0.333979658600 1.593097816908
0.000000000000 0.000000000000 0.000000000000 1.000000000000
25 49 57
1.000000000000 0.000000000000 0.000000000000 0.000000000000
0.000000000000 1.000000000000 0.000000000000 0.000000000000
0.000000000000 0.000000000000 1.000000000000 0.000000000000
0.000000000000 0.000000000000 0.000000000000 1.000000000000
25 51 57
0.374448533757 -0.920886376965 -0.108427746853 0.253285495130
-0.884772864996 -0.319858640142 -0.338920975588 0.843442254354
0.277426157625 0.222842390596 -0.934545876894 2.890883635558
0.000000000000 0.000000000000 0.000000000000 1.000000000000
26 36 57
-0.658589764538 -0.527843922352 -0.536321093825 1.471987959821
0.437982148951 0.310674134634 -0.843595412072 1.578054191941
0.611907802897 -0.790482369003 0.026579410246 1.744815893053
0.000000000000 0.000000000000 0.000000000000 1.000000000000
26 51 57
0.603870242251 -0.531579058737 -0.593939756909 1.860911517292
-0.651106541863 -0.758792995754 0.017130695790 0.815772543685
-0.459783646585 0.376373343779 -0.804327112825 2.898867889799
0.000000000000 0.000000000000 0.000000000000 1.000000000000
27 33 57
0.425270938303 -0.802789317007 0.417940117163 -0.637793908011
0.714921104394 0.581137611554 0.388801865903 -0.343596909520
-0.555006705840 0.133448075807 0.821071962459 0.455396877384
0.000000000000 0.000000000000 0.000000000000 1.000000000000
27 37 57
1.000000000000 0.000000000000 0.000000000000 0.000000000000
0.000000000000 1.000000000000 0.000000000000 0.000000000000
0.000000000000 0.000000000000 1.000000000000 0.000000000000
0.000000000000 0.000000000000 0.000000000000 1.000000000000
27 41 57
0.920542145089 0.239123237702 -0.308904898481 0.103278084067
-0.032661865190 -0.740877193366 -0.670845874186 0.915721139476
-0.389275431638 0.627631310198 -0.674198469875 2.954314664747
0.000000000000 0.000000000000 0.000000000000 1.000000000000
27 48 57
0.469862006418 -0.862478142130 0.188045604240 -0.071454112209
0.508557735831 0.438600453348 0.740944445723 -0.483475304667
-0.721525276239 -0.252509597186 0.644701620192 0.852103940131
0.000000000000 0.000000000000 0.000000000000 1.000000000000
29 46 57
0.731998332826 -0.009215734363 0.681244090602 -0.970743681187
0.638101180709 0.359682713404 -0.680775461409 1.386396339007
-0.238757877185 0.933029161344 0.269167717537 1.411093995783
0.000000000000 0.000000000000 0.000000000000 1.000000000000
30 34 57
1.000000000000 0.000000000000 0.000000000000 0.000000000000
0.000000000000 1.000000000000 0.000000000000 0.000000000000
0.000000000000 0.000000000000 1.000000000000 0.000000000000
0.000000000000 0.000000000000 0.000000000000 1.000000000000
30 35 57
-0.407024287277 -0.869455918778 -0.279960059417 0.665142962870
0.691116033808 -0.493545980620 0.527987682458 -0.713825519595
-0.597235177614 0.021418924255 0.801780127157 0.550125136630
0.000000000000 0.000000000000 0.000000000000 1.000000000000
30 40 57
0.956538935795 -0.042349394701 -0.288513072627 0.319716395430
-0.172716165259 -0.879458464158 -0.443533466695 0.596911567255
-0.234951889898 0.474087901753 -0.848550688436 2.840081211252
0.000000000000 0.000000000000 0.000000000000 1.000000000000
30 51 57
-0.993620436882 -0.072172142020 0.086658002091 -0.012557238662
0.093289850280 -0.957765430579 0.271997029071 -0.288946724757
0.063367430475 0.278346118896 0.958388233886 -0.346171385888
0.000000000000 0.000000000000 0.000000000000 1.000000000000
30 52 57
0.300504400835 0.921789528006 0.244951364840 -0.114646842134
0.793222236360 -0.098926619295 -0.600842747929 0.895303330737
-0.529618342604 0.374856759381 -0.760911835316 2.296268142210
0.000000000000 0.000000000000 0.000000000000 1.000000000000
30 53 57
1.000000000000 0.000000000000 0.000000000000 0.000000000000
0.000000000000 1.000000000000 0.000000000000 0.000000000000
0.000000000000 0.000000000000 1.000000000000 0.000000000000
0.000000000000 0.000000000000 0.000000000000 1.000000000000
30 55 57
-0.107434911153 -0.776894773499 -0.620396849424 0.950783129927
0.962671459667 0.074641665845 -0.260177405751 0.490079323399
0.248437921037 -0.625190477078 0.739875304874 0.133095370450
0.000000000000 0.000000000000 0.000000000000 1.000000000000
31 34 57
0.375299502073 -0.915249883343 0.146519400712 0.257717746461
-0.863709504796 -0.402683020621 -0.303071404505 1.226040569942
0.336386942476 -0.012807651829 -0.941636760639 3.621909395297
0.000000000000 0.000000000000 0.000000000000 1.000000000000
31 45 57
-0.210201452625 0.533868951076 0.819023377195 -0.974707612075
-0.961760661152 -0.263378240797 -0.075155391915 0.539928525475
0.175589806008 -0.803502237303 0.568816644161 0.501944733144
0.000000000000 0.000000000000 0.000000000000 1.000000000000
31 46 57
-0.698833895796 0.695688954989 -0.166277069953 0.893974535425
-0.608583448977 -0.456152208061 0.649269858158 -0.025456528074
0.375842216519 0.554925257117 0.742159408278 1.021477791130
0.000000000000 0.000000000000 0.000000000000 1.000000000000
31 51 57
0.021442214834 -0.539038159584 -0.842008369278 2.019133981840
0.381010833210 0.783050587234 -0.491591825410 0.656379532050
0.924321900855 -0.310273492817 0.222169717233 1.979524921246
0.000000000000 0.000000000000 0.000000000000 1.000000000000
32 35 57
1.000000000000 0.000000000000 0.000000000000 0.000000000000
0.000000000000 1.000000000000 0.000000000000 0.000000000000
0.000000000000 0.000000000000 1.000000000000 0.000000000000
0.000000000000 0.000000000000 0.000000000000 1.000000000000
32 46 57
-0.273871788685 -0.625598659450 -0.730493367976 0.333086935849
0.653576287585 -0.678269750920 0.335839517171 -1.538655895069
-0.705572306478 -0.385456174268 0.594635399257 2.471893451927
0.000000000000 0.000000000000 0.000000000000 1.000000000000
33 39 57
0.005298743454 -0.877751175636 -0.479087462774 0.420283973297
0.997866687884 0.035815884152 -0.054582924565 -0.081384207989
0.065069167272 -0.477776198771 0.876068437600 0.169803816717
0.000000000000 0.000000000000 0.000000000000 1.000000000000
33 43 57
0.892223125486 0.297313693452 0.339915374812 -0.029941388487
-0.363171740399 0.919767607539 0.148774443698 -0.453723203874
-0.268410471709 -0.256187657408 0.928613861015 -0.362842694924
0.000000000000 0.000000000000 0.000000000000 1.000000000000
33 46 57
0.846256561599 0.527714711464 0.073259915740 -0.539599582445
0.506059988366 -0.753189577725 -0.420248436262 0.114735409702
-0.166592677285 0.392711908796 -0.904446923023 2.750208807076
0.000000000000 0.000000000000 0.000000000000 1.000000000000
33 47 57
0.829663957659 -0.511515804078 0.223627591186 -0.098009724708
0.507358131771 0.857992953207 0.080223552477 0.041356198268
-0.232906512331 0.046900686831 0.971367531930 0.860254748192
0.000000000000 0.000000000000 0.000000000000 1.000000000000
33 49 57
0.626969370978 -0.534685616810 0.566586885686 -0.235385325716
0.742112741936 0.631184026253 -0.225555765298 0.492732274206
-0.237019168236 0.561887903571 0.792530061076 0.016895924547
0.000000000000 0.000000000000 0.000000000000 1.000000000000
33 52 57
-0.488674883409 -0.785310553023 -0.380110764957 0.379011562510
0.083899518531 -0.475953316585 0.875459485769 -1.529468049475
-0.868422552169 0.395923951969 0.298473608786 1.066896588608
0.000000000000 0.000000000000 0.000000000000 1.000000000000
34 40 57
0.834564218206 0.168510172478 0.524506327379 -1.011801875189
-0.094041698036 0.981673244254 -0.165752226368 -0.557711242476
-0.542824764284 0.089005411557 0.835116346381 0.570194292577
0.000000000000 0.000000000000 0.000000000000 1.000000000000
34 41 57
0.948179527542 -0.294621188963 -0.118970326405 -0.299530993057
0.178488202861 0.803664158825 -0.567684667099 0.389984988678
0.262864118872 0.517032179689 0.814604308960 0.304142524930
0.000000000000 0.000000000000 0.000000000000 1.000000000000
34 44 57
-0.924106331616 0.377062672048 -0.062058272734 -0.380556862987
0.350008477727 0.900356306917 0.258558670544 -0.880833951637
0.153367380449 0.217214782974 -0.964000095784 3.158391621401
0.000000000000 0.000000000000 0.000000000000 1.000000000000
34 48 57
-0.268272896333 0.943433626173 -0.194840052605 -1.062577123818
-0.963060588865 -0.267548150723 0.030533411519 -0.373811930693
-0.023322848612 0.195834062540 0.980359660881 0.247524537169
0.000000000000 0.000000000000 0.000000000000 1.000000000000
34 52 57
0.713844828566 -0.681621220609 0.160680030948 0.008768353151
0.673838639092 0.606063334874 -0.422644913123 0.562237112210
0.190701466163 0.409975298936 0.891937893054 0.444203628175
0.000000000000 0.000000000000 0.000000000000 1.000000000000
34 56 57
1.000000000000 0.000000000000 0.000000000000 0.000000000000
0.000000000000 1.000000000000 0.000000000000 0.000000000000
0.000000000000 0.000000000000 1.000000000000 0.000000000000
0.000000000000 0.000000000000 0.000000000000 1.000000000000
35 38 57
0.848231595033 0.529624743356 0.000890176010 -0.320547715899
-0.528233559215 0.846122900836 -0.071030582154 0.225830837135
-0.038372752152 0.059780163154 0.997473741001 -0.200913182014
0.000000000000 0.000000000000 0.000000000000 1.000000000000
35 40 57
0.919709762706 0.351367642288 0.175142034747 -0.115649510577
-0.081652488960 0.607546360408 -0.790076129877 1.225736268754
-0.384014092748 0.712339946871 0.587456361497 0.469805783325
0.000000000000 0.000000000000 0.000000000000 1.000000000000
35 44 57
-0.542792497610 -0.335897823702 0.769772015970 -1.227498249921
0.366528650974 -0.919393046669 -0.142734627027 0.815344612696
0.755667289588 0.204668213871 0.622155824273 0.556758608716
0.000000000000 0.000000000000 0.000000000000 1.000000000000
35 46 57
-0.041466132251 -0.557199099950 -0.829342946489 0.307410786158
0.168788539583 -0.822033347116 0.543848880788 -0.446309383206
-0.984779665094 -0.117432275136 0.128135365823 1.187429413274
0.000000000000 0.000000000000 0.000000000000 1.000000000000
35 48 57
-0.285246765252 -0.957938416633 -0.031436807277 0.400824614444
0.905170459191 -0.258460200585 -0.337438534436 1.210805794506
0.315120171874 -0.124708919698 0.940822492623 0.671800765719
0.000000000000 0.000000000000 0.000000000000 1.000000000000
35 52 57
0.025344807824 -0.354996010615 -0.934524196136 1.279316730315
0.397459915956 -0.854183125632 0.335256324467 -0.280715452032
-0.917269456553 -0.379932915570 0.119447577378 0.941219326593
0.000000000000 0.000000000000 0.000000000000 1.000000000000
35 54 57
0.584775620249 0.809244293676 0.056224079501 0.376350051702
0.230053992616 -0.231907383500 0.945142383961 -0.913557603031
0.777889860099 -0.539761649834 -0.321783664788 1.617699622259
0.000000000000 0.000000000000 0.000000000000 1.000000000000
36 38 57
0.865978525090 0.098518971682 0.490280742332 -0.609490894245
-0.051003710898 0.992689762408 -0.109387645941 0.332250858380
-0.497473432012 0.069721215054 0.864672849472 0.054865779111
0.000000000000 0.000000000000 0.000000000000 1.000000000000
36 44 57
0.875735965583 0.047037085344 -0.480493528766 0.756902553300
0.280809824419 0.759951024247 0.586191336729 -1.238403414770
0.392724281263 -0.648276139734 0.652307968338 0.889133538741
0.000000000000 0.000000000000 0.000000000000 1.000000000000
36 47 57
-0.170915955273 -0.964452932415 0.201539766273 0.443586409491
-0.442859399530 -0.107525074050 -0.890120166437 0.625389428839
0.880149583014 -0.241389518428 -0.408739295777 2.939285366957
0.000000000000 0.000000000000 0.000000000000 1.000000000000
36 49 57
-0.165967745314 0.972233986917 -0.164972064907 0.412304207477
-0.959242932636 -0.120367955095 0.255664920500 -0.633315683816
0.228708774871 0.200680417755 0.952585778934 0.226515227801
0.000000000000 0.000000000000 0.000000000000 1.000000000000
36 53 57
-0.861803635759 -0.369554815625 0.347453207842 0.011329052761
0.506669409307 -0.594625277134 0.624265079486 -0.873120618289
-0.024095706347 0.714037826758 0.699692345888 0.480066054310
0.000000000000 0.000000000000 0.000000000000 1.000000000000
36 56 57
0.337914256708 0.856557115128 0.390030593206 -0.057776034115
-0.941133299919 0.311507434303 0.131267780348 -0.185110116706
-0.009059078145 -0.411428033680 0.911397227451 -0.084750956564
0.000000000000 0.000000000000 0.000000000000 1.000000000000
37 39 57
0.920512733023 0.117613428053 -0.372590109750 0.342132951181
-0.304966700583 -0.379827766691 -0.873341960051 0.763821544447
-0.244236811062 0.917549970951 -0.313768116498 3.194201597316
0.000000000000 0.000000000000 0.000000000000 1.000000000000
37 47 57
-0.263772841161 0.710060578829 -0.652868947537 0.298090252121
0.399166739661 -0.535813449897 -0.744022755605 0.861372830578
-0.878117191618 -0.456856565349 -0.142099530202 2.101733342335
0.000000000000 0.000000000000 0.000000000000 1.000000000000
37 49 57
-0.786566508059 -0.231049537893 -0.572651062549 0.299933007185
0.459229071922 -0.838841254554 -0.292325177090 0.274326418919
-0.412821738649 -0.492911209751 0.765909101265 1.145372853032
0.000000000000 0.000000000000 0.000000000000 1.000000000000
37 50 57
-0.823087210142 0.471236597414 0.316959798332 0.319305830589
0.218162373120 0.777648981914 -0.589633140082 1.287238755920
-0.524340179135 -0.416170794490 -0.742879025386 3.351622462409
0.000000000000 0.000000000000 0.000000000000 1.000000000000
38 41 57
0.978384014731 -0.010372882475 0.206536009035 0.056539005591
0.007640013301 0.999872454951 0.014025121298 -0.073208907085
-0.206655147324 -0.012144016627 0.978338475654 0.525014488254
0.000000000000 0.000000000000 0.000000000000 1.000000000000
38 42 57
0.861743857673 -0.035845937299 -0.506075678671 0.459488412291
0.183229274681 0.952164813393 0.244559197406 -0.063863397127
0.473101000488 -0.303475265739 0.827090204525 0.165346169502
0.000000000000 0.000000000000 0.000000000000 1.000000000000
38 46 57
-0.487840648989 0.558504917058 -0.670882820480 0.497147958585
-0.811788140957 -0.007688023431 0.583901454441 -0.499047987621
0.320954070539 0.829465582118 0.457138198673 1.687089901564
0.000000000000 0.000000000000 0.000000000000 1.000000000000
38 49 57
0.258859822011 -0.198864528433 0.945221927316 -1.392478146739
0.608379770868 0.793645968146 0.000362826958 0.130824833530
-0.750243725030 0.574959978238 0.326428210297 0.855724980674
0.000000000000 0.000000000000 0.000000000000 1.000000000000
38 51 57
0.680007598724 -0.723547122315 0.118613774358 0.457472158558
0.335146623996 0.450620585774 0.827416357163 -1.500874832317
-0.652124532663 -0.522896404144 0.548919797814 1.414231508090
0.000000000000 0.000000000000 0.000000000000 1.000000000000
38 53 57
-0.896082037627 -0.242899547009 0.371533029360 -0.710610051956
0.372873283424 -0.866018906052 0.333131759022 -0.410412594435
0.240837074288 0.437048125981 0.866594737594 0.703725280234
0.000000000000 0.000000000000 0.000000000000 1.000000000000
38 55 57
-0.020470179999 0.802005622632 -0.596965621287 0.571092163299
-0.816966218247 0.330770789085 0.472394838384 -1.379364346473
0.576322106096 0.497370753418 0.648440562943 1.283745494242
0.000000000000 0.000000000000 0.000000000000 1.000000000000
39 41 57
-0.077633261026 -0.982247286472 0.170772787647 0.095445259467
0.996957152323 -0.075275050967 0.020251003303 0.222992929916
-0.007036562749 0.171825303492 0.985102305278 0.450916177619
0.000000000000 0.000000000000 0.000000000000 1.000000000000
39 46 57
-0.603622574462 0.644614751179 -0.469160537729 0.651323294008
-0.428210281233 0.234250473111 0.872790164297 -0.825754240393
0.672514492518 0.727735211742 0.134631790241 2.096102768638
0.000000000000 0.000000000000 0.000000000000 1.000000000000
39 50 57
1.000000000000 0.000000000000 0.000000000000 0.000000000000
0.000000000000 1.000000000000 0.000000000000 0.000000000000
0.000000000000 0.000000000000 1.000000000000 0.000000000000
0.000000000000 0.000000000000 0.000000000000 1.000000000000
39 51 57
-0.741646112281 -0.301621765463 0.599153865662 -0.617725324401
-0.071164010165 0.923542721025 0.376834879090 -1.925405109253
-0.667005792926 0.236839931263 -0.706406482957 2.071097418119
0.000000000000 0.000000000000 0.000000000000 1.000000000000
39 52 57
0.795913102871 0.494317736859 -0.349531554664 0.892165359328
-0.605301139448 0.638752632035 -0.474979584458 -0.007254160196
-0.011526632723 0.589614323177 0.807602678699 0.135513167825
0.000000000000 0.000000000000 0.000000000000 1.000000000000
40 46 57
-0.513560609645 0.243716733799 0.822713591651 -0.841255039563
0.638062228368 0.749540152270 0.176255930011 0.455396731376
-0.573700351186 0.615460570468 -0.540440739812 1.761777063921
0.000000000000 0.000000000000 0.000000000000 1.000000000000
40 52 57
0.283120034790 0.903287341026 0.322358535551 -0.306478261627
0.706445967478 0.030918093814 -0.707091342409 1.247510213783
-0.648673369991 0.427920612985 -0.629370167745 2.005017572827
0.000000000000 0.000000000000 0.000000000000 1.000000000000
41 46 57
-0.536240090968 0.683159361238 0.495721546829 -0.392969581693
-0.801482709182 -0.227932975260 -0.552876139539 0.401515133404
-0.264711223262 -0.693786599713 0.669767215036 0.774107375025
0.000000000000 0.000000000000 0.000000000000 1.000000000000
41 47 57
0.941893283602 -0.219104407762 0.254617950671 0.438464577372
0.280508281564 0.930044641806 -0.237343776454 0.355356539471
-0.184802993153 0.294974952745 0.937463402472 0.427287746081
0.000000000000 0.000000000000 0.000000000000 1.000000000000
41 49 57
-0.867930587782 0.284435255847 -0.407176964015 0.475056004824
-0.390249790745 -0.897643359267 0.204796241144 -0.096400684099
-0.307248426548 0.336649646954 0.890092927502 -0.470024313499
0.000000000000 0.000000000000 0.000000000000 1.000000000000
41 51 57
1.000000000000 0.000000000000 0.000000000000 0.000000000000
0.000000000000 1.000000000000 0.000000000000 0.000000000000
0.000000000000 0.000000000000 1.000000000000 0.000000000000
0.000000000000 0.000000000000 0.000000000000 1.000000000000
41 55 57
0.853057815201 0.492889871260 -0.171324075175 0.772707314378
-0.490958461193 0.869349711610 0.056487771291 -0.372717907852
0.176782785665 0.035925669550 0.983594018363 -0.111337753281
0.000000000000 0.000000000000 0.000000000000 1.000000000000
42 51 57
-0.144849204316 -0.965395157807 -0.216866081471 1.469499401941
0.697907059012 -0.255051506226 0.669234238629 -1.127917111010
-0.701387514139 -0.054414322152 0.710700103105 0.453441135582
0.000000000000 0.000000000000 0.000000000000 1.000000000000
42 52 57
-0.548524855577 -0.609915564615 -0.571947101447 1.065961660320
-0.469190144914 0.790715136089 -0.393230443220 -0.144118447540
0.692084597957 0.052655271336 -0.719893277973 3.342288495564
0.000000000000 0.000000000000 0.000000000000 1.000000000000
43 49 57
-0.970157290374 -0.242297930773 -0.009302939143 -1.018168130286
0.101094487011 -0.369312230840 -0.923790225564 0.983257058683
0.220396770914 -0.897162297968 0.382785938189 1.600576304833
0.000000000000 0.000000000000 0.000000000000 1.000000000000
44 48 57
-0.910326243968 -0.389063079949 0.141195075568 -0.181921624355
0.407085656437 -0.903257036710 0.135676062582 0.760773702305
0.074748898772 0.180987970470 0.980640584862 0.483546016209
0.000000000000 0.000000000000 0.000000000000 1.000000000000
44 51 57
1.000000000000 0.000000000000 0.000000000000 0.000000000000
0.000000000000 1.000000000000 0.000000000000 0.000000000000
0.000000000000 0.000000000000 1.000000000000 0.000000000000
0.000000000000 0.000000000000 0.000000000000 1.000000000000
44 53 57
1.000000000000 0.000000000000 0.000000000000 0.000000000000
0.000000000000 1.000000000000 0.000000000000 0.000000000000
0.000000000000 0.000000000000 1.000000000000 0.000000000000
0.000000000000 0.000000000000 0.000000000000 1.000000000000
44 55 57
-0.757724370356 0.556801504412 -0.340331989760 0.289802254166
-0.617028934330 -0.441529492440 0.651403869734 -1.426119708318
0.212436043948 0.703579272002 0.678120295553 0.554205434728
0.000000000000 0.000000000000 0.000000000000 1.000000000000
46 48 57
-0.978910777664 -0.135700211306 0.152706064139 -0.447305235667
0.110053446677 -0.980061882792 -0.165429576476 0.068059962222
0.172110221218 -0.145134966670 0.974327415812 -0.410937090273
0.000000000000 0.000000000000 0.000000000000 1.000000000000
46 51 57
0.700799021755 -0.493731300685 -0.514888467370 0.980773472521
0.583953726144 0.811618569258 0.016533110977 -0.673631965274
0.409730126827 -0.312257427068 0.857097732123 -0.455539881594
0.000000000000 0.000000000000 0.000000000000 1.000000000000
46 52 57
0.824771036560 0.213798671150 0.523491036663 -0.696521896856
-0.192233558846 0.976642154554 -0.096001879157 -0.401436171505
-0.531788488128 -0.021452975618 0.846605441591 -0.660416921393
0.000000000000 0.000000000000 0.000000000000 1.000000000000
46 53 57
0.212097089259 0.120689043105 -0.969767487392 1.263056112868
0.685098544199 0.689291553514 0.235620752463 -0.555489342063
0.696889381082 -0.714360769590 0.063512844419 0.502887510856
0.000000000000 0.000000000000 0.000000000000 1.000000000000
47 49 57
0.880716067624 0.304791348563 -0.362548537538 0.016644835839
-0.082115877910 0.852109240085 0.516881829393 -0.672325662352
0.466472068644 -0.425455140764 0.775494508280 -0.013964796925
0.000000000000 0.000000000000 0.000000000000 1.000000000000
48 52 57
-0.273812476344 0.376928176355 0.884845680143 -1.780486970901
-0.134682150064 -0.925967206719 0.352768267472 -0.196135331511
0.952306382554 -0.022580565785 0.304306871096 1.056784867390
0.000000000000 0.000000000000 0.000000000000 1.000000000000
49 51 57
-0.541204720440 0.638856075888 -0.546772681170 -0.059511978410
-0.466649558020 -0.769096683944 -0.436724719641 0.922961133060
-0.699525296592 0.018793750203 0.714360661277 0.395981100527
0.000000000000 0.000000000000 0.000000000000 1.000000000000
49 52 57
0.958582056799 -0.002426726332 0.284806164580 -0.109085102176
-0.129879724622 0.886216913610 0.444691847423 -0.341799409689
-0.253479185566 -0.463264171971 0.849196449270 0.147105086787
0.000000000000 0.000000000000 0.000000000000 1.000000000000
49 53 57
0.541460393698 0.824489991563 -0.164428999474 -0.160963510499
-0.838025726719 0.544961386644 -0.027017927834 0.243571320603
0.067331444466 0.152424869620 0.986018831315 0.232366707601
0.000000000000 0.000000000000 0.000000000000 1.000000000000
50 52 57
0.968768728351 -0.041807920214 0.244416138536 -0.151417950208
0.099702258598 0.968171462742 -0.229572381532 -0.175145772215
-0.227038786554 0.246771385171 0.942102580859 -0.029412983261
0.000000000000 0.000000000000 0.000000000000 1.000000000000
52 56 57
1.000000000000 0.000000000000 0.000000000000 0.000000000000
0.000000000000 1.000000000000 0.000000000000 0.000000000000
0.000000000000 0.000000000000 1.000000000000 0.000000000000
0.000000000000 0.000000000000 0.000000000000 1.000000000000
53 55 57
0.904285620316 -0.119717463686 0.409799030964 -0.529371257250
0.128401485907 0.991701779667 0.006374842948 0.059929477554
-0.407161608342 0.046854125689 0.912153559220 -0.059520620037
0.000000000000 0.000000000000 0.000000000000 1.000000000000
