0 8 38
1.000000000000 0.000000000000 0.000000000000 0.000000000000
0.000000000000 1.000000000000 0.000000000000 0.000000000000
0.000000000000 0.000000000000 1.000000000000 0.000000000000
0.000000000000 0.000000000000 0.000000000000 1.000000000000
0 25 38
-0.779780357687 0.167693647222 -0.603176122245 1.539737822051
0.274936797156 0.957307445188 -0.089287249686 0.615577615542
0.562452088035 -0.235459754668 -0.792594696296 4.621912225302
0.000000000000 0.000000000000 0.000000000000 1.000000000000
1 14 38
1.000000000000 0.000000000000 0.000000000000 0.000000000000
0.000000000000 1.000000000000 0.000000000000 0.000000000000
0.000000000000 0.000000000000 1.000000000000 0.000000000000
0.000000000000 0.000000000000 0.000000000000 1.000000000000
1 30 38
1.000000000000 0.000000000000 0.000000000000 0.000000000000
0.000000000000 1.000000000000 0.000000000000 0.000000000000
0.000000000000 0.000000000000 1.000000000000 0.000000000000
0.000000000000 0.000000000000 0.000000000000 1.000000000000
1 36 38
1.000000000000 0.000000000000 0.000000000000 0.000000000000
0.000000000000 1.000000000000 0.000000000000 0.000000000000
0.000000000000 0.000000000000 1.000000000000 0.000000000000
0.000000000000 0.000000000000 0.000000000000 1.000000000000
2 10 38
1.000000000000 0.000000000000 0.000000000000 0.000000000000
0.000000000000 1.000000000000 0.000000000000 0.000000000000
0.000000000000 0.000000000000 1.000000000000 0.000000000000
0.000000000000 0.000000000000 0.000000000000 1.000000000000
3 15 38
1.000000000000 0.000000000000 0.000000000000 0.000000000000
0.000000000000 1.000000000000 0.000000000000 0.000000000000
0.000000000000 0.000000000000 1.000000000000 0.000000000000
0.000000000000 0.000000000000 0.000000000000 1.000000000000
3 16 38
-0.077709251110 -0.907113931306 -0.413649112076 1.353517810337
-0.869680734054 -0.141184946563 0.472992845274 -1.485115195606
-0.487459427140 0.396498583218 -0.777928133183 5.091669007676
0.000000000000 0.000000000000 0.000000000000 1.000000000000
3 19 38
1.000000000000 0.000000000000 0.000000000000 0.000000000000
0.000000000000 1.000000000000 0.000000000000 0.000000000000
0.000000000000 0.000000000000 1.000000000000 0.000000000000
0.000000000000 0.000000000000 0.000000000000 1.000000000000
3 20 38
1.000000000000 0.000000000000 0.000000000000 0.000000000000
0.000000000000 1.000000000000 0.000000000000 0.000000000000
0.000000000000 0.000000000000 1.000000000000 0.000000000000
0.000000000000 0.000000000000 0.000000000000 1.000000000000
4 14 38
-0.909334205441 0.242465613421 0.338114964360 -1.538774261174
0.205731894158 0.968377905539 -0.141133340466 0.272040559078
-0.361643042989 -0.058776341953 -0.930462063216 4.838853985353
0.000000000000 0.000000000000 0.000000000000 1.000000000000
4 20 38
-0.978954206710 -0.193232757791 -0.065648781261 -0.841766866387
-0.203837750849 0.910150072759 0.360661914242 -1.240086795106
-0.009941453278 0.366453198065 -0.930383373204 4.828953210081
0.000000000000 0.000000000000 0.000000000000 1.000000000000
4 31 38
0.022658586103 -0.915462847052 -0.401764065272 0.140620624139
0.999433293116 0.030748396429 -0.013697763654 -0.214383966266
0.024893394463 -0.401226010853 0.915640763142 -0.103011997898
0.000000000000 0.000000000000 0.000000000000 1.000000000000
4 32 38
0.556010575158 0.022956972523 -0.830858121297 1.798351924543
0.188130223833 -0.977152121228 0.098897678742 -0.278284735572
-0.809604384371 -0.211297679573 -0.547625813320 3.255977510992
0.000000000000 0.000000000000 0.000000000000 1.000000000000
4 36 38
1.000000000000 0.000000000000 0.000000000000 0.000000000000
0.000000000000 1.000000000000 0.000000000000 0.000000000000
0.000000000000 0.000000000000 1.000000000000 0.000000000000
0.000000000000 0.000000000000 0.000000000000 1.000000000000
5 11 38
-0.598868881502 -0.345071601178 0.722690565062 -2.203850260102
0.232199977531 -0.938461417852 -0.255682102695 0.632326574281
0.766445844925 0.014688678108 0.642140957682 -0.197652712479
0.000000000000 0.000000000000 0.000000000000 1.000000000000
5 19 38
0.928978564461 0.361404855368 -0.079908430642 0.090162577195
-0.348962220920 0.927155873521 0.136408777453 -0.698379139412
0.123386365300 -0.098835806831 0.987424573396 -0.676052313775
0.000000000000 0.000000000000 0.000000000000 1.000000000000
5 34 38
-0.128297361420 0.980666320025 0.147761144494 -0.624079362107
-0.955124345575 -0.082072740181 -0.284607712139 0.266356573770
-0.266978035694 -0.177644684943 0.947187993151 -0.547498758911
0.000000000000 0.000000000000 0.000000000000 1.000000000000
6 17 38
0.967498453293 0.020512458969 -0.252043611114 0.792264006573
-0.115108889310 0.923180318912 -0.366726113573 0.783856062623
0.225159246930 0.383819407797 0.895536697026 -0.089455806664
0.000000000000 0.000000000000 0.000000000000 1.000000000000
6 19 38
1.000000000000 0.000000000000 0.000000000000 0.000000000000
0.000000000000 1.000000000000 0.000000000000 0.000000000000
0.000000000000 0.000000000000 1.000000000000 0.000000000000
0.000000000000 0.000000000000 0.000000000000 1.000000000000
7 14 38
0.828738330225 -0.119637847391 -0.546698788628 1.255391658969
0.042456979961 0.987507744081 -0.151742743591 0.111724817231
0.558023462650 0.102543848434 0.823464980603 0.472427667855
0.000000000000 0.000000000000 0.000000000000 1.000000000000
7 15 38
1.000000000000 0.000000000000 0.000000000000 0.000000000000
0.000000000000 1.000000000000 0.000000000000 0.000000000000
0.000000000000 0.000000000000 1.000000000000 0.000000000000
0.000000000000 0.000000000000 0.000000000000 1.000000000000
7 20 38
1.000000000000 0.000000000000 0.000000000000 0.000000000000
0.000000000000 1.000000000000 0.000000000000 0.000000000000
0.000000000000 0.000000000000 1.000000000000 0.000000000000
0.000000000000 0.000000000000 0.000000000000 1.000000000000
8 11 38
1.000000000000 0.000000000000 0.000000000000 0.000000000000
0.000000000000 1.000000000000 0.000000000000 0.000000000000
0.000000000000 0.000000000000 1.000000000000 0.000000000000
0.000000000000 0.000000000000 0.000000000000 1.000000000000
8 21 38
1.000000000000 0.000000000000 0.000000000000 0.000000000000
0.000000000000 1.000000000000 0.000000000000 0.000000000000
0.000000000000 0.000000000000 1.000000000000 0.000000000000
0.000000000000 0.000000000000 0.000000000000 1.000000000000
8 22 38
1.000000000000 0.000000000000 0.000000000000 0.000000000000
0.000000000000 1.000000000000 0.000000000000 0.000000000000
0.000000000000 0.000000000000 1.000000000000 0.000000000000
0.000000000000 0.000000000000 0.000000000000 1.000000000000
8 30 38
1.000000000000 0.000000000000 0.000000000000 0.000000000000
0.000000000000 1.000000000000 0.000000000000 0.000000000000
0.000000000000 0.000000000000 1.000000000000 0.000000000000
0.000000000000 0.000000000000 0.000000000000 1.000000000000
9 13 38
1.000000000000 0.000000000000 0.000000000000 0.000000000000
0.000000000000 1.000000000000 0.000000000000 0.000000000000
0.000000000000 0.000000000000 1.000000000000 0.000000000000
0.000000000000 0.000000000000 0.000000000000 1.000000000000
10 30 38
1.000000000000 0.000000000000 0.000000000000 0.000000000000
0.000000000000 1.000000000000 0.000000000000 0.000000000000
0.000000000000 0.000000000000 1.000000000000 0.000000000000
0.000000000000 0.000000000000 0.000000000000 1.000000000000
11 15 38
1.000000000000 0.000000000000 0.000000000000 0.000000000000
0.000000000000 1.000000000000 0.000000000000 0.000000000000
0.000000000000 0.000000000000 1.000000000000 0.000000000000
0.000000000000 0.000000000000 0.000000000000 1.000000000000
11 21 38
1.000000000000 0.000000000000 0.000000000000 0.000000000000
0.000000000000 1.000000000000 0.000000000000 0.000000000000
0.000000000000 0.000000000000 1.000000000000 0.000000000000
0.000000000000 0.000000000000 0.000000000000 1.000000000000
11 30 38
1.000000000000 0.000000000000 0.000000000000 0.000000000000
0.000000000000 1.000000000000 0.000000000000 0.000000000000
0.000000000000 0.000000000000 1.000000000000 0.000000000000
0.000000000000 0.000000000000 0.000000000000 1.000000000000
12 15 38
1.000000000000 0.000000000000 0.000000000000 0.000000000000
0.000000000000 1.000000000000 0.000000000000 0.000000000000
0.000000000000 0.000000000000 1.000000000000 0.000000000000
0.000000000000 0.000000000000 0.000000000000 1.000000000000
12 16 38
0.798396453285 -0.506480040048 0.325639482273 -0.299445996963
0.446059188938 0.860772953694 0.245155302111 -0.648946764611
-0.404467926227 -0.050476640361 0.913158149190 0.215903416234
0.000000000000 0.000000000000 0.000000000000 1.000000000000
12 20 38
-0.896617515988 0.005972526416 0.442765580135 -1.019506077676
0.194052718684 -0.893479223898 0.405016566124 -1.075830702609
0.398020819047 0.449064812017 0.799950137329 0.901997685942
0.000000000000 0.000000000000 0.000000000000 1.000000000000
12 21 38
1.000000000000 0.000000000000 0.000000000000 0.000000000000
0.000000000000 1.000000000000 0.000000000000 0.000000000000
0.000000000000 0.000000000000 1.000000000000 0.000000000000
0.000000000000 0.000000000000 0.000000000000 1.000000000000
12 28 38
-0.316998467113 0.948419996803 -0.003388438020 0.320374598540
-0.666858219126 -0.220346400869 0.711862050687 -2.098491555144
0.674397573714 0.227918786608 0.702311141361 1.067306968028
0.000000000000 0.000000000000 0.000000000000 1.000000000000
12 30 38
1.000000000000 0.000000000000 0.000000000000 0.000000000000
0.000000000000 1.000000000000 0.000000000000 0.000000000000
0.000000000000 0.000000000000 1.000000000000 0.000000000000
0.000000000000 0.000000000000 0.000000000000 1.000000000000
12 32 38
-0.063486027258 -0.003028137749 0.997978133390 -1.437956834604
0.884493355717 -0.463316074299 0.054860905831 0.385283988924
0.462213184618 0.886187929097 0.032092464641 2.820925015422
0.000000000000 0.000000000000 0.000000000000 1.000000000000
12 37 38
-0.414147579472 0.740775486324 -0.528898346829 1.479343057308
0.871712173066 0.155593390051 -0.464659643504 1.148295015451
-0.261915386617 -0.653484793881 -0.710181634809 4.674193290546
0.000000000000 0.000000000000 0.000000000000 1.000000000000
13 30 38
1.000000000000 0.000000000000 0.000000000000 0.000000000000
0.000000000000 1.000000000000 0.000000000000 0.000000000000
0.000000000000 0.000000000000 1.000000000000 0.000000000000
0.000000000000 0.000000000000 0.000000000000 1.000000000000
14 16 38
0.852544177427 0.489730762289 -0.182571098488 0.450307723877
-0.449079286148 0.865091067346 0.223484317014 -0.530246680325
0.267387771388 -0.108541354637 0.957456293543 0.091688653109
0.000000000000 0.000000000000 0.000000000000 1.000000000000
14 28 38
0.518771519264 0.080977107628 -0.851069220945 2.515091294954
0.843710705543 0.112134166426 0.524955401984 -2.022640778225
0.137943307748 -0.990388124303 -0.010149240731 3.481563396467
0.000000000000 0.000000000000 0.000000000000 1.000000000000
14 30 38
1.000000000000 0.000000000000 0.000000000000 0.000000000000
0.000000000000 1.000000000000 0.000000000000 0.000000000000
0.000000000000 0.000000000000 1.000000000000 0.000000000000
0.000000000000 0.000000000000 0.000000000000 1.000000000000
15 17 38
1.000000000000 0.000000000000 0.000000000000 0.000000000000
0.000000000000 1.000000000000 0.000000000000 0.000000000000
0.000000000000 0.000000000000 1.000000000000 0.000000000000
0.000000000000 0.000000000000 0.000000000000 1.000000000000
15 20 38
1.000000000000 0.000000000000 0.000000000000 0.000000000000
0.000000000000 1.000000000000 0.000000000000 0.000000000000
0.000000000000 0.000000000000 1.000000000000 0.000000000000
0.000000000000 0.000000000000 0.000000000000 1.000000000000
15 32 38
0.795010418028 -0.604051390777 -0.055500923664 0.430127709708
0.464685970242 0.665278589603 -0.584355497344 1.114182999724
0.389904327096 0.438778207658 0.809597616225 1.297869796509
0.000000000000 0.000000000000 0.000000000000 1.000000000000
16 19 38
1.000000000000 0.000000000000 0.000000000000 0.000000000000
0.000000000000 1.000000000000 0.000000000000 0.000000000000
0.000000000000 0.000000000000 1.000000000000 0.000000000000
0.000000000000 0.000000000000 0.000000000000 1.000000000000
16 20 38
1.000000000000 0.000000000000 0.000000000000 0.000000000000
0.000000000000 1.000000000000 0.000000000000 0.000000000000
0.000000000000 0.000000000000 1.000000000000 0.000000000000
0.000000000000 0.000000000000 0.000000000000 1.000000000000
17 30 38
1.000000000000 0.000000000000 0.000000000000 0.000000000000
0.000000000000 1.000000000000 0.000000000000 0.000000000000
0.000000000000 0.000000000000 1.000000000000 0.000000000000
0.000000000000 0.000000000000 0.000000000000 1.000000000000
18 31 38
-0.457258939719 -0.695533100749 0.554209317686 -1.949925124932
0.555599593236 -0.710011100284 -0.432658444352 0.845077075269
0.694423036804 0.110081529949 0.711096830763 1.037562948038
0.000000000000 0.000000000000 0.000000000000 1.000000000000
18 32 38
0.781323465299 0.594466313244 0.190114294546 -0.645394426122
-0.591881619136 0.802387563344 -0.076487561858 -0.185139130479
-0.198014624465 -0.052763629593 0.978777915510 0.530839236409
0.000000000000 0.000000000000 0.000000000000 1.000000000000
18 33 38
0.979164186062 -0.165973149155 0.117006027595 -0.484850240681
0.156128118007 0.983731065363 0.088866201714 0.594702775763
-0.129851867532 -0.068746671186 0.989147303337 0.198146467205
0.000000000000 0.000000000000 0.000000000000 1.000000000000
18 35 38
1.000000000000 0.000000000000 0.000000000000 0.000000000000
0.000000000000 1.000000000000 0.000000000000 0.000000000000
0.000000000000 0.000000000000 1.000000000000 0.000000000000
0.000000000000 0.000000000000 0.000000000000 1.000000000000
18 36 38
1.000000000000 0.000000000000 0.000000000000 0.000000000000
0.000000000000 1.000000000000 0.000000000000 0.000000000000
0.000000000000 0.000000000000 1.000000000000 0.000000000000
0.000000000000 0.000000000000 0.000000000000 1.000000000000
19 32 38
0.075352401334 -0.996669838243 0.031164870441 -0.693018725685
0.994115057513 0.072646469720 -0.080360082523 0.970687682421
0.077828452633 0.037036792161 0.996278579508 0.401323270451
0.000000000000 0.000000000000 0.000000000000 1.000000000000
20 31 38
1.000000000000 0.000000000000 0.000000000000 0.000000000000
0.000000000000 1.000000000000 0.000000000000 0.000000000000
0.000000000000 0.000000000000 1.000000000000 0.000000000000
0.000000000000 0.000000000000 0.000000000000 1.000000000000
21 28 38
0.981585241513 -0.169078665778 0.088897797622 -0.546634246095
0.156085542719 0.978194105532 0.137016769982 -0.017893717113
-0.110125914286 -0.120617978266 0.986571632636 0.117743295112
0.000000000000 0.000000000000 0.000000000000 1.000000000000
21 30 38
1.000000000000 0.000000000000 0.000000000000 0.000000000000
0.000000000000 1.000000000000 0.000000000000 0.000000000000
0.000000000000 0.000000000000 1.000000000000 0.000000000000
0.000000000000 0.000000000000 0.000000000000 1.000000000000
22 34 38
-0.997018069754 -0.076014633365 -0.013294513824 -0.057403779471
0.061257972751 -0.884392430554 0.462706699275 -1.220665737126
-0.046930047495 0.460512545208 0.886411736355 0.864681514539
0.000000000000 0.000000000000 0.000000000000 1.000000000000
23 25 38
1.000000000000 0.000000000000 0.000000000000 0.000000000000
0.000000000000 1.000000000000 0.000000000000 0.000000000000
0.000000000000 0.000000000000 1.000000000000 0.000000000000
0.000000000000 0.000000000000 0.000000000000 1.000000000000
23 26 38
0.993537319611 0.026039765078 0.110478618631 -0.732365773990
-0.029886369503 0.998998273330 0.033305477055 -0.005659754658
-0.109500682454 -0.036392039220 0.993320300821 0.122782544951
0.000000000000 0.000000000000 0.000000000000 1.000000000000
23 27 38
0.996154769077 -0.057356788313 0.066225938124 0.187365170155
0.057180385782 0.998353460146 0.004557641457 -0.037058059857
-0.066378306154 -0.000753291582 0.997794243832 -0.061408975708
0.000000000000 0.000000000000 0.000000000000 1.000000000000
23 28 38
1.000000000000 0.000000000000 0.000000000000 0.000000000000
0.000000000000 1.000000000000 0.000000000000 0.000000000000
0.000000000000 0.000000000000 1.000000000000 0.000000000000
0.000000000000 0.000000000000 0.000000000000 1.000000000000
24 27 38
1.000000000000 0.000000000000 0.000000000000 0.000000000000
0.000000000000 1.000000000000 0.000000000000 0.000000000000
0.000000000000 0.000000000000 1.000000000000 0.000000000000
0.000000000000 0.000000000000 0.000000000000 1.000000000000
25 27 38
1.000000000000 0.000000000000 0.000000000000 0.000000000000
0.000000000000 1.000000000000 0.000000000000 0.000000000000
0.000000000000 0.000000000000 1.000000000000 0.000000000000
0.000000000000 0.000000000000 0.000000000000 1.000000000000
26 28 38
1.000000000000 0.000000000000 0.000000000000 0.000000000000
0.000000000000 1.000000000000 0.000000000000 0.000000000000
0.000000000000 0.000000000000 1.000000000000 0.000000000000
0.000000000000 0.000000000000 0.000000000000 1.000000000000
26 30 38
-0.233701930050 0.954870481373 0.183318770705 -0.829258683917
0.949392634609 0.183409539328 0.254979540815 -1.041859522141
0.209850025594 0.233630701504 -0.949410165352 4.835381148930
0.000000000000 0.000000000000 0.000000000000 1.000000000000
26 32 38
0.403478753340 -0.432530548996 -0.806301568763 1.651531376053
0.904658192736 0.056531188658 0.422371612474 -0.375323299542
-0.137107439324 -0.899845291644 0.414101438282 1.419350959807
0.000000000000 0.000000000000 0.000000000000 1.000000000000
26 33 38
0.970073098311 -0.145052477536 -0.194725351956 -0.201552260557
-0.211333482226 -0.109471906315 -0.971264156148 2.241102342813
0.119567316704 0.983349215939 -0.136850196520 3.335895479907
0.000000000000 0.000000000000 0.000000000000 1.000000000000
26 35 38
0.943868207741 0.330024833047 0.014014848829 0.796509999624
0.012771644197 0.005935038205 -0.999900825295 3.146982017459
-0.330075281595 0.943953592553 0.001386934130 2.415409858023
0.000000000000 0.000000000000 0.000000000000 1.000000000000
26 37 38
-0.425411525856 -0.902564158488 -0.066354905485 0.199949915702
0.038749336594 -0.091418892386 0.995058327450 -1.767151537782
-0.904170073925 0.420738072829 0.073864412877 2.168372921329
0.000000000000 0.000000000000 0.000000000000 1.000000000000
28 36 38
1.000000000000 0.000000000000 0.000000000000 0.000000000000
0.000000000000 1.000000000000 0.000000000000 0.000000000000
0.000000000000 0.000000000000 1.000000000000 0.000000000000
0.000000000000 0.000000000000 0.000000000000 1.000000000000
31 34 38
0.291022002210 -0.956618551897 -0.013679926751 0.392306925892
0.805922325846 0.252832473431 -0.535317611406 1.785107063543
0.515553487945 0.144764244705 0.844540060934 0.934592932915
0.000000000000 0.000000000000 0.000000000000 1.000000000000
32 35 38
0.819319945601 -0.135934351021 0.556988939705 -1.034193778886
0.358478294348 0.879630753551 -0.312638848976 1.129757457645
-0.447446241712 0.455819689812 0.769428535445 -0.064941724252
0.000000000000 0.000000000000 0.000000000000 1.000000000000
32 37 38
0.823022324914 0.373316541078 0.428099302558 -0.858023418111
-0.505067638768 0.825820949591 0.250851429109 -0.597238110126
-0.259886384719 -0.422675430294 0.868219181810 -0.365495825579
0.000000000000 0.000000000000 0.000000000000 1.000000000000
33 35 38
1.000000000000 0.000000000000 0.000000000000 0.000000000000
0.000000000000 1.000000000000 0.000000000000 0.000000000000
0.000000000000 0.000000000000 1.000000000000 0.000000000000
0.000000000000 0.000000000000 0.000000000000 1.000000000000
33 36 38
0.864557966525 0.494942159869 0.087015980727 -0.682528293714
-0.469535162286 0.857297210300 -0.211135559746 0.138906161095
-0.179098447495 0.141681867563 0.973575880201 -0.222667961271
0.000000000000 0.000000000000 0.000000000000 1.000000000000
33 37 38
0.982546203483 0.050423679139 0.179054211355 -0.090774191234
-0.056631216993 0.997952575425 0.029724778631 -0.019461729059
-0.177188778662 -0.039346026290 0.983390068554 -0.297825621296
0.000000000000 0.000000000000 0.000000000000 1.000000000000
