0 12 37
1.000000000000 0.000000000000 0.000000000000 0.000000000000
0.000000000000 1.000000000000 0.000000000000 0.000000000000
0.000000000000 0.000000000000 1.000000000000 0.000000000000
0.000000000000 0.000000000000 0.000000000000 1.000000000000
0 13 37
1.000000000000 0.000000000000 0.000000000000 0.000000000000
0.000000000000 1.000000000000 0.000000000000 0.000000000000
0.000000000000 0.000000000000 1.000000000000 0.000000000000
0.000000000000 0.000000000000 0.000000000000 1.000000000000
0 14 37
0.992551928910 0.083684749013 0.088529832253 -0.478232944285
0.039063799275 0.469702444282 -0.881960108747 1.120358370728
-0.115389288941 0.878849518756 0.462935022848 1.634977619910
0.000000000000 0.000000000000 0.000000000000 1.000000000000
0 18 37
1.000000000000 0.000000000000 0.000000000000 0.000000000000
0.000000000000 1.000000000000 0.000000000000 0.000000000000
0.000000000000 0.000000000000 1.000000000000 0.000000000000
0.000000000000 0.000000000000 0.000000000000 1.000000000000
0 25 37
0.080932278337 -0.105964598878 0.991070870376 -1.870718807846
-0.460225509763 -0.885961106701 -0.057143657363 -0.887649420656
0.884105449868 -0.451491330147 -0.120470462418 2.924483604503
0.000000000000 0.000000000000 0.000000000000 1.000000000000
0 32 37
-0.203795325448 0.160217709513 0.965814553050 -0.573529896000
-0.887550652493 -0.446587325857 -0.113197171533 -0.401022457829
0.413184346975 -0.880278391159 0.233213742033 1.936675618815
0.000000000000 0.000000000000 0.000000000000 1.000000000000
1 4 37
1.000000000000 0.000000000000 0.000000000000 0.000000000000
0.000000000000 1.000000000000 0.000000000000 0.000000000000
0.000000000000 0.000000000000 1.000000000000 0.000000000000
0.000000000000 0.000000000000 0.000000000000 1.000000000000
1 20 37
-0.694132319229 0.543549548379 0.471947255378 -0.549684086988
-0.682081572303 -0.706202535954 -0.189849168913 0.619094337760
0.230097918561 -0.453686969914 0.860943134710 1.043673845238
0.000000000000 0.000000000000 0.000000000000 1.000000000000
2 15 37
-0.394165881311 0.918544643688 0.030149553286 0.833447201708
-0.862979555868 -0.381205466953 0.331585099362 -0.970297835548
0.316068891484 0.104681084816 0.942943437496 0.203651094445
0.000000000000 0.000000000000 0.000000000000 1.000000000000
2 25 37
0.854258232288 0.134990858924 0.502016275209 0.269324287101
0.185204808269 0.823301799119 -0.536538280612 0.762058022563
-0.485738665912 0.551318071148 0.678311383410 1.937584027837
0.000000000000 0.000000000000 0.000000000000 1.000000000000
2 26 37
-0.202814899444 -0.880707074518 -0.428043415389 -0.055623969325
0.975651160143 -0.219018644173 -0.011646768490 -0.462981321360
-0.083492097081 -0.419983192996 0.903683123294 1.444389413418
0.000000000000 0.000000000000 0.000000000000 1.000000000000
2 28 37
0.802008878620 -0.399865943596 0.443721743626 -0.062215351083
0.127377003273 -0.611282667536 -0.781094488143 1.101497651667
0.583572495627 0.682964660522 -0.439320401104 3.054845238960
0.000000000000 0.000000000000 0.000000000000 1.000000000000
2 31 37
0.150114430391 0.967975188552 -0.201220506249 0.289248961262
-0.531308458430 0.250622650735 0.809258678631 -1.494147055663
0.833772738694 -0.014571248602 0.551915481687 1.623048683431
0.000000000000 0.000000000000 0.000000000000 1.000000000000
3 5 37
1.000000000000 0.000000000000 0.000000000000 0.000000000000
0.000000000000 1.000000000000 0.000000000000 0.000000000000
0.000000000000 0.000000000000 1.000000000000 0.000000000000
0.000000000000 0.000000000000 0.000000000000 1.000000000000
3 11 37
1.000000000000 0.000000000000 0.000000000000 0.000000000000
0.000000000000 1.000000000000 0.000000000000 0.000000000000
0.000000000000 0.000000000000 1.000000000000 0.000000000000
0.000000000000 0.000000000000 0.000000000000 1.000000000000
3 18 37
1.000000000000 0.000000000000 0.000000000000 0.000000000000
0.000000000000 1.000000000000 0.000000000000 0.000000000000
0.000000000000 0.000000000000 1.000000000000 0.000000000000
0.000000000000 0.000000000000 0.000000000000 1.000000000000
3 21 37
1.000000000000 0.000000000000 0.000000000000 0.000000000000
0.000000000000 1.000000000000 0.000000000000 0.000000000000
0.000000000000 0.000000000000 1.000000000000 0.000000000000
0.000000000000 0.000000000000 0.000000000000 1.000000000000
3 22 37
1.000000000000 0.000000000000 0.000000000000 0.000000000000
0.000000000000 1.000000000000 0.000000000000 0.000000000000
0.000000000000 0.000000000000 1.000000000000 0.000000000000
0.000000000000 0.000000000000 0.000000000000 1.000000000000
3 25 37
-0.260765771841 -0.936870977910 -0.232967772422 -0.240249171369
0.882878203099 -0.133804128892 -0.450136127837 -0.416433916412
0.390547424430 -0.323062263104 0.862034502458 1.311599316975
0.000000000000 0.000000000000 0.000000000000 1.000000000000
3 26 37
-0.121212004557 -0.979542294649 0.160637924989 -0.119904899768
0.992325271580 -0.115590421606 0.043925047718 -0.436009753221
-0.024458236559 0.164729315625 0.986035520272 1.113989881120
0.000000000000 0.000000000000 0.000000000000 1.000000000000
3 29 37
-0.884183483359 0.164258203644 -0.437308598463 0.034308676051
0.064022612496 -0.884697417885 -0.461748398889 -0.553408742146
-0.462731750417 -0.436267946706 0.771718605343 0.924894255509
0.000000000000 0.000000000000 0.000000000000 1.000000000000
4 11 37
0.504944281685 0.515165199006 -0.692557643902 1.244661303870
-0.736569617521 0.675477516337 -0.034573450330 0.601974378856
0.449996078804 0.527574584922 0.720533542873 0.768889594937
0.000000000000 0.000000000000 0.000000000000 1.000000000000
4 20 37
-0.303458770714 0.147501575938 -0.941358624315 2.383409807040
0.946001100566 -0.071555180239 -0.316167319484 -0.100344879194
-0.113994263916 -0.986470040740 -0.117822606139 2.626948045964
0.000000000000 0.000000000000 0.000000000000 1.000000000000
5 16 37
1.000000000000 0.000000000000 0.000000000000 0.000000000000
0.000000000000 1.000000000000 0.000000000000 0.000000000000
0.000000000000 0.000000000000 1.000000000000 0.000000000000
0.000000000000 0.000000000000 0.000000000000 1.000000000000
5 26 37
-0.664879431977 -0.742223012662 -0.083906736376 0.126261220580
0.485254422072 -0.343804105328 -0.803944577082 1.493753011345
0.567858685584 -0.575242328619 0.588755277319 1.013917129441
0.000000000000 0.000000000000 0.000000000000 1.000000000000
5 31 37
0.450918782509 -0.530313672305 -0.717941265388 1.784887833047
-0.871160471072 -0.436583182073 -0.224665437424 0.000312352463
-0.194297929025 0.726747916472 -0.658851865506 2.656040699116
0.000000000000 0.000000000000 0.000000000000 1.000000000000
6 26 37
-0.364079962510 -0.888588614411 -0.279026979407 0.186359431680
0.767346354345 -0.116394027416 -0.630580687030 0.868834912224
0.527849745071 -0.443692128305 0.724231966920 0.829641975051
0.000000000000 0.000000000000 0.000000000000 1.000000000000
7 20 37
1.000000000000 0.000000000000 0.000000000000 0.000000000000
0.000000000000 1.000000000000 0.000000000000 0.000000000000
0.000000000000 0.000000000000 1.000000000000 0.000000000000
0.000000000000 0.000000000000 0.000000000000 1.000000000000
7 21 37
0.554676237703 -0.741321039373 -0.377858952401 0.417401011847
-0.119478191946 -0.520375976155 0.845537583487 -2.370120806096
-0.823443521425 -0.423853701202 -0.377211886081 2.379638027144
0.000000000000 0.000000000000 0.000000000000 1.000000000000
8 28 37
-0.152909723890 0.782817118585 0.603171596803 -0.045764182404
-0.908496606067 -0.351547696604 0.225938340655 -0.877595994511
0.388911986322 -0.513431179286 0.764941756627 1.804727278534
0.000000000000 0.000000000000 0.000000000000 1.000000000000
8 29 37
-0.826826145351 0.399572786119 0.395853652196 0.047695099763
0.553504585858 0.703104969715 0.446403489005 -0.439927559768
-0.099955984304 0.588204887905 -0.802510941388 3.671217993159
0.000000000000 0.000000000000 0.000000000000 1.000000000000
8 31 37
0.714252727835 -0.431916615218 -0.550718692509 1.716963253001
0.183252667379 0.874826540235 -0.448438384173 0.305516394770
0.675471317436 0.219377669784 0.703997114569 1.911693691364
0.000000000000 0.000000000000 0.000000000000 1.000000000000
9 20 37
-0.406037666062 0.906461846741 0.116018680140 -0.174362217281
0.906842189657 0.415360184704 -0.071506363499 -0.295146563331
-0.113007330723 0.076176356996 -0.990669725912 4.367321002579
0.000000000000 0.000000000000 0.000000000000 1.000000000000
9 28 37
-0.514436832500 -0.654338885538 -0.554252080049 -0.095555241928
0.838552147811 -0.248636751193 -0.484778363128 1.035791925896
0.179401897337 -0.714157117747 0.676605180592 1.704165168434
0.000000000000 0.000000000000 0.000000000000 1.000000000000
9 29 37
-0.475634440817 0.877955879191 -0.054455053967 0.080475634038
-0.875231312185 -0.478533576527 -0.070539111903 -0.100918083272
-0.087988799743 0.014109937293 0.996021526268 1.088732302415
0.000000000000 0.000000000000 0.000000000000 1.000000000000
9 31 37
-0.582076983381 -0.130227612091 -0.802637623382 0.671787187864
0.813071154507 -0.080974415639 -0.576505370071 1.061959751317
0.010083805179 -0.988172005807 0.153017658497 2.165939810335
0.000000000000 0.000000000000 0.000000000000 1.000000000000
10 26 37
-0.462793072592 0.163420882856 -0.871272739736 1.698354678793
0.728803088399 0.629664556092 -0.269014135580 0.300443927770
0.504647035364 -0.759484141933 -0.410506038751 2.135299473369
0.000000000000 0.000000000000 0.000000000000 1.000000000000
10 34 37
-0.633871823696 0.261640261996 0.727839875541 -0.682833790898
0.062043555778 -0.920811182945 0.385042026992 -0.628240890041
0.770945593613 0.289225065765 0.567443171623 1.590179116662
0.000000000000 0.000000000000 0.000000000000 1.000000000000
11 19 37
-0.563868216578 -0.662731832524 0.492787126955 0.065695355469
0.825026601011 -0.425151906011 0.372259270456 -1.450178542481
-0.037198682201 0.616467659310 0.786501038186 0.380385407663
0.000000000000 0.000000000000 0.000000000000 1.000000000000
11 26 37
0.992098069306 0.125307860920 0.006273824238 1.520961018643
0.116177583303 -0.898630396416 -0.423043945443 0.203329547883
-0.047372882716 0.420429959243 -0.906087445754 2.219274265208
0.000000000000 0.000000000000 0.000000000000 1.000000000000
11 29 37
-0.211496614888 0.432572116518 0.876441980910 -0.112617798661
-0.888970714132 -0.457821143312 0.011439849294 -0.979976504133
0.406202229569 -0.776711764265 0.481371565369 1.000005705438
0.000000000000 0.000000000000 0.000000000000 1.000000000000
11 30 37
0.480707155323 -0.861948840372 -0.161136052463 0.977410292367
0.864942492466 0.496307685569 -0.074519567713 -0.116155267576
0.144205116235 -0.103551329432 0.984114834064 0.736469130678
0.000000000000 0.000000000000 0.000000000000 1.000000000000
12 35 37
-0.899184386777 0.398257758095 -0.181268300298 0.770714514815
-0.321871739772 -0.882638287414 -0.342561289009 0.367364047993
-0.296422033109 -0.249680619409 0.921842484690 0.719798971249
0.000000000000 0.000000000000 0.000000000000 1.000000000000
13 32 37
-0.812355659944 0.521081241511 0.261825555480 -0.940426485592
0.034644064050 -0.405060206056 0.913633415707 -0.519110361210
0.582132347996 0.751265977677 0.311000579102 2.118437575207
0.000000000000 0.000000000000 0.000000000000 1.000000000000
15 21 37
1.000000000000 0.000000000000 0.000000000000 0.000000000000
0.000000000000 1.000000000000 0.000000000000 0.000000000000
0.000000000000 0.000000000000 1.000000000000 0.000000000000
0.000000000000 0.000000000000 0.000000000000 1.000000000000
15 25 37
0.878346338885 0.404034407236 -0.255468015095 0.155875818897
-0.419569364441 0.907696335072 -0.006993691455 -0.713071189642
0.229061689048 0.113329436013 0.966792212186 1.075988519254
0.000000000000 0.000000000000 0.000000000000 1.000000000000
15 28 37
-0.508538198415 0.687678468219 0.518157529232 -1.132813610648
-0.841536457572 -0.524306042343 -0.130075226463 -0.338679927393
0.182223190975 -0.502196672939 0.845336152285 0.636346003327
0.000000000000 0.000000000000 0.000000000000 1.000000000000
15 32 37
-0.884866466827 0.463845889425 -0.043108314139 -0.440832879161
-0.443343533206 -0.810099797654 0.383646750807 -0.441381652677
0.143030931792 0.358587937197 0.922473221209 0.785293590907
0.000000000000 0.000000000000 0.000000000000 1.000000000000
15 34 37
0.898073881578 -0.002282504219 0.439838712941 -0.496707074271
0.010644685050 0.999806438545 -0.016546181573 -0.247001272315
-0.439715810390 0.019541638083 0.897924345630 0.487923219305
0.000000000000 0.000000000000 0.000000000000 1.000000000000
15 35 37
-0.054545489055 0.444736658538 0.893998934102 -1.232600357664
0.073002110590 -0.891159554066 0.447778227527 -1.396640859509
0.995839084126 0.089688091463 0.016142018973 2.032710090845
0.000000000000 0.000000000000 0.000000000000 1.000000000000
16 19 37
-0.697360884721 0.645828093885 0.310795543098 0.094107274637
-0.547979746908 -0.759938770607 0.349587273662 -0.090989564467
0.461958865528 0.073478827401 0.883852288838 0.059536426287
0.000000000000 0.000000000000 0.000000000000 1.000000000000
17 24 37
0.407170573745 0.887631399776 0.215226908189 -0.427868731470
-0.524763760517 0.034481971741 0.850549228013 -1.639527576702
0.747552753673 -0.459261898874 0.479836835517 1.957196842167
0.000000000000 0.000000000000 0.000000000000 1.000000000000
17 26 37
0.120505872605 0.122082918542 -0.985177189986 1.258694700383
-0.972654476496 0.213008339448 -0.092578165234 -0.957294302260
0.198548744696 0.969393216567 0.144413253041 2.153230675053
0.000000000000 0.000000000000 0.000000000000 1.000000000000
18 22 37
1.000000000000 0.000000000000 0.000000000000 0.000000000000
0.000000000000 1.000000000000 0.000000000000 0.000000000000
0.000000000000 0.000000000000 1.000000000000 0.000000000000
0.000000000000 0.000000000000 0.000000000000 1.000000000000
18 26 37
0.077630547499 -0.897081606523 -0.434992056632 0.727801533951
-0.875327730434 -0.270190230405 0.400997012117 -0.132145520620
-0.477257647847 0.349630992092 -0.806215422167 3.060466136972
0.000000000000 0.000000000000 0.000000000000 1.000000000000
18 29 37
0.349707717580 0.829535774675 0.435402010560 -0.566288584965
0.926502195023 -0.375136346193 -0.029434747876 0.384859140230
0.138917942985 0.413694476998 -0.899754791495 3.750318307839
0.000000000000 0.000000000000 0.000000000000 1.000000000000
18 36 37
0.238286873589 -0.890747532007 -0.387024805533 1.416520310802
0.475900911921 0.454473502545 -0.752975535803 1.603850721949
0.846603619120 -0.004761271574 0.532202632824 1.375971341528
0.000000000000 0.000000000000 0.000000000000 1.000000000000
19 23 37
1.000000000000 0.000000000000 0.000000000000 0.000000000000
0.000000000000 1.000000000000 0.000000000000 0.000000000000
0.000000000000 0.000000000000 1.000000000000 0.000000000000
0.000000000000 0.000000000000 0.000000000000 1.000000000000
19 26 37
0.689772218540 -0.219363738559 -0.689995533852 0.703428740165
0.118953528841 0.974382895625 -0.190861286514 0.842527669242
0.714187891599 0.049573409396 0.698196342424 1.423997453019
0.000000000000 0.000000000000 0.000000000000 1.000000000000
19 29 37
0.915665197389 0.385192667486 0.114820970231 0.213537803442
-0.363144026642 0.915254974637 -0.174455574050 0.852774565109
-0.172289472123 0.118046348175 0.977947543316 0.874494457029
0.000000000000 0.000000000000 0.000000000000 1.000000000000
20 26 37
-0.946585643079 -0.136322765975 -0.292218623283 0.425671070474
-0.175721709772 -0.541766397463 0.821955626111 -0.717666235037
-0.270365495268 0.829400551035 0.488873424223 1.399673997811
0.000000000000 0.000000000000 0.000000000000 1.000000000000
20 28 37
0.999206780881 -0.016512216195 0.036237491040 0.809891761284
0.012630485769 0.994408089983 0.104847610398 0.338243351690
-0.037766120661 -0.104306746154 0.993827863786 0.460404482958
0.000000000000 0.000000000000 0.000000000000 1.000000000000
20 34 37
-0.385203284899 -0.895709078632 -0.222089341840 0.332193511616
0.887081192464 -0.425734238470 0.178430143672 -0.097195251222
-0.254372536409 -0.128279400726 0.958560904726 0.253298864009
0.000000000000 0.000000000000 0.000000000000 1.000000000000
21 26 37
0.781359507721 0.258346376772 -0.568097235781 1.314436851879
0.044421417559 -0.931007994219 -0.362285595023 -1.097915867981
-0.622498238837 0.257839609657 -0.738928060325 2.155877347353
0.000000000000 0.000000000000 0.000000000000 1.000000000000
21 28 37
0.915688562269 -0.382946237329 -0.121928816302 0.578570667923
-0.191984219048 -0.150277634850 -0.969824052135 0.840432364205
0.353067297502 0.911465200531 -0.211127145708 2.889475351476
0.000000000000 0.000000000000 0.000000000000 1.000000000000
21 31 37
0.138805201888 -0.493043611495 0.858860357155 -0.598740438866
0.586716060572 0.739608593538 0.329762630738 -0.508985602221
-0.797807859196 0.458134396797 0.391938125571 0.974638262925
0.000000000000 0.000000000000 0.000000000000 1.000000000000
21 32 37
0.010993022382 -0.907262866484 -0.420420318916 0.373106523471
-0.992150802327 0.042478669551 -0.117611003210 -1.214903953393
0.124562991702 0.418413257118 -0.899674611938 3.435629464549
0.000000000000 0.000000000000 0.000000000000 1.000000000000
21 33 37
0.836475901138 0.348296146612 0.423081388234 -0.708956338430
-0.545232295750 0.451405565838 0.706367297376 -1.441877730316
0.055043714317 -0.821536858203 0.567492185081 1.575626421274
0.000000000000 0.000000000000 0.000000000000 1.000000000000
21 34 37
-0.551638746950 -0.120225676877 -0.825372933578 1.160203102949
-0.226799664006 0.973892904116 0.009722330998 -0.247477792792
0.802655969435 0.192557518504 -0.564504204411 2.950745887581
0.000000000000 0.000000000000 0.000000000000 1.000000000000
21 36 37
-0.781271218671 -0.387691612921 0.489193720469 -0.045385907022
0.433584633666 -0.900856822061 -0.021479096675 -0.210054654218
0.449020766029 0.195325880046 0.871910633184 0.632782304002
0.000000000000 0.000000000000 0.000000000000 1.000000000000
22 26 37
0.128962401074 -0.969393085220 0.208915641914 -0.291716066070
0.960845826947 0.174253495122 0.215432161658 -0.214258729154
-0.245242728634 0.172953073881 0.953909449731 1.654531312540
0.000000000000 0.000000000000 0.000000000000 1.000000000000
22 29 37
0.970721285183 0.189278230920 -0.147898403619 0.130412872629
-0.177587373598 0.980096722746 0.088730709459 -0.517967806058
0.161749532401 -0.059867899263 0.985014174216 0.896593633472
0.000000000000 0.000000000000 0.000000000000 1.000000000000
22 32 37
0.413093412235 -0.884069504155 -0.218574803193 0.000210624662
0.905478746872 0.424360831482 -0.005111131762 -0.115839213950
0.097273180947 -0.195803464033 0.975806810666 0.976683451909
0.000000000000 0.000000000000 0.000000000000 1.000000000000
23 28 37
0.818407948209 -0.246564366971 0.519051484198 0.037225499801
0.224731570177 -0.693993343531 -0.684009473984 1.496627469045
0.528870637938 0.676446045206 -0.512558871011 3.080514720195
0.000000000000 0.000000000000 0.000000000000 1.000000000000
25 34 37
0.167775613037 -0.886922224394 -0.430372294120 0.090312624159
0.606762096815 -0.251170304709 0.754157301828 -1.072638650540
-0.776975611933 -0.387662799232 0.496010536736 -0.180481181750
0.000000000000 0.000000000000 0.000000000000 1.000000000000
26 28 37
-0.154864712876 -0.752145242035 -0.640542313661 0.153977709803
0.985493428055 -0.072050312060 -0.153660195860 0.959734873147
0.069423511619 -0.655046782617 0.752392243858 -0.102139399179
0.000000000000 0.000000000000 0.000000000000 1.000000000000
26 29 37
0.129704353459 0.876114214194 -0.464328186072 0.403535674411
-0.776739657223 0.380848023308 0.501627638831 -0.703393279765
0.616321576444 0.295598827517 0.729910301051 -0.110379358580
0.000000000000 0.000000000000 0.000000000000 1.000000000000
26 31 37
-0.305780317094 -0.856268954617 0.416295417988 -1.004149945145
0.201958499222 -0.485621463978 -0.850520169259 0.772610809485
0.930436006542 -0.175997929201 0.321424278247 0.468707843605
0.000000000000 0.000000000000 0.000000000000 1.000000000000
26 32 37
0.978468157584 0.197743575980 -0.059140026651 -0.167417908704
-0.181421706978 0.960632434882 0.210407911662 -0.585495149426
0.098418640667 -0.195148157079 0.975823225773 -0.559388771616
0.000000000000 0.000000000000 0.000000000000 1.000000000000
26 33 37
0.945198015642 0.299588445089 -0.129797822772 -0.253536560927
-0.222348370062 0.881750826250 0.416024858317 -1.637210747502
0.239085577897 -0.364365536208 0.900042133717 -0.283177649021
0.000000000000 0.000000000000 0.000000000000 1.000000000000
26 34 37
0.312689656283 0.939754586592 0.138153884609 -0.246780167348
-0.710681522268 0.134966020796 0.690446194238 -0.928064050715
0.630203897767 -0.314078796179 0.710068698810 -0.325414465494
0.000000000000 0.000000000000 0.000000000000 1.000000000000
26 35 37
0.501147168747 -0.348457656119 -0.792104019147 0.518784149585
0.227844488150 0.936178999669 -0.267685953683 -0.550439084102
0.834828368275 -0.046326477002 0.548557611425 -0.381626985903
0.000000000000 0.000000000000 0.000000000000 1.000000000000
28 31 37
1.000000000000 0.000000000000 0.000000000000 0.000000000000
0.000000000000 1.000000000000 0.000000000000 0.000000000000
0.000000000000 0.000000000000 1.000000000000 0.000000000000
0.000000000000 0.000000000000 0.000000000000 1.000000000000
28 34 37
-0.980883840121 -0.099772680305 -0.167069759244 -0.353787567952
0.104384917724 -0.994354810566 -0.019034170743 0.043323288808
-0.164227528572 -0.036109873565 0.985761328056 0.072786833859
0.000000000000 0.000000000000 0.000000000000 1.000000000000
29 32 37
1.000000000000 0.000000000000 0.000000000000 0.000000000000
0.000000000000 1.000000000000 0.000000000000 0.000000000000
0.000000000000 0.000000000000 1.000000000000 0.000000000000
0.000000000000 0.000000000000 0.000000000000 1.000000000000
29 33 37
0.908506170767 0.211919692207 -0.360147999763 0.498516513975
-0.328815822483 0.894406800797 -0.303177554534 -0.421015883858
0.257869526240 0.393861039889 0.882256645594 -0.167189184816
0.000000000000 0.000000000000 0.000000000000 1.000000000000
30 32 37
-0.649434384013 -0.407980184979 -0.641706435628 0.183663331610
-0.334616775063 0.911117216767 -0.240618019188 0.978420890113
0.682837165588 0.058460122953 -0.728227862222 2.702016395692
0.000000000000 0.000000000000 0.000000000000 1.000000000000
30 33 37
1.000000000000 0.000000000000 0.000000000000 0.000000000000
0.000000000000 1.000000000000 0.000000000000 0.000000000000
0.000000000000 0.000000000000 1.000000000000 0.000000000000
0.000000000000 0.000000000000 0.000000000000 1.000000000000
31 35 37
0.313063806855 0.480186459958 0.819397349587 -1.233587561297
-0.373017811618 0.855603816284 -0.358886920596 0.194221551371
-0.873412139286 -0.193295300596 0.446976690348 0.618411684419
0.000000000000 0.000000000000 0.000000000000 1.000000000000
