0 23 60
1.000000000000 0.000000000000 0.000000000000 0.000000000000
0.000000000000 1.000000000000 0.000000000000 0.000000000000
0.000000000000 0.000000000000 1.000000000000 0.000000000000
0.000000000000 0.000000000000 0.000000000000 1.000000000000
0 26 60
1.000000000000 0.000000000000 0.000000000000 0.000000000000
0.000000000000 1.000000000000 0.000000000000 0.000000000000
0.000000000000 0.000000000000 1.000000000000 0.000000000000
0.000000000000 0.000000000000 0.000000000000 1.000000000000
0 36 60
1.000000000000 0.000000000000 0.000000000000 0.000000000000
0.000000000000 1.000000000000 0.000000000000 0.000000000000
0.000000000000 0.000000000000 1.000000000000 0.000000000000
0.000000000000 0.000000000000 0.000000000000 1.000000000000
0 47 60
0.976866176066 0.130862762424 0.169137256298 0.712384667865
-0.141224582153 0.988678139854 0.050706539726 -0.361570840547
-0.160586710076 -0.073419841911 0.984287272782 0.162584891003
0.000000000000 0.000000000000 0.000000000000 1.000000000000
0 50 60
1.000000000000 0.000000000000 0.000000000000 0.000000000000
0.000000000000 1.000000000000 0.000000000000 0.000000000000
0.000000000000 0.000000000000 1.000000000000 0.000000000000
0.000000000000 0.000000000000 0.000000000000 1.000000000000
1 8 60
0.685012825408 -0.560001461919 0.465999776476 -0.373615782579
0.389000109792 0.821980115496 0.415965869166 -0.745572126451
-0.615984044930 -0.103667991099 0.780907551515 0.740321008018
0.000000000000 0.000000000000 0.000000000000 1.000000000000
1 20 60
-0.077074568788 0.084778097364 0.993414407513 -0.352818043225
-0.067133861178 0.993675712880 -0.090009012412 0.289664449976
-0.994762562388 -0.073629150745 -0.070895646066 1.859269627143
0.000000000000 0.000000000000 0.000000000000 1.000000000000
1 21 60
-0.506767418409 -0.357722514145 -0.784360495253 1.726713251418
0.781096934960 0.194474361130 -0.593352594214 1.046487357024
0.364793587986 -0.913353341121 0.180862689428 3.092572570597
0.000000000000 0.000000000000 0.000000000000 1.000000000000
1 22 60
-0.310850201913 -0.938358155054 0.151182422305 -0.513598009585
-0.662098260157 0.099664585315 -0.742760300724 1.403107878029
0.681907652009 -0.330984808227 -0.652266058334 3.068591195418
0.000000000000 0.000000000000 0.000000000000 1.000000000000
1 30 60
1.000000000000 0.000000000000 0.000000000000 0.000000000000
0.000000000000 1.000000000000 0.000000000000 0.000000000000
0.000000000000 0.000000000000 1.000000000000 0.000000000000
0.000000000000 0.000000000000 0.000000000000 1.000000000000
1 56 60
-0.923472837122 0.177979958521 0.339883882323 -0.452356064696
0.173418055706 -0.596590509707 0.783585312320 -1.240496435132
0.342233979980 0.782561753533 0.520070192237 1.254863973875
0.000000000000 0.000000000000 0.000000000000 1.000000000000
2 13 60
0.828938084782 -0.030256603224 0.558521431602 -1.122171888616
-0.468490358964 0.507963186438 0.722834825379 -0.920796995474
-0.305578852598 -0.860847221744 0.406895104001 1.030966584910
0.000000000000 0.000000000000 0.000000000000 1.000000000000
2 21 60
-0.909039639125 -0.009076551818 -0.416610790434 0.267418477053
0.269742947883 0.749223658489 -0.604898877192 0.920354618686
0.317625056578 -0.662254879761 -0.678625668293 3.595554219461
0.000000000000 0.000000000000 0.000000000000 1.000000000000
2 23 60
1.000000000000 0.000000000000 0.000000000000 0.000000000000
0.000000000000 1.000000000000 0.000000000000 0.000000000000
0.000000000000 0.000000000000 1.000000000000 0.000000000000
0.000000000000 0.000000000000 0.000000000000 1.000000000000
2 24 60
0.783943051213 0.482897060521 0.390184214692 -0.924027070689
-0.614887580965 0.690697118428 0.380592634414 -1.236493407326
-0.085712048330 -0.538282378994 0.838394611884 0.520866722121
0.000000000000 0.000000000000 0.000000000000 1.000000000000
2 47 60
1.000000000000 0.000000000000 0.000000000000 0.000000000000
0.000000000000 1.000000000000 0.000000000000 0.000000000000
0.000000000000 0.000000000000 1.000000000000 0.000000000000
0.000000000000 0.000000000000 0.000000000000 1.000000000000
2 56 60
-0.090121582938 0.990817298245 -0.100792766541 -0.214357567242
-0.411827211909 0.055071916404 0.909596301419 -1.571406506563
0.906794600679 0.123483462544 0.403082357166 2.122873138061
0.000000000000 0.000000000000 0.000000000000 1.000000000000
2 59 60
1.000000000000 0.000000000000 0.000000000000 0.000000000000
0.000000000000 1.000000000000 0.000000000000 0.000000000000
0.000000000000 0.000000000000 1.000000000000 0.000000000000
0.000000000000 0.000000000000 0.000000000000 1.000000000000
3 19 60
-0.321043674578 0.103144559250 0.941430910322 -0.504489056955
0.341064775375 -0.914761695257 0.216531429334 0.102572286736
0.883518974336 0.390604967695 0.258499480076 1.893214815616
0.000000000000 0.000000000000 0.000000000000 1.000000000000
4 34 60
1.000000000000 0.000000000000 0.000000000000 0.000000000000
0.000000000000 1.000000000000 0.000000000000 0.000000000000
0.000000000000 0.000000000000 1.000000000000 0.000000000000
0.000000000000 0.000000000000 0.000000000000 1.000000000000
4 51 60
1.000000000000 0.000000000000 0.000000000000 0.000000000000
0.000000000000 1.000000000000 0.000000000000 0.000000000000
0.000000000000 0.000000000000 1.000000000000 0.000000000000
0.000000000000 0.000000000000 0.000000000000 1.000000000000
5 14 60
0.129020290671 0.642056325086 0.755723123910 -2.126107983798
0.916919675167 0.212980649550 -0.337487114138 0.729008710875
-0.377640138078 0.736480086855 -0.561235251725 3.776572963386
0.000000000000 0.000000000000 0.000000000000 1.000000000000
5 19 60
-0.590560237561 0.110030407282 0.799457262951 -1.600260273387
-0.385714247132 0.831690250189 -0.399394350611 0.952733372019
-0.708846334103 -0.544228478871 -0.448722896022 3.107199501094
0.000000000000 0.000000000000 0.000000000000 1.000000000000
6 42 60
-0.630519188975 -0.395872382500 0.667630593298 -0.617304225928
0.390382480384 0.581699321668 0.713601722377 -1.022507713506
-0.670855477240 0.710570866237 -0.212230941930 2.936668896594
0.000000000000 0.000000000000 0.000000000000 1.000000000000
7 29 60
0.049382237160 -0.741910210286 0.668678274305 -0.443997835843
0.930635118961 0.277235501231 0.238869739008 -0.354965025349
-0.362601254837 0.610499563252 0.704138206078 1.235200080997
0.000000000000 0.000000000000 0.000000000000 1.000000000000
7 30 60
-0.944352012854 0.327017707450 0.035478089484 0.688931845757
0.318360028001 0.881525093901 0.348655132464 -0.977850398800
0.082741575946 0.340547981696 -0.936579363307 4.923396838830
0.000000000000 0.000000000000 0.000000000000 1.000000000000
7 51 60
1.000000000000 0.000000000000 0.000000000000 0.000000000000
0.000000000000 1.000000000000 0.000000000000 0.000000000000
0.000000000000 0.000000000000 1.000000000000 0.000000000000
0.000000000000 0.000000000000 0.000000000000 1.000000000000
8 15 60
0.832699671441 0.094333682735 -0.545630290108 1.565079903652
0.546476751134 -0.298916623056 0.782311966501 -1.265977686615
-0.089299594909 -0.949605185728 -0.300458938271 2.419525401207
0.000000000000 0.000000000000 0.000000000000 1.000000000000
8 19 60
0.142310626806 0.795801734223 0.588597727914 -0.028896264575
-0.633281416248 0.530218872833 -0.563757567335 0.884647716746
-0.760724873613 -0.292519309959 0.579422229439 1.058934420605
0.000000000000 0.000000000000 0.000000000000 1.000000000000
8 20 60
0.265198656522 -0.902023296298 -0.340622438361 0.585522103289
0.860444167720 0.380816707909 -0.338547587813 0.899826334847
0.435092526729 -0.203304225025 0.877132763766 0.889060889018
0.000000000000 0.000000000000 0.000000000000 1.000000000000
8 34 60
1.000000000000 0.000000000000 0.000000000000 0.000000000000
0.000000000000 1.000000000000 0.000000000000 0.000000000000
0.000000000000 0.000000000000 1.000000000000 0.000000000000
0.000000000000 0.000000000000 0.000000000000 1.000000000000
8 43 60
1.000000000000 0.000000000000 0.000000000000 0.000000000000
0.000000000000 1.000000000000 0.000000000000 0.000000000000
0.000000000000 0.000000000000 1.000000000000 0.000000000000
0.000000000000 0.000000000000 0.000000000000 1.000000000000
9 20 60
0.956068256261 0.181708423234 0.230033776425 -0.594737624888
0.289286628196 -0.457946794711 -0.840593825793 1.782201842679
-0.047399748076 0.870210768802 -0.490394210552 3.198798429132
0.000000000000 0.000000000000 0.000000000000 1.000000000000
9 36 60
1.000000000000 0.000000000000 0.000000000000 0.000000000000
0.000000000000 1.000000000000 0.000000000000 0.000000000000
0.000000000000 0.000000000000 1.000000000000 0.000000000000
0.000000000000 0.000000000000 0.000000000000 1.000000000000
10 19 60
0.636437009046 -0.511877051105 0.577000708898 -1.502879351545
-0.315438036316 -0.855371927562 -0.410898662427 0.638547956199
0.703879804201 0.079503145168 -0.705855843035 4.020527332424
0.000000000000 0.000000000000 0.000000000000 1.000000000000
10 20 60
0.825040857096 0.551075347152 -0.124994183404 -0.650954046888
-0.395389024495 0.721022074528 0.569029601473 -0.823131363218
0.403701750593 -0.420051341868 0.812761814287 2.112572963175
0.000000000000 0.000000000000 0.000000000000 1.000000000000
10 21 60
0.806257241211 -0.413375771491 -0.423166317822 0.778521277755
0.585258790176 0.661564571132 0.468833090497 -0.150553898958
0.086147603083 -0.625661881344 0.775323029914 1.608879344909
0.000000000000 0.000000000000 0.000000000000 1.000000000000
10 34 60
1.000000000000 0.000000000000 0.000000000000 0.000000000000
0.000000000000 1.000000000000 0.000000000000 0.000000000000
0.000000000000 0.000000000000 1.000000000000 0.000000000000
0.000000000000 0.000000000000 0.000000000000 1.000000000000
10 35 60
1.000000000000 0.000000000000 0.000000000000 0.000000000000
0.000000000000 1.000000000000 0.000000000000 0.000000000000
0.000000000000 0.000000000000 1.000000000000 0.000000000000
0.000000000000 0.000000000000 0.000000000000 1.000000000000
10 50 60
1.000000000000 0.000000000000 0.000000000000 0.000000000000
0.000000000000 1.000000000000 0.000000000000 0.000000000000
0.000000000000 0.000000000000 1.000000000000 0.000000000000
0.000000000000 0.000000000000 0.000000000000 1.000000000000
11 20 60
-0.679726619559 -0.573102791231 0.457738913952 -1.594223692259
-0.731349041300 0.482204357302 -0.482294036443 -0.015716488000
0.055680359666 -0.662595010909 -0.746905314659 3.818617524518
0.000000000000 0.000000000000 0.000000000000 1.000000000000
11 23 60
1.000000000000 0.000000000000 0.000000000000 0.000000000000
0.000000000000 1.000000000000 0.000000000000 0.000000000000
0.000000000000 0.000000000000 1.000000000000 0.000000000000
0.000000000000 0.000000000000 0.000000000000 1.000000000000
11 40 60
0.132491506131 -0.909668672638 0.393635499953 -1.273981304421
0.857021672072 0.304652034954 0.415573087673 -1.650658905418
-0.497955675139 0.282294250063 0.819969573813 0.679244346100
0.000000000000 0.000000000000 0.000000000000 1.000000000000
11 49 60
1.000000000000 0.000000000000 0.000000000000 0.000000000000
0.000000000000 1.000000000000 0.000000000000 0.000000000000
0.000000000000 0.000000000000 1.000000000000 0.000000000000
0.000000000000 0.000000000000 0.000000000000 1.000000000000
12 14 60
1.000000000000 0.000000000000 0.000000000000 0.000000000000
0.000000000000 1.000000000000 0.000000000000 0.000000000000
0.000000000000 0.000000000000 1.000000000000 0.000000000000
0.000000000000 0.000000000000 0.000000000000 1.000000000000
12 15 60
1.000000000000 0.000000000000 0.000000000000 0.000000000000
0.000000000000 1.000000000000 0.000000000000 0.000000000000
0.000000000000 0.000000000000 1.000000000000 0.000000000000
0.000000000000 0.000000000000 0.000000000000 1.000000000000
12 17 60
-0.795636719400 0.537314939894 0.279740712284 -0.417702091441
0.046663487111 0.514780905769 -0.856050896867 1.422163715521
-0.603974113446 -0.668051850100 -0.434651579848 3.023721547894
0.000000000000 0.000000000000 0.000000000000 1.000000000000
12 36 60
1.000000000000 0.000000000000 0.000000000000 0.000000000000
0.000000000000 1.000000000000 0.000000000000 0.000000000000
0.000000000000 0.000000000000 1.000000000000 0.000000000000
0.000000000000 0.000000000000 0.000000000000 1.000000000000
12 55 60
-0.895502223134 0.361259392560 0.259937337928 -0.328262772287
-0.411291147456 -0.448591619003 -0.793476623086 1.319977713041
-0.170045171607 -0.817470005962 0.550297582192 1.201208620715
0.000000000000 0.000000000000 0.000000000000 1.000000000000
13 18 60
1.000000000000 0.000000000000 0.000000000000 0.000000000000
0.000000000000 1.000000000000 0.000000000000 0.000000000000
0.000000000000 0.000000000000 1.000000000000 0.000000000000
0.000000000000 0.000000000000 0.000000000000 1.000000000000
13 20 60
-0.767975147907 0.574489019592 -0.283154619539 0.008585186944
-0.625191156545 -0.768423854108 0.136604532194 -0.490830506980
-0.139104960282 0.281934649887 0.949295877594 0.641992739646
0.000000000000 0.000000000000 0.000000000000 1.000000000000
13 21 60
-0.010556473858 -0.998740038740 0.049060125118 -0.350610951706
0.992324642602 -0.004418112426 0.123581082560 -0.107674050396
-0.123208622035 0.049988151591 0.991120991684 0.371142129450
0.000000000000 0.000000000000 0.000000000000 1.000000000000
13 31 60
0.996188306998 0.028952363304 0.082283763039 0.517208261189
0.016415981168 -0.988680844765 0.149133171217 -0.515738309546
0.085670138105 -0.147213952647 -0.985387578358 4.548319590830
0.000000000000 0.000000000000 0.000000000000 1.000000000000
13 37 60
1.000000000000 0.000000000000 0.000000000000 0.000000000000
0.000000000000 1.000000000000 0.000000000000 0.000000000000
0.000000000000 0.000000000000 1.000000000000 0.000000000000
0.000000000000 0.000000000000 0.000000000000 1.000000000000
13 48 60
0.141194478077 -0.989283202792 -0.037186879878 0.663840348234
0.193179419302 -0.009308656881 0.981119289824 -2.524442440272
-0.970950993263 -0.145712365918 0.189794823691 1.667465610061
0.000000000000 0.000000000000 0.000000000000 1.000000000000
13 54 60
0.480873958203 0.866087806099 -0.136572868642 0.161783493646
-0.763012886000 0.490100907737 0.421440904558 -1.152335906670
0.431939315322 -0.098453097272 0.896512919883 -0.064530343631
0.000000000000 0.000000000000 0.000000000000 1.000000000000
13 55 60
1.000000000000 0.000000000000 0.000000000000 0.000000000000
0.000000000000 1.000000000000 0.000000000000 0.000000000000
0.000000000000 0.000000000000 1.000000000000 0.000000000000
0.000000000000 0.000000000000 0.000000000000 1.000000000000
13 56 60
1.000000000000 0.000000000000 0.000000000000 0.000000000000
0.000000000000 1.000000000000 0.000000000000 0.000000000000
0.000000000000 0.000000000000 1.000000000000 0.000000000000
0.000000000000 0.000000000000 0.000000000000 1.000000000000
14 16 60
0.927013275191 -0.272201712754 -0.257977935476 0.370069412697
0.313914924813 0.939566525998 0.136646123997 -0.508634984868
0.205192123627 -0.207655895167 0.956438822719 0.170985750106
0.000000000000 0.000000000000 0.000000000000 1.000000000000
14 17 60
1.000000000000 0.000000000000 0.000000000000 0.000000000000
0.000000000000 1.000000000000 0.000000000000 0.000000000000
0.000000000000 0.000000000000 1.000000000000 0.000000000000
0.000000000000 0.000000000000 0.000000000000 1.000000000000
14 19 60
-0.902948539283 0.418519116822 0.097599611990 0.345798639949
-0.306674343695 -0.786617252756 0.535895647104 -0.806303680112
0.301056111589 0.453954894809 0.838623974827 1.197802077385
0.000000000000 0.000000000000 0.000000000000 1.000000000000
14 20 60
-0.187342086255 0.252876351866 0.949187280459 -0.575232890164
-0.717529484363 -0.695163362950 0.043581393763 -0.381756776685
0.670860925817 -0.672905230682 0.311679593065 1.920027139609
0.000000000000 0.000000000000 0.000000000000 1.000000000000
14 29 60
1.000000000000 0.000000000000 0.000000000000 0.000000000000
0.000000000000 1.000000000000 0.000000000000 0.000000000000
0.000000000000 0.000000000000 1.000000000000 0.000000000000
0.000000000000 0.000000000000 0.000000000000 1.000000000000
15 27 60
0.831431923462 -0.202140277957 0.517552185462 -0.656058133862
-0.171993275536 0.792092055780 0.585669265320 -1.186378605528
-0.528336322639 -0.575959619416 0.623803852972 0.908742273591
0.000000000000 0.000000000000 0.000000000000 1.000000000000
15 28 60
0.939702573830 0.337660708345 -0.054261577362 -0.716754622918
0.298685574300 -0.887588644078 -0.350675528958 0.301726903689
-0.166571307383 0.313323546744 -0.934923715932 3.970826653328
0.000000000000 0.000000000000 0.000000000000 1.000000000000
15 53 60
-0.621829095901 0.776903550850 0.098739293937 0.034278194589
-0.742126214566 -0.544279244368 -0.391163374825 0.585282310988
-0.250154466571 -0.316513786156 0.915009161718 0.384869461949
0.000000000000 0.000000000000 0.000000000000 1.000000000000
16 19 60
-0.576850875491 -0.592383829699 -0.562427298197 -0.341382367744
0.787888501866 -0.585218709623 -0.191704904828 -0.008151577586
-0.215580092013 -0.553715143570 0.804316333111 0.996863964336
0.000000000000 0.000000000000 0.000000000000 1.000000000000
16 20 60
-0.966231487771 -0.019603411371 -0.256928819526 -0.283743410497
0.186829136331 0.633396417312 -0.750935318356 1.141944062728
0.177458687751 -0.773579139325 -0.608345074232 2.834575394086
0.000000000000 0.000000000000 0.000000000000 1.000000000000
16 28 60
-0.872735505107 0.467870448787 0.139391467737 -1.183183633451
-0.145454188875 -0.521759131807 0.840601265354 -0.995850954080
0.466021262460 0.713347497037 0.523411436068 0.570473004255
0.000000000000 0.000000000000 0.000000000000 1.000000000000
16 54 60
0.422613588666 0.797561275784 0.430457623983 -1.377513376147
-0.899702012179 0.426441722676 0.093186621579 0.267411496704
-0.109243049918 -0.426665523016 0.897787551436 -0.142413751165
0.000000000000 0.000000000000 0.000000000000 1.000000000000
16 56 60
1.000000000000 0.000000000000 0.000000000000 0.000000000000
0.000000000000 1.000000000000 0.000000000000 0.000000000000
0.000000000000 0.000000000000 1.000000000000 0.000000000000
0.000000000000 0.000000000000 0.000000000000 1.000000000000
17 19 60
-0.798284370980 0.601716317963 0.026067906420 0.150997704892
0.602074162718 0.798396229094 0.008376392740 0.245622136337
-0.015772305989 0.022381556341 -0.999625079867 2.833477740833
0.000000000000 0.000000000000 0.000000000000 1.000000000000
17 21 60
0.804146631554 -0.070495972277 -0.590235980650 0.809844573045
-0.032076511971 -0.996642278957 0.075334355870 -0.655269977760
-0.593564901540 -0.041647157014 -0.803707796386 3.183016108237
0.000000000000 0.000000000000 0.000000000000 1.000000000000
17 52 60
0.116132278044 -0.521998922797 0.845003206263 -1.929633450157
-0.144660313966 0.832798503817 0.534340757947 -1.073924357514
-0.982642705951 -0.184292638593 0.021202259339 2.114394868597
0.000000000000 0.000000000000 0.000000000000 1.000000000000
18 20 60
0.991451046975 -0.059878703936 0.115928263456 0.109365790725
0.113995384983 0.829777681704 -0.546327787275 0.266688143573
-0.063481285868 0.554872543708 0.829509847189 0.427251196305
0.000000000000 0.000000000000 0.000000000000 1.000000000000
18 21 60
-0.809355695011 -0.485169298780 0.330989592697 -0.940397199206
0.576272246760 -0.764801040818 0.288079269609 -0.494242129550
0.113373967765 0.423898713710 0.898585679804 0.451909163490
0.000000000000 0.000000000000 0.000000000000 1.000000000000
18 24 60
0.568005347362 0.712379608295 0.412171346715 -0.410555918831
0.660332215286 -0.693380305016 0.288418303980 0.005406588538
0.491254812519 0.108346879516 -0.864250925875 3.793649286537
0.000000000000 0.000000000000 0.000000000000 1.000000000000
18 26 60
0.989095483107 -0.053255848453 0.137309649708 0.258539733931
-0.003586703159 0.923343853685 0.383957371881 -0.770664657464
-0.147231996719 -0.380262991188 0.913084222115 -0.037203406711
0.000000000000 0.000000000000 0.000000000000 1.000000000000
18 27 60
-0.977485065407 0.023775028187 -0.209660904657 0.396172794459
0.007398007504 0.996882497947 0.078552878831 0.292880831693
0.210874883264 0.075233192956 -0.974613641545 3.273068091525
0.000000000000 0.000000000000 0.000000000000 1.000000000000
18 29 60
-0.981729253347 -0.154533631853 0.111027157706 0.166275204191
-0.188657944680 0.866573911108 -0.462014974321 0.909435052071
-0.024816386340 -0.474519771152 -0.879894956091 3.560956213457
0.000000000000 0.000000000000 0.000000000000 1.000000000000
18 37 60
1.000000000000 0.000000000000 0.000000000000 0.000000000000
0.000000000000 1.000000000000 0.000000000000 0.000000000000
0.000000000000 0.000000000000 1.000000000000 0.000000000000
0.000000000000 0.000000000000 0.000000000000 1.000000000000
18 50 60
1.000000000000 0.000000000000 0.000000000000 0.000000000000
0.000000000000 1.000000000000 0.000000000000 0.000000000000
0.000000000000 0.000000000000 1.000000000000 0.000000000000
0.000000000000 0.000000000000 0.000000000000 1.000000000000
18 57 60
-0.349363446325 -0.848648746007 -0.397165567833 0.601297607735
-0.836812978390 0.473289274135 -0.275211377284 0.584243216145
0.421531993530 0.236204506496 -0.875510256674 3.496233671433
0.000000000000 0.000000000000 0.000000000000 1.000000000000
18 58 60
-0.261606370925 0.930326517592 0.257011045202 -0.596399115460
0.850951151100 0.347977127456 -0.393438759160 0.498872755804
-0.455460475929 0.115777758795 -0.882695454523 3.606788113162
0.000000000000 0.000000000000 0.000000000000 1.000000000000
19 21 60
-0.706921639868 -0.311316383861 0.635093618474 -1.396302406120
0.304759048965 -0.944363577573 -0.123690563212 0.351922799133
0.638266180492 0.106110991388 0.762467533962 0.483948569823
0.000000000000 0.000000000000 0.000000000000 1.000000000000
19 24 60
-0.722079480837 -0.445745855583 -0.529066967014 0.208795747678
0.395578526841 -0.893430949482 0.212835071381 -0.128233015907
-0.567555153669 -0.055603693565 0.821455645063 -1.119699010418
0.000000000000 0.000000000000 0.000000000000 1.000000000000
19 25 60
0.961046782443 -0.189830351688 0.200881854663 -0.597475222509
-0.025701737528 0.662285509797 0.748810606362 -1.309852168676
-0.275188122278 -0.724805036607 0.631608388376 -0.294735007311
0.000000000000 0.000000000000 0.000000000000 1.000000000000
19 26 60
0.327028285805 0.526130697728 0.785008910263 -1.604786666643
-0.937023685509 0.288328816570 0.197111913216 -0.864284875635
-0.122634061662 -0.800033113342 0.587288604075 0.137681674511
0.000000000000 0.000000000000 0.000000000000 1.000000000000
19 28 60
0.205351301132 -0.974697616953 0.088291554685 -0.206909502604
0.959003665478 0.182397844462 -0.216893973950 0.154234821645
0.195301850282 0.129211384332 0.972194222075 -0.816228124533
0.000000000000 0.000000000000 0.000000000000 1.000000000000
19 29 60
-0.944627314730 0.213057683040 0.249570951763 -0.041036925743
-0.134747543906 -0.945322836654 0.296998036880 -0.625351457238
0.299202833672 0.246923385278 0.921686772242 -1.001161672208
0.000000000000 0.000000000000 0.000000000000 1.000000000000
19 32 60
-0.417429063854 0.828887711554 -0.372421989530 0.861816789448
0.806197162613 0.526908528105 0.269097636565 -0.938659103989
0.419284046494 -0.187916376737 -0.888193854803 2.577473623253
0.000000000000 0.000000000000 0.000000000000 1.000000000000
19 41 60
-0.155967771782 -0.889014621487 -0.430496291444 0.724362030278
0.432313702875 -0.453308394234 0.779497506105 -0.845022771353
-0.888132262938 -0.064532956691 0.455034703104 0.089722559102
0.000000000000 0.000000000000 0.000000000000 1.000000000000
19 42 60
0.456631078894 0.271774511269 -0.847128486602 1.475944185856
0.723553663391 -0.667485513215 0.175878326812 -0.842139174900
-0.517646746327 -0.693254429969 -0.501438073291 2.562565652244
0.000000000000 0.000000000000 0.000000000000 1.000000000000
19 43 60
0.075766409791 -0.187508966529 -0.979336427699 2.372002294982
0.359009645541 0.921420983459 -0.148645368748 -0.080720603081
0.930253473821 -0.340328897851 0.137130287432 0.885361487093
0.000000000000 0.000000000000 0.000000000000 1.000000000000
19 44 60
-0.271181134622 0.599388764129 0.753122766660 -2.727458800330
-0.103041884890 -0.796023885943 0.596429663051 -1.649255575571
0.956996949934 0.084137283318 0.277628808614 0.887469557152
0.000000000000 0.000000000000 0.000000000000 1.000000000000
19 45 60
-0.661234705790 -0.678294105998 0.320446203953 -0.391892382027
-0.617765583488 0.250002386829 -0.745563203516 1.695194672253
0.425598810755 -0.690952901686 -0.584337008870 2.685940743737
0.000000000000 0.000000000000 0.000000000000 1.000000000000
19 47 60
0.606332335230 -0.075920456866 0.791578918039 -1.149795671300
-0.477743538728 -0.830543667585 0.286283648571 -0.773776805194
0.635706072378 -0.551754746662 -0.539855989202 3.329398750318
0.000000000000 0.000000000000 0.000000000000 1.000000000000
19 48 60
-0.781361512417 -0.623614696756 0.024060276456 0.241700683938
0.127932051587 -0.122320392978 0.984210908108 -2.561190299613
-0.610825324532 0.772102604225 0.175356754813 0.384136940221
0.000000000000 0.000000000000 0.000000000000 1.000000000000
19 51 60
0.870495843564 -0.125113602164 0.476007954652 -2.350374745516
-0.473538157676 0.050724009652 0.879311485237 -2.405532504026
-0.134158859428 -0.990844922982 -0.015091025098 0.948000028971
0.000000000000 0.000000000000 0.000000000000 1.000000000000
19 53 60
-0.269814151266 -0.866078099246 0.420843260350 -1.026854512780
-0.705477092049 -0.119660961138 -0.698558034077 2.319464306560
0.655364323389 -0.485376122595 -0.578712038274 2.086230173307
0.000000000000 0.000000000000 0.000000000000 1.000000000000
19 56 60
0.948663340357 0.266994651890 0.169563328950 0.049708242354
-0.301138851863 0.926386403015 0.226105338741 -0.038350275163
-0.096712246182 -0.265559952121 0.959231282470 -0.845783955273
0.000000000000 0.000000000000 0.000000000000 1.000000000000
19 57 60
0.340438738365 -0.881712655305 0.326625563750 -0.654650218207
0.894405594159 0.196503428802 -0.401777345809 0.209020048203
0.290069127203 0.428916304125 0.855506110732 -1.110730632977
0.000000000000 0.000000000000 0.000000000000 1.000000000000
19 58 60
-0.248163786387 -0.968149507271 -0.033185338583 0.650291860275
0.684664337219 -0.151057917440 -0.713033134517 1.276801092791
0.685309769715 -0.199669820327 0.700344545480 -0.584387246752
0.000000000000 0.000000000000 0.000000000000 1.000000000000
19 59 60
-0.473962877483 0.845280985837 0.246696667490 -0.793372814175
-0.865302750647 -0.499008251817 0.047348857873 -0.588482735894
0.163126762035 -0.191025704031 0.967935349033 -0.693257554044
0.000000000000 0.000000000000 0.000000000000 1.000000000000
20 24 60
0.883416231284 -0.414448939581 0.218650037239 -0.685370947551
0.440971808523 0.577473540373 -0.687072175435 1.329179064535
0.158491723418 0.703389214198 0.692909797130 -0.476646726518
0.000000000000 0.000000000000 0.000000000000 1.000000000000
20 26 60
0.940958904554 0.284602254450 0.183297290495 -0.537090575480
-0.101184143519 0.753168022579 -0.649999768357 1.320247074339
-0.323045057293 0.593076290646 0.737497392831 -0.122323692870
0.000000000000 0.000000000000 0.000000000000 1.000000000000
20 28 60
0.824258166848 -0.386312736580 0.413957659598 -0.772740407089
0.561002904730 0.656155588823 -0.504713368299 0.345936665819
-0.076643429385 0.648245565208 0.757564170167 -0.272817564096
0.000000000000 0.000000000000 0.000000000000 1.000000000000
20 29 60
0.213535767986 0.945680755599 -0.245133400987 0.741458263359
0.767781673107 -0.317605720654 -0.556451173643 1.333954039505
-0.604080936822 -0.069386704034 -0.793896534236 2.946465784681
0.000000000000 0.000000000000 0.000000000000 1.000000000000
20 31 60
0.287876464460 0.930077980580 -0.228215011009 -0.342207537859
-0.955584327457 0.294684547137 -0.004428407966 0.307408776535
0.063132672431 0.219353522239 0.973600687116 -0.274014762236
0.000000000000 0.000000000000 0.000000000000 1.000000000000
20 32 60
-0.816323849986 -0.565880780890 0.115733805617 -0.489749907747
-0.429083397893 0.459998201135 -0.777360336399 1.510083715422
0.386655931800 -0.684237237201 -0.618317550803 2.342572456555
0.000000000000 0.000000000000 0.000000000000 1.000000000000
20 40 60
0.651840239970 -0.037778843913 0.757414721608 -1.982446765386
-0.443007799619 -0.829594175115 0.339878793236 -0.043524726561
0.615506613313 -0.557087303363 -0.557499188699 2.909596998200
0.000000000000 0.000000000000 0.000000000000 1.000000000000
20 49 60
1.000000000000 0.000000000000 0.000000000000 0.000000000000
0.000000000000 1.000000000000 0.000000000000 0.000000000000
0.000000000000 0.000000000000 1.000000000000 0.000000000000
0.000000000000 0.000000000000 0.000000000000 1.000000000000
20 51 60
1.000000000000 0.000000000000 0.000000000000 0.000000000000
0.000000000000 1.000000000000 0.000000000000 0.000000000000
0.000000000000 0.000000000000 1.000000000000 0.000000000000
0.000000000000 0.000000000000 0.000000000000 1.000000000000
20 53 60
0.756257007963 -0.296502666337 0.583233663948 -1.778025222909
0.391241521659 -0.509546679964 -0.766349954438 1.753366719793
0.524409581946 0.807742749762 -0.269344093254 1.538889173435
0.000000000000 0.000000000000 0.000000000000 1.000000000000
20 55 60
1.000000000000 0.000000000000 0.000000000000 0.000000000000
0.000000000000 1.000000000000 0.000000000000 0.000000000000
0.000000000000 0.000000000000 1.000000000000 0.000000000000
0.000000000000 0.000000000000 0.000000000000 1.000000000000
20 56 60
-0.913242444026 0.399362814875 -0.080607571134 -0.436650957005
-0.402931666859 -0.914611183408 0.033651969133 -0.284243670343
-0.060285240908 0.063211749536 0.996177677149 -0.551662050440
0.000000000000 0.000000000000 0.000000000000 1.000000000000
21 26 60
0.940007360968 -0.003063275651 0.341140407557 -1.802768743618
0.186651722414 -0.832403540127 -0.521790648540 1.142324690666
0.285564871520 0.554161495167 -0.781893689339 3.091867200708
0.000000000000 0.000000000000 0.000000000000 1.000000000000
21 27 60
0.585108243302 -0.647503273756 -0.488249786580 0.400381035596
-0.775284580742 -0.270028701064 -0.570980139291 1.098489272778
0.237870053776 0.712617717347 -0.659995323044 2.649285753303
0.000000000000 0.000000000000 0.000000000000 1.000000000000
21 28 60
0.882724183637 0.137725197390 -0.449254700171 0.055063492570
0.000194187534 -0.956188629756 -0.292751202587 1.314124932624
-0.469891453331 0.258331326650 -0.844077572121 2.792936541644
0.000000000000 0.000000000000 0.000000000000 1.000000000000
21 29 60
-0.762648757729 0.300900986099 -0.572560449995 0.749031924959
0.370831585957 -0.521865840714 -0.768205688050 1.727707304671
-0.529953589658 -0.798194613400 0.286416745231 0.999192104449
0.000000000000 0.000000000000 0.000000000000 1.000000000000
21 34 60
0.723675232254 -0.612296331937 0.318413818983 -0.699790975421
0.628378606412 0.775364884974 0.062846019396 -0.017707866035
-0.285367281283 0.154604324152 0.945866278988 -1.027148250878
0.000000000000 0.000000000000 0.000000000000 1.000000000000
21 42 60
-0.356546014466 -0.106705764318 0.928164220076 -3.053061731433
0.926420142901 0.088195559998 0.366015384954 -0.750471545851
-0.120915914563 0.990371356138 0.067408594017 1.075631220558
0.000000000000 0.000000000000 0.000000000000 1.000000000000
21 54 60
-0.977869614039 0.200943753211 0.058246252969 -0.392711871716
-0.181503795753 -0.953272606053 0.241511305481 -0.606329209229
0.104054745527 0.225594651075 0.968648369296 -0.623783447397
0.000000000000 0.000000000000 0.000000000000 1.000000000000
21 55 60
1.000000000000 0.000000000000 0.000000000000 0.000000000000
0.000000000000 1.000000000000 0.000000000000 0.000000000000
0.000000000000 0.000000000000 1.000000000000 0.000000000000
0.000000000000 0.000000000000 0.000000000000 1.000000000000
21 56 60
0.881808124780 0.468904238943 -0.050430603543 0.110933041072
0.325961902290 -0.683265098994 -0.653374045056 0.840874365925
-0.340827330664 0.559712085986 -0.755353633389 2.843184934078
0.000000000000 0.000000000000 0.000000000000 1.000000000000
22 27 60
-0.231782795346 0.971226560461 -0.054733025098 -0.047364579824
-0.970455186152 -0.234742751317 -0.055790432649 -0.572438780244
-0.067033330908 0.040184685628 0.996941183615 0.098008260035
0.000000000000 0.000000000000 0.000000000000 1.000000000000
23 27 60
0.991264009856 -0.120043503450 -0.054637167227 0.368023102620
-0.118438983921 -0.627906276510 -0.769224229342 1.543945731982
0.058033351196 0.768975464627 -0.636638724043 3.392293966242
0.000000000000 0.000000000000 0.000000000000 1.000000000000
23 34 60
-0.904318029711 -0.077643651301 0.419738447789 -1.574581953837
0.317453226302 -0.779697837398 0.539717269936 -0.617346768257
0.285363540505 0.621323382603 0.729743039693 0.309861755026
0.000000000000 0.000000000000 0.000000000000 1.000000000000
23 48 60
1.000000000000 0.000000000000 0.000000000000 0.000000000000
0.000000000000 1.000000000000 0.000000000000 0.000000000000
0.000000000000 0.000000000000 1.000000000000 0.000000000000
0.000000000000 0.000000000000 0.000000000000 1.000000000000
24 28 60
0.636128885454 0.750125320426 -0.180698767970 -0.355614026461
-0.378394974642 0.507386954879 0.774193594125 -0.858545030132
0.672426415496 -0.424111402433 0.606607149702 1.036446717363
0.000000000000 0.000000000000 0.000000000000 1.000000000000
24 56 60
0.976926241974 0.209100451238 0.043498494623 -0.128949951465
-0.158895253482 0.575479780949 0.802231462945 -0.997198153002
0.142714456742 -0.790632672618 0.595426368938 0.841669685270
0.000000000000 0.000000000000 0.000000000000 1.000000000000
25 27 60
0.375527301746 0.924447146287 -0.066156778674 0.279931530319
-0.865360630348 0.324175105421 -0.382179905893 0.653939498938
-0.331858742670 0.200768460537 0.921716767867 0.581157278093
0.000000000000 0.000000000000 0.000000000000 1.000000000000
25 28 60
1.000000000000 0.000000000000 0.000000000000 0.000000000000
0.000000000000 1.000000000000 0.000000000000 0.000000000000
0.000000000000 0.000000000000 1.000000000000 0.000000000000
0.000000000000 0.000000000000 0.000000000000 1.000000000000
25 47 60
-0.526156914305 -0.629759823897 0.571455567594 -1.366025804068
0.806138488869 -0.583317627809 0.099404636969 -0.281936556440
0.270739059415 0.512974764772 0.814590235895 -0.183658211762
0.000000000000 0.000000000000 0.000000000000 1.000000000000
25 54 60
1.000000000000 0.000000000000 0.000000000000 0.000000000000
0.000000000000 1.000000000000 0.000000000000 0.000000000000
0.000000000000 0.000000000000 1.000000000000 0.000000000000
0.000000000000 0.000000000000 0.000000000000 1.000000000000
26 28 60
0.965516554945 0.095709510375 -0.242110453617 -0.117709927939
-0.061145487011 0.987325069190 0.146459677615 -0.337732201249
0.253059304403 -0.126605281772 0.959130904039 0.166735022570
0.000000000000 0.000000000000 0.000000000000 1.000000000000
26 49 60
1.000000000000 0.000000000000 0.000000000000 0.000000000000
0.000000000000 1.000000000000 0.000000000000 0.000000000000
0.000000000000 0.000000000000 1.000000000000 0.000000000000
0.000000000000 0.000000000000 0.000000000000 1.000000000000
26 50 60
1.000000000000 0.000000000000 0.000000000000 0.000000000000
0.000000000000 1.000000000000 0.000000000000 0.000000000000
0.000000000000 0.000000000000 1.000000000000 0.000000000000
0.000000000000 0.000000000000 0.000000000000 1.000000000000
26 54 60
1.000000000000 0.000000000000 0.000000000000 0.000000000000
0.000000000000 1.000000000000 0.000000000000 0.000000000000
0.000000000000 0.000000000000 1.000000000000 0.000000000000
0.000000000000 0.000000000000 0.000000000000 1.000000000000
26 55 60
0.309373643025 -0.090503222303 0.946624062526 -2.244110617023
-0.283396664093 -0.959002326046 0.000932426846 0.131420767442
0.907730290220 -0.268558569761 -0.322338354569 2.907137964953
0.000000000000 0.000000000000 0.000000000000 1.000000000000
27 40 60
-0.165540862791 -0.433677906845 0.885731164553 -2.154291682563
0.975141509610 -0.206117274585 0.081330838883 0.514067556787
0.147293105684 0.877176802151 0.457018160236 0.187491676721
0.000000000000 0.000000000000 0.000000000000 1.000000000000
27 50 60
1.000000000000 0.000000000000 0.000000000000 0.000000000000
0.000000000000 1.000000000000 0.000000000000 0.000000000000
0.000000000000 0.000000000000 1.000000000000 0.000000000000
0.000000000000 0.000000000000 0.000000000000 1.000000000000
27 56 60
0.640505572687 0.470421354649 0.607006062941 -0.250432896664
0.609671602153 -0.792106974309 -0.029446201444 -0.192997578325
0.466961613931 0.388934815030 -0.794151472185 3.533574609854
0.000000000000 0.000000000000 0.000000000000 1.000000000000
27 59 60
0.961502759306 -0.254607366080 0.103380525173 0.279035616215
-0.210086698740 -0.438581197575 0.873790656935 -1.791146095506
-0.177132783131 -0.861871000946 -0.475186652663 2.719626629196
0.000000000000 0.000000000000 0.000000000000 1.000000000000
28 50 60
1.000000000000 0.000000000000 0.000000000000 0.000000000000
0.000000000000 1.000000000000 0.000000000000 0.000000000000
0.000000000000 0.000000000000 1.000000000000 0.000000000000
0.000000000000 0.000000000000 0.000000000000 1.000000000000
28 56 60
0.988790169541 0.085179113024 -0.122631640795 0.262374758688
-0.047140486606 0.957396473358 0.284903084091 0.113206290512
0.141674892419 -0.275928453600 0.950679606046 0.300188683520
0.000000000000 0.000000000000 0.000000000000 1.000000000000
30 46 60
0.733309311014 -0.679646576703 -0.018384372624 0.604780482249
0.181964621003 0.222242009917 -0.957860827955 2.699688853040
0.655092612600 0.699062958398 0.286643766916 1.297468691712
0.000000000000 0.000000000000 0.000000000000 1.000000000000
30 51 60
1.000000000000 0.000000000000 0.000000000000 0.000000000000
0.000000000000 1.000000000000 0.000000000000 0.000000000000
0.000000000000 0.000000000000 1.000000000000 0.000000000000
0.000000000000 0.000000000000 0.000000000000 1.000000000000
31 33 60
-0.303975699878 -0.526051124708 -0.794272615717 1.611440184493
0.895708869542 -0.441799229081 -0.050190260074 0.302760504529
-0.324506386543 -0.726693646165 0.605484888099 1.168960860725
0.000000000000 0.000000000000 0.000000000000 1.000000000000
32 36 60
1.000000000000 0.000000000000 0.000000000000 0.000000000000
0.000000000000 1.000000000000 0.000000000000 0.000000000000
0.000000000000 0.000000000000 1.000000000000 0.000000000000
0.000000000000 0.000000000000 0.000000000000 1.000000000000
33 39 60
1.000000000000 0.000000000000 0.000000000000 0.000000000000
0.000000000000 1.000000000000 0.000000000000 0.000000000000
0.000000000000 0.000000000000 1.000000000000 0.000000000000
0.000000000000 0.000000000000 0.000000000000 1.000000000000
34 43 60
1.000000000000 0.000000000000 0.000000000000 0.000000000000
0.000000000000 1.000000000000 0.000000000000 0.000000000000
0.000000000000 0.000000000000 1.000000000000 0.000000000000
0.000000000000 0.000000000000 0.000000000000 1.000000000000
34 46 60
1.000000000000 0.000000000000 0.000000000000 0.000000000000
0.000000000000 1.000000000000 0.000000000000 0.000000000000
0.000000000000 0.000000000000 1.000000000000 0.000000000000
0.000000000000 0.000000000000 0.000000000000 1.000000000000
34 48 60
1.000000000000 0.000000000000 0.000000000000 0.000000000000
0.000000000000 1.000000000000 0.000000000000 0.000000000000
0.000000000000 0.000000000000 1.000000000000 0.000000000000
0.000000000000 0.000000000000 0.000000000000 1.000000000000
34 56 60
0.813041586782 -0.124540959304 0.568729221703 -0.889071538635
0.240439272145 0.961484394228 -0.133179262901 0.956877907171
-0.530237998048 0.245025119349 0.811671335156 0.781465589390
0.000000000000 0.000000000000 0.000000000000 1.000000000000
35 39 60
1.000000000000 0.000000000000 0.000000000000 0.000000000000
0.000000000000 1.000000000000 0.000000000000 0.000000000000
0.000000000000 0.000000000000 1.000000000000 0.000000000000
0.000000000000 0.000000000000 0.000000000000 1.000000000000
35 44 60
1.000000000000 0.000000000000 0.000000000000 0.000000000000
0.000000000000 1.000000000000 0.000000000000 0.000000000000
0.000000000000 0.000000000000 1.000000000000 0.000000000000
0.000000000000 0.000000000000 0.000000000000 1.000000000000
36 52 60
-0.284452601756 0.404761062775 -0.869054198204 1.897403547354
0.874584111486 0.480854113487 -0.062305324644 -0.464808794062
0.392669516630 -0.777783905467 -0.490777798098 3.417144198547
0.000000000000 0.000000000000 0.000000000000 1.000000000000
38 53 60
0.052666109587 0.614092891814 0.787474571732 -1.967409390900
0.998609525258 -0.030569320248 -0.042948023509 -0.290763392109
-0.002301513584 0.788641513543 -0.614848978329 3.007190776533
0.000000000000 0.000000000000 0.000000000000 1.000000000000
40 49 60
1.000000000000 0.000000000000 0.000000000000 0.000000000000
0.000000000000 1.000000000000 0.000000000000 0.000000000000
0.000000000000 0.000000000000 1.000000000000 0.000000000000
0.000000000000 0.000000000000 0.000000000000 1.000000000000
43 46 60
1.000000000000 0.000000000000 0.000000000000 0.000000000000
0.000000000000 1.000000000000 0.000000000000 0.000000000000
0.000000000000 0.000000000000 1.000000000000 0.000000000000
0.000000000000 0.000000000000 0.000000000000 1.000000000000
44 48 60
1.000000000000 0.000000000000 0.000000000000 0.000000000000
0.000000000000 1.000000000000 0.000000000000 0.000000000000
0.000000000000 0.000000000000 1.000000000000 0.000000000000
0.000000000000 0.000000000000 0.000000000000 1.000000000000
46 48 60
1.000000000000 0.000000000000 0.000000000000 0.000000000000
0.000000000000 1.000000000000 0.000000000000 0.000000000000
0.000000000000 0.000000000000 1.000000000000 0.000000000000
0.000000000000 0.000000000000 0.000000000000 1.000000000000
47 49 60
1.000000000000 0.000000000000 0.000000000000 0.000000000000
0.000000000000 1.000000000000 0.000000000000 0.000000000000
0.000000000000 0.000000000000 1.000000000000 0.000000000000
0.000000000000 0.000000000000 0.000000000000 1.000000000000
47 50 60
1.000000000000 0.000000000000 0.000000000000 0.000000000000
0.000000000000 1.000000000000 0.000000000000 0.000000000000
0.000000000000 0.000000000000 1.000000000000 0.000000000000
0.000000000000 0.000000000000 0.000000000000 1.000000000000
47 53 60
0.725872794657 -0.329582796842 0.603724992031 -1.561928478579
0.272069594020 -0.668566238464 -0.692096323351 1.661294971245
0.631733188923 0.666629105884 -0.395624586195 2.468568198905
0.000000000000 0.000000000000 0.000000000000 1.000000000000
47 55 60
1.000000000000 0.000000000000 0.000000000000 0.000000000000
0.000000000000 1.000000000000 0.000000000000 0.000000000000
0.000000000000 0.000000000000 1.000000000000 0.000000000000
0.000000000000 0.000000000000 0.000000000000 1.000000000000
49 51 60
0.948895826702 -0.069206491965 -0.307907732183 0.002225351992
0.075692582591 0.997089159954 0.009156420909 0.001741891259
0.306377778255 -0.031994821036 0.951372160838 -0.027781183958
0.000000000000 0.000000000000 0.000000000000 1.000000000000
52 55 60
0.925088988181 -0.138401643271 -0.353631657357 1.304837193202
0.230506053575 0.944697303469 0.233268009132 -0.295908762681
0.301790197340 -0.297307904300 0.905831489202 -0.128574602778
0.000000000000 0.000000000000 0.000000000000 1.000000000000
53 56 60
-0.333492874584 -0.715163662883 -0.614266585363 1.320408399228
0.040248266491 -0.661773535797 0.748622644838 -1.100622396995
-0.941893082917 0.224937152581 0.249480856464 1.158534085033
0.000000000000 0.000000000000 0.000000000000 1.000000000000
56 59 60
1.000000000000 0.000000000000 0.000000000000 0.000000000000
0.000000000000 1.000000000000 0.000000000000 0.000000000000
0.000000000000 0.000000000000 1.000000000000 0.000000000000
0.000000000000 0.000000000000 0.000000000000 1.000000000000
