0 27 55
1.000000000000 0.000000000000 0.000000000000 0.000000000000
0.000000000000 1.000000000000 0.000000000000 0.000000000000
0.000000000000 0.000000000000 1.000000000000 0.000000000000
0.000000000000 0.000000000000 0.000000000000 1.000000000000
0 28 55
0.185099792649 0.969605819017 -0.160008195070 0.398393892417
-0.905647234446 0.231515032330 0.355251849462 -0.322881176388
0.381498562909 0.079153935680 0.920974212975 0.449256914051
0.000000000000 0.000000000000 0.000000000000 1.000000000000
0 41 55
-0.290524641818 -0.066831407814 -0.954530772383 2.226665376119
0.476236034034 -0.875328365752 -0.083662966702 0.452117198278
-0.829936547204 -0.478888102837 0.286131984539 1.314246258352
0.000000000000 0.000000000000 0.000000000000 1.000000000000
1 27 55
-0.997898140480 -0.064442939658 -0.006812397151 0.399186046475
0.027958027801 -0.522984126412 0.851883766838 -1.842274724073
-0.058460669755 0.849902765644 0.523686584745 1.214868751050
0.000000000000 0.000000000000 0.000000000000 1.000000000000
1 31 55
-0.754965102612 0.353218049539 -0.552507650008 1.098223420331
-0.488880973787 -0.864708500357 0.115215462851 0.130656174018
-0.437061880410 0.357094131695 0.825506325719 2.023470303052
0.000000000000 0.000000000000 0.000000000000 1.000000000000
1 39 55
0.659229277391 0.321417168252 -0.679785086467 0.265424704230
0.077269163240 -0.928209794029 -0.363945125920 0.165245565760
-0.747961386866 0.187396857556 -0.636738707427 3.985845225438
0.000000000000 0.000000000000 0.000000000000 1.000000000000
3 7 55
0.903531610207 0.296712052871 0.309180508826 -0.216643700272
-0.389880473115 0.868615546790 0.305778103466 -0.095107940178
-0.177830947928 -0.396823625250 0.900503839194 0.881547019151
0.000000000000 0.000000000000 0.000000000000 1.000000000000
3 15 55
1.000000000000 0.000000000000 0.000000000000 0.000000000000
0.000000000000 1.000000000000 0.000000000000 0.000000000000
0.000000000000 0.000000000000 1.000000000000 0.000000000000
0.000000000000 0.000000000000 0.000000000000 1.000000000000
3 47 55
1.000000000000 0.000000000000 0.000000000000 0.000000000000
0.000000000000 1.000000000000 0.000000000000 0.000000000000
0.000000000000 0.000000000000 1.000000000000 0.000000000000
0.000000000000 0.000000000000 0.000000000000 1.000000000000
3 48 55
1.000000000000 0.000000000000 0.000000000000 0.000000000000
0.000000000000 1.000000000000 0.000000000000 0.000000000000
0.000000000000 0.000000000000 1.000000000000 0.000000000000
0.000000000000 0.000000000000 0.000000000000 1.000000000000
4 28 55
-0.912854969341 -0.223852835795 0.341446500722 -0.815364294849
0.256559994580 -0.965062231214 0.053215214600 0.055563441283
0.317604745131 0.136179285467 0.938393535826 0.165675409098
0.000000000000 0.000000000000 0.000000000000 1.000000000000
4 31 55
-0.592154242387 0.798973654471 0.104854435694 -0.019268580707
-0.765741292832 -0.517387423079 -0.382034719484 1.111822813520
-0.250985309679 -0.306514851029 0.918180276647 0.652133648821
0.000000000000 0.000000000000 0.000000000000 1.000000000000
4 32 55
1.000000000000 0.000000000000 0.000000000000 0.000000000000
0.000000000000 1.000000000000 0.000000000000 0.000000000000
0.000000000000 0.000000000000 1.000000000000 0.000000000000
0.000000000000 0.000000000000 0.000000000000 1.000000000000
4 38 55
1.000000000000 0.000000000000 0.000000000000 0.000000000000
0.000000000000 1.000000000000 0.000000000000 0.000000000000
0.000000000000 0.000000000000 1.000000000000 0.000000000000
0.000000000000 0.000000000000 0.000000000000 1.000000000000
4 47 55
-0.703682547153 -0.540547792920 0.461127917612 -1.273721771122
-0.703541758992 0.620797176410 -0.345889952321 0.939142626358
-0.099296858897 -0.567819468961 -0.817142083411 4.235174257018
0.000000000000 0.000000000000 0.000000000000 1.000000000000
5 9 55
-0.465632112866 0.884593711015 -0.026090264479 0.179075990827
-0.634650425173 -0.354323145956 -0.686785225574 1.212007859170
-0.616770275950 -0.303231058225 0.726392009890 -0.724756931167
0.000000000000 0.000000000000 0.000000000000 1.000000000000
5 10 55
-0.612869151112 -0.780747980962 0.121753824739 -0.036451723725
-0.770068924204 0.555589655081 -0.313550613365 1.011315685562
0.177158842823 -0.285924335078 -0.941733518051 4.210826199967
0.000000000000 0.000000000000 0.000000000000 1.000000000000
5 23 55
0.651191629177 0.758456933557 0.026316193268 0.701529094120
-0.649869142955 0.539381418282 0.535479021669 -1.441441518375
0.391943311111 -0.365801538476 0.844138421898 -0.968647690197
0.000000000000 0.000000000000 0.000000000000 1.000000000000
5 31 55
0.996336936981 0.052320265839 -0.067640947590 0.501639125993
0.082980086418 -0.400383012016 0.912583009346 -0.660126056617
0.020664299317 -0.914853011949 -0.403257923992 2.141558237158
0.000000000000 0.000000000000 0.000000000000 1.000000000000
5 32 55
-0.763462974676 0.615269026365 -0.196388165363 0.560249567412
-0.497786928005 -0.366831248213 0.785902671863 -1.357455174313
0.411500255901 0.697767053199 0.586334954496 0.619735657830
0.000000000000 0.000000000000 0.000000000000 1.000000000000
5 38 55
0.937234531468 -0.282418382249 -0.204526991844 0.731589292393
0.345672335657 0.829614474949 0.438463749146 -0.260101662919
0.045848330243 -0.481642689472 0.875167555553 0.427595292590
0.000000000000 0.000000000000 0.000000000000 1.000000000000
5 39 55
-0.478113823295 -0.204519625243 0.854153905842 -0.819036326862
-0.612414277652 -0.619470382612 -0.491126457844 0.986362292349
0.629568045967 -0.757910395731 0.170926614490 1.394234630913
0.000000000000 0.000000000000 0.000000000000 1.000000000000
5 48 55
0.490812761387 -0.725993181254 0.481701914085 -0.651124653437
0.782735415562 0.610243059492 0.122182967579 -0.375518856470
-0.382659251142 0.317076188186 0.867775655570 -0.879672192821
0.000000000000 0.000000000000 0.000000000000 1.000000000000
5 52 55
-0.722963776335 -0.063304972317 0.687979548088 -0.669481317439
-0.285708269091 -0.879261649471 -0.381142672424 1.379418579900
0.629042258581 -0.472113791632 0.617587568422 -0.847406902642
0.000000000000 0.000000000000 0.000000000000 1.000000000000
6 28 55
0.844928709773 0.456813226206 -0.278239378530 0.588809986730
-0.523040993850 0.814476343455 -0.251110343684 0.767157544452
0.111908865398 0.357700939774 0.927106489854 0.272229157737
0.000000000000 0.000000000000 0.000000000000 1.000000000000
6 31 55
0.953152739890 -0.243936228320 -0.178871381035 0.014872169858
-0.141950191339 -0.882883484167 0.447623610373 -0.453183517950
-0.267114203328 -0.401262843903 -0.876149606222 3.174150392372
0.000000000000 0.000000000000 0.000000000000 1.000000000000
6 35 55
-0.849257583341 0.063262772901 -0.524174950473 0.848868263163
0.110053889584 -0.949777196955 -0.292935859076 1.149055462923
-0.516381349901 -0.306465491875 0.799643172774 -1.007941387313
0.000000000000 0.000000000000 0.000000000000 1.000000000000
6 38 55
-0.967413983776 0.041005749893 -0.249857384261 0.188236555782
0.246501251727 -0.072955006857 -0.966392622008 1.744736559254
-0.057856001338 -0.996491894322 0.060469725143 1.910160911297
0.000000000000 0.000000000000 0.000000000000 1.000000000000
6 40 55
0.870530535880 -0.305093368405 -0.386127728420 0.728519790332
0.419996923027 0.869531620378 0.259841001021 0.001261476576
0.256474503115 -0.388371983694 0.885092103418 0.567466651677
0.000000000000 0.000000000000 0.000000000000 1.000000000000
7 26 55
-0.977254268961 0.139236800890 -0.159960017115 -0.192577982812
-0.179844160660 -0.943839002820 0.277171453496 -1.221721710831
-0.112384036562 0.299634861180 0.947411620306 -0.554849003260
0.000000000000 0.000000000000 0.000000000000 1.000000000000
7 31 55
-0.590912905737 -0.228641528221 0.773656893853 -0.648528776204
0.135996921985 -0.973504702815 -0.183829896394 0.540785079972
0.795189772975 -0.003412502003 0.606351036765 0.775950563303
0.000000000000 0.000000000000 0.000000000000 1.000000000000
7 37 55
-0.892707961005 0.275715533167 -0.356445565448 0.481544363955
-0.450463501948 -0.567845017677 0.688937347886 -1.681594257876
-0.012455110221 0.775585572758 0.631119552509 0.814558821615
0.000000000000 0.000000000000 0.000000000000 1.000000000000
7 38 55
0.841109472323 -0.434612074212 0.321942852876 -0.319594219680
0.345463015278 0.889693375559 0.298497910481 -0.558592140913
-0.416161219534 -0.139850071272 0.898471923279 0.290422369754
0.000000000000 0.000000000000 0.000000000000 1.000000000000
7 39 55
-0.081634045847 0.783964991154 -0.615414311829 0.714155406585
0.995128047911 0.098363003196 -0.006699840542 -0.124111573318
0.055281559490 -0.612962977877 -0.788175321190 3.396705263660
0.000000000000 0.000000000000 0.000000000000 1.000000000000
7 40 55
0.852490269350 0.522397673174 0.019000308600 -0.236712168001
-0.479089740765 0.766243171772 0.428187367873 -0.949735155372
0.209125227933 -0.374128417492 0.903490213709 0.479670156131
0.000000000000 0.000000000000 0.000000000000 1.000000000000
7 41 55
0.886155139301 0.313774042749 -0.340991083735 0.473292721465
-0.306004122962 0.948839911006 0.077873615631 -0.389387902650
0.347980668745 0.035336572809 0.936835514272 0.188448412401
0.000000000000 0.000000000000 0.000000000000 1.000000000000
7 44 55
-0.339755167075 0.929220885358 0.145309919346 -0.487732528911
-0.878649447040 -0.368704632716 0.303367834536 -1.929965212979
0.335472168239 -0.024605690974 0.941728721187 -0.521854308510
0.000000000000 0.000000000000 0.000000000000 1.000000000000
8 12 55
-0.645268270739 0.750946871907 0.140383953327 -0.340166616872
-0.550713313316 -0.584591779683 0.595791320568 -1.121314832776
0.529474933604 0.307133923071 0.790774966716 -0.024977253318
0.000000000000 0.000000000000 0.000000000000 1.000000000000
8 27 55
-0.101155500978 -0.525190452119 0.844951213754 -2.032889319467
0.337587432325 -0.817036667440 -0.467424656596 1.142548219111
0.935843090565 0.237962335383 0.259945449625 1.671283204525
0.000000000000 0.000000000000 0.000000000000 1.000000000000
8 37 55
0.991632045506 -0.126499174117 0.025765194983 -0.266149108698
0.128856117035 0.982044853471 -0.137782462144 0.243178513402
-0.007873209463 0.139949507751 0.990127339211 0.022617694427
0.000000000000 0.000000000000 0.000000000000 1.000000000000
8 40 55
0.819443165042 -0.382165983359 -0.427155780050 0.783212097958
0.431584863546 0.901825577661 0.021098176086 0.070226160225
0.377157002884 -0.201642725234 0.903931859454 0.409289502666
0.000000000000 0.000000000000 0.000000000000 1.000000000000
8 41 55
0.968529326149 0.162899876605 -0.188187604774 0.878970761924
-0.182422248345 0.978958463918 -0.091446428211 0.163370053251
0.169331236627 0.122898153467 0.977866543132 0.182865191687
0.000000000000 0.000000000000 0.000000000000 1.000000000000
8 42 55
0.818522923533 0.469513047397 -0.331025258817 0.306345506622
-0.433680538618 0.882917680775 0.179937654201 -0.149268069833
0.376751130158 -0.003723882230 0.926307032590 0.175240950814
0.000000000000 0.000000000000 0.000000000000 1.000000000000
9 30 55
-0.713663067926 0.029949239676 0.699848604000 -1.344817594189
0.113368344210 -0.980976194374 0.157585927680 -0.610633999048
0.691254398908 0.191803934044 0.696691184727 0.978648193498
0.000000000000 0.000000000000 0.000000000000 1.000000000000
9 38 55
-0.046572289880 -0.357693616536 -0.932676952918 1.568195916327
0.970745791002 -0.236375686882 0.042179899268 -0.224190383225
-0.235549636100 -0.903427811914 0.358238129731 1.218132209254
0.000000000000 0.000000000000 0.000000000000 1.000000000000
10 18 55
1.000000000000 0.000000000000 0.000000000000 0.000000000000
0.000000000000 1.000000000000 0.000000000000 0.000000000000
0.000000000000 0.000000000000 1.000000000000 0.000000000000
0.000000000000 0.000000000000 0.000000000000 1.000000000000
10 28 55
0.078618715294 -0.802248138524 0.591791366818 -1.353932599257
0.994883487006 0.100922160661 0.004643788444 0.210044576935
-0.063450334034 0.588398369919 0.806077796114 1.459901425579
0.000000000000 0.000000000000 0.000000000000 1.000000000000
10 36 55
1.000000000000 0.000000000000 0.000000000000 0.000000000000
0.000000000000 1.000000000000 0.000000000000 0.000000000000
0.000000000000 0.000000000000 1.000000000000 0.000000000000
0.000000000000 0.000000000000 0.000000000000 1.000000000000
10 41 55
-0.599671138183 0.800240230102 0.003178074310 -0.328457408053
-0.769192874171 -0.577491862264 0.273579003842 -0.761563096484
0.220764237037 0.161612880504 0.961844284955 1.364587698928
0.000000000000 0.000000000000 0.000000000000 1.000000000000
10 49 55
1.000000000000 0.000000000000 0.000000000000 0.000000000000
0.000000000000 1.000000000000 0.000000000000 0.000000000000
0.000000000000 0.000000000000 1.000000000000 0.000000000000
0.000000000000 0.000000000000 0.000000000000 1.000000000000
11 54 55
1.000000000000 0.000000000000 0.000000000000 0.000000000000
0.000000000000 1.000000000000 0.000000000000 0.000000000000
0.000000000000 0.000000000000 1.000000000000 0.000000000000
0.000000000000 0.000000000000 0.000000000000 1.000000000000
12 28 55
0.013415216142 0.989345730260 -0.144965713158 -0.381593927024
-0.967452428246 -0.023796393725 -0.251931599302 0.486083870247
-0.252697113274 0.143627148065 0.956825695350 0.535221351495
0.000000000000 0.000000000000 0.000000000000 1.000000000000
12 32 55
-0.987554459984 0.109675138974 -0.112727780322 0.324338773407
-0.126552758772 -0.979695477215 0.155502961941 0.111998143466
-0.093384087576 0.167833655196 0.981382329356 0.649009182230
0.000000000000 0.000000000000 0.000000000000 1.000000000000
12 34 55
1.000000000000 0.000000000000 0.000000000000 0.000000000000
0.000000000000 1.000000000000 0.000000000000 0.000000000000
0.000000000000 0.000000000000 1.000000000000 0.000000000000
0.000000000000 0.000000000000 0.000000000000 1.000000000000
12 37 55
1.000000000000 0.000000000000 0.000000000000 0.000000000000
0.000000000000 1.000000000000 0.000000000000 0.000000000000
0.000000000000 0.000000000000 1.000000000000 0.000000000000
0.000000000000 0.000000000000 0.000000000000 1.000000000000
12 47 55
-0.827797489949 -0.464797090614 0.314189401780 -1.150047073414
-0.558155116522 0.625706661354 -0.544934895046 0.685580324392
0.056693752171 -0.626462160465 -0.777387277983 4.627206858062
0.000000000000 0.000000000000 0.000000000000 1.000000000000
13 34 55
1.000000000000 0.000000000000 0.000000000000 0.000000000000
0.000000000000 1.000000000000 0.000000000000 0.000000000000
0.000000000000 0.000000000000 1.000000000000 0.000000000000
0.000000000000 0.000000000000 0.000000000000 1.000000000000
14 17 55
1.000000000000 0.000000000000 0.000000000000 0.000000000000
0.000000000000 1.000000000000 0.000000000000 0.000000000000
0.000000000000 0.000000000000 1.000000000000 0.000000000000
0.000000000000 0.000000000000 0.000000000000 1.000000000000
14 24 55
1.000000000000 0.000000000000 0.000000000000 0.000000000000
0.000000000000 1.000000000000 0.000000000000 0.000000000000
0.000000000000 0.000000000000 1.000000000000 0.000000000000
0.000000000000 0.000000000000 0.000000000000 1.000000000000
14 36 55
1.000000000000 0.000000000000 0.000000000000 0.000000000000
0.000000000000 1.000000000000 0.000000000000 0.000000000000
0.000000000000 0.000000000000 1.000000000000 0.000000000000
0.000000000000 0.000000000000 0.000000000000 1.000000000000
14 41 55
0.886259900527 0.369188367486 -0.279720106589 0.557649475425
-0.395765383236 0.917335429479 -0.043191101560 -0.170360306949
0.240651511837 0.148982076555 0.959109582225 1.118474424819
0.000000000000 0.000000000000 0.000000000000 1.000000000000
14 47 55
1.000000000000 0.000000000000 0.000000000000 0.000000000000
0.000000000000 1.000000000000 0.000000000000 0.000000000000
0.000000000000 0.000000000000 1.000000000000 0.000000000000
0.000000000000 0.000000000000 0.000000000000 1.000000000000
14 48 55
1.000000000000 0.000000000000 0.000000000000 0.000000000000
0.000000000000 1.000000000000 0.000000000000 0.000000000000
0.000000000000 0.000000000000 1.000000000000 0.000000000000
0.000000000000 0.000000000000 0.000000000000 1.000000000000
15 17 55
1.000000000000 0.000000000000 0.000000000000 0.000000000000
0.000000000000 1.000000000000 0.000000000000 0.000000000000
0.000000000000 0.000000000000 1.000000000000 0.000000000000
0.000000000000 0.000000000000 0.000000000000 1.000000000000
15 24 55
1.000000000000 0.000000000000 0.000000000000 0.000000000000
0.000000000000 1.000000000000 0.000000000000 0.000000000000
0.000000000000 0.000000000000 1.000000000000 0.000000000000
0.000000000000 0.000000000000 0.000000000000 1.000000000000
15 40 55
0.451938808511 -0.558145229343 -0.695862929264 0.641981736528
-0.851774466097 -0.038260277351 -0.522509722476 1.228064917266
0.265012400214 0.828860696462 -0.492705158887 3.473512002961
0.000000000000 0.000000000000 0.000000000000 1.000000000000
15 47 55
1.000000000000 0.000000000000 0.000000000000 0.000000000000
0.000000000000 1.000000000000 0.000000000000 0.000000000000
0.000000000000 0.000000000000 1.000000000000 0.000000000000
0.000000000000 0.000000000000 0.000000000000 1.000000000000
15 48 55
1.000000000000 0.000000000000 0.000000000000 0.000000000000
0.000000000000 1.000000000000 0.000000000000 0.000000000000
0.000000000000 0.000000000000 1.000000000000 0.000000000000
0.000000000000 0.000000000000 0.000000000000 1.000000000000
16 23 55
1.000000000000 0.000000000000 0.000000000000 0.000000000000
0.000000000000 1.000000000000 0.000000000000 0.000000000000
0.000000000000 0.000000000000 1.000000000000 0.000000000000
0.000000000000 0.000000000000 0.000000000000 1.000000000000
16 44 55
1.000000000000 0.000000000000 0.000000000000 0.000000000000
0.000000000000 1.000000000000 0.000000000000 0.000000000000
0.000000000000 0.000000000000 1.000000000000 0.000000000000
0.000000000000 0.000000000000 0.000000000000 1.000000000000
16 48 55
1.000000000000 0.000000000000 0.000000000000 0.000000000000
0.000000000000 1.000000000000 0.000000000000 0.000000000000
0.000000000000 0.000000000000 1.000000000000 0.000000000000
0.000000000000 0.000000000000 0.000000000000 1.000000000000
17 21 55
1.000000000000 0.000000000000 0.000000000000 0.000000000000
0.000000000000 1.000000000000 0.000000000000 0.000000000000
0.000000000000 0.000000000000 1.000000000000 0.000000000000
0.000000000000 0.000000000000 0.000000000000 1.000000000000
17 47 55
1.000000000000 0.000000000000 0.000000000000 0.000000000000
0.000000000000 1.000000000000 0.000000000000 0.000000000000
0.000000000000 0.000000000000 1.000000000000 0.000000000000
0.000000000000 0.000000000000 0.000000000000 1.000000000000
18 35 55
1.000000000000 0.000000000000 0.000000000000 0.000000000000
0.000000000000 1.000000000000 0.000000000000 0.000000000000
0.000000000000 0.000000000000 1.000000000000 0.000000000000
0.000000000000 0.000000000000 0.000000000000 1.000000000000
18 49 55
1.000000000000 0.000000000000 0.000000000000 0.000000000000
0.000000000000 1.000000000000 0.000000000000 0.000000000000
0.000000000000 0.000000000000 1.000000000000 0.000000000000
0.000000000000 0.000000000000 0.000000000000 1.000000000000
19 39 55
0.922740452753 -0.381357952620 0.055822655141 0.607718335488
0.353403494495 0.894961128279 0.272305984049 -0.981571861688
-0.153805158991 -0.231539825610 0.960590069813 1.132118651367
0.000000000000 0.000000000000 0.000000000000 1.000000000000
19 44 55
0.095940632713 -0.958872261298 -0.267131768063 0.764450230203
0.813861570927 0.230077633509 -0.533566889834 1.592078146885
0.573083535239 -0.166217535395 0.802463078630 0.568900804876
0.000000000000 0.000000000000 0.000000000000 1.000000000000
21 36 55
1.000000000000 0.000000000000 0.000000000000 0.000000000000
0.000000000000 1.000000000000 0.000000000000 0.000000000000
0.000000000000 0.000000000000 1.000000000000 0.000000000000
0.000000000000 0.000000000000 0.000000000000 1.000000000000
22 26 55
1.000000000000 0.000000000000 0.000000000000 0.000000000000
0.000000000000 1.000000000000 0.000000000000 0.000000000000
0.000000000000 0.000000000000 1.000000000000 0.000000000000
0.000000000000 0.000000000000 0.000000000000 1.000000000000
22 29 55
1.000000000000 0.000000000000 0.000000000000 0.000000000000
0.000000000000 1.000000000000 0.000000000000 0.000000000000
0.000000000000 0.000000000000 1.000000000000 0.000000000000
0.000000000000 0.000000000000 0.000000000000 1.000000000000
22 31 55
0.675006421924 -0.675590602134 0.296552977846 -0.632841397457
0.577790712833 0.733983495418 0.356967954610 -0.889849969497
-0.458829186653 -0.069610105321 0.885793548584 1.459540752221
0.000000000000 0.000000000000 0.000000000000 1.000000000000
22 33 55
1.000000000000 0.000000000000 0.000000000000 0.000000000000
0.000000000000 1.000000000000 0.000000000000 0.000000000000
0.000000000000 0.000000000000 1.000000000000 0.000000000000
0.000000000000 0.000000000000 0.000000000000 1.000000000000
22 35 55
1.000000000000 0.000000000000 0.000000000000 0.000000000000
0.000000000000 1.000000000000 0.000000000000 0.000000000000
0.000000000000 0.000000000000 1.000000000000 0.000000000000
0.000000000000 0.000000000000 0.000000000000 1.000000000000
22 38 55
-0.394622444013 0.719394493565 0.571615858168 -0.438889062739
0.281771753560 0.686876909395 -0.669928944169 0.916393335203
-0.874572927535 -0.103303794545 -0.473762092675 3.293495013796
0.000000000000 0.000000000000 0.000000000000 1.000000000000
23 33 55
-0.802186872834 0.371272712885 -0.467603243915 1.353400910904
0.596670861053 0.527221101506 -0.604997350157 0.652780108265
0.021911289844 -0.764326162573 -0.644457455992 4.173481324705
0.000000000000 0.000000000000 0.000000000000 1.000000000000
23 39 55
-0.169513699552 0.551289364158 0.816911955250 -1.870808636592
-0.929945456995 -0.363913378154 0.052616539369 -0.299637412330
0.326292127822 -0.750764337304 0.574357342736 2.059644407960
0.000000000000 0.000000000000 0.000000000000 1.000000000000
23 40 55
0.757852236019 -0.051246754321 -0.650410453893 1.375771003828
-0.124284865400 0.967314978721 -0.221031681382 -0.043838485787
0.640478930640 0.248345529683 0.726712623595 1.881382652451
0.000000000000 0.000000000000 0.000000000000 1.000000000000
23 47 55
1.000000000000 0.000000000000 0.000000000000 0.000000000000
0.000000000000 1.000000000000 0.000000000000 0.000000000000
0.000000000000 0.000000000000 1.000000000000 0.000000000000
0.000000000000 0.000000000000 0.000000000000 1.000000000000
23 48 55
1.000000000000 0.000000000000 0.000000000000 0.000000000000
0.000000000000 1.000000000000 0.000000000000 0.000000000000
0.000000000000 0.000000000000 1.000000000000 0.000000000000
0.000000000000 0.000000000000 0.000000000000 1.000000000000
25 32 55
1.000000000000 0.000000000000 0.000000000000 0.000000000000
0.000000000000 1.000000000000 0.000000000000 0.000000000000
0.000000000000 0.000000000000 1.000000000000 0.000000000000
0.000000000000 0.000000000000 0.000000000000 1.000000000000
26 29 55
1.000000000000 0.000000000000 0.000000000000 0.000000000000
0.000000000000 1.000000000000 0.000000000000 0.000000000000
0.000000000000 0.000000000000 1.000000000000 0.000000000000
0.000000000000 0.000000000000 0.000000000000 1.000000000000
26 35 55
1.000000000000 0.000000000000 0.000000000000 0.000000000000
0.000000000000 1.000000000000 0.000000000000 0.000000000000
0.000000000000 0.000000000000 1.000000000000 0.000000000000
0.000000000000 0.000000000000 0.000000000000 1.000000000000
26 41 55
0.414825805802 -0.856515416052 -0.307084504505 0.827170401315
0.751250556183 0.131989702117 0.646684869446 -1.035819456279
-0.513363567734 -0.498958976872 0.698210417226 1.218869007899
0.000000000000 0.000000000000 0.000000000000 1.000000000000
26 47 55
-0.790962748559 -0.602473822435 -0.106785877680 0.409707992647
0.298326508523 -0.532106159702 0.792378905019 -2.595996402612
-0.534208971007 0.594885138567 0.600610062527 0.959587026077
0.000000000000 0.000000000000 0.000000000000 1.000000000000
26 50 55
1.000000000000 0.000000000000 0.000000000000 0.000000000000
0.000000000000 1.000000000000 0.000000000000 0.000000000000
0.000000000000 0.000000000000 1.000000000000 0.000000000000
0.000000000000 0.000000000000 0.000000000000 1.000000000000
27 38 55
0.697896598963 -0.160035325268 -0.698089558597 0.956379685033
0.703649775119 -0.028449276607 0.709977205716 -1.191492613023
-0.133481575998 -0.986701238130 0.092754167249 2.558544928969
0.000000000000 0.000000000000 0.000000000000 1.000000000000
28 31 55
-0.187678440325 -0.958028246261 -0.216699521004 0.437740613640
0.773313546421 -0.280145671826 0.568774613955 -0.694141154365
-0.605609578821 -0.060829942652 0.793433523439 0.826362999538
0.000000000000 0.000000000000 0.000000000000 1.000000000000
28 33 55
1.000000000000 0.000000000000 0.000000000000 0.000000000000
0.000000000000 1.000000000000 0.000000000000 0.000000000000
0.000000000000 0.000000000000 1.000000000000 0.000000000000
0.000000000000 0.000000000000 0.000000000000 1.000000000000
28 35 55
-0.960394561213 -0.215040549623 0.177200024860 -1.072347430195
0.117519696274 -0.889205931326 -0.442156004916 1.252650745792
0.252648783452 -0.403819729228 0.879260040322 -0.539806555713
0.000000000000 0.000000000000 0.000000000000 1.000000000000
28 38 55
-0.419404835040 0.205345250021 0.884269705824 -1.672811382886
-0.192097536004 0.931946986344 -0.307527805743 0.266180748289
-0.887241861617 -0.298844680289 -0.351416755515 2.338925600772
0.000000000000 0.000000000000 0.000000000000 1.000000000000
28 41 55
0.572883461007 0.239255932510 -0.783939499492 1.662665960215
0.813474967810 -0.048911549641 0.579539590588 -0.854492797331
0.100314589428 -0.969723805560 -0.222649329838 2.315900866249
0.000000000000 0.000000000000 0.000000000000 1.000000000000
28 44 55
0.007878386039 0.776393899689 -0.630198733384 2.170696021525
-0.933439881070 0.231743088349 0.273834127585 -1.214254097285
0.358647346932 0.586095259773 0.726542790901 0.240116727800
0.000000000000 0.000000000000 0.000000000000 1.000000000000
28 47 55
-0.882247014402 -0.274392669425 0.382555706460 -1.177903451613
0.469190230887 -0.579328556015 0.666512529083 -1.710825992121
0.038739292959 0.767520089086 0.639853248823 -0.006193437837
0.000000000000 0.000000000000 0.000000000000 1.000000000000
29 38 55
1.000000000000 0.000000000000 0.000000000000 0.000000000000
0.000000000000 1.000000000000 0.000000000000 0.000000000000
0.000000000000 0.000000000000 1.000000000000 0.000000000000
0.000000000000 0.000000000000 0.000000000000 1.000000000000
31 34 55
-0.877584714311 -0.460716407414 0.132610184928 0.788960398632
0.476992310691 -0.811261194338 0.338132533341 -0.535227895949
-0.048201708984 0.359993981201 0.931708607210 -0.350163067219
0.000000000000 0.000000000000 0.000000000000 1.000000000000
31 35 55
0.961615007313 0.211482500951 -0.174847732331 1.688705291180
-0.273868835607 0.779388792520 -0.563514836520 1.783364824731
0.017100836026 0.589769668503 0.807390425706 -1.072072610765
0.000000000000 0.000000000000 0.000000000000 1.000000000000
31 38 55
0.751413193223 0.144119813675 0.643900374559 -0.879606760731
-0.568222879046 -0.354718769314 0.742494009690 -1.088433518300
0.335411646755 -0.923798719421 -0.184648187692 1.693045447507
0.000000000000 0.000000000000 0.000000000000 1.000000000000
31 43 55
0.551467536406 -0.806160263690 -0.214450893066 1.033040997947
0.519377325827 0.532978457407 -0.667967931383 2.257182301063
0.652786909876 0.256981698156 0.712621678808 0.382047534124
0.000000000000 0.000000000000 0.000000000000 1.000000000000
31 49 55
-0.768421054345 0.633083817200 0.093455677401 0.412979981727
-0.575256395460 -0.619358563281 -0.534298652042 1.413725602843
-0.280373256074 -0.464327309654 0.840113674920 -1.497974655198
0.000000000000 0.000000000000 0.000000000000 1.000000000000
32 53 55
0.358341300346 0.332613319045 -0.872330151067 2.574253879543
0.566489491091 -0.820174587968 -0.080020633180 0.494069021784
-0.742078950617 -0.465491165593 -0.482324378200 2.930999011436
0.000000000000 0.000000000000 0.000000000000 1.000000000000
34 46 55
0.987634037511 0.084287962624 -0.132191328407 0.648165102005
-0.085914647027 0.996280372263 -0.006640276296 -0.402505159138
0.131139930515 0.017915334209 0.991201977109 0.264963326211
0.000000000000 0.000000000000 0.000000000000 1.000000000000
35 39 55
-0.680163936025 0.641810007628 0.354199003726 -1.496048027368
-0.689923452494 -0.723758323882 -0.013398444329 -0.263480870096
0.247755221600 -0.253483338152 0.935074086610 1.655626214364
0.000000000000 0.000000000000 0.000000000000 1.000000000000
35 46 55
1.000000000000 0.000000000000 0.000000000000 0.000000000000
0.000000000000 1.000000000000 0.000000000000 0.000000000000
0.000000000000 0.000000000000 1.000000000000 0.000000000000
0.000000000000 0.000000000000 0.000000000000 1.000000000000
35 53 55
1.000000000000 0.000000000000 0.000000000000 0.000000000000
0.000000000000 1.000000000000 0.000000000000 0.000000000000
0.000000000000 0.000000000000 1.000000000000 0.000000000000
0.000000000000 0.000000000000 0.000000000000 1.000000000000
36 44 55
1.000000000000 0.000000000000 0.000000000000 0.000000000000
0.000000000000 1.000000000000 0.000000000000 0.000000000000
0.000000000000 0.000000000000 1.000000000000 0.000000000000
0.000000000000 0.000000000000 0.000000000000 1.000000000000
37 47 55
-0.043876442890 -0.759480084774 0.649049195818 -1.561651825358
-0.995024099732 0.091393029392 0.039678144261 0.368660097255
-0.089453332597 -0.644078655919 -0.759710988651 3.758995931291
0.000000000000 0.000000000000 0.000000000000 1.000000000000
37 49 55
-0.197820612815 0.708964380209 -0.676931689863 2.019243514715
0.247785769887 -0.631984432910 -0.734300952472 2.113831639735
-0.948403509793 -0.312993904342 -0.050651736965 1.154000369206
0.000000000000 0.000000000000 0.000000000000 1.000000000000
37 50 55
-0.133787218181 -0.708241423009 -0.693177514772 1.642349220440
-0.919292814683 -0.172553111033 0.353731741217 -1.040173468533
-0.370137408435 0.684557894269 -0.627995850520 2.816009784792
0.000000000000 0.000000000000 0.000000000000 1.000000000000
38 40 55
0.584364526509 0.783857106922 0.209966988086 -0.563374068316
0.660553017558 -0.609768368286 0.438009415460 -0.578269807169
0.471368020927 -0.117262837104 -0.874106181126 3.083496188295
0.000000000000 0.000000000000 0.000000000000 1.000000000000
38 41 55
0.950451272436 -0.095566084105 -0.295820050526 0.577132991361
0.113780847505 0.992488838440 0.044942455586 -0.057558856502
0.289303123843 -0.076374270156 0.954185869416 0.213568360853
0.000000000000 0.000000000000 0.000000000000 1.000000000000
38 44 55
0.910861628593 0.399365866135 -0.104105708404 0.491212252947
-0.326574626732 0.851682878835 0.409860082313 -0.941058798237
0.252349176204 -0.339327539208 0.906188012724 -1.265535317061
0.000000000000 0.000000000000 0.000000000000 1.000000000000
38 45 55
0.243141609294 -0.422341574631 0.873218043886 -2.012449206630
-0.943209789572 -0.313021164952 0.111234181565 -0.858990376583
0.226356909959 -0.850673465338 -0.474465177525 3.063941147699
0.000000000000 0.000000000000 0.000000000000 1.000000000000
40 48 55
0.246465791434 -0.911910408450 -0.328137197851 0.626058007942
-0.605884565655 -0.409241746684 0.682220701732 -1.790231443860
-0.756411598770 0.030669198410 -0.653376532725 3.808296570288
0.000000000000 0.000000000000 0.000000000000 1.000000000000
44 47 55
1.000000000000 0.000000000000 0.000000000000 0.000000000000
0.000000000000 1.000000000000 0.000000000000 0.000000000000
0.000000000000 0.000000000000 1.000000000000 0.000000000000
0.000000000000 0.000000000000 0.000000000000 1.000000000000
45 49 55
1.000000000000 0.000000000000 0.000000000000 0.000000000000
0.000000000000 1.000000000000 0.000000000000 0.000000000000
0.000000000000 0.000000000000 1.000000000000 0.000000000000
0.000000000000 0.000000000000 0.000000000000 1.000000000000
47 49 55
1.000000000000 0.000000000000 0.000000000000 0.000000000000
0.000000000000 1.000000000000 0.000000000000 0.000000000000
0.000000000000 0.000000000000 1.000000000000 0.000000000000
0.000000000000 0.000000000000 0.000000000000 1.000000000000
48 52 55
0.987590621794 -0.109534544896 -0.112547533152 0.376583652341
0.102858669657 0.992665801757 -0.063519289189 -0.312499884133
0.118679643665 0.051154564773 0.991614013960 -0.292766099165
0.000000000000 0.000000000000 0.000000000000 1.000000000000
48 54 55
0.858127471748 -0.453536381398 0.240669883824 -0.327863483221
-0.439763162295 -0.891178848166 -0.111393992972 0.599853191522
0.265001138337 -0.010247503622 -0.964193645151 4.741663505993
0.000000000000 0.000000000000 0.000000000000 1.000000000000
